Archive member included because of file (symbol)

c:/program files (x86)/microsemi/softconsole v3.4/sourcery-g++/bin/../lib/gcc/arm-none-eabi/4.4.1/../../../../arm-none-eabi/lib/thumb2\libc.a(lib_a-abort.o)
                              ./MicroSemi_Code/CMSIS/startup_gcc/newlib_stubs.o (abort)
c:/program files (x86)/microsemi/softconsole v3.4/sourcery-g++/bin/../lib/gcc/arm-none-eabi/4.4.1/../../../../arm-none-eabi/lib/thumb2\libc.a(lib_a-init.o)
                              ./MicroSemi_Code/CMSIS/startup_gcc/startup_a2fxxxm3.o (__libc_init_array)
c:/program files (x86)/microsemi/softconsole v3.4/sourcery-g++/bin/../lib/gcc/arm-none-eabi/4.4.1/../../../../arm-none-eabi/lib/thumb2\libc.a(lib_a-memcpy.o)
                              ./FreeTCPIP/psock.o (memcpy)
c:/program files (x86)/microsemi/softconsole v3.4/sourcery-g++/bin/../lib/gcc/arm-none-eabi/4.4.1/../../../../arm-none-eabi/lib/thumb2\libc.a(lib_a-memset.o)
                              ./FreeTCPIP/uip_arp.o (memset)
c:/program files (x86)/microsemi/softconsole v3.4/sourcery-g++/bin/../lib/gcc/arm-none-eabi/4.4.1/../../../../arm-none-eabi/lib/thumb2\libc.a(lib_a-reent.o)
                              ./MicroSemi_Code/CMSIS/startup_gcc/newlib_stubs.o (errno)
c:/program files (x86)/microsemi/softconsole v3.4/sourcery-g++/bin/../lib/gcc/arm-none-eabi/4.4.1/../../../../arm-none-eabi/lib/thumb2\libc.a(lib_a-signal.o)
                              c:/program files (x86)/microsemi/softconsole v3.4/sourcery-g++/bin/../lib/gcc/arm-none-eabi/4.4.1/../../../../arm-none-eabi/lib/thumb2\libc.a(lib_a-abort.o) (raise)
c:/program files (x86)/microsemi/softconsole v3.4/sourcery-g++/bin/../lib/gcc/arm-none-eabi/4.4.1/../../../../arm-none-eabi/lib/thumb2\libc.a(lib_a-signalr.o)
                              c:/program files (x86)/microsemi/softconsole v3.4/sourcery-g++/bin/../lib/gcc/arm-none-eabi/4.4.1/../../../../arm-none-eabi/lib/thumb2\libc.a(lib_a-signal.o) (_getpid_r)
c:/program files (x86)/microsemi/softconsole v3.4/sourcery-g++/bin/../lib/gcc/arm-none-eabi/4.4.1/../../../../arm-none-eabi/lib/thumb2\libc.a(lib_a-strcat.o)
                              ./WebServer/httpd-cgi.o (strcat)
c:/program files (x86)/microsemi/softconsole v3.4/sourcery-g++/bin/../lib/gcc/arm-none-eabi/4.4.1/../../../../arm-none-eabi/lib/thumb2\libc.a(lib_a-strchr.o)
                              ./uIP_Task.o (strchr)
c:/program files (x86)/microsemi/softconsole v3.4/sourcery-g++/bin/../lib/gcc/arm-none-eabi/4.4.1/../../../../arm-none-eabi/lib/thumb2\libc.a(lib_a-strcpy.o)
                              ./FreeTCPIP/http_Common/httpd.o (strcpy)
c:/program files (x86)/microsemi/softconsole v3.4/sourcery-g++/bin/../lib/gcc/arm-none-eabi/4.4.1/../../../../arm-none-eabi/lib/thumb2\libc.a(lib_a-strlen.o)
                              ./WebServer/httpd-cgi.o (strlen)
c:/program files (x86)/microsemi/softconsole v3.4/sourcery-g++/bin/../lib/gcc/arm-none-eabi/4.4.1/../../../../arm-none-eabi/lib/thumb2\libc.a(lib_a-strncmp.o)
                              ./WebServer/httpd-cgi.o (strncmp)
c:/program files (x86)/microsemi/softconsole v3.4/sourcery-g++/bin/../lib/gcc/arm-none-eabi/4.4.1/../../../../arm-none-eabi/lib/thumb2\libc.a(lib_a-strncpy.o)
                              ./FreeTCPIP/http_Common/httpd.o (strncpy)
c:/program files (x86)/microsemi/softconsole v3.4/sourcery-g++/bin/../lib/gcc/arm-none-eabi/4.4.1/../../../../arm-none-eabi/lib/thumb2\libc.a(lib_a-strrchr.o)
                              ./FreeTCPIP/http_Common/httpd.o (strrchr)
c:/program files (x86)/microsemi/softconsole v3.4/sourcery-g++/bin/../lib/gcc/arm-none-eabi/4.4.1/../../../../arm-none-eabi/lib/thumb2\libc.a(lib_a-strstr.o)
                              ./uIP_Task.o (strstr)
c:/program files (x86)/microsemi/softconsole v3.4/sourcery-g++/bin/../lib/gcc/arm-none-eabi/4.4.1/../../../../arm-none-eabi/lib/thumb2\libc.a(lib_a-freer.o)
                              c:/program files (x86)/microsemi/softconsole v3.4/sourcery-g++/bin/../lib/gcc/arm-none-eabi/4.4.1/../../../../arm-none-eabi/lib/thumb2\libc.a(lib_a-reent.o) (_free_r)
c:/program files (x86)/microsemi/softconsole v3.4/sourcery-g++/bin/../lib/gcc/arm-none-eabi/4.4.1/../../../../arm-none-eabi/lib/thumb2\libc.a(lib_a-impure.o)
                              c:/program files (x86)/microsemi/softconsole v3.4/sourcery-g++/bin/../lib/gcc/arm-none-eabi/4.4.1/../../../../arm-none-eabi/lib/thumb2\libc.a(lib_a-reent.o) (_impure_ptr)
c:/program files (x86)/microsemi/softconsole v3.4/sourcery-g++/bin/../lib/gcc/arm-none-eabi/4.4.1/../../../../arm-none-eabi/lib/thumb2\libc.a(lib_a-mallocr.o)
                              c:/program files (x86)/microsemi/softconsole v3.4/sourcery-g++/bin/../lib/gcc/arm-none-eabi/4.4.1/../../../../arm-none-eabi/lib/thumb2\libc.a(lib_a-signal.o) (_malloc_r)
c:/program files (x86)/microsemi/softconsole v3.4/sourcery-g++/bin/../lib/gcc/arm-none-eabi/4.4.1/../../../../arm-none-eabi/lib/thumb2\libc.a(lib_a-memchr.o)
[...]
Memory Configuration

Name             Origin             Length             Attributes
rom              0x60000000         0x00040000         xr
romMirror        0x00000000         0x00040000         xr
ram              0x20000000         0x00010000         xrw
*default*        0x00000000         0xffffffff

Linker script and memory map

LOAD c:/program files (x86)/microsemi/softconsole v3.4/sourcery-g++/bin/../lib/gcc/arm-none-eabi/4.4.1/thumb2/crti.o
LOAD c:/program files (x86)/microsemi/softconsole v3.4/sourcery-g++/bin/../lib/gcc/arm-none-eabi/4.4.1/thumb2/crtbegin.o
LOAD ./ParTest.o
LOAD ./main-full.o
LOAD ./printf-stdarg.o
LOAD ./uIP_Task.o
LOAD ./WebServer/httpd-cgi.o
LOAD ./MicroSemi_Code/drivers_config/mss_ace/ace_config.o
LOAD ./MicroSemi_Code/drivers/mss_gpio/mss_gpio.o
LOAD ./MicroSemi_Code/drivers/mss_ethernet_mac/crc32.o
LOAD ./MicroSemi_Code/drivers/mss_ethernet_mac/mss_ethernet_mac.o
LOAD ./MicroSemi_Code/drivers/mss_ethernet_mac/phy.o
LOAD ./MicroSemi_Code/drivers/mss_ace/ace_convert.o
LOAD ./MicroSemi_Code/drivers/mss_ace/mss_ace.o
LOAD ./MicroSemi_Code/drivers/I2C/i2c.o
LOAD ./MicroSemi_Code/CMSIS/core_cm3.o
LOAD ./MicroSemi_Code/CMSIS/system_a2fxxxm3.o
LOAD ./MicroSemi_Code/CMSIS/startup_gcc/newlib_stubs.o
LOAD ./MicroSemi_Code/CMSIS/startup_gcc/startup_a2fxxxm3.o
LOAD ./FreeTCPIP/psock.o
LOAD ./FreeTCPIP/timer.o
LOAD ./FreeTCPIP/uip.o
LOAD ./FreeTCPIP/uip_arp.o
LOAD ./FreeTCPIP/http_Common/http-strings.o
LOAD ./FreeTCPIP/http_Common/httpd-fs.o
LOAD ./FreeTCPIP/http_Common/httpd.o
LOAD ./FreeRTOS_Source/list.o
LOAD ./FreeRTOS_Source/queue.o
LOAD ./FreeRTOS_Source/tasks.o
LOAD ./FreeRTOS_Source/timers.o
LOAD ./FreeRTOS_Source/portable/MemMang/heap_2.o
LOAD ./FreeRTOS_Source/portable/GCC/ARM_CM3/port.o
START GROUP
LOAD c:/program files (x86)/microsemi/softconsole v3.4/sourcery-g++/bin/../lib/gcc/arm-none-eabi/4.4.1/thumb2\libgcc.a
LOAD c:/program files (x86)/microsemi/softconsole v3.4/sourcery-g++/bin/../lib/gcc/arm-none-eabi/4.4.1/../../../../arm-none-eabi/lib/thumb2\libc.a
LOAD c:/program files (x86)/microsemi/softconsole v3.4/sourcery-g++/bin/../lib/gcc/arm-none-eabi/4.4.1/thumb2\libgcc.a
END GROUP
LOAD c:/program files (x86)/microsemi/softconsole v3.4/sourcery-g++/bin/../lib/gcc/arm-none-eabi/4.4.1/thumb2/crtend.o
LOAD c:/program files (x86)/microsemi/softconsole v3.4/sourcery-g++/bin/../lib/gcc/arm-none-eabi/4.4.1/thumb2/crtn.o
START GROUP
LOAD c:/program files (x86)/microsemi/softconsole v3.4/sourcery-g++/bin/../lib/gcc/arm-none-eabi/4.4.1/../../../../arm-none-eabi/lib/thumb2\libc.a
LOAD c:/program files (x86)/microsemi/softconsole v3.4/sourcery-g++/bin/../lib/gcc/arm-none-eabi/4.4.1/thumb2\libgcc.a
LOAD c:/program files (x86)/microsemi/softconsole v3.4/sourcery-g++/bin/../lib/gcc/arm-none-eabi/4.4.1/../../../../arm-none-eabi/lib/thumb2\libm.a
END GROUP
                0x00000000                __DYNAMIC = 0x0
                0x20000000                RAM_START_ADDRESS = 0x20000000
                0x00010000                RAM_SIZE = 0x10000
                0x00002000                MAIN_STACK_SIZE = 0x2000
                0x00001000                PROCESS_STACK_SIZE = 0x1000
                0x20010000                PROVIDE (__main_stack_start, (RAM_START_ADDRESS + RAM_SIZE))
                0x2000e000                PROVIDE (__process_stack_start, (__main_stack_start - MAIN_STACK_SIZE))
                0x20010000                PROVIDE (_estack, __main_stack_start)
                0x00000001                PROVIDE (__mirrored_nvm, 0x1)

.init           0x00000000      0x460 load address 0x60000000
 *(.isr_vector)
 .isr_vector    0x00000000      0x460 ./MicroSemi_Code/CMSIS/startup_gcc/startup_a2fxxxm3.o
                0x00000000                g_pfnVectors
                0x00000298                Reset_Handler
                0x000002f8                NMI_Handler
                0x000002fa                HardFault_Handler
                0x000002fc                MemManage_Handler
                0x000002fe                BusFault_Handler
                0x00000300                UsageFault_Handler
                0x00000304                DebugMon_Handler
                0x0000030a                WdogWakeup_IRQHandler
                0x0000030c                BrownOut_1_5V_IRQHandler
                0x0000030e                BrownOut_3_3V_IRQHandler
                0x00000310                RTC_Match_IRQHandler
                0x00000312                RTCIF_Pub_IRQHandler
                0x00000316                IAP_IRQHandler
                0x00000318                ENVM0_IRQHandler
                0x0000031a                ENVM1_IRQHandler
                0x0000031c                DMA_IRQHandler
                0x0000031e                UART0_IRQHandler
                0x00000320                UART1_IRQHandler
                0x00000322                SPI0_IRQHandler
                0x00000324                SPI1_IRQHandler
                0x00000328                I2C0_SMBAlert_IRQHandler
                0x0000032a                I2C0_SMBus_IRQHandler
                0x0000032e                I2C1_SMBAlert_IRQHandler
                0x00000330                I2C1_SMBus_IRQHandler
                0x00000332                Timer1_IRQHandler
                0x00000334                Timer2_IRQHandler
                0x00000336                PLL_Lock_IRQHandler
                0x00000338                PLL_LockLost_IRQHandler
                0x0000033a                CommError_IRQHandler
                0x0000033c                Fabric_IRQHandler
                0x0000033e                GPIO0_IRQHandler
                0x00000340                GPIO1_IRQHandler
                0x00000342                GPIO2_IRQHandler
                0x00000344                GPIO3_IRQHandler
                0x00000346                GPIO4_IRQHandler
                0x00000348                GPIO5_IRQHandler
                0x0000034a                GPIO6_IRQHandler
                0x0000034c                GPIO7_IRQHandler
                0x00000350                GPIO9_IRQHandler
                0x00000352                GPIO10_IRQHandler
                0x00000354                GPIO11_IRQHandler
                0x00000356                GPIO12_IRQHandler
                0x00000358                GPIO13_IRQHandler
                0x0000035a                GPIO14_IRQHandler
                0x0000035c                GPIO15_IRQHandler
                0x0000035e                GPIO16_IRQHandler
                0x00000360                GPIO17_IRQHandler
                0x00000362                GPIO18_IRQHandler
                0x00000364                GPIO19_IRQHandler
                0x00000366                GPIO20_IRQHandler
                0x00000368                GPIO21_IRQHandler
                0x0000036a                GPIO22_IRQHandler
                0x0000036c                GPIO23_IRQHandler
                0x0000036e                GPIO24_IRQHandler
                0x00000370                GPIO25_IRQHandler
                0x00000372                GPIO26_IRQHandler
                0x00000374                GPIO27_IRQHandler
                0x00000376                GPIO28_IRQHandler
                0x00000378                GPIO29_IRQHandler
                0x0000037a                GPIO30_IRQHandler
                0x0000037c                GPIO31_IRQHandler
                0x0000037e                ACE_PC0_Flag0_IRQHandler
                0x00000380                ACE_PC0_Flag1_IRQHandler
                0x00000382                ACE_PC0_Flag2_IRQHandler
                0x00000384                ACE_PC0_Flag3_IRQHandler
                0x00000386                ACE_PC1_Flag0_IRQHandler
                0x00000388                ACE_PC1_Flag1_IRQHandler
                0x0000038a                ACE_PC1_Flag2_IRQHandler
                0x0000038c                ACE_PC1_Flag3_IRQHandler
                0x0000038e                ACE_PC2_Flag0_IRQHandler
                0x00000390                ACE_PC2_Flag1_IRQHandler
                0x00000392                ACE_PC2_Flag2_IRQHandler
                0x00000394                ACE_PC2_Flag3_IRQHandler
                0x00000396                ACE_ADC0_DataValid_IRQHandler
                0x00000398                ACE_ADC1_DataValid_IRQHandler
                0x0000039a                ACE_ADC2_DataValid_IRQHandler
                0x0000039c                ACE_ADC0_CalDone_IRQHandler
                0x0000039e                ACE_ADC1_CalDone_IRQHandler
                0x000003a0                ACE_ADC2_CalDone_IRQHandler
                0x000003a2                ACE_ADC0_CalStart_IRQHandler
                0x000003a4                ACE_ADC1_CalStart_IRQHandler
                0x000003a6                ACE_ADC2_CalStart_IRQHandler
                0x000003a8                ACE_Comp0_Fall_IRQHandler
                0x000003aa                ACE_Comp1_Fall_IRQHandler
                0x000003ac                ACE_Comp2_Fall_IRQHandler
                0x000003ae                ACE_Comp3_Fall_IRQHandler
                0x000003b0                ACE_Comp4_Fall_IRQHandler
                0x000003b2                ACE_Comp5_Fall_IRQHandler
                0x000003b4                ACE_Comp6_Fall_IRQHandler
                0x000003b6                ACE_Comp7_Fall_IRQHandler
                0x000003b8                ACE_Comp8_Fall_IRQHandler
                0x000003ba                ACE_Comp9_Fall_IRQHandler
                0x000003bc                ACE_Comp10_Fall_IRQHandler
                0x000003be                ACE_Comp11_Fall_IRQHandler
                0x000003c0                ACE_Comp0_Rise_IRQHandler
                0x000003c2                ACE_Comp1_Rise_IRQHandler
                0x000003c4                ACE_Comp2_Rise_IRQHandler
                0x000003c6                ACE_Comp3_Rise_IRQHandler
                0x000003c8                ACE_Comp4_Rise_IRQHandler
                0x000003ca                ACE_Comp5_Rise_IRQHandler
                0x000003cc                ACE_Comp6_Rise_IRQHandler
                0x000003ce                ACE_Comp7_Rise_IRQHandler
                0x000003d0                ACE_Comp8_Rise_IRQHandler
                0x000003d2                ACE_Comp9_Rise_IRQHandler
                0x000003d4                ACE_Comp10_Rise_IRQHandler
                0x000003d6                ACE_Comp11_Rise_IRQHandler
                0x000003d8                ACE_ADC0_FifoFull_IRQHandler
                0x000003da                ACE_ADC0_FifoAFull_IRQHandler
                0x000003dc                ACE_ADC0_FifoEmpty_IRQHandler
                0x000003de                ACE_ADC1_FifoFull_IRQHandler
                0x000003e0                ACE_ADC1_FifoAFull_IRQHandler
                0x000003e2                ACE_ADC1_FifoEmpty_IRQHandler
                0x000003e4                ACE_ADC2_FifoFull_IRQHandler
                0x000003e6                ACE_ADC2_FifoAFull_IRQHandler
                0x000003e8                ACE_ADC2_FifoEmpty_IRQHandler
                0x000003ea                ACE_PPE_Flag0_IRQHandler
                0x000003ec                ACE_PPE_Flag1_IRQHandler
                0x000003ee                ACE_PPE_Flag2_IRQHandler
                0x000003f0                ACE_PPE_Flag3_IRQHandler
                0x000003f2                ACE_PPE_Flag4_IRQHandler
                0x000003f4                ACE_PPE_Flag5_IRQHandler
                0x000003f6                ACE_PPE_Flag6_IRQHandler
                0x000003f8                ACE_PPE_Flag7_IRQHandler
                0x000003fa                ACE_PPE_Flag8_IRQHandler
                0x000003fc                ACE_PPE_Flag9_IRQHandler
                0x000003fe                ACE_PPE_Flag10_IRQHandler
                0x00000400                ACE_PPE_Flag11_IRQHandler
                0x00000402                ACE_PPE_Flag12_IRQHandler
                0x00000404                ACE_PPE_Flag13_IRQHandler
                0x00000406                ACE_PPE_Flag14_IRQHandler
                0x00000408                ACE_PPE_Flag15_IRQHandler
                0x0000040a                ACE_PPE_Flag16_IRQHandler
                0x0000040c                ACE_PPE_Flag17_IRQHandler
                0x0000040e                ACE_PPE_Flag18_IRQHandler
                0x00000410                ACE_PPE_Flag19_IRQHandler
                0x00000412                ACE_PPE_Flag20_IRQHandler
                0x00000414                ACE_PPE_Flag21_IRQHandler
                0x00000416                ACE_PPE_Flag22_IRQHandler
                0x00000418                ACE_PPE_Flag23_IRQHandler
                0x0000041a                ACE_PPE_Flag24_IRQHandler
                0x0000041c                ACE_PPE_Flag25_IRQHandler
                0x0000041e                ACE_PPE_Flag26_IRQHandler
                0x00000420                ACE_PPE_Flag27_IRQHandler
                0x00000422                ACE_PPE_Flag28_IRQHandler
                0x00000424                ACE_PPE_Flag29_IRQHandler
                0x00000426                ACE_PPE_Flag30_IRQHandler
                0x00000428                ACE_PPE_Flag31_IRQHandler
 *sys_boot.o(.text)
                0x00000460                . = ALIGN (0x4)

.text           0x00000460    0x1bee8 load address 0x60000460
 CREATE_OBJECT_SYMBOLS
                0x60000460                __text_load = LOADADDR (.text)
                0x00000460                __text_start = .
                0x00000460                __vector_table_vma_base_address = .
 *(.text .text.* .gnu.linkonce.t.*)
 .text          0x00000460        0x0 c:/program files (x86)/microsemi/softconsole v3.4/sourcery-g++/bin/../lib/gcc/arm-none-eabi/4.4.1/thumb2/crti.o
 .text          0x00000460       0x30 c:/program files (x86)/microsemi/softconsole v3.4/sourcery-g++/bin/../lib/gcc/arm-none-eabi/4.4.1/thumb2/crtbegin.o
 .text          0x00000490        0x0 ./ParTest.o
 .text.MSS_GPIO_set_outputs
                0x00000490       0x20 ./ParTest.o
 .text.vParTestInitialise
                0x000004b0       0x54 ./ParTest.o
                0x000004b0                vParTestInitialise
 .text.vParTestSetLED
                0x00000504       0x80 ./ParTest.o
                0x00000504                vParTestSetLED
 .text.vParTestSetLEDFromISR
                0x00000584       0xa0 ./ParTest.o
                0x00000584                vParTestSetLEDFromISR
 .text.vParTestToggleLED
                0x00000624       0x94 ./ParTest.o
                0x00000624                vParTestToggleLED
 .text.lParTestGetLEDState
                0x000006b8       0x48 ./ParTest.o
                0x000006b8                lParTestGetLEDState
 .text          0x00000700        0x0 ./main-full.o
 .text.NVIC_EnableIRQ
                0x00000700       0x38 ./main-full.o
 .text.NVIC_DisableIRQ
                0x00000738       0x3c ./main-full.o
 .text.NVIC_ClearPendingIRQ
                0x00000774       0x3c ./main-full.o
 .text.NVIC_SetPriority
                0x000007b0       0x5c ./main-full.o
 .text.MSS_TIM64_init
                0x0000080c       0xa4 ./main-full.o
 .text.MSS_TIM64_start
                0x000008b0       0x1c ./main-full.o
 .text.MSS_TIM64_get_current_value
                0x000008cc       0x30 ./main-full.o
 .text.MSS_TIM64_load_immediate
                0x000008fc       0x2c ./main-full.o
 .text.main     0x00000928      0x110 ./main-full.o
                0x00000928                main
 .text.prvCheckTimerCallback
                0x00000a38       0x48 ./main-full.o
 .text.prvLEDTimerCallback
                0x00000a80       0x1c ./main-full.o
 .text.GPIO8_IRQHandler
                0x00000a9c       0x68 ./main-full.o
                0x00000a9c                GPIO8_IRQHandler
 .text.prvQueueSendTask
                0x00000b04       0x6c ./main-full.o
 .text.prvQueueReceiveTask
                0x00000b70       0x38 ./main-full.o
 .text.prvSetupHardware
                0x00000ba8       0x3c ./main-full.o
 .text.vApplicationMallocFailedHook
                0x00000be4        0x8 ./main-full.o
                0x00000be4                vApplicationMallocFailedHook
 .text.vApplicationStackOverflowHook
                0x00000bec       0x20 ./main-full.o
                0x00000bec                vApplicationStackOverflowHook
 .text.vApplicationIdleHook
                0x00000c0c       0x18 ./main-full.o
                0x00000c0c                vApplicationIdleHook
 .text.pcGetTaskStatusMessage
                0x00000c24       0x30 ./main-full.o
                0x00000c24                pcGetTaskStatusMessage
 .text.vMainConfigureTimerForRunTimeStats
                0x00000c54       0x28 ./main-full.o
                0x00000c54                vMainConfigureTimerForRunTimeStats
 .text.ulGetRunTimeCounterValue
                0x00000c7c       0x64 ./main-full.o
                0x00000c7c                ulGetRunTimeCounterValue
 .text          0x00000ce0        0x0 ./printf-stdarg.o
 .text.printchar
                0x00000ce0       0x30 ./printf-stdarg.o
 .text.prints   0x00000d10       0xd4 ./printf-stdarg.o
 .text.printi   0x00000de4       0xf8 ./printf-stdarg.o
 .text.print    0x00000edc      0x21c ./printf-stdarg.o
 .text.printf   0x000010f8       0x2c ./printf-stdarg.o
                0x000010f8                printf
 .text.sprintf  0x00001124       0x30 ./printf-stdarg.o
                0x00001124                sprintf
 .text.snprintf
                0x00001154       0x34 ./printf-stdarg.o
                0x00001154                snprintf
 .text.write    0x00001188       0x1c ./printf-stdarg.o
                0x00001188                write
 .text          0x000011a4        0x0 ./uIP_Task.o
 .text.NVIC_EnableIRQ
                0x000011a4       0x38 ./uIP_Task.o
 .text.NVIC_SetPriority
                0x000011dc       0x5c ./uIP_Task.o
 .text.clock_time
                0x00001238       0x10 ./uIP_Task.o
                0x00001238                clock_time
 .text.vuIP_Task
                0x00001248      0x198 ./uIP_Task.o
                0x00001248                vuIP_Task
 .text.prvSetMACAddress
                0x000013e0       0x7c ./uIP_Task.o
 .text.prvInitialise_uIP
                0x0000145c      0x180 ./uIP_Task.o
 .text.prvEMACEventListener
                0x000015dc       0x94 ./uIP_Task.o
 .text.prvInitEmac
                0x00001670       0x3c ./uIP_Task.o
 .text.vEMACWrite
                0x000016ac       0x54 ./uIP_Task.o
                0x000016ac                vEMACWrite
 .text.prvUIPTimerCallback
                0x00001700       0x64 ./uIP_Task.o
 .text.vApplicationProcessFormInput
                0x00001764       0x9c ./uIP_Task.o
                0x00001764                vApplicationProcessFormInput
 .text          0x00001800        0x0 ./WebServer/httpd-cgi.o
 .text.nullfunction
                0x00001800       0x30 ./WebServer/httpd-cgi.o
 .text.httpd_cgi
                0x00001830       0x64 ./WebServer/httpd-cgi.o
                0x00001830                httpd_cgi
 .text.generate_file_stats
                0x00001894       0x40 ./WebServer/httpd-cgi.o
 .text.file_stats
                0x000018d4       0x74 ./WebServer/httpd-cgi.o
 .text.generate_tcp_stats
                0x00001948      0x120 ./WebServer/httpd-cgi.o
 .text.tcp_stats
                0x00001a68       0xb4 ./WebServer/httpd-cgi.o
 .text.generate_net_stats
                0x00001b1c       0x4c ./WebServer/httpd-cgi.o
 .text.net_stats
                0x00001b68       0x8c ./WebServer/httpd-cgi.o
 .text.generate_rtos_stats
                0x00001bf4       0x8c ./WebServer/httpd-cgi.o
 .text.rtos_stats
                0x00001c80       0x68 ./WebServer/httpd-cgi.o
 .text.generate_io_state
                0x00001ce8       0x94 ./WebServer/httpd-cgi.o
 .text.generate_runtime_stats
                0x00001d7c       0x88 ./WebServer/httpd-cgi.o
 .text.run_time
                0x00001e04       0x68 ./WebServer/httpd-cgi.o
 .text.led_io   0x00001e6c       0x6c ./WebServer/httpd-cgi.o
 .text          0x00001ed8        0x0 ./MicroSemi_Code/drivers_config/mss_ace/ace_config.o
 .text          0x00001ed8        0x0 ./MicroSemi_Code/drivers/mss_gpio/mss_gpio.o
 .text.NVIC_EnableIRQ
                0x00001ed8       0x38 ./MicroSemi_Code/drivers/mss_gpio/mss_gpio.o
 .text.NVIC_ClearPendingIRQ
                0x00001f10       0x3c ./MicroSemi_Code/drivers/mss_gpio/mss_gpio.o
 .text.MSS_GPIO_init
                0x00001f4c       0x6c ./MicroSemi_Code/drivers/mss_gpio/mss_gpio.o
                0x00001f4c                MSS_GPIO_init
 .text.MSS_GPIO_config
                0x00001fb8       0x3c ./MicroSemi_Code/drivers/mss_gpio/mss_gpio.o
                0x00001fb8                MSS_GPIO_config
 .text.MSS_GPIO_set_output
                0x00001ff4       0x40 ./MicroSemi_Code/drivers/mss_gpio/mss_gpio.o
                0x00001ff4                MSS_GPIO_set_output
 .text.MSS_GPIO_drive_inout
                0x00002034      0x128 ./MicroSemi_Code/drivers/mss_gpio/mss_gpio.o
                0x00002034                MSS_GPIO_drive_inout
 .text.MSS_GPIO_enable_irq
                0x0000215c       0x64 ./MicroSemi_Code/drivers/mss_gpio/mss_gpio.o
                0x0000215c                MSS_GPIO_enable_irq
 .text.MSS_GPIO_disable_irq
                0x000021c0       0x50 ./MicroSemi_Code/drivers/mss_gpio/mss_gpio.o
                0x000021c0                MSS_GPIO_disable_irq
 .text.MSS_GPIO_clear_irq
                0x00002210       0x50 ./MicroSemi_Code/drivers/mss_gpio/mss_gpio.o
                0x00002210                MSS_GPIO_clear_irq
 .text          0x00002260        0x0 ./MicroSemi_Code/drivers/mss_ethernet_mac/crc32.o
 .text.mss_mac_crc32
                0x00002260       0x60 ./MicroSemi_Code/drivers/mss_ethernet_mac/crc32.o
                0x00002260                mss_mac_crc32
 .text.mss_ethernet_crc
                0x000022c0       0x24 ./MicroSemi_Code/drivers/mss_ethernet_mac/crc32.o
                0x000022c0                mss_ethernet_crc
 .text          0x000022e4        0x0 ./MicroSemi_Code/drivers/mss_ethernet_mac/mss_ethernet_mac.o
 .text.MSS_MAC_init
                0x000022e4      0x358 ./MicroSemi_Code/drivers/mss_ethernet_mac/mss_ethernet_mac.o
                0x000022e4                MSS_MAC_init
 .text.MSS_MAC_configure
                0x0000263c      0x248 ./MicroSemi_Code/drivers/mss_ethernet_mac/mss_ethernet_mac.o
                0x0000263c                MSS_MAC_configure
 .text.MSS_MAC_get_configuration
                0x00002884      0x144 ./MicroSemi_Code/drivers/mss_ethernet_mac/mss_ethernet_mac.o
                0x00002884                MSS_MAC_get_configuration
 .text.MSS_MAC_tx_packet
                0x000029c8      0x544 ./MicroSemi_Code/drivers/mss_ethernet_mac/mss_ethernet_mac.o
                0x000029c8                MSS_MAC_tx_packet
 .text.MSS_MAC_rx_pckt_size
                0x00002f0c       0x74 ./MicroSemi_Code/drivers/mss_ethernet_mac/mss_ethernet_mac.o
                0x00002f0c                MSS_MAC_rx_pckt_size
 .text.MSS_MAC_rx_packet
                0x00002f80       0xf0 ./MicroSemi_Code/drivers/mss_ethernet_mac/mss_ethernet_mac.o
                0x00002f80                MSS_MAC_rx_packet
 .text.MSS_MAC_rx_packet_ptrset
                0x00003070      0x134 ./MicroSemi_Code/drivers/mss_ethernet_mac/mss_ethernet_mac.o
                0x00003070                MSS_MAC_rx_packet_ptrset
 .text.MSS_MAC_link_status
                0x000031a4       0x30 ./MicroSemi_Code/drivers/mss_ethernet_mac/mss_ethernet_mac.o
                0x000031a4                MSS_MAC_link_status
 .text.MSS_MAC_auto_setup_link
                0x000031d4       0xd0 ./MicroSemi_Code/drivers/mss_ethernet_mac/mss_ethernet_mac.o
                0x000031d4                MSS_MAC_auto_setup_link
 .text.MSS_MAC_set_mac_address
                0x000032a4       0xa4 ./MicroSemi_Code/drivers/mss_ethernet_mac/mss_ethernet_mac.o
                0x000032a4                MSS_MAC_set_mac_address
 .text.MSS_MAC_get_mac_address
                0x00003348       0x20 ./MicroSemi_Code/drivers/mss_ethernet_mac/mss_ethernet_mac.o
                0x00003348                MSS_MAC_get_mac_address
 .text.MSS_MAC_set_mac_filters
                0x00003368      0x1b8 ./MicroSemi_Code/drivers/mss_ethernet_mac/mss_ethernet_mac.o
                0x00003368                MSS_MAC_set_mac_filters
 .text.EthernetMAC_IRQHandler
                0x00003520      0x13c ./MicroSemi_Code/drivers/mss_ethernet_mac/mss_ethernet_mac.o
                0x00003520                EthernetMAC_IRQHandler
 .text.MSS_MAC_set_callback
                0x0000365c       0x70 ./MicroSemi_Code/drivers/mss_ethernet_mac/mss_ethernet_mac.o
                0x0000365c                MSS_MAC_set_callback
 .text.MSS_MAC_last_error
                0x000036cc       0x54 ./MicroSemi_Code/drivers/mss_ethernet_mac/mss_ethernet_mac.o
                0x000036cc                MSS_MAC_last_error
 .text.MSS_MAC_get_statistics
                0x00003720      0x2b4 ./MicroSemi_Code/drivers/mss_ethernet_mac/mss_ethernet_mac.o
                0x00003720                MSS_MAC_get_statistics
 .text.MSS_MAC_prepare_rx_descriptor
                0x000039d4      0x428 ./MicroSemi_Code/drivers/mss_ethernet_mac/mss_ethernet_mac.o
                0x000039d4                MSS_MAC_prepare_rx_descriptor
 .text.MAC_send_setup_frame
                0x00003dfc      0x36c ./MicroSemi_Code/drivers/mss_ethernet_mac/mss_ethernet_mac.o
 .text.MAC_stop_transmission
                0x00004168       0x60 ./MicroSemi_Code/drivers/mss_ethernet_mac/mss_ethernet_mac.o
 .text.MAC_start_transmission
                0x000041c8       0x1c ./MicroSemi_Code/drivers/mss_ethernet_mac/mss_ethernet_mac.o
 .text.MAC_stop_receiving
                0x000041e4       0x60 ./MicroSemi_Code/drivers/mss_ethernet_mac/mss_ethernet_mac.o
 .text.MAC_start_receiving
                0x00004244       0x1c ./MicroSemi_Code/drivers/mss_ethernet_mac/mss_ethernet_mac.o
 .text.MAC_dismiss_bad_frames
                0x00004260       0xa4 ./MicroSemi_Code/drivers/mss_ethernet_mac/mss_ethernet_mac.o
 .text.MAC_set_time_out
                0x00004304       0x50 ./MicroSemi_Code/drivers/mss_ethernet_mac/mss_ethernet_mac.o
 .text.MAC_get_time_out
                0x00004354       0xf4 ./MicroSemi_Code/drivers/mss_ethernet_mac/mss_ethernet_mac.o
 .text.MAC_memset
                0x00004448       0x38 ./MicroSemi_Code/drivers/mss_ethernet_mac/mss_ethernet_mac.o
 .text.MAC_memset_All
                0x00004480      0x448 ./MicroSemi_Code/drivers/mss_ethernet_mac/mss_ethernet_mac.o
 .text.MAC_memcpy
                0x000048c8       0x3c ./MicroSemi_Code/drivers/mss_ethernet_mac/mss_ethernet_mac.o
 .text.MSS_MAC_FreeTxBuffers
                0x00004904       0x88 ./MicroSemi_Code/drivers/mss_ethernet_mac/mss_ethernet_mac.o
                0x00004904                MSS_MAC_FreeTxBuffers
 .text.MAC_obtain_buffer
                0x0000498c      0x178 ./MicroSemi_Code/drivers/mss_ethernet_mac/mss_ethernet_mac.o
 .text.MAC_release_buffer
                0x00004b04       0x70 ./MicroSemi_Code/drivers/mss_ethernet_mac/mss_ethernet_mac.o
 .text          0x00004b74        0x0 ./MicroSemi_Code/drivers/mss_ethernet_mac/phy.o
 .text.MDIO_management_clock
                0x00004b74       0x38 ./MicroSemi_Code/drivers/mss_ethernet_mac/phy.o
 .text.MDIO_send_cmd
                0x00004bac      0x100 ./MicroSemi_Code/drivers/mss_ethernet_mac/phy.o
 .text.MDIO_read
                0x00004cac       0x70 ./MicroSemi_Code/drivers/mss_ethernet_mac/phy.o
 .text.MDIO_write
                0x00004d1c       0x74 ./MicroSemi_Code/drivers/mss_ethernet_mac/phy.o
 .text.PHY_probe
                0x00004d90       0x84 ./MicroSemi_Code/drivers/mss_ethernet_mac/phy.o
                0x00004d90                PHY_probe
 .text.PHY_reset
                0x00004e14       0x20 ./MicroSemi_Code/drivers/mss_ethernet_mac/phy.o
                0x00004e14                PHY_reset
 .text.PHY_auto_negotiate
                0x00004e34       0x50 ./MicroSemi_Code/drivers/mss_ethernet_mac/phy.o
                0x00004e34                PHY_auto_negotiate
 .text.PHY_link_status
                0x00004e84       0x30 ./MicroSemi_Code/drivers/mss_ethernet_mac/phy.o
                0x00004e84                PHY_link_status
 .text.PHY_link_type
                0x00004eb4       0x48 ./MicroSemi_Code/drivers/mss_ethernet_mac/phy.o
                0x00004eb4                PHY_link_type
 .text.PHY_set_link_type
                0x00004efc       0x58 ./MicroSemi_Code/drivers/mss_ethernet_mac/phy.o
                0x00004efc                PHY_set_link_type
 .text.PHY_set_loopback
                0x00004f54       0x58 ./MicroSemi_Code/drivers/mss_ethernet_mac/phy.o
                0x00004f54                PHY_set_loopback
 .text          0x00004fac        0x0 ./MicroSemi_Code/drivers/mss_ace/ace_convert.o
 .text.ACE_get_channel_type
                0x00004fac       0x44 ./MicroSemi_Code/drivers/mss_ace/ace_convert.o
                0x00004fac                ACE_get_channel_type
 .text.ACE_convert_adc_input_to_mV
                0x00004ff0       0x64 ./MicroSemi_Code/drivers/mss_ace/ace_convert.o
                0x00004ff0                ACE_convert_adc_input_to_mV
 .text.ace_init_convert
                0x00005054      0x1b4 ./MicroSemi_Code/drivers/mss_ace/ace_convert.o
                0x00005054                ace_init_convert
 .text.ACE_convert_to_mV
                0x00005208       0xc8 ./MicroSemi_Code/drivers/mss_ace/ace_convert.o
                0x00005208                ACE_convert_to_mV
 .text.ACE_convert_to_mA
                0x000052d0       0xb4 ./MicroSemi_Code/drivers/mss_ace/ace_convert.o
                0x000052d0                ACE_convert_to_mA
 .text.ACE_convert_to_Kelvin
                0x00005384       0x4c ./MicroSemi_Code/drivers/mss_ace/ace_convert.o
                0x00005384                ACE_convert_to_Kelvin
 .text.ACE_convert_to_Celsius
                0x000053d0       0x3c ./MicroSemi_Code/drivers/mss_ace/ace_convert.o
                0x000053d0                ACE_convert_to_Celsius
 .text.ACE_convert_to_Fahrenheit
                0x0000540c       0x58 ./MicroSemi_Code/drivers/mss_ace/ace_convert.o
                0x0000540c                ACE_convert_to_Fahrenheit
 .text.ACE_get_channel_name
                0x00005464       0x38 ./MicroSemi_Code/drivers/mss_ace/ace_convert.o
                0x00005464                ACE_get_channel_name
 .text.ACE_convert_mV_to_adc_value
                0x0000549c       0x98 ./MicroSemi_Code/drivers/mss_ace/ace_convert.o
                0x0000549c                ACE_convert_mV_to_adc_value
 .text.convert_mV_to_ppe_value
                0x00005534       0x7c ./MicroSemi_Code/drivers/mss_ace/ace_convert.o
 .text.ACE_convert_from_mV
                0x000055b0       0xe8 ./MicroSemi_Code/drivers/mss_ace/ace_convert.o
                0x000055b0                ACE_convert_from_mV
 .text.ACE_convert_from_mA
                0x00005698       0x50 ./MicroSemi_Code/drivers/mss_ace/ace_convert.o
                0x00005698                ACE_convert_from_mA
 .text.ACE_convert_from_Kelvin
                0x000056e8       0x58 ./MicroSemi_Code/drivers/mss_ace/ace_convert.o
                0x000056e8                ACE_convert_from_Kelvin
 .text.ACE_convert_from_Celsius
                0x00005740       0x4c ./MicroSemi_Code/drivers/mss_ace/ace_convert.o
                0x00005740                ACE_convert_from_Celsius
 .text.ACE_convert_from_Fahrenheit
                0x0000578c       0x64 ./MicroSemi_Code/drivers/mss_ace/ace_convert.o
                0x0000578c                ACE_convert_from_Fahrenheit
 .text.ACE_translate_pdma_value
                0x000057f0       0x34 ./MicroSemi_Code/drivers/mss_ace/ace_convert.o
                0x000057f0                ACE_translate_pdma_value
 .text          0x00005824        0x0 ./MicroSemi_Code/drivers/mss_ace/mss_ace.o
 .text.ACE_init
                0x00005824        0xc ./MicroSemi_Code/drivers/mss_ace/mss_ace.o
                0x00005824                ACE_init
 .text.ACE_start_adc
                0x00005830       0x2c ./MicroSemi_Code/drivers/mss_ace/mss_ace.o
                0x00005830                ACE_start_adc
 .text.ACE_get_adc_result
                0x0000585c       0x64 ./MicroSemi_Code/drivers/mss_ace/mss_ace.o
                0x0000585c                ACE_get_adc_result
 .text.ACE_configure_sdd
                0x000058c0      0x1a0 ./MicroSemi_Code/drivers/mss_ace/mss_ace.o
                0x000058c0                ACE_configure_sdd
 .text.ACE_enable_sdd
                0x00005a60       0x48 ./MicroSemi_Code/drivers/mss_ace/mss_ace.o
                0x00005a60                ACE_enable_sdd
 .text.ACE_disable_sdd
                0x00005aa8       0x48 ./MicroSemi_Code/drivers/mss_ace/mss_ace.o
                0x00005aa8                ACE_disable_sdd
 .text.ACE_set_sdd_value
                0x00005af0       0x4c ./MicroSemi_Code/drivers/mss_ace/mss_ace.o
                0x00005af0                ACE_set_sdd_value
 .text.ACE_set_sdd_value_sync
                0x00005b3c       0xd0 ./MicroSemi_Code/drivers/mss_ace/mss_ace.o
                0x00005b3c                ACE_set_sdd_value_sync
 .text.ACE_set_comp_reference
                0x00005c0c      0x1b0 ./MicroSemi_Code/drivers/mss_ace/mss_ace.o
                0x00005c0c                ACE_set_comp_reference
 .text.ACE_set_comp_hysteresis
                0x00005dbc      0x128 ./MicroSemi_Code/drivers/mss_ace/mss_ace.o
                0x00005dbc                ACE_set_comp_hysteresis
 .text.ACE_enable_comp
                0x00005ee4       0xfc ./MicroSemi_Code/drivers/mss_ace/mss_ace.o
                0x00005ee4                ACE_enable_comp
 .text.ACE_disable_comp
                0x00005fe0       0xf8 ./MicroSemi_Code/drivers/mss_ace/mss_ace.o
                0x00005fe0                ACE_disable_comp
 .text.ACE_enable_comp_rise_irq
                0x000060d8       0x50 ./MicroSemi_Code/drivers/mss_ace/mss_ace.o
                0x000060d8                ACE_enable_comp_rise_irq
 .text.ACE_disable_comp_rise_irq
                0x00006128       0x54 ./MicroSemi_Code/drivers/mss_ace/mss_ace.o
                0x00006128                ACE_disable_comp_rise_irq
 .text.ACE_clear_comp_rise_irq
                0x0000617c       0x50 ./MicroSemi_Code/drivers/mss_ace/mss_ace.o
                0x0000617c                ACE_clear_comp_rise_irq
 .text.ACE_enable_comp_fall_irq
                0x000061cc       0x50 ./MicroSemi_Code/drivers/mss_ace/mss_ace.o
                0x000061cc                ACE_enable_comp_fall_irq
 .text.ACE_disable_comp_fall_irq
                0x0000621c       0x54 ./MicroSemi_Code/drivers/mss_ace/mss_ace.o
                0x0000621c                ACE_disable_comp_fall_irq
 .text.ACE_clear_comp_fall_irq
                0x00006270       0x50 ./MicroSemi_Code/drivers/mss_ace/mss_ace.o
                0x00006270                ACE_clear_comp_fall_irq
 .text.ACE_get_comp_status
                0x000062c0       0x20 ./MicroSemi_Code/drivers/mss_ace/mss_ace.o
                0x000062c0                ACE_get_comp_status
 .text.ACE_get_channel_count
                0x000062e0       0x10 ./MicroSemi_Code/drivers/mss_ace/mss_ace.o
                0x000062e0                ACE_get_channel_count
 .text.ACE_get_first_channel
                0x000062f0       0x1c ./MicroSemi_Code/drivers/mss_ace/mss_ace.o
                0x000062f0                ACE_get_first_channel
 .text.ACE_get_next_channel
                0x0000630c       0x2c ./MicroSemi_Code/drivers/mss_ace/mss_ace.o
                0x0000630c                ACE_get_next_channel
 .text.ACE_get_channel_handle
                0x00006338       0x74 ./MicroSemi_Code/drivers/mss_ace/mss_ace.o
                0x00006338                ACE_get_channel_handle
 .text.ACE_get_input_channel_handle
                0x000063ac       0x54 ./MicroSemi_Code/drivers/mss_ace/mss_ace.o
                0x000063ac                ACE_get_input_channel_handle
 .text.ACE_get_ppe_sample
                0x00006400       0x44 ./MicroSemi_Code/drivers/mss_ace/mss_ace.o
                0x00006400                ACE_get_ppe_sample
 .text          0x00006444        0x0 ./MicroSemi_Code/drivers/I2C/i2c.o
 .text.NVIC_EnableIRQ
                0x00006444       0x38 ./MicroSemi_Code/drivers/I2C/i2c.o
 .text.NVIC_DisableIRQ
                0x0000647c       0x3c ./MicroSemi_Code/drivers/I2C/i2c.o
 .text.NVIC_ClearPendingIRQ
                0x000064b8       0x3c ./MicroSemi_Code/drivers/I2C/i2c.o
 .text.NVIC_SetPriority
                0x000064f4       0x5c ./MicroSemi_Code/drivers/I2C/i2c.o
 .text.MSS_I2C_init
                0x00006550      0x20c ./MicroSemi_Code/drivers/I2C/i2c.o
                0x00006550                MSS_I2C_init
 .text.MSS_I2C_set_slave_mem_offset_length
                0x0000675c       0x3c ./MicroSemi_Code/drivers/I2C/i2c.o
                0x0000675c                MSS_I2C_set_slave_mem_offset_length
 .text.MSS_I2C_register_write_handler
                0x00006798       0x38 ./MicroSemi_Code/drivers/I2C/i2c.o
                0x00006798                MSS_I2C_register_write_handler
 .text.MSS_I2C_write
                0x000067d0       0xe0 ./MicroSemi_Code/drivers/I2C/i2c.o
                0x000067d0                MSS_I2C_write
 .text.MSS_I2C_read
                0x000068b0       0xc8 ./MicroSemi_Code/drivers/I2C/i2c.o
                0x000068b0                MSS_I2C_read
 .text.MSS_I2C_write_read
                0x00006978       0xd8 ./MicroSemi_Code/drivers/I2C/i2c.o
                0x00006978                MSS_I2C_write_read
 .text.MSS_I2C_set_slave_rx_buffer
                0x00006a50       0x58 ./MicroSemi_Code/drivers/I2C/i2c.o
                0x00006a50                MSS_I2C_set_slave_rx_buffer
 .text.MSS_I2C_get_status
                0x00006aa8       0x3c ./MicroSemi_Code/drivers/I2C/i2c.o
                0x00006aa8                MSS_I2C_get_status
 .text.MSS_I2C_set_slave_tx_buffer
                0x00006ae4       0x60 ./MicroSemi_Code/drivers/I2C/i2c.o
                0x00006ae4                MSS_I2C_set_slave_tx_buffer
 .text.MSS_I2C_enable_slave_rx
                0x00006b44       0x50 ./MicroSemi_Code/drivers/I2C/i2c.o
                0x00006b44                MSS_I2C_enable_slave_rx
 .text.MSS_I2C_wait_complete
                0x00006b94       0x7c ./MicroSemi_Code/drivers/I2C/i2c.o
                0x00006b94                MSS_I2C_wait_complete
 .text.mss_i2c_isr
                0x00006c10      0x7ec ./MicroSemi_Code/drivers/I2C/i2c.o
 .text.disable_interrupts
                0x000073fc       0x1c ./MicroSemi_Code/drivers/I2C/i2c.o
 .text.restore_interrupts
                0x00007418       0x18 ./MicroSemi_Code/drivers/I2C/i2c.o
 .text.I2C0_IRQHandler
                0x00007430       0x2c ./MicroSemi_Code/drivers/I2C/i2c.o
                0x00007430                I2C0_IRQHandler
 .text.I2C1_IRQHandler
                0x0000745c       0x2c ./MicroSemi_Code/drivers/I2C/i2c.o
                0x0000745c                I2C1_IRQHandler
 .text          0x00007488        0x0 ./MicroSemi_Code/CMSIS/core_cm3.o
 .text.__get_PSP
                0x00007488       0x10 ./MicroSemi_Code/CMSIS/core_cm3.o
                0x00007488                __get_PSP
 .text.__set_PSP
                0x00007498        0x8 ./MicroSemi_Code/CMSIS/core_cm3.o
                0x00007498                __set_PSP
 .text.__get_MSP
                0x000074a0       0x10 ./MicroSemi_Code/CMSIS/core_cm3.o
                0x000074a0                __get_MSP
 .text.__set_MSP
                0x000074b0        0x8 ./MicroSemi_Code/CMSIS/core_cm3.o
                0x000074b0                __set_MSP
 .text.__get_BASEPRI
                0x000074b8       0x20 ./MicroSemi_Code/CMSIS/core_cm3.o
                0x000074b8                __get_BASEPRI
 .text.__set_BASEPRI
                0x000074d8       0x18 ./MicroSemi_Code/CMSIS/core_cm3.o
                0x000074d8                __set_BASEPRI
 .text.__get_PRIMASK
                0x000074f0       0x20 ./MicroSemi_Code/CMSIS/core_cm3.o
                0x000074f0                __get_PRIMASK
 .text.__set_PRIMASK
                0x00007510       0x18 ./MicroSemi_Code/CMSIS/core_cm3.o
                0x00007510                __set_PRIMASK
 .text.__get_FAULTMASK
                0x00007528       0x20 ./MicroSemi_Code/CMSIS/core_cm3.o
                0x00007528                __get_FAULTMASK
 .text.__set_FAULTMASK
                0x00007548       0x18 ./MicroSemi_Code/CMSIS/core_cm3.o
                0x00007548                __set_FAULTMASK
 .text.__get_CONTROL
                0x00007560       0x20 ./MicroSemi_Code/CMSIS/core_cm3.o
                0x00007560                __get_CONTROL
 .text.__set_CONTROL
                0x00007580       0x18 ./MicroSemi_Code/CMSIS/core_cm3.o
                0x00007580                __set_CONTROL
 .text.__REV    0x00007598       0x24 ./MicroSemi_Code/CMSIS/core_cm3.o
                0x00007598                __REV
 .text.__REV16  0x000075bc       0x24 ./MicroSemi_Code/CMSIS/core_cm3.o
                0x000075bc                __REV16
 .text.__REVSH  0x000075e0       0x24 ./MicroSemi_Code/CMSIS/core_cm3.o
                0x000075e0                __REVSH
 .text.__RBIT   0x00007604       0x24 ./MicroSemi_Code/CMSIS/core_cm3.o
                0x00007604                __RBIT
 .text.__LDREXB
                0x00007628       0x24 ./MicroSemi_Code/CMSIS/core_cm3.o
                0x00007628                __LDREXB
 .text.__LDREXH
                0x0000764c       0x24 ./MicroSemi_Code/CMSIS/core_cm3.o
                0x0000764c                __LDREXH
 .text.__LDREXW
                0x00007670       0x24 ./MicroSemi_Code/CMSIS/core_cm3.o
                0x00007670                __LDREXW
 .text.__STREXB
                0x00007694       0x2c ./MicroSemi_Code/CMSIS/core_cm3.o
                0x00007694                __STREXB
 .text.__STREXH
                0x000076c0       0x2c ./MicroSemi_Code/CMSIS/core_cm3.o
                0x000076c0                __STREXH
 .text.__STREXW
                0x000076ec       0x28 ./MicroSemi_Code/CMSIS/core_cm3.o
                0x000076ec                __STREXW
 .text          0x00007714        0x0 ./MicroSemi_Code/CMSIS/system_a2fxxxm3.o
 .text.SystemInit
                0x00007714        0xc ./MicroSemi_Code/CMSIS/system_a2fxxxm3.o
                0x00007714                SystemInit
 .text.SystemCoreClockUpdate
                0x00007720      0x150 ./MicroSemi_Code/CMSIS/system_a2fxxxm3.o
                0x00007720                SystemCoreClockUpdate
 .text.GetSystemClock
                0x00007870       0xb4 ./MicroSemi_Code/CMSIS/system_a2fxxxm3.o
 .text          0x00007924        0x0 ./MicroSemi_Code/CMSIS/startup_gcc/newlib_stubs.o
 .text._close   0x00007924       0x18 ./MicroSemi_Code/CMSIS/startup_gcc/newlib_stubs.o
                0x00007924                _close
 .text._execve  0x0000793c       0x2c ./MicroSemi_Code/CMSIS/startup_gcc/newlib_stubs.o
                0x0000793c                _execve
 .text._exit    0x00007968        0xc ./MicroSemi_Code/CMSIS/startup_gcc/newlib_stubs.o
                0x00007968                _exit
 .text._fork    0x00007974       0x20 ./MicroSemi_Code/CMSIS/startup_gcc/newlib_stubs.o
                0x00007974                _fork
 .text._fstat   0x00007994       0x24 ./MicroSemi_Code/CMSIS/startup_gcc/newlib_stubs.o
                0x00007994                _fstat
 .text._getpid  0x000079b8       0x10 ./MicroSemi_Code/CMSIS/startup_gcc/newlib_stubs.o
                0x000079b8                _getpid
 .text._isatty  0x000079c8       0x18 ./MicroSemi_Code/CMSIS/startup_gcc/newlib_stubs.o
                0x000079c8                _isatty
 .text._kill    0x000079e0       0x28 ./MicroSemi_Code/CMSIS/startup_gcc/newlib_stubs.o
                0x000079e0                _kill
 .text._link    0x00007a08       0x28 ./MicroSemi_Code/CMSIS/startup_gcc/newlib_stubs.o
                0x00007a08                _link
 .text._lseek   0x00007a30       0x1c ./MicroSemi_Code/CMSIS/startup_gcc/newlib_stubs.o
                0x00007a30                _lseek
 .text._open    0x00007a4c       0x1c ./MicroSemi_Code/CMSIS/startup_gcc/newlib_stubs.o
                0x00007a4c                _open
 .text._read    0x00007a68       0x1c ./MicroSemi_Code/CMSIS/startup_gcc/newlib_stubs.o
                0x00007a68                _read
 .text._sbrk    0x00007a84       0x8c ./MicroSemi_Code/CMSIS/startup_gcc/newlib_stubs.o
                0x00007a84                _sbrk
 .text._stat    0x00007b10       0x24 ./MicroSemi_Code/CMSIS/startup_gcc/newlib_stubs.o
                0x00007b10                _stat
 .text._times   0x00007b34       0x18 ./MicroSemi_Code/CMSIS/startup_gcc/newlib_stubs.o
                0x00007b34                _times
 .text._unlink  0x00007b4c       0x28 ./MicroSemi_Code/CMSIS/startup_gcc/newlib_stubs.o
                0x00007b4c                _unlink
 .text._wait    0x00007b74       0x28 ./MicroSemi_Code/CMSIS/startup_gcc/newlib_stubs.o
                0x00007b74                _wait
 .text._write_r
                0x00007b9c       0x20 ./MicroSemi_Code/CMSIS/startup_gcc/newlib_stubs.o
                0x00007b9c                _write_r
 .text          0x00007bbc        0x0 ./MicroSemi_Code/CMSIS/startup_gcc/startup_a2fxxxm3.o
 .text          0x00007bbc        0x0 ./FreeTCPIP/psock.o
 .text.buf_setup
                0x00007bbc       0x24 ./FreeTCPIP/psock.o
 .text.buf_bufdata
                0x00007be0      0x11c ./FreeTCPIP/psock.o
 .text.buf_bufto
                0x00007cfc       0xa8 ./FreeTCPIP/psock.o
 .text.send_data
                0x00007da4       0x6c ./FreeTCPIP/psock.o
 .text.data_acked
                0x00007e10       0x88 ./FreeTCPIP/psock.o
 .text.psock_send
                0x00007e98       0x94 ./FreeTCPIP/psock.o
                0x00007e98                psock_send
 .text.psock_generator_send
                0x00007f2c       0xb8 ./FreeTCPIP/psock.o
                0x00007f2c                psock_generator_send
 .text.psock_datalen
                0x00007fe4       0x24 ./FreeTCPIP/psock.o
                0x00007fe4                psock_datalen
 .text.psock_newdata
                0x00008008       0x58 ./FreeTCPIP/psock.o
                0x00008008                psock_newdata
 .text.psock_readto
                0x00008060       0xc8 ./FreeTCPIP/psock.o
                0x00008060                psock_readto
 .text.psock_readbuf
                0x00008128       0xc4 ./FreeTCPIP/psock.o
                0x00008128                psock_readbuf
 .text.psock_init
                0x000081ec       0x48 ./FreeTCPIP/psock.o
                0x000081ec                psock_init
 .text          0x00008234        0x0 ./FreeTCPIP/timer.o
 .text.timer_set
                0x00008234       0x24 ./FreeTCPIP/timer.o
                0x00008234                timer_set
 .text.timer_reset
                0x00008258       0x20 ./FreeTCPIP/timer.o
                0x00008258                timer_reset
 .text.timer_restart
                0x00008278       0x1c ./FreeTCPIP/timer.o
                0x00008278                timer_restart
 .text.timer_expired
                0x00008294       0x2c ./FreeTCPIP/timer.o
                0x00008294                timer_expired
 .text.timer_remaining
                0x000082c0       0x28 ./FreeTCPIP/timer.o
                0x000082c0                timer_remaining
 .text          0x000082e8        0x0 ./FreeTCPIP/uip.o
 .text.uip_setipid
                0x000082e8       0x20 ./FreeTCPIP/uip.o
                0x000082e8                uip_setipid
 .text.uip_add32
                0x00008308      0x14c ./FreeTCPIP/uip.o
                0x00008308                uip_add32
 .text.chksum   0x00008454       0x98 ./FreeTCPIP/uip.o
 .text.uip_chksum
                0x000084ec       0x30 ./FreeTCPIP/uip.o
                0x000084ec                uip_chksum
 .text.uip_ipchksum
                0x0000851c       0x48 ./FreeTCPIP/uip.o
                0x0000851c                uip_ipchksum
 .text.upper_layer_chksum
                0x00008564       0xa8 ./FreeTCPIP/uip.o
 .text.uip_tcpchksum
                0x0000860c       0x14 ./FreeTCPIP/uip.o
                0x0000860c                uip_tcpchksum
 .text.uip_udpchksum
                0x00008620       0x14 ./FreeTCPIP/uip.o
                0x00008620                uip_udpchksum
 .text.uip_init
                0x00008634       0xcc ./FreeTCPIP/uip.o
                0x00008634                uip_init
 .text.uip_connect
                0x00008700      0x1e0 ./FreeTCPIP/uip.o
                0x00008700                uip_connect
 .text.uip_unlisten
                0x000088e0       0x88 ./FreeTCPIP/uip.o
                0x000088e0                uip_unlisten
 .text.uip_listen
                0x00008968       0x84 ./FreeTCPIP/uip.o
                0x00008968                uip_listen
 .text.uip_add_rcv_nxt
                0x000089ec       0x84 ./FreeTCPIP/uip.o
 .text.uip_process
                0x00008a70     0x21b0 ./FreeTCPIP/uip.o
                0x00008a70                uip_process
 .text.htons    0x0000ac20       0x30 ./FreeTCPIP/uip.o
                0x0000ac20                htons
 .text.htonl    0x0000ac50       0x5c ./FreeTCPIP/uip.o
                0x0000ac50                htonl
 .text.uip_send
                0x0000acac       0x84 ./FreeTCPIP/uip.o
                0x0000acac                uip_send
 .text          0x0000ad30        0x0 ./FreeTCPIP/uip_arp.o
 .text.uip_arp_init
                0x0000ad30       0x70 ./FreeTCPIP/uip_arp.o
                0x0000ad30                uip_arp_init
 .text.uip_arp_timer
                0x0000ada0       0xd4 ./FreeTCPIP/uip_arp.o
                0x0000ada0                uip_arp_timer
 .text.uip_arp_update
                0x0000ae74      0x290 ./FreeTCPIP/uip_arp.o
 .text.uip_arp_arpin
                0x0000b104      0x308 ./FreeTCPIP/uip_arp.o
                0x0000b104                uip_arp_arpin
 .text.uip_arp_out
                0x0000b40c      0x488 ./FreeTCPIP/uip_arp.o
                0x0000b40c                uip_arp_out
 .text          0x0000b894        0x0 ./FreeTCPIP/http_Common/http-strings.o
 .text          0x0000b894        0x0 ./FreeTCPIP/http_Common/httpd-fs.o
 .text.httpd_fs_strcmp
                0x0000b894       0x6c ./FreeTCPIP/http_Common/httpd-fs.o
 .text.httpd_fs_open
                0x0000b900       0x88 ./FreeTCPIP/http_Common/httpd-fs.o
                0x0000b900                httpd_fs_open
 .text.httpd_fs_init
                0x0000b988       0x38 ./FreeTCPIP/http_Common/httpd-fs.o
                0x0000b988                httpd_fs_init
 .text.httpd_fs_count
                0x0000b9c0       0x60 ./FreeTCPIP/http_Common/httpd-fs.o
                0x0000b9c0                httpd_fs_count
 .text          0x0000ba20        0x0 ./FreeTCPIP/http_Common/httpd.o
 .text.generate_part_of_file
                0x0000ba20       0x78 ./FreeTCPIP/http_Common/httpd.o
 .text.send_file
                0x0000ba98       0x98 ./FreeTCPIP/http_Common/httpd.o
 .text.send_part_of_file
                0x0000bb30       0x68 ./FreeTCPIP/http_Common/httpd.o
 .text.next_scriptstate
                0x0000bb98       0x54 ./FreeTCPIP/http_Common/httpd.o
 .text.handle_script
                0x0000bbec      0x234 ./FreeTCPIP/http_Common/httpd.o
 .text.send_headers
                0x0000be20      0x2d8 ./FreeTCPIP/http_Common/httpd.o
 .text.handle_output
                0x0000c0f8      0x18c ./FreeTCPIP/http_Common/httpd.o
 .text.handle_input
                0x0000c284      0x1d0 ./FreeTCPIP/http_Common/httpd.o
 .text.handle_connection
                0x0000c454       0x28 ./FreeTCPIP/http_Common/httpd.o
 .text.httpd_appcall
                0x0000c47c      0x118 ./FreeTCPIP/http_Common/httpd.o
                0x0000c47c                httpd_appcall
 .text.httpd_init
                0x0000c594       0x10 ./FreeTCPIP/http_Common/httpd.o
                0x0000c594                httpd_init
 .text          0x0000c5a4        0x0 ./FreeRTOS_Source/list.o
 .text.vListInitialise
                0x0000c5a4       0x48 ./FreeRTOS_Source/list.o
                0x0000c5a4                vListInitialise
 .text.vListInitialiseItem
                0x0000c5ec       0x1c ./FreeRTOS_Source/list.o
                0x0000c5ec                vListInitialiseItem
 .text.vListInsertEnd
                0x0000c608       0x48 ./FreeRTOS_Source/list.o
                0x0000c608                vListInsertEnd
 .text.vListInsert
                0x0000c650       0x74 ./FreeRTOS_Source/list.o
                0x0000c650                vListInsert
 .text.uxListRemove
                0x0000c6c4       0x58 ./FreeRTOS_Source/list.o
                0x0000c6c4                uxListRemove
 .text          0x0000c71c        0x0 ./FreeRTOS_Source/queue.o
 .text.xQueueGenericReset
                0x0000c71c       0xec ./FreeRTOS_Source/queue.o
                0x0000c71c                xQueueGenericReset
 .text.xQueueGenericCreate
                0x0000c808       0x80 ./FreeRTOS_Source/queue.o
                0x0000c808                xQueueGenericCreate
 .text.prvInitialiseNewQueue
                0x0000c888       0x48 ./FreeRTOS_Source/queue.o
 .text.prvInitialiseMutex
                0x0000c8d0       0x40 ./FreeRTOS_Source/queue.o
 .text.xQueueCreateMutex
                0x0000c910       0x38 ./FreeRTOS_Source/queue.o
                0x0000c910                xQueueCreateMutex
 .text.xQueueGiveMutexRecursive
                0x0000c948       0x74 ./FreeRTOS_Source/queue.o
                0x0000c948                xQueueGiveMutexRecursive
 .text.xQueueTakeMutexRecursive
                0x0000c9bc       0x74 ./FreeRTOS_Source/queue.o
                0x0000c9bc                xQueueTakeMutexRecursive
 .text.xQueueGenericSend
                0x0000ca30      0x230 ./FreeRTOS_Source/queue.o
                0x0000ca30                xQueueGenericSend
 .text.xQueueGenericSendFromISR
                0x0000cc60      0x144 ./FreeRTOS_Source/queue.o
                0x0000cc60                xQueueGenericSendFromISR
 .text.xQueueGiveFromISR
                0x0000cda4      0x12c ./FreeRTOS_Source/queue.o
                0x0000cda4                xQueueGiveFromISR
 .text.xQueueReceive
                0x0000ced0      0x1ec ./FreeRTOS_Source/queue.o
                0x0000ced0                xQueueReceive
 .text.xQueueSemaphoreTake
                0x0000d0bc      0x240 ./FreeRTOS_Source/queue.o
                0x0000d0bc                xQueueSemaphoreTake
 .text.xQueuePeek
                0x0000d2fc      0x1f0 ./FreeRTOS_Source/queue.o
                0x0000d2fc                xQueuePeek
 .text.xQueueReceiveFromISR
                0x0000d4ec      0x118 ./FreeRTOS_Source/queue.o
                0x0000d4ec                xQueueReceiveFromISR
 .text.xQueuePeekFromISR
                0x0000d604       0xd4 ./FreeRTOS_Source/queue.o
                0x0000d604                xQueuePeekFromISR
 .text.uxQueueMessagesWaiting
                0x0000d6d8       0x3c ./FreeRTOS_Source/queue.o
                0x0000d6d8                uxQueueMessagesWaiting
 .text.uxQueueSpacesAvailable
                0x0000d714       0x48 ./FreeRTOS_Source/queue.o
                0x0000d714                uxQueueSpacesAvailable
 .text.uxQueueMessagesWaitingFromISR
                0x0000d75c       0x3c ./FreeRTOS_Source/queue.o
                0x0000d75c                uxQueueMessagesWaitingFromISR
 .text.vQueueDelete
                0x0000d798       0x34 ./FreeRTOS_Source/queue.o
                0x0000d798                vQueueDelete
 .text.uxQueueGetQueueNumber
                0x0000d7cc       0x18 ./FreeRTOS_Source/queue.o
                0x0000d7cc                uxQueueGetQueueNumber
 .text.vQueueSetQueueNumber
                0x0000d7e4       0x1c ./FreeRTOS_Source/queue.o
                0x0000d7e4                vQueueSetQueueNumber
 .text.ucQueueGetQueueType
                0x0000d800       0x1c ./FreeRTOS_Source/queue.o
                0x0000d800                ucQueueGetQueueType
 .text.prvGetDisinheritPriorityAfterTimeout
                0x0000d81c       0x34 ./FreeRTOS_Source/queue.o
 .text.prvCopyDataToQueue
                0x0000d850       0xf0 ./FreeRTOS_Source/queue.o
 .text.prvCopyDataFromQueue
                0x0000d940       0x50 ./FreeRTOS_Source/queue.o
 .text.prvUnlockQueue
                0x0000d990       0xac ./FreeRTOS_Source/queue.o
 .text.prvIsQueueEmpty
                0x0000da3c       0x34 ./FreeRTOS_Source/queue.o
 .text.xQueueIsQueueEmptyFromISR
                0x0000da70       0x4c ./FreeRTOS_Source/queue.o
                0x0000da70                xQueueIsQueueEmptyFromISR
 .text.prvIsQueueFull
                0x0000dabc       0x38 ./FreeRTOS_Source/queue.o
 .text.xQueueIsQueueFullFromISR
                0x0000daf4       0x50 ./FreeRTOS_Source/queue.o
                0x0000daf4                xQueueIsQueueFullFromISR
 .text.vQueueWaitForMessageRestricted
                0x0000db44       0x74 ./FreeRTOS_Source/queue.o
                0x0000db44                vQueueWaitForMessageRestricted
 .text          0x0000dbb8        0x0 ./FreeRTOS_Source/tasks.o
 .text.xTaskCreate
                0x0000dbb8       0x94 ./FreeRTOS_Source/tasks.o
                0x0000dbb8                xTaskCreate
 .text.prvInitialiseNewTask
                0x0000dc4c      0x148 ./FreeRTOS_Source/tasks.o
 .text.prvAddNewTaskToReadyList
                0x0000dd94      0x13c ./FreeRTOS_Source/tasks.o
 .text.vTaskDelete
                0x0000ded0      0x16c ./FreeRTOS_Source/tasks.o
                0x0000ded0                vTaskDelete
 .text.vTaskDelayUntil
                0x0000e03c      0x110 ./FreeRTOS_Source/tasks.o
                0x0000e03c                vTaskDelayUntil
 .text.vTaskDelay
                0x0000e14c       0x70 ./FreeRTOS_Source/tasks.o
                0x0000e14c                vTaskDelay
 .text.eTaskGetState
                0x0000e1bc       0xe4 ./FreeRTOS_Source/tasks.o
                0x0000e1bc                eTaskGetState
 .text.uxTaskPriorityGet
                0x0000e2a0       0x38 ./FreeRTOS_Source/tasks.o
                0x0000e2a0                uxTaskPriorityGet
 .text.uxTaskPriorityGetFromISR
                0x0000e2d8       0x5c ./FreeRTOS_Source/tasks.o
                0x0000e2d8                uxTaskPriorityGetFromISR
 .text.vTaskPrioritySet
                0x0000e334      0x1b0 ./FreeRTOS_Source/tasks.o
                0x0000e334                vTaskPrioritySet
 .text.vTaskSuspend
                0x0000e4e4      0x168 ./FreeRTOS_Source/tasks.o
                0x0000e4e4                vTaskSuspend
 .text.prvTaskIsTaskSuspended
                0x0000e64c       0x68 ./FreeRTOS_Source/tasks.o
 .text.vTaskResume
                0x0000e6b4       0xdc ./FreeRTOS_Source/tasks.o
                0x0000e6b4                vTaskResume
 .text.xTaskResumeFromISR
                0x0000e790      0x108 ./FreeRTOS_Source/tasks.o
                0x0000e790                xTaskResumeFromISR
 .text.vTaskStartScheduler
                0x0000e898       0xb4 ./FreeRTOS_Source/tasks.o
                0x0000e898                vTaskStartScheduler
 .text.vTaskEndScheduler
                0x0000e94c       0x34 ./FreeRTOS_Source/tasks.o
                0x0000e94c                vTaskEndScheduler
 .text.vTaskSuspendAll
                0x0000e980       0x24 ./FreeRTOS_Source/tasks.o
                0x0000e980                vTaskSuspendAll
 .text.xTaskResumeAll
                0x0000e9a4      0x1a0 ./FreeRTOS_Source/tasks.o
                0x0000e9a4                xTaskResumeAll
 .text.xTaskGetTickCount
                0x0000eb44       0x20 ./FreeRTOS_Source/tasks.o
                0x0000eb44                xTaskGetTickCount
 .text.xTaskGetTickCountFromISR
                0x0000eb64       0x28 ./FreeRTOS_Source/tasks.o
                0x0000eb64                xTaskGetTickCountFromISR
 .text.uxTaskGetNumberOfTasks
                0x0000eb8c       0x18 ./FreeRTOS_Source/tasks.o
                0x0000eb8c                uxTaskGetNumberOfTasks
 .text.pcTaskGetName
                0x0000eba4       0x4c ./FreeRTOS_Source/tasks.o
                0x0000eba4                pcTaskGetName
 .text.uxTaskGetSystemState
                0x0000ebf0      0x160 ./FreeRTOS_Source/tasks.o
                0x0000ebf0                uxTaskGetSystemState
 .text.xTaskIncrementTick
                0x0000ed50      0x204 ./FreeRTOS_Source/tasks.o
                0x0000ed50                xTaskIncrementTick
 .text.vTaskSwitchContext
                0x0000ef54      0x1a8 ./FreeRTOS_Source/tasks.o
                0x0000ef54                vTaskSwitchContext
 .text.vTaskPlaceOnEventList
                0x0000f0fc       0x4c ./FreeRTOS_Source/tasks.o
                0x0000f0fc                vTaskPlaceOnEventList
 .text.vTaskPlaceOnUnorderedEventList
                0x0000f148       0x84 ./FreeRTOS_Source/tasks.o
                0x0000f148                vTaskPlaceOnUnorderedEventList
 .text.vTaskPlaceOnEventListRestricted
                0x0000f1cc       0x58 ./FreeRTOS_Source/tasks.o
                0x0000f1cc                vTaskPlaceOnEventListRestricted
 .text.xTaskRemoveFromEventList
                0x0000f224       0xf0 ./FreeRTOS_Source/tasks.o
                0x0000f224                xTaskRemoveFromEventList
 .text.vTaskRemoveFromUnorderedEventList
                0x0000f314       0xe0 ./FreeRTOS_Source/tasks.o
                0x0000f314                vTaskRemoveFromUnorderedEventList
 .text.vTaskSetTimeOutState
                0x0000f3f4       0x50 ./FreeRTOS_Source/tasks.o
                0x0000f3f4                vTaskSetTimeOutState
 .text.vTaskInternalSetTimeOutState
                0x0000f444       0x30 ./FreeRTOS_Source/tasks.o
                0x0000f444                vTaskInternalSetTimeOutState
 .text.xTaskCheckForTimeOut
                0x0000f474       0xd4 ./FreeRTOS_Source/tasks.o
                0x0000f474                xTaskCheckForTimeOut
 .text.vTaskMissedYield
                0x0000f548       0x18 ./FreeRTOS_Source/tasks.o
                0x0000f548                vTaskMissedYield
 .text.uxTaskGetTaskNumber
                0x0000f560       0x30 ./FreeRTOS_Source/tasks.o
                0x0000f560                uxTaskGetTaskNumber
 .text.vTaskSetTaskNumber
                0x0000f590       0x24 ./FreeRTOS_Source/tasks.o
                0x0000f590                vTaskSetTaskNumber
 .text.prvIdleTask
                0x0000f5b4       0x38 ./FreeRTOS_Source/tasks.o
 .text.prvInitialiseTaskLists
                0x0000f5ec       0xa4 ./FreeRTOS_Source/tasks.o
 .text.prvCheckTasksWaitingTermination
                0x0000f690       0x78 ./FreeRTOS_Source/tasks.o
 .text.vTaskGetInfo
                0x0000f708       0xe0 ./FreeRTOS_Source/tasks.o
                0x0000f708                vTaskGetInfo
 .text.prvListTasksWithinSingleList
                0x0000f7e8       0xb8 ./FreeRTOS_Source/tasks.o
 .text.prvTaskCheckFreeStackSpace
                0x0000f8a0       0x40 ./FreeRTOS_Source/tasks.o
 .text.prvDeleteTCB
                0x0000f8e0       0x20 ./FreeRTOS_Source/tasks.o
 .text.prvResetNextTaskUnblockTime
                0x0000f900       0x50 ./FreeRTOS_Source/tasks.o
 .text.xTaskGetCurrentTaskHandle
                0x0000f950       0x20 ./FreeRTOS_Source/tasks.o
                0x0000f950                xTaskGetCurrentTaskHandle
 .text.xTaskGetSchedulerState
                0x0000f970       0x48 ./FreeRTOS_Source/tasks.o
                0x0000f970                xTaskGetSchedulerState
 .text.xTaskPriorityInherit
                0x0000f9b8      0x16c ./FreeRTOS_Source/tasks.o
                0x0000f9b8                xTaskPriorityInherit
 .text.xTaskPriorityDisinherit
                0x0000fb24      0x14c ./FreeRTOS_Source/tasks.o
                0x0000fb24                xTaskPriorityDisinherit
 .text.vTaskPriorityDisinheritAfterTimeout
                0x0000fc70      0x17c ./FreeRTOS_Source/tasks.o
                0x0000fc70                vTaskPriorityDisinheritAfterTimeout
 .text.prvWriteNameToBuffer
                0x0000fdec       0x54 ./FreeRTOS_Source/tasks.o
 .text.vTaskList
                0x0000fe40      0x170 ./FreeRTOS_Source/tasks.o
                0x0000fe40                vTaskList
 .text.vTaskGetRunTimeStats
                0x0000ffb0      0x138 ./FreeRTOS_Source/tasks.o
                0x0000ffb0                vTaskGetRunTimeStats
 .text.uxTaskResetEventItemValue
                0x000100e8       0x40 ./FreeRTOS_Source/tasks.o
                0x000100e8                uxTaskResetEventItemValue
 .text.pvTaskIncrementMutexHeldCount
                0x00010128       0x38 ./FreeRTOS_Source/tasks.o
                0x00010128                pvTaskIncrementMutexHeldCount
 .text.ulTaskNotifyTake
                0x00010160       0xc0 ./FreeRTOS_Source/tasks.o
                0x00010160                ulTaskNotifyTake
 .text.xTaskNotifyWait
                0x00010220       0xf0 ./FreeRTOS_Source/tasks.o
                0x00010220                xTaskNotifyWait
 .text.xTaskGenericNotify
                0x00010310      0x18c ./FreeRTOS_Source/tasks.o
                0x00010310                xTaskGenericNotify
 .text.xTaskGenericNotifyFromISR
                0x0001049c      0x1d8 ./FreeRTOS_Source/tasks.o
                0x0001049c                xTaskGenericNotifyFromISR
 .text.vTaskNotifyGiveFromISR
                0x00010674      0x148 ./FreeRTOS_Source/tasks.o
                0x00010674                vTaskNotifyGiveFromISR
 .text.xTaskNotifyStateClear
                0x000107bc       0x58 ./FreeRTOS_Source/tasks.o
                0x000107bc                xTaskNotifyStateClear
 .text.prvAddCurrentTaskToDelayedList
                0x00010814      0x110 ./FreeRTOS_Source/tasks.o
 .text          0x00010924        0x0 ./FreeRTOS_Source/timers.o
 .text.xTimerCreateTimerTask
                0x00010924       0x74 ./FreeRTOS_Source/timers.o
                0x00010924                xTimerCreateTimerTask
 .text.xTimerCreate
                0x00010998       0x40 ./FreeRTOS_Source/timers.o
                0x00010998                xTimerCreate
 .text.prvInitialiseNewTimer
                0x000109d8       0x64 ./FreeRTOS_Source/timers.o
 .text.xTimerGenericCommand
                0x00010a3c       0xcc ./FreeRTOS_Source/timers.o
                0x00010a3c                xTimerGenericCommand
 .text.xTimerGetTimerDaemonTaskHandle
                0x00010b08       0x40 ./FreeRTOS_Source/timers.o
                0x00010b08                xTimerGetTimerDaemonTaskHandle
 .text.xTimerGetPeriod
                0x00010b48       0x38 ./FreeRTOS_Source/timers.o
                0x00010b48                xTimerGetPeriod
 .text.xTimerGetExpiryTime
                0x00010b80       0x3c ./FreeRTOS_Source/timers.o
                0x00010b80                xTimerGetExpiryTime
 .text.pcTimerGetName
                0x00010bbc       0x38 ./FreeRTOS_Source/timers.o
                0x00010bbc                pcTimerGetName
 .text.prvProcessExpiredTimer
                0x00010bf4       0x8c ./FreeRTOS_Source/timers.o
 .text.prvTimerTask
                0x00010c80       0x28 ./FreeRTOS_Source/timers.o
 .text.prvProcessTimerOrBlockTask
                0x00010ca8       0xb0 ./FreeRTOS_Source/timers.o
 .text.prvGetNextExpireTime
                0x00010d58       0x54 ./FreeRTOS_Source/timers.o
 .text.prvSampleTimeNow
                0x00010dac       0x50 ./FreeRTOS_Source/timers.o
 .text.prvInsertTimerInActiveList
                0x00010dfc       0x98 ./FreeRTOS_Source/timers.o
 .text.prvProcessReceivedCommands
                0x00010e94      0x148 ./FreeRTOS_Source/timers.o
 .text.prvSwitchTimerLists
                0x00010fdc       0xf4 ./FreeRTOS_Source/timers.o
 .text.prvCheckForValidListAndQueue
                0x000110d0       0x74 ./FreeRTOS_Source/timers.o
 .text.xTimerIsTimerActive
                0x00011144       0x50 ./FreeRTOS_Source/timers.o
                0x00011144                xTimerIsTimerActive
 .text.pvTimerGetTimerID
                0x00011194       0x40 ./FreeRTOS_Source/timers.o
                0x00011194                pvTimerGetTimerID
 .text.vTimerSetTimerID
                0x000111d4       0x40 ./FreeRTOS_Source/timers.o
                0x000111d4                vTimerSetTimerID
 .text.uxTimerGetTimerNumber
                0x00011214       0x18 ./FreeRTOS_Source/timers.o
                0x00011214                uxTimerGetTimerNumber
 .text.vTimerSetTimerNumber
                0x0001122c       0x1c ./FreeRTOS_Source/timers.o
                0x0001122c                vTimerSetTimerNumber
 .text          0x00011248        0x0 ./FreeRTOS_Source/portable/MemMang/heap_2.o
 .text.pvPortMalloc
                0x00011248      0x16c ./FreeRTOS_Source/portable/MemMang/heap_2.o
                0x00011248                pvPortMalloc
 .text.vPortFree
                0x000113b4       0x88 ./FreeRTOS_Source/portable/MemMang/heap_2.o
                0x000113b4                vPortFree
 .text.xPortGetFreeHeapSize
                0x0001143c       0x18 ./FreeRTOS_Source/portable/MemMang/heap_2.o
                0x0001143c                xPortGetFreeHeapSize
 .text.vPortInitialiseBlocks
                0x00011454        0xc ./FreeRTOS_Source/portable/MemMang/heap_2.o
                0x00011454                vPortInitialiseBlocks
 .text.prvHeapInit
                0x00011460       0x6c ./FreeRTOS_Source/portable/MemMang/heap_2.o
 .text          0x000114cc        0x0 ./FreeRTOS_Source/portable/GCC/ARM_CM3/port.o
 .text.pxPortInitialiseStack
                0x000114cc       0x68 ./FreeRTOS_Source/portable/GCC/ARM_CM3/port.o
                0x000114cc                pxPortInitialiseStack
 .text.prvTaskExitError
                0x00011534       0x54 ./FreeRTOS_Source/portable/GCC/ARM_CM3/port.o
 *fill*         0x00011588        0x8 00
 .text.SVC_Handler
                0x00011590       0x30 ./FreeRTOS_Source/portable/GCC/ARM_CM3/port.o
                0x00011590                SVC_Handler
 .text.prvPortStartFirstTask
                0x000115c0       0x20 ./FreeRTOS_Source/portable/GCC/ARM_CM3/port.o
 .text.xPortStartScheduler
                0x000115e0      0x134 ./FreeRTOS_Source/portable/GCC/ARM_CM3/port.o
                0x000115e0                xPortStartScheduler
 .text.vPortEndScheduler
                0x00011714       0x34 ./FreeRTOS_Source/portable/GCC/ARM_CM3/port.o
                0x00011714                vPortEndScheduler
 .text.vPortEnterCritical
                0x00011748       0x70 ./FreeRTOS_Source/portable/GCC/ARM_CM3/port.o
                0x00011748                vPortEnterCritical
 .text.vPortExitCritical
                0x000117b8       0x64 ./FreeRTOS_Source/portable/GCC/ARM_CM3/port.o
                0x000117b8                vPortExitCritical
 *fill*         0x0001181c        0x4 00
 .text.PendSV_Handler
                0x00011820       0x50 ./FreeRTOS_Source/portable/GCC/ARM_CM3/port.o
                0x00011820                PendSV_Handler
 .text.SysTick_Handler
                0x00011870       0x44 ./FreeRTOS_Source/portable/GCC/ARM_CM3/port.o
                0x00011870                SysTick_Handler
 .text.vPortSetupTimerInterrupt
                0x000118b4       0x5c ./FreeRTOS_Source/portable/GCC/ARM_CM3/port.o
                0x000118b4                vPortSetupTimerInterrupt
 .text.vPortValidateInterruptPriority
                0x00011910       0x84 ./FreeRTOS_Source/portable/GCC/ARM_CM3/port.o
                0x00011910                vPortValidateInterruptPriority
 .text          0x00011994       0x10 c:/program files (x86)/microsemi/softconsole v3.4/sourcery-g++/bin/../lib/gcc/arm-none-eabi/4.4.1/../../../../arm-none-eabi/lib/thumb2\libc.a(lib_a-abort.o)
                0x00011994                abort
 .text          0x000119a4       0x50 c:/program files (x86)/microsemi/softconsole v3.4/sourcery-g++/bin/../lib/gcc/arm-none-eabi/4.4.1/../../../../arm-none-eabi/lib/thumb2\libc.a(lib_a-init.o)
                0x000119a4                __libc_init_array
 .text          0x000119f4      0x190 c:/program files (x86)/microsemi/softconsole v3.4/sourcery-g++/bin/../lib/gcc/arm-none-eabi/4.4.1/../../../../arm-none-eabi/lib/thumb2\libc.a(lib_a-memcpy.o)
                0x000119f4                memcpy
 .text          0x00011b84       0xd4 c:/program files (x86)/microsemi/softconsole v3.4/sourcery-g++/bin/../lib/gcc/arm-none-eabi/4.4.1/../../../../arm-none-eabi/lib/thumb2\libc.a(lib_a-memset.o)
                0x00011b84                memset
 .text          0x00011c58      0x10c c:/program files (x86)/microsemi/softconsole v3.4/sourcery-g++/bin/../lib/gcc/arm-none-eabi/4.4.1/../../../../arm-none-eabi/lib/thumb2\libc.a(lib_a-reent.o)
                0x00011c58                _wrapup_reent
                0x00011c90                cleanup_glue
                0x00011cac                _reclaim_reent
 .text          0x00011d64      0x14c c:/program files (x86)/microsemi/softconsole v3.4/sourcery-g++/bin/../lib/gcc/arm-none-eabi/4.4.1/../../../../arm-none-eabi/lib/thumb2\libc.a(lib_a-signal.o)
                0x00011d64                _raise_r
                0x00011dbc                raise
                0x00011dcc                _init_signal_r
                0x00011df4                _init_signal
                0x00011e00                __sigtramp_r
                0x00011e54                __sigtramp
                0x00011e64                _signal_r
                0x00011ea0                signal
 .text          0x00011eb0       0x30 c:/program files (x86)/microsemi/softconsole v3.4/sourcery-g++/bin/../lib/gcc/arm-none-eabi/4.4.1/../../../../arm-none-eabi/lib/thumb2\libc.a(lib_a-signalr.o)
                0x00011eb0                _getpid_r
                0x00011eb4                _kill_r
 .text          0x00011ee0       0x48 c:/program files (x86)/microsemi/softconsole v3.4/sourcery-g++/bin/../lib/gcc/arm-none-eabi/4.4.1/../../../../arm-none-eabi/lib/thumb2\libc.a(lib_a-strcat.o)
                0x00011ee0                strcat
 .text          0x00011f28       0xc0 c:/program files (x86)/microsemi/softconsole v3.4/sourcery-g++/bin/../lib/gcc/arm-none-eabi/4.4.1/../../../../arm-none-eabi/lib/thumb2\libc.a(lib_a-strchr.o)
                0x00011f28                strchr
 .text          0x00011fe8       0xbc c:/program files (x86)/microsemi/softconsole v3.4/sourcery-g++/bin/../lib/gcc/arm-none-eabi/4.4.1/../../../../arm-none-eabi/lib/thumb2\libc.a(lib_a-strcpy.o)
                0x00011fe8                strcpy
 .text          0x000120a4       0x60 c:/program files (x86)/microsemi/softconsole v3.4/sourcery-g++/bin/../lib/gcc/arm-none-eabi/4.4.1/../../../../arm-none-eabi/lib/thumb2\libc.a(lib_a-strlen.o)
                0x000120a4                strlen
 .text          0x00012104       0xa8 c:/program files (x86)/microsemi/softconsole v3.4/sourcery-g++/bin/../lib/gcc/arm-none-eabi/4.4.1/../../../../arm-none-eabi/lib/thumb2\libc.a(lib_a-strncmp.o)
                0x00012104                strncmp
 .text          0x000121ac       0x78 c:/program files (x86)/microsemi/softconsole v3.4/sourcery-g++/bin/../lib/gcc/arm-none-eabi/4.4.1/../../../../arm-none-eabi/lib/thumb2\libc.a(lib_a-strncpy.o)
                0x000121ac                strncpy
 .text          0x00012224       0x2c c:/program files (x86)/microsemi/softconsole v3.4/sourcery-g++/bin/../lib/gcc/arm-none-eabi/4.4.1/../../../../arm-none-eabi/lib/thumb2\libc.a(lib_a-strrchr.o)
                0x00012224                strrchr
 .text          0x00012250      0x548 c:/program files (x86)/microsemi/softconsole v3.4/sourcery-g++/bin/../lib/gcc/arm-none-eabi/4.4.1/../../../../arm-none-eabi/lib/thumb2\libc.a(lib_a-strstr.o)
                0x0001256c                strstr
 .text          0x00012798      0x268 c:/program files (x86)/microsemi/softconsole v3.4/sourcery-g++/bin/../lib/gcc/arm-none-eabi/4.4.1/../../../../arm-none-eabi/lib/thumb2\libc.a(lib_a-freer.o)
                0x00012798                _malloc_trim_r
                0x00012840                _free_r
 .text          0x00012a00        0x0 c:/program files (x86)/microsemi/softconsole v3.4/sourcery-g++/bin/../lib/gcc/arm-none-eabi/4.4.1/../../../../arm-none-eabi/lib/thumb2\libc.a(lib_a-impure.o)
 .text          0x00012a00      0x5a4 c:/program files (x86)/microsemi/softconsole v3.4/sourcery-g++/bin/../lib/gcc/arm-none-eabi/4.4.1/../../../../arm-none-eabi/lib/thumb2\libc.a(lib_a-mallocr.o)
                0x00012a00                _malloc_r
 .text          0x00012fa4       0x74 c:/program files (x86)/microsemi/softconsole v3.4/sourcery-g++/bin/../lib/gcc/arm-none-eabi/4.4.1/../../../../arm-none-eabi/lib/thumb2\libc.a(lib_a-memchr.o)
                0x00012fa4                memchr
 .text          0x00013018       0x64 c:/program files (x86)/microsemi/softconsole v3.4/sourcery-g++/bin/../lib/gcc/arm-none-eabi/4.4.1/../../../../arm-none-eabi/lib/thumb2\libc.a(lib_a-memcmp.o)
                0x00013018                memcmp
 .text          0x0001307c        0x8 c:/program files (x86)/microsemi/softconsole v3.4/sourcery-g++/bin/../lib/gcc/arm-none-eabi/4.4.1/../../../../arm-none-eabi/lib/thumb2\libc.a(lib_a-mlock.o)
                0x0001307c                __malloc_lock
                0x00013080                __malloc_unlock
 .text          0x00013084       0x28 c:/program files (x86)/microsemi/softconsole v3.4/sourcery-g++/bin/../lib/gcc/arm-none-eabi/4.4.1/../../../../arm-none-eabi/lib/thumb2\libc.a(lib_a-sbrkr.o)
                0x00013084                _sbrk_r
 .text          0x000130ac        0x0 c:/program files (x86)/microsemi/softconsole v3.4/sourcery-g++/bin/../lib/gcc/arm-none-eabi/4.4.1/thumb2/crtend.o
 .text          0x000130ac        0x0 c:/program files (x86)/microsemi/softconsole v3.4/sourcery-g++/bin/../lib/gcc/arm-none-eabi/4.4.1/thumb2/crtn.o
 *(.plt)
 *(.gnu.warning)
 *(.glue_7t)
 .glue_7t       0x00000000        0x0 linker stubs
 *(.glue_7)
 .glue_7        0x00000000        0x0 linker stubs
 *(.vfp11_veneer)
 .vfp11_veneer  0x00000000        0x0 linker stubs
                0x000130ac                . = ALIGN (0x4)
 *crtbegin.o(.ctors)
 *(EXCLUDE_FILE(*crtend.o) .ctors)
 *(SORT(.ctors.*))
 *crtend.o(.ctors)
 *crtbegin.o(.dtors)
 *(EXCLUDE_FILE(*crtend.o) .dtors)
 *(SORT(.dtors.*))
 *crtend.o(.dtors)
 *(.rodata .rodata.* .gnu.linkonce.r.*)
 .rodata        0x000130ac       0x44 ./main-full.o
 .rodata        0x000130f0        0x8 ./printf-stdarg.o
 .rodata        0x000130f8       0x30 ./uIP_Task.o
 .rodata.ulARPTimerExpired.4126
                0x00013128        0x4 ./uIP_Task.o
 .rodata.ulPeriodicTimerExpired.4127
                0x0001312c        0x4 ./uIP_Task.o
 .rodata        0x00013130      0x154 ./WebServer/httpd-cgi.o
 .rodata.file   0x00013284        0x8 ./WebServer/httpd-cgi.o
 .rodata.tcp    0x0001328c        0x8 ./WebServer/httpd-cgi.o
 .rodata.net    0x00013294        0x8 ./WebServer/httpd-cgi.o
 .rodata.rtos   0x0001329c        0x8 ./WebServer/httpd-cgi.o
 .rodata.run    0x000132a4        0x8 ./WebServer/httpd-cgi.o
 .rodata.io     0x000132ac        0x8 ./WebServer/httpd-cgi.o
 .rodata.closed
                0x000132b4        0x8 ./WebServer/httpd-cgi.o
 .rodata.syn_rcvd
                0x000132bc        0xc ./WebServer/httpd-cgi.o
 .rodata.syn_sent
                0x000132c8        0xc ./WebServer/httpd-cgi.o
 .rodata.established
                0x000132d4        0xc ./WebServer/httpd-cgi.o
 .rodata.fin_wait_1
                0x000132e0        0xc ./WebServer/httpd-cgi.o
 .rodata.fin_wait_2
                0x000132ec        0xc ./WebServer/httpd-cgi.o
 .rodata.closing
                0x000132f8        0x8 ./WebServer/httpd-cgi.o
 .rodata.time_wait
                0x00013300        0xc ./WebServer/httpd-cgi.o
 .rodata.last_ack
                0x0001330c        0xc ./WebServer/httpd-cgi.o
 .rodata.g_ace_current_resistors
                0x00013318       0x14 ./MicroSemi_Code/drivers_config/mss_ace/ace_config.o
                0x00013318                g_ace_current_resistors
 .rodata.g_ace_channel_0_name
                0x0001332c       0x14 ./MicroSemi_Code/drivers_config/mss_ace/ace_config.o
                0x0001332c                g_ace_channel_0_name
 .rodata.g_ace_channel_1_name
                0x00013340       0x14 ./MicroSemi_Code/drivers_config/mss_ace/ace_config.o
                0x00013340                g_ace_channel_1_name
 .rodata.g_ace_channel_2_name
                0x00013354       0x18 ./MicroSemi_Code/drivers_config/mss_ace/ace_config.o
                0x00013354                g_ace_channel_2_name
 .rodata.g_ace_sse_proc_0_name
                0x0001336c        0xc ./MicroSemi_Code/drivers_config/mss_ace/ace_config.o
                0x0001336c                g_ace_sse_proc_0_name
 .rodata.g_ace_sse_proc_0_sequence
                0x00013378       0x2c ./MicroSemi_Code/drivers_config/mss_ace/ace_config.o
                0x00013378                g_ace_sse_proc_0_sequence
 .rodata.g_ace_sse_proc_1_name
                0x000133a4        0xc ./MicroSemi_Code/drivers_config/mss_ace/ace_config.o
                0x000133a4                g_ace_sse_proc_1_name
 .rodata.g_ace_sse_proc_1_sequence
                0x000133b0        0x8 ./MicroSemi_Code/drivers_config/mss_ace/ace_config.o
                0x000133b0                g_ace_sse_proc_1_sequence
 .rodata.g_ace_sse_proc_2_name
                0x000133b8        0xc ./MicroSemi_Code/drivers_config/mss_ace/ace_config.o
                0x000133b8                g_ace_sse_proc_2_name
 .rodata.g_ace_sse_proc_2_sequence
                0x000133c4        0x8 ./MicroSemi_Code/drivers_config/mss_ace/ace_config.o
                0x000133c4                g_ace_sse_proc_2_sequence
 .rodata.g_config_reg_lut
                0x000133cc       0x80 ./MicroSemi_Code/drivers/mss_gpio/mss_gpio.o
 .rodata.g_gpio_irqn_lut
                0x0001344c       0x40 ./MicroSemi_Code/drivers/mss_gpio/mss_gpio.o
 .rodata.crc32_table
                0x0001348c      0x400 ./MicroSemi_Code/drivers/mss_ethernet_mac/crc32.o
 .rodata.unknown_error
                0x0001388c       0x10 ./MicroSemi_Code/drivers/mss_ethernet_mac/mss_ethernet_mac.o
 .rodata.ErrorMessages
                0x0001389c      0x140 ./MicroSemi_Code/drivers/mss_ethernet_mac/mss_ethernet_mac.o
 .rodata.C.18.3199
                0x000139dc        0x8 ./MicroSemi_Code/drivers/mss_ethernet_mac/mss_ethernet_mac.o
 .rodata.channel_type_lut
                0x000139e4       0x30 ./MicroSemi_Code/drivers/mss_ace/ace_convert.o
 .rodata.channel_quad_lut
                0x00013a14       0x30 ./MicroSemi_Code/drivers/mss_ace/ace_convert.o
 .rodata.abps_channel_lut
                0x00013a44       0x30 ./MicroSemi_Code/drivers/mss_ace/ace_convert.o
 .rodata.abps_idx_lut
                0x00013a74       0x30 ./MicroSemi_Code/drivers/mss_ace/ace_convert.o
 .rodata.apbs_gain_lut
                0x00013aa4        0x4 ./MicroSemi_Code/drivers/mss_ace/ace_convert.o
 .rodata.apbs_range
                0x00013aa8        0x8 ./MicroSemi_Code/drivers/mss_ace/ace_convert.o
 .rodata.adc_status_reg_lut
                0x00013ab0        0xc ./MicroSemi_Code/drivers/mss_ace/mss_ace.o
 .rodata.dac_ctrl_reg_lut
                0x00013abc        0xc ./MicroSemi_Code/drivers/mss_ace/mss_ace.o
 .rodata.dac_enable_masks_lut
                0x00013ac8        0xc ./MicroSemi_Code/drivers/mss_ace/mss_ace.o
 .rodata.dac_byte01_reg_lut
                0x00013ad4        0xc ./MicroSemi_Code/drivers/mss_ace/mss_ace.o
 .rodata.dac_byte2_reg_lut
                0x00013ae0        0xc ./MicroSemi_Code/drivers/mss_ace/mss_ace.o
 .rodata.p_mtd_data
                0x00013aec        0x4 ./MicroSemi_Code/drivers/mss_ace/mss_ace.o
 .rodata.comp_id_2_scb_lut
                0x00013af0        0xc ./MicroSemi_Code/drivers/mss_ace/mss_ace.o
                0x00013af0                comp_id_2_scb_lut
 .rodata.C.18.3513
                0x00013afc        0x4 ./MicroSemi_Code/drivers/mss_ace/mss_ace.o
 .rodata.C.18.2576
                0x00013b00       0x10 ./MicroSemi_Code/CMSIS/system_a2fxxxm3.o
 .rodata        0x00013b10       0x1c ./MicroSemi_Code/CMSIS/startup_gcc/newlib_stubs.o
 .rodata.uip_broadcast_addr
                0x00013b2c        0x4 ./FreeTCPIP/uip.o
                0x00013b2c                uip_broadcast_addr
 .rodata.uip_all_zeroes_addr
                0x00013b30        0x4 ./FreeTCPIP/uip.o
                0x00013b30                uip_all_zeroes_addr
 .rodata.broadcast_ethaddr
                0x00013b34        0x8 ./FreeTCPIP/uip_arp.o
 .rodata.http_http
                0x00013b3c        0x8 ./FreeTCPIP/http_Common/http-strings.o
                0x00013b3c                http_http
 .rodata.http_200
                0x00013b44        0x8 ./FreeTCPIP/http_Common/http-strings.o
                0x00013b44                http_200
 .rodata.http_301
                0x00013b4c        0x8 ./FreeTCPIP/http_Common/http-strings.o
                0x00013b4c                http_301
 .rodata.http_302
                0x00013b54        0x8 ./FreeTCPIP/http_Common/http-strings.o
                0x00013b54                http_302
 .rodata.http_get
                0x00013b5c        0x8 ./FreeTCPIP/http_Common/http-strings.o
                0x00013b5c                http_get
 .rodata.http_10
                0x00013b64        0xc ./FreeTCPIP/http_Common/http-strings.o
                0x00013b64                http_10
 .rodata.http_11
                0x00013b70        0xc ./FreeTCPIP/http_Common/http-strings.o
                0x00013b70                http_11
 .rodata.http_content_type
                0x00013b7c       0x10 ./FreeTCPIP/http_Common/http-strings.o
                0x00013b7c                http_content_type
 .rodata.http_texthtml
                0x00013b8c        0xc ./FreeTCPIP/http_Common/http-strings.o
                0x00013b8c                http_texthtml
 .rodata.http_location
                0x00013b98        0xc ./FreeTCPIP/http_Common/http-strings.o
                0x00013b98                http_location
 .rodata.http_host
                0x00013ba4        0x8 ./FreeTCPIP/http_Common/http-strings.o
                0x00013ba4                http_host
 .rodata.http_crnl
                0x00013bac        0x4 ./FreeTCPIP/http_Common/http-strings.o
                0x00013bac                http_crnl
 .rodata.http_index_html
                0x00013bb0        0xc ./FreeTCPIP/http_Common/http-strings.o
                0x00013bb0                http_index_html
 .rodata.http_404_html
                0x00013bbc        0xc ./FreeTCPIP/http_Common/http-strings.o
                0x00013bbc                http_404_html
 .rodata.http_referer
                0x00013bc8        0xc ./FreeTCPIP/http_Common/http-strings.o
                0x00013bc8                http_referer
 .rodata.http_header_200
                0x00013bd4       0x54 ./FreeTCPIP/http_Common/http-strings.o
                0x00013bd4                http_header_200
 .rodata.http_header_404
                0x00013c28       0x5c ./FreeTCPIP/http_Common/http-strings.o
                0x00013c28                http_header_404
 .rodata.http_content_type_plain
                0x00013c84       0x20 ./FreeTCPIP/http_Common/http-strings.o
                0x00013c84                http_content_type_plain
 .rodata.http_content_type_html
                0x00013ca4       0x1c ./FreeTCPIP/http_Common/http-strings.o
                0x00013ca4                http_content_type_html
 .rodata.http_content_type_css
                0x00013cc0       0x1c ./FreeTCPIP/http_Common/http-strings.o
                0x00013cc0                http_content_type_css
 .rodata.http_content_type_text
                0x00013cdc       0x1c ./FreeTCPIP/http_Common/http-strings.o
                0x00013cdc                http_content_type_text
 .rodata.http_content_type_png
                0x00013cf8       0x1c ./FreeTCPIP/http_Common/http-strings.o
                0x00013cf8                http_content_type_png
 .rodata.http_content_type_gif
                0x00013d14       0x1c ./FreeTCPIP/http_Common/http-strings.o
                0x00013d14                http_content_type_gif
 .rodata.http_content_type_jpg
                0x00013d30       0x20 ./FreeTCPIP/http_Common/http-strings.o
                0x00013d30                http_content_type_jpg
 .rodata.http_content_type_binary
                0x00013d50       0x2c ./FreeTCPIP/http_Common/http-strings.o
                0x00013d50                http_content_type_binary
 .rodata.http_html
                0x00013d7c        0x8 ./FreeTCPIP/http_Common/http-strings.o
                0x00013d7c                http_html
 .rodata.http_shtml
                0x00013d84        0x8 ./FreeTCPIP/http_Common/http-strings.o
                0x00013d84                http_shtml
 .rodata.http_htm
                0x00013d8c        0x8 ./FreeTCPIP/http_Common/http-strings.o
                0x00013d8c                http_htm
 .rodata.http_css
                0x00013d94        0x8 ./FreeTCPIP/http_Common/http-strings.o
                0x00013d94                http_css
 .rodata.http_png
                0x00013d9c        0x8 ./FreeTCPIP/http_Common/http-strings.o
                0x00013d9c                http_png
 .rodata.http_gif
                0x00013da4        0x8 ./FreeTCPIP/http_Common/http-strings.o
                0x00013da4                http_gif
 .rodata.http_jpg
                0x00013dac        0x8 ./FreeTCPIP/http_Common/http-strings.o
                0x00013dac                http_jpg
 .rodata.http_text
                0x00013db4        0x8 ./FreeTCPIP/http_Common/http-strings.o
                0x00013db4                http_text
 .rodata.http_txt
                0x00013dbc        0x8 ./FreeTCPIP/http_Common/http-strings.o
                0x00013dbc                http_txt
 .rodata.data_404_html
                0x00013dc4       0xb4 ./FreeTCPIP/http_Common/httpd-fs.o
 .rodata.data_index_html
                0x00013e78     0x47f4 ./FreeTCPIP/http_Common/httpd-fs.o
 .rodata.data_io_shtml
                0x0001866c      0x344 ./FreeTCPIP/http_Common/httpd-fs.o
 .rodata.data_runtime_shtml
                0x000189b0      0x37c ./FreeTCPIP/http_Common/httpd-fs.o
 .rodata.data_smoothie_min_js
                0x00018d2c     0x2bb4 ./FreeTCPIP/http_Common/httpd-fs.o
 .rodata.data_stats_shtml
                0x0001b8e0      0x660 ./FreeTCPIP/http_Common/httpd-fs.o
 .rodata.data_tcp_shtml
                0x0001bf40      0x314 ./FreeTCPIP/http_Common/httpd-fs.o
 .rodata.file_404_html
                0x0001c254       0x14 ./FreeTCPIP/http_Common/httpd-fs.o
                0x0001c254                file_404_html
 .rodata.file_index_html
                0x0001c268       0x14 ./FreeTCPIP/http_Common/httpd-fs.o
                0x0001c268                file_index_html
 .rodata.file_io_shtml
                0x0001c27c       0x14 ./FreeTCPIP/http_Common/httpd-fs.o
                0x0001c27c                file_io_shtml
 .rodata.file_runtime_shtml
                0x0001c290       0x14 ./FreeTCPIP/http_Common/httpd-fs.o
                0x0001c290                file_runtime_shtml
 .rodata.file_smoothie_min_js
                0x0001c2a4       0x14 ./FreeTCPIP/http_Common/httpd-fs.o
                0x0001c2a4                file_smoothie_min_js
 .rodata.file_stats_shtml
                0x0001c2b8       0x14 ./FreeTCPIP/http_Common/httpd-fs.o
                0x0001c2b8                file_stats_shtml
 .rodata.file_tcp_shtml
                0x0001c2cc       0x14 ./FreeTCPIP/http_Common/httpd-fs.o
                0x0001c2cc                file_tcp_shtml
 .rodata        0x0001c2e0       0x30 ./FreeRTOS_Source/tasks.o
 .rodata        0x0001c310        0x8 ./FreeRTOS_Source/timers.o
 .rodata.heapSTRUCT_SIZE
                0x0001c318        0x2 ./FreeRTOS_Source/portable/MemMang/heap_2.o
 *fill*         0x0001c31a        0x2 00
 .rodata.pcInterruptPriorityRegisters
                0x0001c31c        0x4 ./FreeRTOS_Source/portable/GCC/ARM_CM3/port.o
 .rodata        0x0001c320        0x4 c:/program files (x86)/microsemi/softconsole v3.4/sourcery-g++/bin/../lib/gcc/arm-none-eabi/4.4.1/../../../../arm-none-eabi/lib/thumb2\libc.a(lib_a-impure.o)
                0x0001c320                _global_impure_ptr
 .rodata.str1.4
                0x0001c324        0x4 c:/program files (x86)/microsemi/softconsole v3.4/sourcery-g++/bin/../lib/gcc/arm-none-eabi/4.4.1/../../../../arm-none-eabi/lib/thumb2\libc.a(lib_a-impure.o)
 *(.ARM.extab* .gnu.linkonce.armextab.*)
 *(.gcc_except_table)
 *(.eh_frame_hdr)
 *(.eh_frame)
 *(.init)
 .init          0x0001c328        0x4 c:/program files (x86)/microsemi/softconsole v3.4/sourcery-g++/bin/../lib/gcc/arm-none-eabi/4.4.1/thumb2/crti.o
                0x0001c328                _init
 .init          0x0001c32c        0x8 c:/program files (x86)/microsemi/softconsole v3.4/sourcery-g++/bin/../lib/gcc/arm-none-eabi/4.4.1/thumb2/crtn.o
 *(.fini)
 .fini          0x0001c334        0x4 c:/program files (x86)/microsemi/softconsole v3.4/sourcery-g++/bin/../lib/gcc/arm-none-eabi/4.4.1/thumb2/crti.o
                0x0001c334                _fini
 .fini          0x0001c338        0x8 c:/program files (x86)/microsemi/softconsole v3.4/sourcery-g++/bin/../lib/gcc/arm-none-eabi/4.4.1/thumb2/crtn.o
                0x0001c340                PROVIDE (__preinit_array_start, .)
 *(.preinit_array)
                0x0001c340                PROVIDE (__preinit_array_end, .)
                0x0001c340                PROVIDE (__init_array_start, .)
 *(SORT(.init_array.*))
 *(.init_array)
 .init_array    0x0001c340        0x4 c:/program files (x86)/microsemi/softconsole v3.4/sourcery-g++/bin/../lib/gcc/arm-none-eabi/4.4.1/thumb2/crtbegin.o
                0x0001c344                PROVIDE (__init_array_end, .)
                0x0001c344                PROVIDE (__fini_array_start, .)
 *(.fini_array)
 .fini_array    0x0001c344        0x4 c:/program files (x86)/microsemi/softconsole v3.4/sourcery-g++/bin/../lib/gcc/arm-none-eabi/4.4.1/thumb2/crtbegin.o
 *(SORT(.fini_array.*))
                0x0001c348                PROVIDE (__fini_array_end, .)
                0x0001c348                __exidx_start = .

.v4_bx          0x0001c348        0x0 load address 0x6001c348
 .v4_bx         0x00000000        0x0 linker stubs

.ARM.exidx
 *(.ARM.exidx* .gnu.linkonce.armexidx.*)
                0x0001c348                __exidx_end = .