Archive member included because of file (symbol)

c:/program files (x86)/microsemi/softconsole v3.4/sourcery-g++/bin/../lib/gcc/arm-none-eabi/4.4.1/thumb2\libgcc.a(_arm_addsubdf3.o)
                              ./WebServer/httpd-cgi.o (__aeabi_f2d)
c:/program files (x86)/microsemi/softconsole v3.4/sourcery-g++/bin/../lib/gcc/arm-none-eabi/4.4.1/thumb2\libgcc.a(_arm_addsubsf3.o)
                              ./sensor_task.o (__aeabi_fsub)
c:/program files (x86)/microsemi/softconsole v3.4/sourcery-g++/bin/../lib/gcc/arm-none-eabi/4.4.1/thumb2\libgcc.a(_arm_muldivsf3.o)
                              ./sensor_task.o (__aeabi_fdiv)
c:/program files (x86)/microsemi/softconsole v3.4/sourcery-g++/bin/../lib/gcc/arm-none-eabi/4.4.1/../../../../arm-none-eabi/lib/thumb2\libc.a(lib_a-efgcvt.o)
                              ./main-full.o (gcvt)
c:/program files (x86)/microsemi/softconsole v3.4/sourcery-g++/bin/../lib/gcc/arm-none-eabi/4.4.1/../../../../arm-none-eabi/lib/thumb2\libc.a(lib_a-errno.o)
                              ./MicroSemi_Code/CMSIS/startup_gcc/newlib_stubs.o (__errno)
c:/program files (x86)/microsemi/softconsole v3.4/sourcery-g++/bin/../lib/gcc/arm-none-eabi/4.4.1/../../../../arm-none-eabi/lib/thumb2\libc.a(lib_a-impure.o)
                              c:/program files (x86)/microsemi/softconsole v3.4/sourcery-g++/bin/../lib/gcc/arm-none-eabi/4.4.1/../../../../arm-none-eabi/lib/thumb2\libc.a(lib_a-efgcvt.o) (_impure_ptr)
c:/program files (x86)/microsemi/softconsole v3.4/sourcery-g++/bin/../lib/gcc/arm-none-eabi/4.4.1/../../../../arm-none-eabi/lib/thumb2\libc.a(lib_a-init.o)
                              ./MicroSemi_Code/CMSIS/startup_gcc/startup_a2fxxxm3.o (__libc_init_array)
c:/program files (x86)/microsemi/softconsole v3.4/sourcery-g++/bin/../lib/gcc/arm-none-eabi/4.4.1/../../../../arm-none-eabi/lib/thumb2\libc.a(lib_a-memcpy.o)
                              ./FreeTCPIP/psock.o (memcpy)
c:/program files (x86)/microsemi/softconsole v3.4/sourcery-g++/bin/../lib/gcc/arm-none-eabi/4.4.1/../../../../arm-none-eabi/lib/thumb2\libc.a(lib_a-memset.o)
                              ./MicroSemi_Code/drivers/mss_i2c/mss_i2c.o (memset)
c:/program files (x86)/microsemi/softconsole v3.4/sourcery-g++/bin/../lib/gcc/arm-none-eabi/4.4.1/../../../../arm-none-eabi/lib/thumb2\libc.a(lib_a-snprintf.o)
                              ./WebServer/httpd-cgi.o (snprintf)
c:/program files (x86)/microsemi/softconsole v3.4/sourcery-g++/bin/../lib/gcc/arm-none-eabi/4.4.1/../../../../arm-none-eabi/lib/thumb2\libc.a(lib_a-sprintf.o)
                              ./WebServer/httpd-cgi.o (sprintf)
c:/program files (x86)/microsemi/softconsole v3.4/sourcery-g++/bin/../lib/gcc/arm-none-eabi/4.4.1/../../../../arm-none-eabi/lib/thumb2\libc.a(lib_a-strchr.o)
                              ./uIP_Task.o (strchr)
c:/program files (x86)/microsemi/softconsole v3.4/sourcery-g++/bin/../lib/gcc/arm-none-eabi/4.4.1/../../../../arm-none-eabi/lib/thumb2\libc.a(lib_a-strcpy.o)
                              ./FreeTCPIP/http_Common/httpd.o (strcpy)
c:/program files (x86)/microsemi/softconsole v3.4/sourcery-g++/bin/../lib/gcc/arm-none-eabi/4.4.1/../../../../arm-none-eabi/lib/thumb2\libc.a(lib_a-strlen.o)
                              ./WebServer/httpd-cgi.o (strlen)
c:/program files (x86)/microsemi/softconsole v3.4/sourcery-g++/bin/../lib/gcc/arm-none-eabi/4.4.1/../../../../arm-none-eabi/lib/thumb2\libc.a(lib_a-strncmp.o)
                              ./WebServer/httpd-cgi.o (strncmp)
c:/program files (x86)/microsemi/softconsole v3.4/sourcery-g++/bin/../lib/gcc/arm-none-eabi/4.4.1/../../../../arm-none-eabi/lib/thumb2\libc.a(lib_a-strncpy.o)
                              ./FreeTCPIP/http_Common/httpd.o (strncpy)
c:/program files (x86)/microsemi/softconsole v3.4/sourcery-g++/bin/../lib/gcc/arm-none-eabi/4.4.1/../../../../arm-none-eabi/lib/thumb2\libc.a(lib_a-strrchr.o)
                              ./FreeTCPIP/http_Common/httpd.o (strrchr)
c:/program files (x86)/microsemi/softconsole v3.4/sourcery-g++/bin/../lib/gcc/arm-none-eabi/4.4.1/../../../../arm-none-eabi/lib/thumb2\libc.a(lib_a-strstr.o)
                              ./uIP_Task.o (strstr)
c:/program files (x86)/microsemi/softconsole v3.4/sourcery-g++/bin/../lib/gcc/arm-none-eabi/4.4.1/../../../../arm-none-eabi/lib/thumb2\libc.a(lib_a-svfprintf.o)
                              c:/program files (x86)/microsemi/softconsole v3.4/sourcery-g++/bin/../lib/gcc/arm-none-eabi/4.4.1/../../../../arm-none-eabi/lib/thumb2\libc.a(lib_a-snprintf.o) (_svfprintf_r)
c:/program files (x86)/microsemi/softconsole v3.4/sourcery-g++/bin/../lib/gcc/arm-none-eabi/4.4.1/../../../../arm-none-eabi/lib/thumb2\libc.a(lib_a-dtoa.o)
                              c:/program files (x86)/microsemi/softconsole v3.4/sourcery-g++/bin/../lib/gcc/arm-none-eabi/4.4.1/../../../../arm-none-eabi/lib/thumb2\libc.a(lib_a-svfprintf.o) (_dtoa_r)
[...]
Memory Configuration

Name             Origin             Length             Attributes
rom              0x60000000         0x00040000         xr
romMirror        0x00000000         0x00040000         xr
ram              0x20000000         0x00010000         xrw
*default*        0x00000000         0xffffffff

Linker script and memory map

LOAD c:/program files (x86)/microsemi/softconsole v3.4/sourcery-g++/bin/../lib/gcc/arm-none-eabi/4.4.1/thumb2/crti.o
LOAD c:/program files (x86)/microsemi/softconsole v3.4/sourcery-g++/bin/../lib/gcc/arm-none-eabi/4.4.1/thumb2/crtbegin.o
LOAD ./ParTest.o
LOAD ./main-full.o
LOAD ./sensor_task.o
LOAD ./uIP_Task.o
LOAD ./uart_task.o
LOAD ./WebServer/httpd-cgi.o
LOAD ./MicroSemi_Code/hal/CortexM3/cortex_nvic.o
LOAD ./MicroSemi_Code/hal/CortexM3/GNU/hal.o
LOAD ./MicroSemi_Code/hal/CortexM3/GNU/hal_assert.o
LOAD ./MicroSemi_Code/hal/CortexM3/GNU/hw_reg_access.o
LOAD ./MicroSemi_Code/drivers_config/mss_ace/ace_config.o
LOAD ./MicroSemi_Code/drivers/mss_uart/mss_uart.o
LOAD ./MicroSemi_Code/drivers/mss_i2c/mss_i2c.o
LOAD ./MicroSemi_Code/drivers/mss_gpio/mss_gpio.o
LOAD ./MicroSemi_Code/drivers/mss_ethernet_mac/crc32.o
LOAD ./MicroSemi_Code/drivers/mss_ethernet_mac/mss_ethernet_mac.o
LOAD ./MicroSemi_Code/drivers/mss_ethernet_mac/phy.o
LOAD ./MicroSemi_Code/drivers/mss_ace/ace_convert.o
LOAD ./MicroSemi_Code/drivers/mss_ace/ace_flags.o
LOAD ./MicroSemi_Code/drivers/mss_ace/ace_sse.o
LOAD ./MicroSemi_Code/drivers/mss_ace/ace_transform.o
LOAD ./MicroSemi_Code/drivers/mss_ace/mss_ace.o
LOAD ./MicroSemi_Code/CMSIS/brownout_isr.o
LOAD ./MicroSemi_Code/CMSIS/core_cm3.o
LOAD ./MicroSemi_Code/CMSIS/system_a2fxxxm3.o
LOAD ./MicroSemi_Code/CMSIS/startup_gcc/newlib_stubs.o
LOAD ./MicroSemi_Code/CMSIS/startup_gcc/startup_a2fxxxm3.o
LOAD ./Helpers/uart_helper.o
LOAD ./FreeTCPIP/psock.o
LOAD ./FreeTCPIP/timer.o
LOAD ./FreeTCPIP/uip.o
LOAD ./FreeTCPIP/uip_arp.o
LOAD ./FreeTCPIP/http_Common/http-strings.o
LOAD ./FreeTCPIP/http_Common/httpd-fs.o
LOAD ./FreeTCPIP/http_Common/httpd.o
LOAD ./FreeRTOS_Source/list.o
LOAD ./FreeRTOS_Source/queue.o
LOAD ./FreeRTOS_Source/tasks.o
LOAD ./FreeRTOS_Source/timers.o
LOAD ./FreeRTOS_Source/portable/MemMang/heap_2.o
LOAD ./FreeRTOS_Source/portable/GCC/ARM_CM3/port.o
START GROUP
LOAD c:/program files (x86)/microsemi/softconsole v3.4/sourcery-g++/bin/../lib/gcc/arm-none-eabi/4.4.1/thumb2\libgcc.a
LOAD c:/program files (x86)/microsemi/softconsole v3.4/sourcery-g++/bin/../lib/gcc/arm-none-eabi/4.4.1/../../../../arm-none-eabi/lib/thumb2\libc.a
LOAD c:/program files (x86)/microsemi/softconsole v3.4/sourcery-g++/bin/../lib/gcc/arm-none-eabi/4.4.1/thumb2\libgcc.a
END GROUP
LOAD c:/program files (x86)/microsemi/softconsole v3.4/sourcery-g++/bin/../lib/gcc/arm-none-eabi/4.4.1/thumb2/crtend.o
LOAD c:/program files (x86)/microsemi/softconsole v3.4/sourcery-g++/bin/../lib/gcc/arm-none-eabi/4.4.1/thumb2/crtn.o
START GROUP
LOAD c:/program files (x86)/microsemi/softconsole v3.4/sourcery-g++/bin/../lib/gcc/arm-none-eabi/4.4.1/../../../../arm-none-eabi/lib/thumb2\libc.a
LOAD c:/program files (x86)/microsemi/softconsole v3.4/sourcery-g++/bin/../lib/gcc/arm-none-eabi/4.4.1/thumb2\libgcc.a
LOAD c:/program files (x86)/microsemi/softconsole v3.4/sourcery-g++/bin/../lib/gcc/arm-none-eabi/4.4.1/../../../../arm-none-eabi/lib/thumb2\libm.a
END GROUP
                0x00000000                __DYNAMIC = 0x0
                0x20000000                RAM_START_ADDRESS = 0x20000000
                0x00010000                RAM_SIZE = 0x10000
                0x00002000                MAIN_STACK_SIZE = 0x2000
                0x00001000                PROCESS_STACK_SIZE = 0x1000
                0x20010000                PROVIDE (__main_stack_start, (RAM_START_ADDRESS + RAM_SIZE))
                0x2000e000                PROVIDE (__process_stack_start, (__main_stack_start - MAIN_STACK_SIZE))
                0x20010000                PROVIDE (_estack, __main_stack_start)
                0x00000001                PROVIDE (__mirrored_nvm, 0x1)

.init           0x00000000      0x470 load address 0x60000000
                0x00000000                __vector_table_vma_base_address = .
 *(.isr_vector)
 .isr_vector    0x00000000      0x470 ./MicroSemi_Code/CMSIS/startup_gcc/startup_a2fxxxm3.o
                0x00000000                g_pfnVectors
                0x00000298                Reset_Handler
                0x00000308                NMI_Handler
                0x0000030a                HardFault_Handler
                0x0000030c                MemManage_Handler
                0x0000030e                BusFault_Handler
                0x00000310                UsageFault_Handler
                0x00000314                DebugMon_Handler
                0x0000031a                WdogWakeup_IRQHandler
                0x0000031e                BrownOut_3_3V_IRQHandler
                0x00000320                RTC_Match_IRQHandler
                0x00000322                RTCIF_Pub_IRQHandler
                0x00000326                IAP_IRQHandler
                0x00000328                ENVM0_IRQHandler
                0x0000032a                ENVM1_IRQHandler
                0x0000032c                DMA_IRQHandler
                0x00000332                SPI0_IRQHandler
                0x00000334                SPI1_IRQHandler
                0x00000338                I2C0_SMBAlert_IRQHandler
                0x0000033a                I2C0_SMBus_IRQHandler
                0x0000033e                I2C1_SMBAlert_IRQHandler
                0x00000340                I2C1_SMBus_IRQHandler
                0x00000342                Timer1_IRQHandler
                0x00000344                Timer2_IRQHandler
                0x00000346                PLL_Lock_IRQHandler
                0x00000348                PLL_LockLost_IRQHandler
                0x0000034a                CommError_IRQHandler
                0x0000034c                Fabric_IRQHandler
                0x0000034e                GPIO0_IRQHandler
                0x00000350                GPIO1_IRQHandler
                0x00000352                GPIO2_IRQHandler
                0x00000354                GPIO3_IRQHandler
                0x00000356                GPIO4_IRQHandler
                0x00000358                GPIO5_IRQHandler
                0x0000035a                GPIO6_IRQHandler
                0x0000035c                GPIO7_IRQHandler
                0x00000360                GPIO9_IRQHandler
                0x00000362                GPIO10_IRQHandler
                0x00000364                GPIO11_IRQHandler
                0x00000366                GPIO12_IRQHandler
                0x00000368                GPIO13_IRQHandler
                0x0000036a                GPIO14_IRQHandler
                0x0000036c                GPIO15_IRQHandler
                0x0000036e                GPIO16_IRQHandler
                0x00000370                GPIO17_IRQHandler
                0x00000372                GPIO18_IRQHandler
                0x00000374                GPIO19_IRQHandler
                0x00000376                GPIO20_IRQHandler
                0x00000378                GPIO21_IRQHandler
                0x0000037a                GPIO22_IRQHandler
                0x0000037c                GPIO23_IRQHandler
                0x0000037e                GPIO24_IRQHandler
                0x00000380                GPIO25_IRQHandler
                0x00000382                GPIO26_IRQHandler
                0x00000384                GPIO27_IRQHandler
                0x00000386                GPIO28_IRQHandler
                0x00000388                GPIO29_IRQHandler
                0x0000038a                GPIO30_IRQHandler
                0x0000038c                GPIO31_IRQHandler
                0x0000038e                ACE_PC0_Flag0_IRQHandler
                0x00000390                ACE_PC0_Flag1_IRQHandler
                0x00000392                ACE_PC0_Flag2_IRQHandler
                0x00000394                ACE_PC0_Flag3_IRQHandler
                0x00000396                ACE_PC1_Flag0_IRQHandler
                0x00000398                ACE_PC1_Flag1_IRQHandler
                0x0000039a                ACE_PC1_Flag2_IRQHandler
                0x0000039c                ACE_PC1_Flag3_IRQHandler
                0x0000039e                ACE_PC2_Flag0_IRQHandler
                0x000003a0                ACE_PC2_Flag1_IRQHandler
                0x000003a2                ACE_PC2_Flag2_IRQHandler
                0x000003a4                ACE_PC2_Flag3_IRQHandler
                0x000003a6                ACE_ADC0_DataValid_IRQHandler
                0x000003a8                ACE_ADC1_DataValid_IRQHandler
                0x000003aa                ACE_ADC2_DataValid_IRQHandler
                0x000003ac                ACE_ADC0_CalDone_IRQHandler
                0x000003ae                ACE_ADC1_CalDone_IRQHandler
                0x000003b0                ACE_ADC2_CalDone_IRQHandler
                0x000003b2                ACE_ADC0_CalStart_IRQHandler
                0x000003b4                ACE_ADC1_CalStart_IRQHandler
                0x000003b6                ACE_ADC2_CalStart_IRQHandler
                0x000003b8                ACE_Comp0_Fall_IRQHandler
                0x000003ba                ACE_Comp1_Fall_IRQHandler
                0x000003bc                ACE_Comp2_Fall_IRQHandler
                0x000003be                ACE_Comp3_Fall_IRQHandler
                0x000003c0                ACE_Comp4_Fall_IRQHandler
                0x000003c2                ACE_Comp5_Fall_IRQHandler
                0x000003c4                ACE_Comp6_Fall_IRQHandler
                0x000003c6                ACE_Comp7_Fall_IRQHandler
                0x000003c8                ACE_Comp8_Fall_IRQHandler
                0x000003ca                ACE_Comp9_Fall_IRQHandler
                0x000003cc                ACE_Comp10_Fall_IRQHandler
                0x000003ce                ACE_Comp11_Fall_IRQHandler
                0x000003d0                ACE_Comp0_Rise_IRQHandler
                0x000003d2                ACE_Comp1_Rise_IRQHandler
                0x000003d4                ACE_Comp2_Rise_IRQHandler
                0x000003d6                ACE_Comp3_Rise_IRQHandler
                0x000003d8                ACE_Comp4_Rise_IRQHandler
                0x000003da                ACE_Comp5_Rise_IRQHandler
                0x000003dc                ACE_Comp6_Rise_IRQHandler
                0x000003de                ACE_Comp7_Rise_IRQHandler
                0x000003e0                ACE_Comp8_Rise_IRQHandler
                0x000003e2                ACE_Comp9_Rise_IRQHandler
                0x000003e4                ACE_Comp10_Rise_IRQHandler
                0x000003e6                ACE_Comp11_Rise_IRQHandler
                0x000003e8                ACE_ADC0_FifoFull_IRQHandler
                0x000003ea                ACE_ADC0_FifoAFull_IRQHandler
                0x000003ec                ACE_ADC0_FifoEmpty_IRQHandler
                0x000003ee                ACE_ADC1_FifoFull_IRQHandler
                0x000003f0                ACE_ADC1_FifoAFull_IRQHandler
                0x000003f2                ACE_ADC1_FifoEmpty_IRQHandler
                0x000003f4                ACE_ADC2_FifoFull_IRQHandler
                0x000003f6                ACE_ADC2_FifoAFull_IRQHandler
                0x000003f8                ACE_ADC2_FifoEmpty_IRQHandler
                0x00000470                . = ALIGN (0x4)

.text           0x00000470    0x27098 load address 0x60000470
 CREATE_OBJECT_SYMBOLS
                0x60000470                __text_load = LOADADDR (.text)
                0x00000470                __text_start = .
 *(.text .text.* .gnu.linkonce.t.*)
 .text          0x00000470        0x0 c:/program files (x86)/microsemi/softconsole v3.4/sourcery-g++/bin/../lib/gcc/arm-none-eabi/4.4.1/thumb2/crti.o
 .text          0x00000470       0x30 c:/program files (x86)/microsemi/softconsole v3.4/sourcery-g++/bin/../lib/gcc/arm-none-eabi/4.4.1/thumb2/crtbegin.o
 .text          0x000004a0        0x0 ./ParTest.o
 .text.MSS_GPIO_set_outputs
                0x000004a0       0x20 ./ParTest.o
 .text.vParTestInitialise
                0x000004c0       0x54 ./ParTest.o
                0x000004c0                vParTestInitialise
 .text.vParTestSetLED
                0x00000514       0x80 ./ParTest.o
                0x00000514                vParTestSetLED
 .text.vParTestSetLEDFromISR
                0x00000594       0xa0 ./ParTest.o
                0x00000594                vParTestSetLEDFromISR
 .text.vParTestToggleLED
                0x00000634       0x94 ./ParTest.o
                0x00000634                vParTestToggleLED
 .text.lParTestGetLEDState
                0x000006c8       0x48 ./ParTest.o
                0x000006c8                lParTestGetLEDState
 .text          0x00000710        0x0 ./main-full.o
 .text.NVIC_EnableIRQ
                0x00000710       0x38 ./main-full.o
 .text.NVIC_DisableIRQ
                0x00000748       0x3c ./main-full.o
 .text.NVIC_ClearPendingIRQ
                0x00000784       0x3c ./main-full.o
 .text.NVIC_SetPriority
                0x000007c0       0x5c ./main-full.o
 .text.MSS_TIM64_init
                0x0000081c       0xa4 ./main-full.o
 .text.MSS_TIM64_start
                0x000008c0       0x1c ./main-full.o
 .text.MSS_TIM64_load_immediate
                0x000008dc       0x2c ./main-full.o
 .text.main     0x00000908      0x108 ./main-full.o
                0x00000908                main
 .text.prvCheckTimerCallback
                0x00000a10       0x40 ./main-full.o
 .text.GPIO8_IRQHandler
                0x00000a50       0x38 ./main-full.o
                0x00000a50                GPIO8_IRQHandler
 .text.prvQueueSendTask
                0x00000a88       0x6c ./main-full.o
 .text.prvQueueReceiveTask
                0x00000af4       0x38 ./main-full.o
 .text.prvSetupHardware
                0x00000b2c       0x50 ./main-full.o
 .text.vApplicationMallocFailedHook
                0x00000b7c        0x8 ./main-full.o
                0x00000b7c                vApplicationMallocFailedHook
 .text.vApplicationStackOverflowHook
                0x00000b84       0x20 ./main-full.o
                0x00000b84                vApplicationStackOverflowHook
 .text.vApplicationIdleHook
                0x00000ba4       0x18 ./main-full.o
                0x00000ba4                vApplicationIdleHook
 .text.pcGetTaskStatusMessage
                0x00000bbc       0x30 ./main-full.o
                0x00000bbc                pcGetTaskStatusMessage
 .text.vMainConfigureTimerForRunTimeStats
                0x00000bec       0x28 ./main-full.o
                0x00000bec                vMainConfigureTimerForRunTimeStats
 .text.ulGetRunTimeCounterValue
                0x00000c14       0x10 ./main-full.o
                0x00000c14                ulGetRunTimeCounterValue
 *fill*         0x00000c24        0x4 00
 .text.uart_task
                0x00000c28       0xf8 ./main-full.o
                0x00000c28                uart_task
 .text          0x00000d20        0x0 ./sensor_task.o
 .text.convert_lm35_result_to_temp
                0x00000d20       0x50 ./sensor_task.o
                0x00000d20                convert_lm35_result_to_temp
 .text.get_internal_temp
                0x00000d70       0x4c ./sensor_task.o
                0x00000d70                get_internal_temp
 .text.get_pot_voltage
                0x00000dbc       0x4c ./sensor_task.o
                0x00000dbc                get_pot_voltage
 .text.get_external_temp
                0x00000e08       0x34 ./sensor_task.o
                0x00000e08                get_external_temp
 .text.get_avg_external_temp
                0x00000e3c       0x54 ./sensor_task.o
                0x00000e3c                get_avg_external_temp
 .text          0x00000e90        0x0 ./uIP_Task.o
 .text.NVIC_EnableIRQ
                0x00000e90       0x38 ./uIP_Task.o
 .text.NVIC_SetPriority
                0x00000ec8       0x5c ./uIP_Task.o
 .text.clock_time
                0x00000f24       0x10 ./uIP_Task.o
                0x00000f24                clock_time
 .text.vuIP_Task
                0x00000f34      0x198 ./uIP_Task.o
                0x00000f34                vuIP_Task
 .text.prvSetMACAddress
                0x000010cc       0x7c ./uIP_Task.o
 .text.prvInitialise_uIP
                0x00001148      0x180 ./uIP_Task.o
 .text.prvEMACEventListener
                0x000012c8       0x94 ./uIP_Task.o
 .text.prvInitEmac
                0x0000135c       0x3c ./uIP_Task.o
 .text.vEMACWrite
                0x00001398       0x54 ./uIP_Task.o
                0x00001398                vEMACWrite
 .text.prvUIPTimerCallback
                0x000013ec       0x64 ./uIP_Task.o
 .text.vApplicationProcessFormInput
                0x00001450       0x9c ./uIP_Task.o
                0x00001450                vApplicationProcessFormInput
 .text          0x000014ec        0x0 ./uart_task.o
 .text          0x000014ec        0x0 ./WebServer/httpd-cgi.o
 .text.nullfunction
                0x000014ec       0x30 ./WebServer/httpd-cgi.o
 .text.httpd_cgi
                0x0000151c       0x64 ./WebServer/httpd-cgi.o
                0x0000151c                httpd_cgi
 .text.generate_tcp_stats
                0x00001580      0x120 ./WebServer/httpd-cgi.o
 .text.tcp_stats
                0x000016a0       0xb4 ./WebServer/httpd-cgi.o
 .text.generate_net_stats
                0x00001754       0x4c ./WebServer/httpd-cgi.o
 .text.net_stats
                0x000017a0       0x8c ./WebServer/httpd-cgi.o
 .text.generate_io_state
                0x0000182c       0x80 ./WebServer/httpd-cgi.o
 .text.led_io   0x000018ac       0x68 ./WebServer/httpd-cgi.o
 .text.sensor_readings
                0x00001914       0xb4 ./WebServer/httpd-cgi.o
 .text          0x000019c8        0x0 ./MicroSemi_Code/hal/CortexM3/cortex_nvic.o
 .text.NVIC_init
                0x000019c8        0xc ./MicroSemi_Code/hal/CortexM3/cortex_nvic.o
                0x000019c8                NVIC_init
 .text.NVIC_set_handler
                0x000019d4       0x18 ./MicroSemi_Code/hal/CortexM3/cortex_nvic.o
                0x000019d4                NVIC_set_handler
 .text.NVIC_set_priority
                0x000019ec       0x18 ./MicroSemi_Code/hal/CortexM3/cortex_nvic.o
                0x000019ec                NVIC_set_priority
 .text.NVIC_enable_interrupt
                0x00001a04       0x14 ./MicroSemi_Code/hal/CortexM3/cortex_nvic.o
                0x00001a04                NVIC_enable_interrupt
 .text.NVIC_disable_interrupt
                0x00001a18       0x14 ./MicroSemi_Code/hal/CortexM3/cortex_nvic.o
                0x00001a18                NVIC_disable_interrupt
 .text.NVIC_clear_interrupt
                0x00001a2c       0x14 ./MicroSemi_Code/hal/CortexM3/cortex_nvic.o
                0x00001a2c                NVIC_clear_interrupt
 .text          0x00001a40        0xe ./MicroSemi_Code/hal/CortexM3/GNU/hal.o
                0x00001a40                HAL_disable_interrupts
                0x00001a48                HAL_restore_interrupts
 .text          0x00001a4e        0x0 ./MicroSemi_Code/hal/CortexM3/GNU/hal_assert.o
 *fill*         0x00001a4e        0x2 00
 .text.HAL_assert_fail
                0x00001a50       0x28 ./MicroSemi_Code/hal/CortexM3/GNU/hal_assert.o
                0x00001a50                HAL_assert_fail
 .text          0x00001a78       0x90 ./MicroSemi_Code/hal/CortexM3/GNU/hw_reg_access.o
                0x00001a78                HW_set_32bit_reg
                0x00001a7c                HW_get_32bit_reg
                0x00001a80                HW_set_32bit_reg_field
                0x00001a9c                HW_get_32bit_reg_field
                0x00001aa8                HW_set_16bit_reg
                0x00001aac                HW_get_16bit_reg
                0x00001ab0                HW_set_16bit_reg_field
                0x00001acc                HW_get_16bit_reg_field
                0x00001ad8                HW_set_8bit_reg
                0x00001adc                HW_get_8bit_reg
                0x00001ae0                HW_set_8bit_reg_field
                0x00001afc                HW_get_8bit_reg_field
 .text          0x00001b08        0x0 ./MicroSemi_Code/drivers_config/mss_ace/ace_config.o
 .text          0x00001b08        0x0 ./MicroSemi_Code/drivers/mss_uart/mss_uart.o
 .text.NVIC_EnableIRQ
                0x00001b08       0x38 ./MicroSemi_Code/drivers/mss_uart/mss_uart.o
 .text.NVIC_DisableIRQ
                0x00001b40       0x3c ./MicroSemi_Code/drivers/mss_uart/mss_uart.o
 .text.NVIC_ClearPendingIRQ
                0x00001b7c       0x3c ./MicroSemi_Code/drivers/mss_uart/mss_uart.o
 .text.MSS_UART_init
                0x00001bb8      0x204 ./MicroSemi_Code/drivers/mss_uart/mss_uart.o
                0x00001bb8                MSS_UART_init
 .text.MSS_UART_polled_tx
                0x00001dbc       0xe4 ./MicroSemi_Code/drivers/mss_uart/mss_uart.o
                0x00001dbc                MSS_UART_polled_tx
 .text.MSS_UART_polled_tx_string
                0x00001ea0       0xd0 ./MicroSemi_Code/drivers/mss_uart/mss_uart.o
                0x00001ea0                MSS_UART_polled_tx_string
 .text.MSS_UART_irq_tx
                0x00001f70       0xb0 ./MicroSemi_Code/drivers/mss_uart/mss_uart.o
                0x00001f70                MSS_UART_irq_tx
 .text.MSS_UART_tx_complete
                0x00002020       0x90 ./MicroSemi_Code/drivers/mss_uart/mss_uart.o
                0x00002020                MSS_UART_tx_complete
 .text.MSS_UART_get_rx
                0x000020b0       0xdc ./MicroSemi_Code/drivers/mss_uart/mss_uart.o
                0x000020b0                MSS_UART_get_rx
 .text.MSS_UART_enable_irq
                0x0000218c       0x7c ./MicroSemi_Code/drivers/mss_uart/mss_uart.o
                0x0000218c                MSS_UART_enable_irq
 .text.MSS_UART_disable_irq
                0x00002208       0x88 ./MicroSemi_Code/drivers/mss_uart/mss_uart.o
                0x00002208                MSS_UART_disable_irq
 .text.MSS_UART_isr
                0x00002290      0x11c ./MicroSemi_Code/drivers/mss_uart/mss_uart.o
 .text.default_tx_handler
                0x000023ac      0x108 ./MicroSemi_Code/drivers/mss_uart/mss_uart.o
 .text.MSS_UART_set_rx_handler
                0x000024b4       0xa8 ./MicroSemi_Code/drivers/mss_uart/mss_uart.o
                0x000024b4                MSS_UART_set_rx_handler
 .text.MSS_UART_set_loopback
                0x0000255c       0x70 ./MicroSemi_Code/drivers/mss_uart/mss_uart.o
                0x0000255c                MSS_UART_set_loopback
 .text.UART0_IRQHandler
                0x000025cc       0x2c ./MicroSemi_Code/drivers/mss_uart/mss_uart.o
                0x000025cc                UART0_IRQHandler
 .text.UART1_IRQHandler
                0x000025f8       0x2c ./MicroSemi_Code/drivers/mss_uart/mss_uart.o
                0x000025f8                UART1_IRQHandler
 .text.MSS_UART_set_rxstatus_handler
                0x00002624       0x84 ./MicroSemi_Code/drivers/mss_uart/mss_uart.o
                0x00002624                MSS_UART_set_rxstatus_handler
 .text.MSS_UART_set_tx_handler
                0x000026a8       0x94 ./MicroSemi_Code/drivers/mss_uart/mss_uart.o
                0x000026a8                MSS_UART_set_tx_handler
 .text.MSS_UART_set_modemstatus_handler
                0x0000273c       0x84 ./MicroSemi_Code/drivers/mss_uart/mss_uart.o
                0x0000273c                MSS_UART_set_modemstatus_handler
 .text.MSS_UART_fill_tx_fifo
                0x000027c0       0xd4 ./MicroSemi_Code/drivers/mss_uart/mss_uart.o
                0x000027c0                MSS_UART_fill_tx_fifo
 .text.MSS_UART_get_rx_status
                0x00002894       0x80 ./MicroSemi_Code/drivers/mss_uart/mss_uart.o
                0x00002894                MSS_UART_get_rx_status
 .text.MSS_UART_get_modem_status
                0x00002914       0x60 ./MicroSemi_Code/drivers/mss_uart/mss_uart.o
                0x00002914                MSS_UART_get_modem_status
 .text.MSS_UART_get_tx_status
                0x00002974       0x78 ./MicroSemi_Code/drivers/mss_uart/mss_uart.o
                0x00002974                MSS_UART_get_tx_status
 .text          0x000029ec        0x0 ./MicroSemi_Code/drivers/mss_i2c/mss_i2c.o
 .text.NVIC_EnableIRQ
                0x000029ec       0x38 ./MicroSemi_Code/drivers/mss_i2c/mss_i2c.o
 .text.NVIC_DisableIRQ
                0x00002a24       0x3c ./MicroSemi_Code/drivers/mss_i2c/mss_i2c.o
 .text.NVIC_ClearPendingIRQ
                0x00002a60       0x3c ./MicroSemi_Code/drivers/mss_i2c/mss_i2c.o
 .text.MSS_I2C_init
                0x00002a9c      0x16c ./MicroSemi_Code/drivers/mss_i2c/mss_i2c.o
                0x00002a9c                MSS_I2C_init
 .text.MSS_I2C_write
                0x00002c08       0xf4 ./MicroSemi_Code/drivers/mss_i2c/mss_i2c.o
                0x00002c08                MSS_I2C_write
 .text.MSS_I2C_read
                0x00002cfc       0xf4 ./MicroSemi_Code/drivers/mss_i2c/mss_i2c.o
                0x00002cfc                MSS_I2C_read
 .text.MSS_I2C_write_read
                0x00002df0      0x134 ./MicroSemi_Code/drivers/mss_i2c/mss_i2c.o
                0x00002df0                MSS_I2C_write_read
 .text.MSS_I2C_get_status
                0x00002f24       0x3c ./MicroSemi_Code/drivers/mss_i2c/mss_i2c.o
                0x00002f24                MSS_I2C_get_status
 .text.MSS_I2C_wait_complete
                0x00002f60       0x4c ./MicroSemi_Code/drivers/mss_i2c/mss_i2c.o
                0x00002f60                MSS_I2C_wait_complete
 .text.MSS_I2C_system_tick
                0x00002fac       0x5c ./MicroSemi_Code/drivers/mss_i2c/mss_i2c.o
                0x00002fac                MSS_I2C_system_tick
 .text.MSS_I2C_set_slave_tx_buffer
                0x00003008       0x58 ./MicroSemi_Code/drivers/mss_i2c/mss_i2c.o
                0x00003008                MSS_I2C_set_slave_tx_buffer
 .text.MSS_I2C_set_slave_rx_buffer
                0x00003060       0x58 ./MicroSemi_Code/drivers/mss_i2c/mss_i2c.o
                0x00003060                MSS_I2C_set_slave_rx_buffer
 .text.MSS_I2C_set_slave_mem_offset_length
                0x000030b8       0x54 ./MicroSemi_Code/drivers/mss_i2c/mss_i2c.o
                0x000030b8                MSS_I2C_set_slave_mem_offset_length
 .text.MSS_I2C_register_write_handler
                0x0000310c       0x38 ./MicroSemi_Code/drivers/mss_i2c/mss_i2c.o
                0x0000310c                MSS_I2C_register_write_handler
 .text.MSS_I2C_enable_slave
                0x00003144       0x5c ./MicroSemi_Code/drivers/mss_i2c/mss_i2c.o
                0x00003144                MSS_I2C_enable_slave
 .text.MSS_I2C_disable_slave
                0x000031a0       0x50 ./MicroSemi_Code/drivers/mss_i2c/mss_i2c.o
                0x000031a0                MSS_I2C_disable_slave
 .text.enable_slave_if_required
                0x000031f0       0x28 ./MicroSemi_Code/drivers/mss_i2c/mss_i2c.o
 .text.mss_i2c_isr
                0x00003218      0x8f4 ./MicroSemi_Code/drivers/mss_i2c/mss_i2c.o
 .text.MSS_I2C_smbus_init
                0x00003b0c       0x28 ./MicroSemi_Code/drivers/mss_i2c/mss_i2c.o
                0x00003b0c                MSS_I2C_smbus_init
 .text.MSS_I2C_enable_smbus_irq
                0x00003b34       0xe4 ./MicroSemi_Code/drivers/mss_i2c/mss_i2c.o
                0x00003b34                MSS_I2C_enable_smbus_irq
 .text.MSS_I2C_disable_smbus_irq
                0x00003c18       0xc4 ./MicroSemi_Code/drivers/mss_i2c/mss_i2c.o
                0x00003c18                MSS_I2C_disable_smbus_irq
 .text.MSS_I2C_suspend_smbus_slave
                0x00003cdc       0x20 ./MicroSemi_Code/drivers/mss_i2c/mss_i2c.o
                0x00003cdc                MSS_I2C_suspend_smbus_slave
 .text.MSS_I2C_resume_smbus_slave
                0x00003cfc       0x20 ./MicroSemi_Code/drivers/mss_i2c/mss_i2c.o
                0x00003cfc                MSS_I2C_resume_smbus_slave
 .text.MSS_I2C_reset_smbus
                0x00003d1c       0x20 ./MicroSemi_Code/drivers/mss_i2c/mss_i2c.o
                0x00003d1c                MSS_I2C_reset_smbus
 .text.MSS_I2C_set_smbus_alert
                0x00003d3c       0x20 ./MicroSemi_Code/drivers/mss_i2c/mss_i2c.o
                0x00003d3c                MSS_I2C_set_smbus_alert
 .text.MSS_I2C_clear_smbus_alert
                0x00003d5c       0x20 ./MicroSemi_Code/drivers/mss_i2c/mss_i2c.o
                0x00003d5c                MSS_I2C_clear_smbus_alert
 .text.MSS_I2C_set_gca
                0x00003d7c       0x20 ./MicroSemi_Code/drivers/mss_i2c/mss_i2c.o
                0x00003d7c                MSS_I2C_set_gca
 .text.MSS_I2C_clear_gca
                0x00003d9c       0x20 ./MicroSemi_Code/drivers/mss_i2c/mss_i2c.o
                0x00003d9c                MSS_I2C_clear_gca
 .text.MSS_I2C_set_user_data
                0x00003dbc       0x1c ./MicroSemi_Code/drivers/mss_i2c/mss_i2c.o
                0x00003dbc                MSS_I2C_set_user_data
 .text.MSS_I2C_get_user_data
                0x00003dd8       0x18 ./MicroSemi_Code/drivers/mss_i2c/mss_i2c.o
                0x00003dd8                MSS_I2C_get_user_data
 .text.disable_interrupts
                0x00003df0       0x24 ./MicroSemi_Code/drivers/mss_i2c/mss_i2c.o
 .text.restore_interrupts
                0x00003e14       0x18 ./MicroSemi_Code/drivers/mss_i2c/mss_i2c.o
 .text.I2C0_IRQHandler
                0x00003e2c       0x2c ./MicroSemi_Code/drivers/mss_i2c/mss_i2c.o
                0x00003e2c                I2C0_IRQHandler
 .text.I2C1_IRQHandler
                0x00003e58       0x2c ./MicroSemi_Code/drivers/mss_i2c/mss_i2c.o
                0x00003e58                I2C1_IRQHandler
 .text          0x00003e84        0x0 ./MicroSemi_Code/drivers/mss_gpio/mss_gpio.o
 .text.NVIC_EnableIRQ
                0x00003e84       0x38 ./MicroSemi_Code/drivers/mss_gpio/mss_gpio.o
 .text.NVIC_ClearPendingIRQ
                0x00003ebc       0x3c ./MicroSemi_Code/drivers/mss_gpio/mss_gpio.o
 .text.MSS_GPIO_init
                0x00003ef8       0x6c ./MicroSemi_Code/drivers/mss_gpio/mss_gpio.o
                0x00003ef8                MSS_GPIO_init
 .text.MSS_GPIO_config
                0x00003f64       0x3c ./MicroSemi_Code/drivers/mss_gpio/mss_gpio.o
                0x00003f64                MSS_GPIO_config
 .text.MSS_GPIO_set_output
                0x00003fa0       0x40 ./MicroSemi_Code/drivers/mss_gpio/mss_gpio.o
                0x00003fa0                MSS_GPIO_set_output
 .text.MSS_GPIO_drive_inout
                0x00003fe0      0x128 ./MicroSemi_Code/drivers/mss_gpio/mss_gpio.o
                0x00003fe0                MSS_GPIO_drive_inout
 .text.MSS_GPIO_enable_irq
                0x00004108       0x64 ./MicroSemi_Code/drivers/mss_gpio/mss_gpio.o
                0x00004108                MSS_GPIO_enable_irq
 .text.MSS_GPIO_disable_irq
                0x0000416c       0x50 ./MicroSemi_Code/drivers/mss_gpio/mss_gpio.o
                0x0000416c                MSS_GPIO_disable_irq
 .text.MSS_GPIO_clear_irq
                0x000041bc       0x50 ./MicroSemi_Code/drivers/mss_gpio/mss_gpio.o
                0x000041bc                MSS_GPIO_clear_irq
 .text          0x0000420c        0x0 ./MicroSemi_Code/drivers/mss_ethernet_mac/crc32.o
 .text.mss_mac_crc32
                0x0000420c       0x60 ./MicroSemi_Code/drivers/mss_ethernet_mac/crc32.o
                0x0000420c                mss_mac_crc32
 .text.mss_ethernet_crc
                0x0000426c       0x24 ./MicroSemi_Code/drivers/mss_ethernet_mac/crc32.o
                0x0000426c                mss_ethernet_crc
 .text          0x00004290        0x0 ./MicroSemi_Code/drivers/mss_ethernet_mac/mss_ethernet_mac.o
 .text.MSS_MAC_init
                0x00004290      0x358 ./MicroSemi_Code/drivers/mss_ethernet_mac/mss_ethernet_mac.o
                0x00004290                MSS_MAC_init
 .text.MSS_MAC_configure
                0x000045e8      0x248 ./MicroSemi_Code/drivers/mss_ethernet_mac/mss_ethernet_mac.o
                0x000045e8                MSS_MAC_configure
 .text.MSS_MAC_get_configuration
                0x00004830      0x144 ./MicroSemi_Code/drivers/mss_ethernet_mac/mss_ethernet_mac.o
                0x00004830                MSS_MAC_get_configuration
 .text.MSS_MAC_tx_packet
                0x00004974      0x544 ./MicroSemi_Code/drivers/mss_ethernet_mac/mss_ethernet_mac.o
                0x00004974                MSS_MAC_tx_packet
 .text.MSS_MAC_rx_pckt_size
                0x00004eb8       0x74 ./MicroSemi_Code/drivers/mss_ethernet_mac/mss_ethernet_mac.o
                0x00004eb8                MSS_MAC_rx_pckt_size
 .text.MSS_MAC_rx_packet
                0x00004f2c       0xf0 ./MicroSemi_Code/drivers/mss_ethernet_mac/mss_ethernet_mac.o
                0x00004f2c                MSS_MAC_rx_packet
 .text.MSS_MAC_rx_packet_ptrset
                0x0000501c      0x134 ./MicroSemi_Code/drivers/mss_ethernet_mac/mss_ethernet_mac.o
                0x0000501c                MSS_MAC_rx_packet_ptrset
 .text.MSS_MAC_link_status
                0x00005150       0x30 ./MicroSemi_Code/drivers/mss_ethernet_mac/mss_ethernet_mac.o
                0x00005150                MSS_MAC_link_status
 .text.MSS_MAC_auto_setup_link
                0x00005180       0xd0 ./MicroSemi_Code/drivers/mss_ethernet_mac/mss_ethernet_mac.o
                0x00005180                MSS_MAC_auto_setup_link
 .text.MSS_MAC_set_mac_address
                0x00005250       0xa4 ./MicroSemi_Code/drivers/mss_ethernet_mac/mss_ethernet_mac.o
                0x00005250                MSS_MAC_set_mac_address
 .text.MSS_MAC_get_mac_address
                0x000052f4       0x20 ./MicroSemi_Code/drivers/mss_ethernet_mac/mss_ethernet_mac.o
                0x000052f4                MSS_MAC_get_mac_address
 .text.MSS_MAC_set_mac_filters
                0x00005314      0x1b8 ./MicroSemi_Code/drivers/mss_ethernet_mac/mss_ethernet_mac.o
                0x00005314                MSS_MAC_set_mac_filters
 .text.EthernetMAC_IRQHandler
                0x000054cc      0x13c ./MicroSemi_Code/drivers/mss_ethernet_mac/mss_ethernet_mac.o
                0x000054cc                EthernetMAC_IRQHandler
 .text.MSS_MAC_set_callback
                0x00005608       0x70 ./MicroSemi_Code/drivers/mss_ethernet_mac/mss_ethernet_mac.o
                0x00005608                MSS_MAC_set_callback
 .text.MSS_MAC_last_error
                0x00005678       0x54 ./MicroSemi_Code/drivers/mss_ethernet_mac/mss_ethernet_mac.o
                0x00005678                MSS_MAC_last_error
 .text.MSS_MAC_get_statistics
                0x000056cc      0x2b4 ./MicroSemi_Code/drivers/mss_ethernet_mac/mss_ethernet_mac.o
                0x000056cc                MSS_MAC_get_statistics
 .text.MSS_MAC_prepare_rx_descriptor
                0x00005980      0x428 ./MicroSemi_Code/drivers/mss_ethernet_mac/mss_ethernet_mac.o
                0x00005980                MSS_MAC_prepare_rx_descriptor
 .text.MAC_send_setup_frame
                0x00005da8      0x36c ./MicroSemi_Code/drivers/mss_ethernet_mac/mss_ethernet_mac.o
 .text.MAC_stop_transmission
                0x00006114       0x60 ./MicroSemi_Code/drivers/mss_ethernet_mac/mss_ethernet_mac.o
 .text.MAC_start_transmission
                0x00006174       0x1c ./MicroSemi_Code/drivers/mss_ethernet_mac/mss_ethernet_mac.o
 .text.MAC_stop_receiving
                0x00006190       0x60 ./MicroSemi_Code/drivers/mss_ethernet_mac/mss_ethernet_mac.o
 .text.MAC_start_receiving
                0x000061f0       0x1c ./MicroSemi_Code/drivers/mss_ethernet_mac/mss_ethernet_mac.o
 .text.MAC_dismiss_bad_frames
                0x0000620c       0xa4 ./MicroSemi_Code/drivers/mss_ethernet_mac/mss_ethernet_mac.o
 .text.MAC_set_time_out
                0x000062b0       0x50 ./MicroSemi_Code/drivers/mss_ethernet_mac/mss_ethernet_mac.o
 .text.MAC_get_time_out
                0x00006300       0xf4 ./MicroSemi_Code/drivers/mss_ethernet_mac/mss_ethernet_mac.o
 .text.MAC_memset
                0x000063f4       0x38 ./MicroSemi_Code/drivers/mss_ethernet_mac/mss_ethernet_mac.o
 .text.MAC_memset_All
                0x0000642c      0x448 ./MicroSemi_Code/drivers/mss_ethernet_mac/mss_ethernet_mac.o
 .text.MAC_memcpy
                0x00006874       0x3c ./MicroSemi_Code/drivers/mss_ethernet_mac/mss_ethernet_mac.o
 .text.MSS_MAC_FreeTxBuffers
                0x000068b0       0x88 ./MicroSemi_Code/drivers/mss_ethernet_mac/mss_ethernet_mac.o
                0x000068b0                MSS_MAC_FreeTxBuffers
 .text.MAC_obtain_buffer
                0x00006938      0x178 ./MicroSemi_Code/drivers/mss_ethernet_mac/mss_ethernet_mac.o
 .text.MAC_release_buffer
                0x00006ab0       0x70 ./MicroSemi_Code/drivers/mss_ethernet_mac/mss_ethernet_mac.o
 .text          0x00006b20        0x0 ./MicroSemi_Code/drivers/mss_ethernet_mac/phy.o
 .text.MDIO_management_clock
                0x00006b20       0x38 ./MicroSemi_Code/drivers/mss_ethernet_mac/phy.o
 .text.MDIO_send_cmd
                0x00006b58      0x100 ./MicroSemi_Code/drivers/mss_ethernet_mac/phy.o
 .text.MDIO_read
                0x00006c58       0x70 ./MicroSemi_Code/drivers/mss_ethernet_mac/phy.o
 .text.MDIO_write
                0x00006cc8       0x74 ./MicroSemi_Code/drivers/mss_ethernet_mac/phy.o
 .text.PHY_probe
                0x00006d3c       0x84 ./MicroSemi_Code/drivers/mss_ethernet_mac/phy.o
                0x00006d3c                PHY_probe
 .text.PHY_reset
                0x00006dc0       0x20 ./MicroSemi_Code/drivers/mss_ethernet_mac/phy.o
                0x00006dc0                PHY_reset
 .text.PHY_auto_negotiate
                0x00006de0       0x50 ./MicroSemi_Code/drivers/mss_ethernet_mac/phy.o
                0x00006de0                PHY_auto_negotiate
 .text.PHY_link_status
                0x00006e30       0x30 ./MicroSemi_Code/drivers/mss_ethernet_mac/phy.o
                0x00006e30                PHY_link_status
 .text.PHY_link_type
                0x00006e60       0x48 ./MicroSemi_Code/drivers/mss_ethernet_mac/phy.o
                0x00006e60                PHY_link_type
 .text.PHY_set_link_type
                0x00006ea8       0x58 ./MicroSemi_Code/drivers/mss_ethernet_mac/phy.o
                0x00006ea8                PHY_set_link_type
 .text.PHY_set_loopback
                0x00006f00       0x58 ./MicroSemi_Code/drivers/mss_ethernet_mac/phy.o
                0x00006f00                PHY_set_loopback
 .text          0x00006f58        0x0 ./MicroSemi_Code/drivers/mss_ace/ace_convert.o
 .text.ACE_get_channel_type
                0x00006f58       0x44 ./MicroSemi_Code/drivers/mss_ace/ace_convert.o
                0x00006f58                ACE_get_channel_type
 .text.ACE_convert_adc_input_to_mV
                0x00006f9c       0x64 ./MicroSemi_Code/drivers/mss_ace/ace_convert.o
                0x00006f9c                ACE_convert_adc_input_to_mV
 .text.ace_init_convert
                0x00007000      0x1b4 ./MicroSemi_Code/drivers/mss_ace/ace_convert.o
                0x00007000                ace_init_convert
 .text.ACE_convert_to_mV
                0x000071b4      0x100 ./MicroSemi_Code/drivers/mss_ace/ace_convert.o
                0x000071b4                ACE_convert_to_mV
 .text.ACE_convert_to_mA
                0x000072b4       0xb4 ./MicroSemi_Code/drivers/mss_ace/ace_convert.o
                0x000072b4                ACE_convert_to_mA
 .text.ACE_convert_to_uA
                0x00007368       0xb0 ./MicroSemi_Code/drivers/mss_ace/ace_convert.o
                0x00007368                ACE_convert_to_uA
 .text.ACE_convert_to_Kelvin
                0x00007418       0x4c ./MicroSemi_Code/drivers/mss_ace/ace_convert.o
                0x00007418                ACE_convert_to_Kelvin
 .text.ACE_convert_to_Celsius
                0x00007464       0x3c ./MicroSemi_Code/drivers/mss_ace/ace_convert.o
                0x00007464                ACE_convert_to_Celsius
 .text.ACE_convert_to_Fahrenheit
                0x000074a0       0x58 ./MicroSemi_Code/drivers/mss_ace/ace_convert.o
                0x000074a0                ACE_convert_to_Fahrenheit
 .text.ACE_get_channel_name
                0x000074f8       0x38 ./MicroSemi_Code/drivers/mss_ace/ace_convert.o
                0x000074f8                ACE_get_channel_name
 .text.ACE_convert_mV_to_adc_value
                0x00007530       0xa0 ./MicroSemi_Code/drivers/mss_ace/ace_convert.o
                0x00007530                ACE_convert_mV_to_adc_value
 .text.convert_mV_to_ppe_value
                0x000075d0       0x7c ./MicroSemi_Code/drivers/mss_ace/ace_convert.o
 .text.ACE_convert_from_mV
                0x0000764c      0x110 ./MicroSemi_Code/drivers/mss_ace/ace_convert.o
                0x0000764c                ACE_convert_from_mV
 .text.ACE_convert_from_mA
                0x0000775c       0xc4 ./MicroSemi_Code/drivers/mss_ace/ace_convert.o
                0x0000775c                ACE_convert_from_mA
 .text.ACE_convert_from_uA
                0x00007820       0xc4 ./MicroSemi_Code/drivers/mss_ace/ace_convert.o
                0x00007820                ACE_convert_from_uA
 .text.ACE_convert_from_Kelvin
                0x000078e4       0x58 ./MicroSemi_Code/drivers/mss_ace/ace_convert.o
                0x000078e4                ACE_convert_from_Kelvin
 .text.ACE_convert_from_Celsius
                0x0000793c       0x4c ./MicroSemi_Code/drivers/mss_ace/ace_convert.o
                0x0000793c                ACE_convert_from_Celsius
 .text.ACE_convert_from_Fahrenheit
                0x00007988       0x64 ./MicroSemi_Code/drivers/mss_ace/ace_convert.o
                0x00007988                ACE_convert_from_Fahrenheit
 .text.ACE_translate_pdma_value
                0x000079ec       0x34 ./MicroSemi_Code/drivers/mss_ace/ace_convert.o
                0x000079ec                ACE_translate_pdma_value
 .text          0x00007a20        0x0 ./MicroSemi_Code/drivers/mss_ace/ace_flags.o
 .text.NVIC_ClearPendingIRQ
                0x00007a20       0x3c ./MicroSemi_Code/drivers/mss_ace/ace_flags.o
 .text.ace_init_flags
                0x00007a5c        0xc ./MicroSemi_Code/drivers/mss_ace/ace_flags.o
                0x00007a5c                ace_init_flags
 .text.ACE_is_hysteresis_flag
                0x00007a68       0x20 ./MicroSemi_Code/drivers/mss_ace/ace_flags.o
                0x00007a68                ACE_is_hysteresis_flag
 .text.ACE_is_under_flag
                0x00007a88       0x20 ./MicroSemi_Code/drivers/mss_ace/ace_flags.o
                0x00007a88                ACE_is_under_flag
 .text.ACE_set_flag_threshold
                0x00007aa8       0x18 ./MicroSemi_Code/drivers/mss_ace/ace_flags.o
                0x00007aa8                ACE_set_flag_threshold
 .text.ACE_set_flag_assertion
                0x00007ac0       0x18 ./MicroSemi_Code/drivers/mss_ace/ace_flags.o
                0x00007ac0                ACE_set_flag_assertion
 .text.ACE_set_flag_deassertion
                0x00007ad8       0x18 ./MicroSemi_Code/drivers/mss_ace/ace_flags.o
                0x00007ad8                ACE_set_flag_deassertion
 .text.ACE_set_flag_hysteresis
                0x00007af0       0x18 ./MicroSemi_Code/drivers/mss_ace/ace_flags.o
                0x00007af0                ACE_set_flag_hysteresis
 .text.ACE_set_channel_hysteresis
                0x00007b08       0x18 ./MicroSemi_Code/drivers/mss_ace/ace_flags.o
                0x00007b08                ACE_set_channel_hysteresis
 .text.ACE_get_flag_handle
                0x00007b20       0x1c ./MicroSemi_Code/drivers/mss_ace/ace_flags.o
                0x00007b20                ACE_get_flag_handle
 .text.ACE_get_flag_status
                0x00007b3c       0x20 ./MicroSemi_Code/drivers/mss_ace/ace_flags.o
                0x00007b3c                ACE_get_flag_status
 .text.ACE_get_flag_name
                0x00007b5c       0x20 ./MicroSemi_Code/drivers/mss_ace/ace_flags.o
                0x00007b5c                ACE_get_flag_name
 .text.ACE_get_flag_channel
                0x00007b7c       0x20 ./MicroSemi_Code/drivers/mss_ace/ace_flags.o
                0x00007b7c                ACE_get_flag_channel
 .text.ACE_get_channel_flag_count
                0x00007b9c       0x20 ./MicroSemi_Code/drivers/mss_ace/ace_flags.o
                0x00007b9c                ACE_get_channel_flag_count
 .text.ACE_get_channel_first_flag
                0x00007bbc       0x20 ./MicroSemi_Code/drivers/mss_ace/ace_flags.o
                0x00007bbc                ACE_get_channel_first_flag
 .text.ACE_get_channel_next_flag
                0x00007bdc       0x20 ./MicroSemi_Code/drivers/mss_ace/ace_flags.o
                0x00007bdc                ACE_get_channel_next_flag
 .text.ACE_enable_channel_flags_irq
                0x00007bfc       0x14 ./MicroSemi_Code/drivers/mss_ace/ace_flags.o
                0x00007bfc                ACE_enable_channel_flags_irq
 .text.ACE_disable_channel_flags_irq
                0x00007c10       0x14 ./MicroSemi_Code/drivers/mss_ace/ace_flags.o
                0x00007c10                ACE_disable_channel_flags_irq
 .text.ACE_clear_channel_flags_irq
                0x00007c24       0x14 ./MicroSemi_Code/drivers/mss_ace/ace_flags.o
                0x00007c24                ACE_clear_channel_flags_irq
 .text.ACE_enable_flag_irq
                0x00007c38       0x14 ./MicroSemi_Code/drivers/mss_ace/ace_flags.o
                0x00007c38                ACE_enable_flag_irq
 .text.ACE_disable_flag_irq
                0x00007c4c       0x14 ./MicroSemi_Code/drivers/mss_ace/ace_flags.o
                0x00007c4c                ACE_disable_flag_irq
 .text.ACE_clear_flag_irq
                0x00007c60       0x14 ./MicroSemi_Code/drivers/mss_ace/ace_flags.o
                0x00007c60                ACE_clear_flag_irq
 .text.ACE_register_flag_isr
                0x00007c74       0x18 ./MicroSemi_Code/drivers/mss_ace/ace_flags.o
                0x00007c74                ACE_register_flag_isr
 .text.ACE_register_channel_flags_isr
                0x00007c8c       0x18 ./MicroSemi_Code/drivers/mss_ace/ace_flags.o
                0x00007c8c                ACE_register_channel_flags_isr
 .text.ACE_register_global_flags_isr
                0x00007ca4       0x14 ./MicroSemi_Code/drivers/mss_ace/ace_flags.o
                0x00007ca4                ACE_register_global_flags_isr
 .text.process_flag_irq
                0x00007cb8       0x14 ./MicroSemi_Code/drivers/mss_ace/ace_flags.o
 .text.ACE_PPE_Flag0_IRQHandler
                0x00007ccc       0x28 ./MicroSemi_Code/drivers/mss_ace/ace_flags.o
                0x00007ccc                ACE_PPE_Flag0_IRQHandler
 .text.ACE_PPE_Flag1_IRQHandler
                0x00007cf4       0x28 ./MicroSemi_Code/drivers/mss_ace/ace_flags.o
                0x00007cf4                ACE_PPE_Flag1_IRQHandler
 .text.ACE_PPE_Flag2_IRQHandler
                0x00007d1c       0x28 ./MicroSemi_Code/drivers/mss_ace/ace_flags.o
                0x00007d1c                ACE_PPE_Flag2_IRQHandler
 .text.ACE_PPE_Flag3_IRQHandler
                0x00007d44       0x28 ./MicroSemi_Code/drivers/mss_ace/ace_flags.o
                0x00007d44                ACE_PPE_Flag3_IRQHandler
 .text.ACE_PPE_Flag4_IRQHandler
                0x00007d6c       0x28 ./MicroSemi_Code/drivers/mss_ace/ace_flags.o
                0x00007d6c                ACE_PPE_Flag4_IRQHandler
 .text.ACE_PPE_Flag5_IRQHandler
                0x00007d94       0x28 ./MicroSemi_Code/drivers/mss_ace/ace_flags.o
                0x00007d94                ACE_PPE_Flag5_IRQHandler
 .text.ACE_PPE_Flag6_IRQHandler
                0x00007dbc       0x28 ./MicroSemi_Code/drivers/mss_ace/ace_flags.o
                0x00007dbc                ACE_PPE_Flag6_IRQHandler
 .text.ACE_PPE_Flag7_IRQHandler
                0x00007de4       0x28 ./MicroSemi_Code/drivers/mss_ace/ace_flags.o
                0x00007de4                ACE_PPE_Flag7_IRQHandler
 .text.ACE_PPE_Flag8_IRQHandler
                0x00007e0c       0x28 ./MicroSemi_Code/drivers/mss_ace/ace_flags.o
                0x00007e0c                ACE_PPE_Flag8_IRQHandler
 .text.ACE_PPE_Flag9_IRQHandler
                0x00007e34       0x28 ./MicroSemi_Code/drivers/mss_ace/ace_flags.o
                0x00007e34                ACE_PPE_Flag9_IRQHandler
 .text.ACE_PPE_Flag10_IRQHandler
                0x00007e5c       0x28 ./MicroSemi_Code/drivers/mss_ace/ace_flags.o
                0x00007e5c                ACE_PPE_Flag10_IRQHandler
 .text.ACE_PPE_Flag11_IRQHandler
                0x00007e84       0x28 ./MicroSemi_Code/drivers/mss_ace/ace_flags.o
                0x00007e84                ACE_PPE_Flag11_IRQHandler
 .text.ACE_PPE_Flag12_IRQHandler
                0x00007eac       0x28 ./MicroSemi_Code/drivers/mss_ace/ace_flags.o
                0x00007eac                ACE_PPE_Flag12_IRQHandler
 .text.ACE_PPE_Flag13_IRQHandler
                0x00007ed4       0x28 ./MicroSemi_Code/drivers/mss_ace/ace_flags.o
                0x00007ed4                ACE_PPE_Flag13_IRQHandler
 .text.ACE_PPE_Flag14_IRQHandler
                0x00007efc       0x28 ./MicroSemi_Code/drivers/mss_ace/ace_flags.o
                0x00007efc                ACE_PPE_Flag14_IRQHandler
 .text.ACE_PPE_Flag15_IRQHandler
                0x00007f24       0x28 ./MicroSemi_Code/drivers/mss_ace/ace_flags.o
                0x00007f24                ACE_PPE_Flag15_IRQHandler
 .text.ACE_PPE_Flag16_IRQHandler
                0x00007f4c       0x28 ./MicroSemi_Code/drivers/mss_ace/ace_flags.o
                0x00007f4c                ACE_PPE_Flag16_IRQHandler
 .text.ACE_PPE_Flag17_IRQHandler
                0x00007f74       0x28 ./MicroSemi_Code/drivers/mss_ace/ace_flags.o
                0x00007f74                ACE_PPE_Flag17_IRQHandler
 .text.ACE_PPE_Flag18_IRQHandler
                0x00007f9c       0x28 ./MicroSemi_Code/drivers/mss_ace/ace_flags.o
                0x00007f9c                ACE_PPE_Flag18_IRQHandler
 .text.ACE_PPE_Flag19_IRQHandler
                0x00007fc4       0x28 ./MicroSemi_Code/drivers/mss_ace/ace_flags.o
                0x00007fc4                ACE_PPE_Flag19_IRQHandler
 .text.ACE_PPE_Flag20_IRQHandler
                0x00007fec       0x28 ./MicroSemi_Code/drivers/mss_ace/ace_flags.o
                0x00007fec                ACE_PPE_Flag20_IRQHandler
 .text.ACE_PPE_Flag21_IRQHandler
                0x00008014       0x28 ./MicroSemi_Code/drivers/mss_ace/ace_flags.o
                0x00008014                ACE_PPE_Flag21_IRQHandler
 .text.ACE_PPE_Flag22_IRQHandler
                0x0000803c       0x28 ./MicroSemi_Code/drivers/mss_ace/ace_flags.o
                0x0000803c                ACE_PPE_Flag22_IRQHandler
 .text.ACE_PPE_Flag23_IRQHandler
                0x00008064       0x28 ./MicroSemi_Code/drivers/mss_ace/ace_flags.o
                0x00008064                ACE_PPE_Flag23_IRQHandler
 .text.ACE_PPE_Flag24_IRQHandler
                0x0000808c       0x28 ./MicroSemi_Code/drivers/mss_ace/ace_flags.o
                0x0000808c                ACE_PPE_Flag24_IRQHandler
 .text.ACE_PPE_Flag25_IRQHandler
                0x000080b4       0x28 ./MicroSemi_Code/drivers/mss_ace/ace_flags.o
                0x000080b4                ACE_PPE_Flag25_IRQHandler
 .text.ACE_PPE_Flag26_IRQHandler
                0x000080dc       0x28 ./MicroSemi_Code/drivers/mss_ace/ace_flags.o
                0x000080dc                ACE_PPE_Flag26_IRQHandler
 .text.ACE_PPE_Flag27_IRQHandler
                0x00008104       0x28 ./MicroSemi_Code/drivers/mss_ace/ace_flags.o
                0x00008104                ACE_PPE_Flag27_IRQHandler
 .text.ACE_PPE_Flag28_IRQHandler
                0x0000812c       0x28 ./MicroSemi_Code/drivers/mss_ace/ace_flags.o
                0x0000812c                ACE_PPE_Flag28_IRQHandler
 .text.ACE_PPE_Flag29_IRQHandler
                0x00008154       0x28 ./MicroSemi_Code/drivers/mss_ace/ace_flags.o
                0x00008154                ACE_PPE_Flag29_IRQHandler
 .text.ACE_PPE_Flag30_IRQHandler
                0x0000817c       0x28 ./MicroSemi_Code/drivers/mss_ace/ace_flags.o
                0x0000817c                ACE_PPE_Flag30_IRQHandler
 .text.ACE_PPE_Flag31_IRQHandler
                0x000081a4       0x28 ./MicroSemi_Code/drivers/mss_ace/ace_flags.o
                0x000081a4                ACE_PPE_Flag31_IRQHandler
 .text          0x000081cc        0x0 ./MicroSemi_Code/drivers/mss_ace/ace_sse.o
 .text.ACE_get_sse_seq_handle
                0x000081cc       0x84 ./MicroSemi_Code/drivers/mss_ace/ace_sse.o
                0x000081cc                ACE_get_sse_seq_handle
 .text.ACE_load_sse
                0x00008250      0x130 ./MicroSemi_Code/drivers/mss_ace/ace_sse.o
                0x00008250                ACE_load_sse
 .text.ACE_start_sse
                0x00008380      0x140 ./MicroSemi_Code/drivers/mss_ace/ace_sse.o
                0x00008380                ACE_start_sse
 .text.ACE_restart_sse
                0x000084c0      0x124 ./MicroSemi_Code/drivers/mss_ace/ace_sse.o
                0x000084c0                ACE_restart_sse
 .text.ACE_stop_sse
                0x000085e4       0x54 ./MicroSemi_Code/drivers/mss_ace/ace_sse.o
                0x000085e4                ACE_stop_sse
 .text.ACE_resume_sse
                0x00008638       0x54 ./MicroSemi_Code/drivers/mss_ace/ace_sse.o
                0x00008638                ACE_resume_sse
 .text.ACE_enable_sse_irq
                0x0000868c       0x48 ./MicroSemi_Code/drivers/mss_ace/ace_sse.o
                0x0000868c                ACE_enable_sse_irq
 .text.ACE_disable_sse_irq
                0x000086d4       0x64 ./MicroSemi_Code/drivers/mss_ace/ace_sse.o
                0x000086d4                ACE_disable_sse_irq
 .text.ACE_clear_sse_irq
                0x00008738       0x6c ./MicroSemi_Code/drivers/mss_ace/ace_sse.o
                0x00008738                ACE_clear_sse_irq
 .text.ACE_clear_sample_pipeline
                0x000087a4      0x178 ./MicroSemi_Code/drivers/mss_ace/ace_sse.o
                0x000087a4                ACE_clear_sample_pipeline
 .text          0x0000891c        0x0 ./MicroSemi_Code/drivers/mss_ace/ace_transform.o
 .text.ACE_get_default_m_factor
                0x0000891c       0x30 ./MicroSemi_Code/drivers/mss_ace/ace_transform.o
                0x0000891c                ACE_get_default_m_factor
 .text.ACE_get_default_c_offset
                0x0000894c       0x34 ./MicroSemi_Code/drivers/mss_ace/ace_transform.o
                0x0000894c                ACE_get_default_c_offset
 .text.ACE_set_linear_transform
                0x00008980      0x17c ./MicroSemi_Code/drivers/mss_ace/ace_transform.o
                0x00008980                ACE_set_linear_transform
 .text.extend_sign
                0x00008afc       0x30 ./MicroSemi_Code/drivers/mss_ace/ace_transform.o
                0x00008afc                extend_sign
 .text.adjust_to_24bit_ace_format
                0x00008b2c       0x80 ./MicroSemi_Code/drivers/mss_ace/ace_transform.o
                0x00008b2c                adjust_to_24bit_ace_format
 .text.adjust_to_16bit_ace_format
                0x00008bac       0x80 ./MicroSemi_Code/drivers/mss_ace/ace_transform.o
                0x00008bac                adjust_to_16bit_ace_format
 .text.get_calibration
                0x00008c2c      0x380 ./MicroSemi_Code/drivers/mss_ace/ace_transform.o
                0x00008c2c                get_calibration
 .text.write_transform_coefficients
                0x00008fac       0xac ./MicroSemi_Code/drivers/mss_ace/ace_transform.o
                0x00008fac                write_transform_coefficients
 .text          0x00009058        0x0 ./MicroSemi_Code/drivers/mss_ace/mss_ace.o
 .text.ACE_init
                0x00009058       0x10 ./MicroSemi_Code/drivers/mss_ace/mss_ace.o
                0x00009058                ACE_init
 .text.ACE_start_adc
                0x00009068       0x2c ./MicroSemi_Code/drivers/mss_ace/mss_ace.o
                0x00009068                ACE_start_adc
 .text.ACE_get_adc_result
                0x00009094       0x64 ./MicroSemi_Code/drivers/mss_ace/mss_ace.o
                0x00009094                ACE_get_adc_result
 .text.ACE_configure_sdd
                0x000090f8      0x1a0 ./MicroSemi_Code/drivers/mss_ace/mss_ace.o
                0x000090f8                ACE_configure_sdd
 .text.ACE_enable_sdd
                0x00009298       0x48 ./MicroSemi_Code/drivers/mss_ace/mss_ace.o
                0x00009298                ACE_enable_sdd
 .text.ACE_disable_sdd
                0x000092e0       0x48 ./MicroSemi_Code/drivers/mss_ace/mss_ace.o
                0x000092e0                ACE_disable_sdd
 .text.ACE_set_sdd_value
                0x00009328       0x4c ./MicroSemi_Code/drivers/mss_ace/mss_ace.o
                0x00009328                ACE_set_sdd_value
 .text.ACE_set_sdd_value_sync
                0x00009374       0xd0 ./MicroSemi_Code/drivers/mss_ace/mss_ace.o
                0x00009374                ACE_set_sdd_value_sync
 .text.ACE_set_comp_reference
                0x00009444      0x1b4 ./MicroSemi_Code/drivers/mss_ace/mss_ace.o
                0x00009444                ACE_set_comp_reference
 .text.ACE_set_comp_hysteresis
                0x000095f8      0x128 ./MicroSemi_Code/drivers/mss_ace/mss_ace.o
                0x000095f8                ACE_set_comp_hysteresis
 .text.ACE_enable_comp
                0x00009720       0xfc ./MicroSemi_Code/drivers/mss_ace/mss_ace.o
                0x00009720                ACE_enable_comp
 .text.ACE_disable_comp
                0x0000981c       0xf8 ./MicroSemi_Code/drivers/mss_ace/mss_ace.o
                0x0000981c                ACE_disable_comp
 .text.ACE_enable_comp_rise_irq
                0x00009914       0x50 ./MicroSemi_Code/drivers/mss_ace/mss_ace.o
                0x00009914                ACE_enable_comp_rise_irq
 .text.ACE_disable_comp_rise_irq
                0x00009964       0x70 ./MicroSemi_Code/drivers/mss_ace/mss_ace.o
                0x00009964                ACE_disable_comp_rise_irq
 .text.ACE_clear_comp_rise_irq
                0x000099d4       0x6c ./MicroSemi_Code/drivers/mss_ace/mss_ace.o
                0x000099d4                ACE_clear_comp_rise_irq
 .text.ACE_enable_comp_fall_irq
                0x00009a40       0x50 ./MicroSemi_Code/drivers/mss_ace/mss_ace.o
                0x00009a40                ACE_enable_comp_fall_irq
 .text.ACE_disable_comp_fall_irq
                0x00009a90       0x70 ./MicroSemi_Code/drivers/mss_ace/mss_ace.o
                0x00009a90                ACE_disable_comp_fall_irq
 .text.ACE_clear_comp_fall_irq
                0x00009b00       0x6c ./MicroSemi_Code/drivers/mss_ace/mss_ace.o
                0x00009b00                ACE_clear_comp_fall_irq
 .text.ACE_get_comp_status
                0x00009b6c       0x20 ./MicroSemi_Code/drivers/mss_ace/mss_ace.o
                0x00009b6c                ACE_get_comp_status
 .text.ACE_get_channel_count
                0x00009b8c       0x10 ./MicroSemi_Code/drivers/mss_ace/mss_ace.o
                0x00009b8c                ACE_get_channel_count
 .text.ACE_get_first_channel
                0x00009b9c       0x1c ./MicroSemi_Code/drivers/mss_ace/mss_ace.o
                0x00009b9c                ACE_get_first_channel
 .text.ACE_get_next_channel
                0x00009bb8       0x2c ./MicroSemi_Code/drivers/mss_ace/mss_ace.o
                0x00009bb8                ACE_get_next_channel
 .text.ACE_get_channel_handle
                0x00009be4       0x74 ./MicroSemi_Code/drivers/mss_ace/mss_ace.o
                0x00009be4                ACE_get_channel_handle
 .text.ACE_get_input_channel_handle
                0x00009c58       0x54 ./MicroSemi_Code/drivers/mss_ace/mss_ace.o
                0x00009c58                ACE_get_input_channel_handle
 .text.ACE_get_ppe_sample
                0x00009cac       0x54 ./MicroSemi_Code/drivers/mss_ace/mss_ace.o
                0x00009cac                ACE_get_ppe_sample
 .text          0x00009d00        0x0 ./MicroSemi_Code/CMSIS/brownout_isr.o
 .text.BrownOut_1_5V_IRQHandler
                0x00009d00       0xb0 ./MicroSemi_Code/CMSIS/brownout_isr.o
                0x00009d00                BrownOut_1_5V_IRQHandler
 .text          0x00009db0        0x0 ./MicroSemi_Code/CMSIS/core_cm3.o
 .text.__get_PSP
                0x00009db0       0x10 ./MicroSemi_Code/CMSIS/core_cm3.o
                0x00009db0                __get_PSP
 .text.__set_PSP
                0x00009dc0        0x8 ./MicroSemi_Code/CMSIS/core_cm3.o
                0x00009dc0                __set_PSP
 .text.__get_MSP
                0x00009dc8       0x10 ./MicroSemi_Code/CMSIS/core_cm3.o
                0x00009dc8                __get_MSP
 .text.__set_MSP
                0x00009dd8        0x8 ./MicroSemi_Code/CMSIS/core_cm3.o
                0x00009dd8                __set_MSP
 .text.__get_BASEPRI
                0x00009de0       0x20 ./MicroSemi_Code/CMSIS/core_cm3.o
                0x00009de0                __get_BASEPRI
 .text.__set_BASEPRI
                0x00009e00       0x18 ./MicroSemi_Code/CMSIS/core_cm3.o
                0x00009e00                __set_BASEPRI
 .text.__get_PRIMASK
                0x00009e18       0x20 ./MicroSemi_Code/CMSIS/core_cm3.o
                0x00009e18                __get_PRIMASK
 .text.__set_PRIMASK
                0x00009e38       0x18 ./MicroSemi_Code/CMSIS/core_cm3.o
                0x00009e38                __set_PRIMASK
 .text.__get_FAULTMASK
                0x00009e50       0x20 ./MicroSemi_Code/CMSIS/core_cm3.o
                0x00009e50                __get_FAULTMASK
 .text.__set_FAULTMASK
                0x00009e70       0x18 ./MicroSemi_Code/CMSIS/core_cm3.o
                0x00009e70                __set_FAULTMASK
 .text.__get_CONTROL
                0x00009e88       0x20 ./MicroSemi_Code/CMSIS/core_cm3.o
                0x00009e88                __get_CONTROL
 .text.__set_CONTROL
                0x00009ea8       0x18 ./MicroSemi_Code/CMSIS/core_cm3.o
                0x00009ea8                __set_CONTROL
 .text.__REV    0x00009ec0       0x24 ./MicroSemi_Code/CMSIS/core_cm3.o
                0x00009ec0                __REV
 .text.__REV16  0x00009ee4       0x24 ./MicroSemi_Code/CMSIS/core_cm3.o
                0x00009ee4                __REV16
 .text.__REVSH  0x00009f08       0x24 ./MicroSemi_Code/CMSIS/core_cm3.o
                0x00009f08                __REVSH
 .text.__RBIT   0x00009f2c       0x24 ./MicroSemi_Code/CMSIS/core_cm3.o
                0x00009f2c                __RBIT
 .text.__LDREXB
                0x00009f50       0x24 ./MicroSemi_Code/CMSIS/core_cm3.o
                0x00009f50                __LDREXB
 .text.__LDREXH
                0x00009f74       0x24 ./MicroSemi_Code/CMSIS/core_cm3.o
                0x00009f74                __LDREXH
 .text.__LDREXW
                0x00009f98       0x24 ./MicroSemi_Code/CMSIS/core_cm3.o
                0x00009f98                __LDREXW
 .text.__STREXB
                0x00009fbc       0x2c ./MicroSemi_Code/CMSIS/core_cm3.o
                0x00009fbc                __STREXB
 .text.__STREXH
                0x00009fe8       0x2c ./MicroSemi_Code/CMSIS/core_cm3.o
                0x00009fe8                __STREXH
 .text.__STREXW
                0x0000a014       0x28 ./MicroSemi_Code/CMSIS/core_cm3.o
                0x0000a014                __STREXW
 .text          0x0000a03c        0x0 ./MicroSemi_Code/CMSIS/system_a2fxxxm3.o
 .text.SystemInit
                0x0000a03c        0xc ./MicroSemi_Code/CMSIS/system_a2fxxxm3.o
                0x0000a03c                SystemInit
 .text.SystemCoreClockUpdate
                0x0000a048      0x150 ./MicroSemi_Code/CMSIS/system_a2fxxxm3.o
                0x0000a048                SystemCoreClockUpdate
 .text.GetSystemClock
                0x0000a198       0xe8 ./MicroSemi_Code/CMSIS/system_a2fxxxm3.o
 .text          0x0000a280        0x0 ./MicroSemi_Code/CMSIS/startup_gcc/newlib_stubs.o
 .text._close   0x0000a280       0x18 ./MicroSemi_Code/CMSIS/startup_gcc/newlib_stubs.o
                0x0000a280                _close
 .text._execve  0x0000a298       0x28 ./MicroSemi_Code/CMSIS/startup_gcc/newlib_stubs.o
                0x0000a298                _execve
 .text._exit    0x0000a2c0        0xc ./MicroSemi_Code/CMSIS/startup_gcc/newlib_stubs.o
                0x0000a2c0                _exit
 .text._fork    0x0000a2cc       0x18 ./MicroSemi_Code/CMSIS/startup_gcc/newlib_stubs.o
                0x0000a2cc                _fork
 .text._fstat   0x0000a2e4       0x24 ./MicroSemi_Code/CMSIS/startup_gcc/newlib_stubs.o
                0x0000a2e4                _fstat
 .text._getpid  0x0000a308       0x10 ./MicroSemi_Code/CMSIS/startup_gcc/newlib_stubs.o
                0x0000a308                _getpid
 .text._isatty  0x0000a318       0x18 ./MicroSemi_Code/CMSIS/startup_gcc/newlib_stubs.o
                0x0000a318                _isatty
 .text._kill    0x0000a330       0x24 ./MicroSemi_Code/CMSIS/startup_gcc/newlib_stubs.o
                0x0000a330                _kill
 .text._link    0x0000a354       0x24 ./MicroSemi_Code/CMSIS/startup_gcc/newlib_stubs.o
                0x0000a354                _link
 .text._lseek   0x0000a378       0x1c ./MicroSemi_Code/CMSIS/startup_gcc/newlib_stubs.o
                0x0000a378                _lseek
 .text._open    0x0000a394       0x1c ./MicroSemi_Code/CMSIS/startup_gcc/newlib_stubs.o
                0x0000a394                _open
 .text._read    0x0000a3b0       0x1c ./MicroSemi_Code/CMSIS/startup_gcc/newlib_stubs.o
                0x0000a3b0                _read
 .text._write_r
                0x0000a3cc       0x5c ./MicroSemi_Code/CMSIS/startup_gcc/newlib_stubs.o
                0x0000a3cc                _write_r
 .text._sbrk    0x0000a428       0x94 ./MicroSemi_Code/CMSIS/startup_gcc/newlib_stubs.o
                0x0000a428                _sbrk
 .text._stat    0x0000a4bc       0x24 ./MicroSemi_Code/CMSIS/startup_gcc/newlib_stubs.o
                0x0000a4bc                _stat
 .text._times   0x0000a4e0       0x18 ./MicroSemi_Code/CMSIS/startup_gcc/newlib_stubs.o
                0x0000a4e0                _times
 .text._unlink  0x0000a4f8       0x24 ./MicroSemi_Code/CMSIS/startup_gcc/newlib_stubs.o
                0x0000a4f8                _unlink
 .text._wait    0x0000a51c       0x24 ./MicroSemi_Code/CMSIS/startup_gcc/newlib_stubs.o
                0x0000a51c                _wait
 .text          0x0000a540        0x0 ./MicroSemi_Code/CMSIS/startup_gcc/startup_a2fxxxm3.o
 .text          0x0000a540        0x0 ./Helpers/uart_helper.o
 .text.uart_string_print
                0x0000a540       0x24 ./Helpers/uart_helper.o
                0x0000a540                uart_string_print
 .text          0x0000a564        0x0 ./FreeTCPIP/psock.o
 .text.buf_setup
                0x0000a564       0x24 ./FreeTCPIP/psock.o
 .text.buf_bufdata
                0x0000a588      0x11c ./FreeTCPIP/psock.o
 .text.buf_bufto
                0x0000a6a4       0xa8 ./FreeTCPIP/psock.o
 .text.send_data
                0x0000a74c       0x6c ./FreeTCPIP/psock.o
 .text.data_acked
                0x0000a7b8       0x88 ./FreeTCPIP/psock.o
 .text.psock_send
                0x0000a840       0x94 ./FreeTCPIP/psock.o
                0x0000a840                psock_send
 .text.psock_generator_send
                0x0000a8d4       0xb8 ./FreeTCPIP/psock.o
                0x0000a8d4                psock_generator_send
 .text.psock_datalen
                0x0000a98c       0x24 ./FreeTCPIP/psock.o
                0x0000a98c                psock_datalen
 .text.psock_newdata
                0x0000a9b0       0x58 ./FreeTCPIP/psock.o
                0x0000a9b0                psock_newdata
 .text.psock_readto
                0x0000aa08       0xc8 ./FreeTCPIP/psock.o
                0x0000aa08                psock_readto
 .text.psock_readbuf
                0x0000aad0       0xc4 ./FreeTCPIP/psock.o
                0x0000aad0                psock_readbuf
 .text.psock_init
                0x0000ab94       0x48 ./FreeTCPIP/psock.o
                0x0000ab94                psock_init
 .text          0x0000abdc        0x0 ./FreeTCPIP/timer.o
 .text.timer_set
                0x0000abdc       0x24 ./FreeTCPIP/timer.o
                0x0000abdc                timer_set
 .text.timer_reset
                0x0000ac00       0x20 ./FreeTCPIP/timer.o
                0x0000ac00                timer_reset
 .text.timer_restart
                0x0000ac20       0x1c ./FreeTCPIP/timer.o
                0x0000ac20                timer_restart
 .text.timer_expired
                0x0000ac3c       0x2c ./FreeTCPIP/timer.o
                0x0000ac3c                timer_expired
 .text.timer_remaining
                0x0000ac68       0x28 ./FreeTCPIP/timer.o
                0x0000ac68                timer_remaining
 .text          0x0000ac90        0x0 ./FreeTCPIP/uip.o
 .text.uip_setipid
                0x0000ac90       0x20 ./FreeTCPIP/uip.o
                0x0000ac90                uip_setipid
 .text.uip_add32
                0x0000acb0      0x14c ./FreeTCPIP/uip.o
                0x0000acb0                uip_add32
 .text.chksum   0x0000adfc       0x98 ./FreeTCPIP/uip.o
 .text.uip_chksum
                0x0000ae94       0x30 ./FreeTCPIP/uip.o
                0x0000ae94                uip_chksum
 .text.uip_ipchksum
                0x0000aec4       0x48 ./FreeTCPIP/uip.o
                0x0000aec4                uip_ipchksum
 .text.upper_layer_chksum
                0x0000af0c       0xa8 ./FreeTCPIP/uip.o
 .text.uip_tcpchksum
                0x0000afb4       0x14 ./FreeTCPIP/uip.o
                0x0000afb4                uip_tcpchksum
 .text.uip_udpchksum
                0x0000afc8       0x14 ./FreeTCPIP/uip.o
                0x0000afc8                uip_udpchksum
 .text.uip_init
                0x0000afdc       0xcc ./FreeTCPIP/uip.o
                0x0000afdc                uip_init
 .text.uip_connect
                0x0000b0a8      0x1e0 ./FreeTCPIP/uip.o
                0x0000b0a8                uip_connect
 .text.uip_unlisten
                0x0000b288       0x88 ./FreeTCPIP/uip.o
                0x0000b288                uip_unlisten
 .text.uip_listen
                0x0000b310       0x84 ./FreeTCPIP/uip.o
                0x0000b310                uip_listen
 .text.uip_add_rcv_nxt
                0x0000b394       0x84 ./FreeTCPIP/uip.o
 .text.uip_process
                0x0000b418     0x21b0 ./FreeTCPIP/uip.o
                0x0000b418                uip_process
 .text.htons    0x0000d5c8       0x30 ./FreeTCPIP/uip.o
                0x0000d5c8                htons
 .text.htonl    0x0000d5f8       0x5c ./FreeTCPIP/uip.o
                0x0000d5f8                htonl
 .text.uip_send
                0x0000d654       0x84 ./FreeTCPIP/uip.o
                0x0000d654                uip_send
 .text          0x0000d6d8        0x0 ./FreeTCPIP/uip_arp.o
 .text.uip_arp_init
                0x0000d6d8       0x70 ./FreeTCPIP/uip_arp.o
                0x0000d6d8                uip_arp_init
 .text.uip_arp_timer
                0x0000d748       0xd4 ./FreeTCPIP/uip_arp.o
                0x0000d748                uip_arp_timer
 .text.uip_arp_update
                0x0000d81c      0x290 ./FreeTCPIP/uip_arp.o
 .text.uip_arp_arpin
                0x0000daac      0x308 ./FreeTCPIP/uip_arp.o
                0x0000daac                uip_arp_arpin
 .text.uip_arp_out
                0x0000ddb4      0x488 ./FreeTCPIP/uip_arp.o
                0x0000ddb4                uip_arp_out
 .text          0x0000e23c        0x0 ./FreeTCPIP/http_Common/http-strings.o
 .text          0x0000e23c        0x0 ./FreeTCPIP/http_Common/httpd-fs.o
 .text.httpd_fs_strcmp
                0x0000e23c       0x6c ./FreeTCPIP/http_Common/httpd-fs.o
 .text.httpd_fs_open
                0x0000e2a8       0x88 ./FreeTCPIP/http_Common/httpd-fs.o
                0x0000e2a8                httpd_fs_open
 .text.httpd_fs_init
                0x0000e330       0x38 ./FreeTCPIP/http_Common/httpd-fs.o
                0x0000e330                httpd_fs_init
 .text.httpd_fs_count
                0x0000e368       0x60 ./FreeTCPIP/http_Common/httpd-fs.o
                0x0000e368                httpd_fs_count
 .text          0x0000e3c8        0x0 ./FreeTCPIP/http_Common/httpd.o
 .text.generate_part_of_file
                0x0000e3c8       0x78 ./FreeTCPIP/http_Common/httpd.o
 .text.send_file
                0x0000e440       0x98 ./FreeTCPIP/http_Common/httpd.o
 .text.send_part_of_file
                0x0000e4d8       0x68 ./FreeTCPIP/http_Common/httpd.o
 .text.next_scriptstate
                0x0000e540       0x54 ./FreeTCPIP/http_Common/httpd.o
 .text.handle_script
                0x0000e594      0x234 ./FreeTCPIP/http_Common/httpd.o
 .text.send_headers
                0x0000e7c8      0x2d8 ./FreeTCPIP/http_Common/httpd.o
 .text.handle_output
                0x0000eaa0      0x18c ./FreeTCPIP/http_Common/httpd.o
 .text.handle_input
                0x0000ec2c      0x1d0 ./FreeTCPIP/http_Common/httpd.o
 .text.handle_connection
                0x0000edfc       0x28 ./FreeTCPIP/http_Common/httpd.o
 .text.httpd_appcall
                0x0000ee24      0x118 ./FreeTCPIP/http_Common/httpd.o
                0x0000ee24                httpd_appcall
 .text.httpd_init
                0x0000ef3c       0x10 ./FreeTCPIP/http_Common/httpd.o
                0x0000ef3c                httpd_init
 .text          0x0000ef4c        0x0 ./FreeRTOS_Source/list.o
 .text.vListInitialise
                0x0000ef4c       0x48 ./FreeRTOS_Source/list.o
                0x0000ef4c                vListInitialise
 .text.vListInitialiseItem
                0x0000ef94       0x1c ./FreeRTOS_Source/list.o
                0x0000ef94                vListInitialiseItem
 .text.vListInsertEnd
                0x0000efb0       0x48 ./FreeRTOS_Source/list.o
                0x0000efb0                vListInsertEnd
 .text.vListInsert
                0x0000eff8       0x74 ./FreeRTOS_Source/list.o
                0x0000eff8                vListInsert
 .text.uxListRemove
                0x0000f06c       0x58 ./FreeRTOS_Source/list.o
                0x0000f06c                uxListRemove
 .text          0x0000f0c4        0x0 ./FreeRTOS_Source/queue.o
 .text.xQueueGenericReset
                0x0000f0c4       0xec ./FreeRTOS_Source/queue.o
                0x0000f0c4                xQueueGenericReset
 .text.xQueueGenericCreate
                0x0000f1b0       0x80 ./FreeRTOS_Source/queue.o
                0x0000f1b0                xQueueGenericCreate
 .text.prvInitialiseNewQueue
                0x0000f230       0x48 ./FreeRTOS_Source/queue.o
 .text.prvInitialiseMutex
                0x0000f278       0x40 ./FreeRTOS_Source/queue.o
 .text.xQueueCreateMutex
                0x0000f2b8       0x38 ./FreeRTOS_Source/queue.o
                0x0000f2b8                xQueueCreateMutex
 .text.xQueueGiveMutexRecursive
                0x0000f2f0       0x74 ./FreeRTOS_Source/queue.o
                0x0000f2f0                xQueueGiveMutexRecursive
 .text.xQueueTakeMutexRecursive
                0x0000f364       0x74 ./FreeRTOS_Source/queue.o
                0x0000f364                xQueueTakeMutexRecursive
 .text.xQueueGenericSend
                0x0000f3d8      0x230 ./FreeRTOS_Source/queue.o
                0x0000f3d8                xQueueGenericSend
 .text.xQueueGenericSendFromISR
                0x0000f608      0x144 ./FreeRTOS_Source/queue.o
                0x0000f608                xQueueGenericSendFromISR
 .text.xQueueGiveFromISR
                0x0000f74c      0x12c ./FreeRTOS_Source/queue.o
                0x0000f74c                xQueueGiveFromISR
 .text.xQueueReceive
                0x0000f878      0x1ec ./FreeRTOS_Source/queue.o
                0x0000f878                xQueueReceive
 .text.xQueueSemaphoreTake
                0x0000fa64      0x240 ./FreeRTOS_Source/queue.o
                0x0000fa64                xQueueSemaphoreTake
 .text.xQueuePeek
                0x0000fca4      0x1f0 ./FreeRTOS_Source/queue.o
                0x0000fca4                xQueuePeek
 .text.xQueueReceiveFromISR
                0x0000fe94      0x118 ./FreeRTOS_Source/queue.o
                0x0000fe94                xQueueReceiveFromISR
 .text.xQueuePeekFromISR
                0x0000ffac       0xd4 ./FreeRTOS_Source/queue.o
                0x0000ffac                xQueuePeekFromISR
 .text.uxQueueMessagesWaiting
                0x00010080       0x3c ./FreeRTOS_Source/queue.o
                0x00010080                uxQueueMessagesWaiting
 .text.uxQueueSpacesAvailable
                0x000100bc       0x48 ./FreeRTOS_Source/queue.o
                0x000100bc                uxQueueSpacesAvailable
 .text.uxQueueMessagesWaitingFromISR
                0x00010104       0x3c ./FreeRTOS_Source/queue.o
                0x00010104                uxQueueMessagesWaitingFromISR
 .text.vQueueDelete
                0x00010140       0x34 ./FreeRTOS_Source/queue.o
                0x00010140                vQueueDelete
 .text.uxQueueGetQueueNumber
                0x00010174       0x18 ./FreeRTOS_Source/queue.o
                0x00010174                uxQueueGetQueueNumber
 .text.vQueueSetQueueNumber
                0x0001018c       0x1c ./FreeRTOS_Source/queue.o
                0x0001018c                vQueueSetQueueNumber
 .text.ucQueueGetQueueType
                0x000101a8       0x1c ./FreeRTOS_Source/queue.o
                0x000101a8                ucQueueGetQueueType
 .text.prvGetDisinheritPriorityAfterTimeout
                0x000101c4       0x34 ./FreeRTOS_Source/queue.o
 .text.prvCopyDataToQueue
                0x000101f8       0xf0 ./FreeRTOS_Source/queue.o
 .text.prvCopyDataFromQueue
                0x000102e8       0x50 ./FreeRTOS_Source/queue.o
 .text.prvUnlockQueue
                0x00010338       0xac ./FreeRTOS_Source/queue.o
 .text.prvIsQueueEmpty
                0x000103e4       0x34 ./FreeRTOS_Source/queue.o
 .text.xQueueIsQueueEmptyFromISR
                0x00010418       0x4c ./FreeRTOS_Source/queue.o
                0x00010418                xQueueIsQueueEmptyFromISR
 .text.prvIsQueueFull
                0x00010464       0x38 ./FreeRTOS_Source/queue.o
 .text.xQueueIsQueueFullFromISR
                0x0001049c       0x50 ./FreeRTOS_Source/queue.o
                0x0001049c                xQueueIsQueueFullFromISR
 .text.vQueueWaitForMessageRestricted
                0x000104ec       0x74 ./FreeRTOS_Source/queue.o
                0x000104ec                vQueueWaitForMessageRestricted
 .text          0x00010560        0x0 ./FreeRTOS_Source/tasks.o
 .text.xTaskCreate
                0x00010560       0x94 ./FreeRTOS_Source/tasks.o
                0x00010560                xTaskCreate
 .text.prvInitialiseNewTask
                0x000105f4      0x148 ./FreeRTOS_Source/tasks.o
 .text.prvAddNewTaskToReadyList
                0x0001073c      0x13c ./FreeRTOS_Source/tasks.o
 .text.vTaskDelete
                0x00010878      0x16c ./FreeRTOS_Source/tasks.o
                0x00010878                vTaskDelete
 .text.vTaskDelayUntil
                0x000109e4      0x110 ./FreeRTOS_Source/tasks.o
                0x000109e4                vTaskDelayUntil
 .text.vTaskDelay
                0x00010af4       0x70 ./FreeRTOS_Source/tasks.o
                0x00010af4                vTaskDelay
 .text.eTaskGetState
                0x00010b64       0xe4 ./FreeRTOS_Source/tasks.o
                0x00010b64                eTaskGetState
 .text.uxTaskPriorityGet
                0x00010c48       0x38 ./FreeRTOS_Source/tasks.o
                0x00010c48                uxTaskPriorityGet
 .text.uxTaskPriorityGetFromISR
                0x00010c80       0x5c ./FreeRTOS_Source/tasks.o
                0x00010c80                uxTaskPriorityGetFromISR
 .text.vTaskPrioritySet
                0x00010cdc      0x1b0 ./FreeRTOS_Source/tasks.o
                0x00010cdc                vTaskPrioritySet
 .text.vTaskSuspend
                0x00010e8c      0x168 ./FreeRTOS_Source/tasks.o
                0x00010e8c                vTaskSuspend
 .text.prvTaskIsTaskSuspended
                0x00010ff4       0x68 ./FreeRTOS_Source/tasks.o
 .text.vTaskResume
                0x0001105c       0xdc ./FreeRTOS_Source/tasks.o
                0x0001105c                vTaskResume
 .text.xTaskResumeFromISR
                0x00011138      0x108 ./FreeRTOS_Source/tasks.o
                0x00011138                xTaskResumeFromISR
 .text.vTaskStartScheduler
                0x00011240       0xb4 ./FreeRTOS_Source/tasks.o
                0x00011240                vTaskStartScheduler
 .text.vTaskEndScheduler
                0x000112f4       0x34 ./FreeRTOS_Source/tasks.o
                0x000112f4                vTaskEndScheduler
 .text.vTaskSuspendAll
                0x00011328       0x24 ./FreeRTOS_Source/tasks.o
                0x00011328                vTaskSuspendAll
 .text.xTaskResumeAll
                0x0001134c      0x1a0 ./FreeRTOS_Source/tasks.o
                0x0001134c                xTaskResumeAll
 .text.xTaskGetTickCount
                0x000114ec       0x20 ./FreeRTOS_Source/tasks.o
                0x000114ec                xTaskGetTickCount
 .text.xTaskGetTickCountFromISR
                0x0001150c       0x28 ./FreeRTOS_Source/tasks.o
                0x0001150c                xTaskGetTickCountFromISR
 .text.uxTaskGetNumberOfTasks
                0x00011534       0x18 ./FreeRTOS_Source/tasks.o
                0x00011534                uxTaskGetNumberOfTasks
 .text.pcTaskGetName
                0x0001154c       0x4c ./FreeRTOS_Source/tasks.o
                0x0001154c                pcTaskGetName
 .text.uxTaskGetSystemState
                0x00011598      0x160 ./FreeRTOS_Source/tasks.o
                0x00011598                uxTaskGetSystemState
 .text.xTaskIncrementTick
                0x000116f8      0x204 ./FreeRTOS_Source/tasks.o
                0x000116f8                xTaskIncrementTick
 .text.vTaskSwitchContext
                0x000118fc      0x1a8 ./FreeRTOS_Source/tasks.o
                0x000118fc                vTaskSwitchContext
 .text.vTaskPlaceOnEventList
                0x00011aa4       0x4c ./FreeRTOS_Source/tasks.o
                0x00011aa4                vTaskPlaceOnEventList
 .text.vTaskPlaceOnUnorderedEventList
                0x00011af0       0x84 ./FreeRTOS_Source/tasks.o
                0x00011af0                vTaskPlaceOnUnorderedEventList
 .text.vTaskPlaceOnEventListRestricted
                0x00011b74       0x58 ./FreeRTOS_Source/tasks.o
                0x00011b74                vTaskPlaceOnEventListRestricted
 .text.xTaskRemoveFromEventList
                0x00011bcc       0xf0 ./FreeRTOS_Source/tasks.o
                0x00011bcc                xTaskRemoveFromEventList
 .text.vTaskRemoveFromUnorderedEventList
                0x00011cbc       0xe0 ./FreeRTOS_Source/tasks.o
                0x00011cbc                vTaskRemoveFromUnorderedEventList
 .text.vTaskSetTimeOutState
                0x00011d9c       0x50 ./FreeRTOS_Source/tasks.o
                0x00011d9c                vTaskSetTimeOutState
 .text.vTaskInternalSetTimeOutState
                0x00011dec       0x30 ./FreeRTOS_Source/tasks.o
                0x00011dec                vTaskInternalSetTimeOutState
 .text.xTaskCheckForTimeOut
                0x00011e1c       0xd4 ./FreeRTOS_Source/tasks.o
                0x00011e1c                xTaskCheckForTimeOut
 .text.vTaskMissedYield
                0x00011ef0       0x18 ./FreeRTOS_Source/tasks.o
                0x00011ef0                vTaskMissedYield
 .text.uxTaskGetTaskNumber
                0x00011f08       0x30 ./FreeRTOS_Source/tasks.o
                0x00011f08                uxTaskGetTaskNumber
 .text.vTaskSetTaskNumber
                0x00011f38       0x24 ./FreeRTOS_Source/tasks.o
                0x00011f38                vTaskSetTaskNumber
 .text.prvIdleTask
                0x00011f5c       0x38 ./FreeRTOS_Source/tasks.o
 .text.prvInitialiseTaskLists
                0x00011f94       0xa4 ./FreeRTOS_Source/tasks.o
 .text.prvCheckTasksWaitingTermination
                0x00012038       0x78 ./FreeRTOS_Source/tasks.o
 .text.vTaskGetInfo
                0x000120b0       0xe0 ./FreeRTOS_Source/tasks.o
                0x000120b0                vTaskGetInfo
 .text.prvListTasksWithinSingleList
                0x00012190       0xb8 ./FreeRTOS_Source/tasks.o
 .text.prvTaskCheckFreeStackSpace
                0x00012248       0x40 ./FreeRTOS_Source/tasks.o
 .text.prvDeleteTCB
                0x00012288       0x20 ./FreeRTOS_Source/tasks.o
 .text.prvResetNextTaskUnblockTime
                0x000122a8       0x50 ./FreeRTOS_Source/tasks.o
 .text.xTaskGetCurrentTaskHandle
                0x000122f8       0x20 ./FreeRTOS_Source/tasks.o
                0x000122f8                xTaskGetCurrentTaskHandle
 .text.xTaskGetSchedulerState
                0x00012318       0x48 ./FreeRTOS_Source/tasks.o
                0x00012318                xTaskGetSchedulerState
 .text.xTaskPriorityInherit
                0x00012360      0x16c ./FreeRTOS_Source/tasks.o
                0x00012360                xTaskPriorityInherit
 .text.xTaskPriorityDisinherit
                0x000124cc      0x14c ./FreeRTOS_Source/tasks.o
                0x000124cc                xTaskPriorityDisinherit
 .text.vTaskPriorityDisinheritAfterTimeout
                0x00012618      0x17c ./FreeRTOS_Source/tasks.o
                0x00012618                vTaskPriorityDisinheritAfterTimeout
 .text.prvWriteNameToBuffer
                0x00012794       0x54 ./FreeRTOS_Source/tasks.o
 .text.vTaskList
                0x000127e8      0x170 ./FreeRTOS_Source/tasks.o
                0x000127e8                vTaskList
 .text.vTaskGetRunTimeStats
                0x00012958      0x138 ./FreeRTOS_Source/tasks.o
                0x00012958                vTaskGetRunTimeStats
 .text.uxTaskResetEventItemValue
                0x00012a90       0x40 ./FreeRTOS_Source/tasks.o
                0x00012a90                uxTaskResetEventItemValue
 .text.pvTaskIncrementMutexHeldCount
                0x00012ad0       0x38 ./FreeRTOS_Source/tasks.o
                0x00012ad0                pvTaskIncrementMutexHeldCount
 .text.ulTaskNotifyTake
                0x00012b08       0xc0 ./FreeRTOS_Source/tasks.o
                0x00012b08                ulTaskNotifyTake
 .text.xTaskNotifyWait
                0x00012bc8       0xf0 ./FreeRTOS_Source/tasks.o
                0x00012bc8                xTaskNotifyWait
 .text.xTaskGenericNotify
                0x00012cb8      0x18c ./FreeRTOS_Source/tasks.o
                0x00012cb8                xTaskGenericNotify
 .text.xTaskGenericNotifyFromISR
                0x00012e44      0x1d8 ./FreeRTOS_Source/tasks.o
                0x00012e44                xTaskGenericNotifyFromISR
 .text.vTaskNotifyGiveFromISR
                0x0001301c      0x148 ./FreeRTOS_Source/tasks.o
                0x0001301c                vTaskNotifyGiveFromISR
 .text.xTaskNotifyStateClear
                0x00013164       0x58 ./FreeRTOS_Source/tasks.o
                0x00013164                xTaskNotifyStateClear
 .text.prvAddCurrentTaskToDelayedList
                0x000131bc      0x110 ./FreeRTOS_Source/tasks.o
 .text          0x000132cc        0x0 ./FreeRTOS_Source/timers.o
 .text.xTimerCreateTimerTask
                0x000132cc       0x74 ./FreeRTOS_Source/timers.o
                0x000132cc                xTimerCreateTimerTask
 .text.xTimerCreate
                0x00013340       0x40 ./FreeRTOS_Source/timers.o
                0x00013340                xTimerCreate
 .text.prvInitialiseNewTimer
                0x00013380       0x64 ./FreeRTOS_Source/timers.o
 .text.xTimerGenericCommand
                0x000133e4       0xcc ./FreeRTOS_Source/timers.o
                0x000133e4                xTimerGenericCommand
 .text.xTimerGetTimerDaemonTaskHandle
                0x000134b0       0x40 ./FreeRTOS_Source/timers.o
                0x000134b0                xTimerGetTimerDaemonTaskHandle
 .text.xTimerGetPeriod
                0x000134f0       0x38 ./FreeRTOS_Source/timers.o
                0x000134f0                xTimerGetPeriod
 .text.xTimerGetExpiryTime
                0x00013528       0x3c ./FreeRTOS_Source/timers.o
                0x00013528                xTimerGetExpiryTime
 .text.pcTimerGetName
                0x00013564       0x38 ./FreeRTOS_Source/timers.o
                0x00013564                pcTimerGetName
 .text.prvProcessExpiredTimer
                0x0001359c       0x8c ./FreeRTOS_Source/timers.o
 .text.prvTimerTask
                0x00013628       0x28 ./FreeRTOS_Source/timers.o
 .text.prvProcessTimerOrBlockTask
                0x00013650       0xb0 ./FreeRTOS_Source/timers.o
 .text.prvGetNextExpireTime
                0x00013700       0x54 ./FreeRTOS_Source/timers.o
 .text.prvSampleTimeNow
                0x00013754       0x50 ./FreeRTOS_Source/timers.o
 .text.prvInsertTimerInActiveList
                0x000137a4       0x98 ./FreeRTOS_Source/timers.o
 .text.prvProcessReceivedCommands
                0x0001383c      0x148 ./FreeRTOS_Source/timers.o
 .text.prvSwitchTimerLists
                0x00013984       0xf4 ./FreeRTOS_Source/timers.o
 .text.prvCheckForValidListAndQueue
                0x00013a78       0x74 ./FreeRTOS_Source/timers.o
 .text.xTimerIsTimerActive
                0x00013aec       0x50 ./FreeRTOS_Source/timers.o
                0x00013aec                xTimerIsTimerActive
 .text.pvTimerGetTimerID
                0x00013b3c       0x40 ./FreeRTOS_Source/timers.o
                0x00013b3c                pvTimerGetTimerID
 .text.vTimerSetTimerID
                0x00013b7c       0x40 ./FreeRTOS_Source/timers.o
                0x00013b7c                vTimerSetTimerID
 .text.uxTimerGetTimerNumber
                0x00013bbc       0x18 ./FreeRTOS_Source/timers.o
                0x00013bbc                uxTimerGetTimerNumber
 .text.vTimerSetTimerNumber
                0x00013bd4       0x1c ./FreeRTOS_Source/timers.o
                0x00013bd4                vTimerSetTimerNumber
 .text          0x00013bf0        0x0 ./FreeRTOS_Source/portable/MemMang/heap_2.o
 .text.pvPortMalloc
                0x00013bf0      0x16c ./FreeRTOS_Source/portable/MemMang/heap_2.o
                0x00013bf0                pvPortMalloc
 .text.vPortFree
                0x00013d5c       0x88 ./FreeRTOS_Source/portable/MemMang/heap_2.o
                0x00013d5c                vPortFree
 .text.xPortGetFreeHeapSize
                0x00013de4       0x18 ./FreeRTOS_Source/portable/MemMang/heap_2.o
                0x00013de4                xPortGetFreeHeapSize
 .text.vPortInitialiseBlocks
                0x00013dfc        0xc ./FreeRTOS_Source/portable/MemMang/heap_2.o
                0x00013dfc                vPortInitialiseBlocks
 .text.prvHeapInit
                0x00013e08       0x6c ./FreeRTOS_Source/portable/MemMang/heap_2.o
 .text          0x00013e74        0x0 ./FreeRTOS_Source/portable/GCC/ARM_CM3/port.o
 .text.pxPortInitialiseStack
                0x00013e74       0x68 ./FreeRTOS_Source/portable/GCC/ARM_CM3/port.o
                0x00013e74                pxPortInitialiseStack
 .text.prvTaskExitError
                0x00013edc       0x54 ./FreeRTOS_Source/portable/GCC/ARM_CM3/port.o
 .text.SVC_Handler
                0x00013f30       0x30 ./FreeRTOS_Source/portable/GCC/ARM_CM3/port.o
                0x00013f30                SVC_Handler
 .text.prvPortStartFirstTask
                0x00013f60       0x20 ./FreeRTOS_Source/portable/GCC/ARM_CM3/port.o
 .text.xPortStartScheduler
                0x00013f80      0x134 ./FreeRTOS_Source/portable/GCC/ARM_CM3/port.o
                0x00013f80                xPortStartScheduler
 .text.vPortEndScheduler
                0x000140b4       0x34 ./FreeRTOS_Source/portable/GCC/ARM_CM3/port.o
                0x000140b4                vPortEndScheduler
 .text.vPortEnterCritical
                0x000140e8       0x70 ./FreeRTOS_Source/portable/GCC/ARM_CM3/port.o
                0x000140e8                vPortEnterCritical
 .text.vPortExitCritical
                0x00014158       0x64 ./FreeRTOS_Source/portable/GCC/ARM_CM3/port.o
                0x00014158                vPortExitCritical
 *fill*         0x000141bc        0x4 00
 .text.PendSV_Handler
                0x000141c0       0x50 ./FreeRTOS_Source/portable/GCC/ARM_CM3/port.o
                0x000141c0                PendSV_Handler
 .text.SysTick_Handler
                0x00014210       0x44 ./FreeRTOS_Source/portable/GCC/ARM_CM3/port.o
                0x00014210                SysTick_Handler
 .text.vPortSetupTimerInterrupt
                0x00014254       0x5c ./FreeRTOS_Source/portable/GCC/ARM_CM3/port.o
                0x00014254                vPortSetupTimerInterrupt
 .text.vPortValidateInterruptPriority
                0x000142b0       0x84 ./FreeRTOS_Source/portable/GCC/ARM_CM3/port.o
                0x000142b0                vPortValidateInterruptPriority
 .text          0x00014334      0x370 c:/program files (x86)/microsemi/softconsole v3.4/sourcery-g++/bin/../lib/gcc/arm-none-eabi/4.4.1/thumb2\libgcc.a(_arm_addsubdf3.o)
                0x00014334                __aeabi_drsub
                0x0001433c                __aeabi_dsub
                0x0001433c                __subdf3
                0x00014340                __aeabi_dadd
                0x00014340                __adddf3
                0x000145b8                __floatunsidf
                0x000145b8                __aeabi_ui2d
                0x000145d8                __floatsidf
                0x000145d8                __aeabi_i2d
                0x000145fc                __aeabi_f2d
                0x000145fc                __extendsfdf2
                0x00014638                __floatundidf
                0x00014638                __aeabi_ul2d
                0x00014648                __floatdidf
                0x00014648                __aeabi_l2d
 .text          0x000146a4      0x21c c:/program files (x86)/microsemi/softconsole v3.4/sourcery-g++/bin/../lib/gcc/arm-none-eabi/4.4.1/thumb2\libgcc.a(_arm_addsubsf3.o)
                0x000146a4                __aeabi_frsub
                0x000146ac                __subsf3
                0x000146ac                __aeabi_fsub
                0x000146b0                __aeabi_fadd
                0x000146b0                __addsf3
                0x00014810                __aeabi_ui2f
                0x00014810                __floatunsisf
                0x00014818                __aeabi_i2f
                0x00014818                __floatsisf