Archive member included because of file (symbol)

c:/program files (x86)/microsemi/softconsole v3.4/sourcery-g++/bin/../lib/gcc/arm-none-eabi/4.4.1/../../../../arm-none-eabi/lib/thumb2\libc.a(lib_a-abort.o)
                              ./MicroSemi_Code/CMSIS/startup_gcc/newlib_stubs.o (abort)
c:/program files (x86)/microsemi/softconsole v3.4/sourcery-g++/bin/../lib/gcc/arm-none-eabi/4.4.1/../../../../arm-none-eabi/lib/thumb2\libc.a(lib_a-init.o)
                              ./MicroSemi_Code/CMSIS/startup_gcc/startup_a2fxxxm3.o (__libc_init_array)
c:/program files (x86)/microsemi/softconsole v3.4/sourcery-g++/bin/../lib/gcc/arm-none-eabi/4.4.1/../../../../arm-none-eabi/lib/thumb2\libc.a(lib_a-memcpy.o)
                              ./FreeTCPIP/psock.o (memcpy)
c:/program files (x86)/microsemi/softconsole v3.4/sourcery-g++/bin/../lib/gcc/arm-none-eabi/4.4.1/../../../../arm-none-eabi/lib/thumb2\libc.a(lib_a-memset.o)
                              ./FreeTCPIP/uip_arp.o (memset)
c:/program files (x86)/microsemi/softconsole v3.4/sourcery-g++/bin/../lib/gcc/arm-none-eabi/4.4.1/../../../../arm-none-eabi/lib/thumb2\libc.a(lib_a-reent.o)
                              ./MicroSemi_Code/CMSIS/startup_gcc/newlib_stubs.o (errno)
c:/program files (x86)/microsemi/softconsole v3.4/sourcery-g++/bin/../lib/gcc/arm-none-eabi/4.4.1/../../../../arm-none-eabi/lib/thumb2\libc.a(lib_a-signal.o)
                              c:/program files (x86)/microsemi/softconsole v3.4/sourcery-g++/bin/../lib/gcc/arm-none-eabi/4.4.1/../../../../arm-none-eabi/lib/thumb2\libc.a(lib_a-abort.o) (raise)
c:/program files (x86)/microsemi/softconsole v3.4/sourcery-g++/bin/../lib/gcc/arm-none-eabi/4.4.1/../../../../arm-none-eabi/lib/thumb2\libc.a(lib_a-signalr.o)
                              c:/program files (x86)/microsemi/softconsole v3.4/sourcery-g++/bin/../lib/gcc/arm-none-eabi/4.4.1/../../../../arm-none-eabi/lib/thumb2\libc.a(lib_a-signal.o) (_getpid_r)
c:/program files (x86)/microsemi/softconsole v3.4/sourcery-g++/bin/../lib/gcc/arm-none-eabi/4.4.1/../../../../arm-none-eabi/lib/thumb2\libc.a(lib_a-strcat.o)
                              ./WebServer/httpd-cgi.o (strcat)
c:/program files (x86)/microsemi/softconsole v3.4/sourcery-g++/bin/../lib/gcc/arm-none-eabi/4.4.1/../../../../arm-none-eabi/lib/thumb2\libc.a(lib_a-strchr.o)
                              ./uIP_Task.o (strchr)
c:/program files (x86)/microsemi/softconsole v3.4/sourcery-g++/bin/../lib/gcc/arm-none-eabi/4.4.1/../../../../arm-none-eabi/lib/thumb2\libc.a(lib_a-strcpy.o)
                              ./FreeTCPIP/http_Common/httpd.o (strcpy)
c:/program files (x86)/microsemi/softconsole v3.4/sourcery-g++/bin/../lib/gcc/arm-none-eabi/4.4.1/../../../../arm-none-eabi/lib/thumb2\libc.a(lib_a-strlen.o)
                              ./WebServer/httpd-cgi.o (strlen)
c:/program files (x86)/microsemi/softconsole v3.4/sourcery-g++/bin/../lib/gcc/arm-none-eabi/4.4.1/../../../../arm-none-eabi/lib/thumb2\libc.a(lib_a-strncmp.o)
                              ./WebServer/httpd-cgi.o (strncmp)
c:/program files (x86)/microsemi/softconsole v3.4/sourcery-g++/bin/../lib/gcc/arm-none-eabi/4.4.1/../../../../arm-none-eabi/lib/thumb2\libc.a(lib_a-strncpy.o)
                              ./FreeTCPIP/http_Common/httpd.o (strncpy)
c:/program files (x86)/microsemi/softconsole v3.4/sourcery-g++/bin/../lib/gcc/arm-none-eabi/4.4.1/../../../../arm-none-eabi/lib/thumb2\libc.a(lib_a-strrchr.o)
                              ./FreeTCPIP/http_Common/httpd.o (strrchr)
c:/program files (x86)/microsemi/softconsole v3.4/sourcery-g++/bin/../lib/gcc/arm-none-eabi/4.4.1/../../../../arm-none-eabi/lib/thumb2\libc.a(lib_a-strstr.o)
                              ./uIP_Task.o (strstr)
c:/program files (x86)/microsemi/softconsole v3.4/sourcery-g++/bin/../lib/gcc/arm-none-eabi/4.4.1/../../../../arm-none-eabi/lib/thumb2\libc.a(lib_a-freer.o)
                              c:/program files (x86)/microsemi/softconsole v3.4/sourcery-g++/bin/../lib/gcc/arm-none-eabi/4.4.1/../../../../arm-none-eabi/lib/thumb2\libc.a(lib_a-reent.o) (_free_r)
c:/program files (x86)/microsemi/softconsole v3.4/sourcery-g++/bin/../lib/gcc/arm-none-eabi/4.4.1/../../../../arm-none-eabi/lib/thumb2\libc.a(lib_a-impure.o)
                              c:/program files (x86)/microsemi/softconsole v3.4/sourcery-g++/bin/../lib/gcc/arm-none-eabi/4.4.1/../../../../arm-none-eabi/lib/thumb2\libc.a(lib_a-reent.o) (_impure_ptr)
c:/program files (x86)/microsemi/softconsole v3.4/sourcery-g++/bin/../lib/gcc/arm-none-eabi/4.4.1/../../../../arm-none-eabi/lib/thumb2\libc.a(lib_a-mallocr.o)
                              c:/program files (x86)/microsemi/softconsole v3.4/sourcery-g++/bin/../lib/gcc/arm-none-eabi/4.4.1/../../../../arm-none-eabi/lib/thumb2\libc.a(lib_a-signal.o) (_malloc_r)
c:/program files (x86)/microsemi/softconsole v3.4/sourcery-g++/bin/../lib/gcc/arm-none-eabi/4.4.1/../../../../arm-none-eabi/lib/thumb2\libc.a(lib_a-memchr.o)
[...]
Memory Configuration

Name             Origin             Length             Attributes
rom              0x60000000         0x00040000         xr
romMirror        0x00000000         0x00040000         xr
ram              0x20000000         0x00010000         xrw
*default*        0x00000000         0xffffffff

Linker script and memory map

LOAD c:/program files (x86)/microsemi/softconsole v3.4/sourcery-g++/bin/../lib/gcc/arm-none-eabi/4.4.1/thumb2/crti.o
LOAD c:/program files (x86)/microsemi/softconsole v3.4/sourcery-g++/bin/../lib/gcc/arm-none-eabi/4.4.1/thumb2/crtbegin.o
LOAD ./ParTest.o
LOAD ./main-full.o
LOAD ./printf-stdarg.o
LOAD ./uIP_Task.o
LOAD ./WebServer/httpd-cgi.o
LOAD ./MicroSemi_Code/drivers_config/mss_ace/ace_config.o
LOAD ./MicroSemi_Code/drivers/mss_gpio/mss_gpio.o
LOAD ./MicroSemi_Code/drivers/mss_ethernet_mac/crc32.o
LOAD ./MicroSemi_Code/drivers/mss_ethernet_mac/mss_ethernet_mac.o
LOAD ./MicroSemi_Code/drivers/mss_ethernet_mac/phy.o
LOAD ./MicroSemi_Code/drivers/mss_ace/ace_convert.o
LOAD ./MicroSemi_Code/drivers/mss_ace/mss_ace.o
LOAD ./MicroSemi_Code/drivers/I2C/i2c.o
LOAD ./MicroSemi_Code/CMSIS/core_cm3.o
LOAD ./MicroSemi_Code/CMSIS/system_a2fxxxm3.o
LOAD ./MicroSemi_Code/CMSIS/startup_gcc/newlib_stubs.o
LOAD ./MicroSemi_Code/CMSIS/startup_gcc/startup_a2fxxxm3.o
LOAD ./FreeTCPIP/psock.o
LOAD ./FreeTCPIP/timer.o
LOAD ./FreeTCPIP/uip.o
LOAD ./FreeTCPIP/uip_arp.o
LOAD ./FreeTCPIP/http_Common/http-strings.o
LOAD ./FreeTCPIP/http_Common/httpd-fs.o
LOAD ./FreeTCPIP/http_Common/httpd.o
LOAD ./FreeRTOS_Source/list.o
LOAD ./FreeRTOS_Source/queue.o
LOAD ./FreeRTOS_Source/tasks.o
LOAD ./FreeRTOS_Source/timers.o
LOAD ./FreeRTOS_Source/portable/MemMang/heap_2.o
LOAD ./FreeRTOS_Source/portable/GCC/ARM_CM3/port.o
START GROUP
LOAD c:/program files (x86)/microsemi/softconsole v3.4/sourcery-g++/bin/../lib/gcc/arm-none-eabi/4.4.1/thumb2\libgcc.a
LOAD c:/program files (x86)/microsemi/softconsole v3.4/sourcery-g++/bin/../lib/gcc/arm-none-eabi/4.4.1/../../../../arm-none-eabi/lib/thumb2\libc.a
LOAD c:/program files (x86)/microsemi/softconsole v3.4/sourcery-g++/bin/../lib/gcc/arm-none-eabi/4.4.1/thumb2\libgcc.a
END GROUP
LOAD c:/program files (x86)/microsemi/softconsole v3.4/sourcery-g++/bin/../lib/gcc/arm-none-eabi/4.4.1/thumb2/crtend.o
LOAD c:/program files (x86)/microsemi/softconsole v3.4/sourcery-g++/bin/../lib/gcc/arm-none-eabi/4.4.1/thumb2/crtn.o
START GROUP
LOAD c:/program files (x86)/microsemi/softconsole v3.4/sourcery-g++/bin/../lib/gcc/arm-none-eabi/4.4.1/../../../../arm-none-eabi/lib/thumb2\libc.a
LOAD c:/program files (x86)/microsemi/softconsole v3.4/sourcery-g++/bin/../lib/gcc/arm-none-eabi/4.4.1/thumb2\libgcc.a
LOAD c:/program files (x86)/microsemi/softconsole v3.4/sourcery-g++/bin/../lib/gcc/arm-none-eabi/4.4.1/../../../../arm-none-eabi/lib/thumb2\libm.a
END GROUP
                0x00000000                __DYNAMIC = 0x0
                0x20000000                RAM_START_ADDRESS = 0x20000000
                0x00010000                RAM_SIZE = 0x10000
                0x00002000                MAIN_STACK_SIZE = 0x2000
                0x00001000                PROCESS_STACK_SIZE = 0x1000
                0x20010000                PROVIDE (__main_stack_start, (RAM_START_ADDRESS + RAM_SIZE))
                0x2000e000                PROVIDE (__process_stack_start, (__main_stack_start - MAIN_STACK_SIZE))
                0x20010000                PROVIDE (_estack, __main_stack_start)
                0x00000001                PROVIDE (__mirrored_nvm, 0x1)

.init           0x00000000      0x460 load address 0x60000000
 *(.isr_vector)
 .isr_vector    0x00000000      0x460 ./MicroSemi_Code/CMSIS/startup_gcc/startup_a2fxxxm3.o
                0x00000000                g_pfnVectors
                0x00000298                Reset_Handler
                0x000002f8                NMI_Handler
                0x000002fa                HardFault_Handler
                0x000002fc                MemManage_Handler
                0x000002fe                BusFault_Handler
                0x00000300                UsageFault_Handler
                0x00000304                DebugMon_Handler
                0x0000030a                WdogWakeup_IRQHandler
                0x0000030c                BrownOut_1_5V_IRQHandler
                0x0000030e                BrownOut_3_3V_IRQHandler
                0x00000310                RTC_Match_IRQHandler
                0x00000312                RTCIF_Pub_IRQHandler
                0x00000316                IAP_IRQHandler
                0x00000318                ENVM0_IRQHandler
                0x0000031a                ENVM1_IRQHandler
                0x0000031c                DMA_IRQHandler
                0x0000031e                UART0_IRQHandler
                0x00000320                UART1_IRQHandler
                0x00000322                SPI0_IRQHandler
                0x00000324                SPI1_IRQHandler
                0x00000328                I2C0_SMBAlert_IRQHandler
                0x0000032a                I2C0_SMBus_IRQHandler
                0x0000032e                I2C1_SMBAlert_IRQHandler
                0x00000330                I2C1_SMBus_IRQHandler
                0x00000332                Timer1_IRQHandler
                0x00000334                Timer2_IRQHandler
                0x00000336                PLL_Lock_IRQHandler
                0x00000338                PLL_LockLost_IRQHandler
                0x0000033a                CommError_IRQHandler
                0x0000033c                Fabric_IRQHandler
                0x0000033e                GPIO0_IRQHandler
                0x00000340                GPIO1_IRQHandler
                0x00000342                GPIO2_IRQHandler
                0x00000344                GPIO3_IRQHandler
                0x00000346                GPIO4_IRQHandler
                0x00000348                GPIO5_IRQHandler
                0x0000034a                GPIO6_IRQHandler
                0x0000034c                GPIO7_IRQHandler
                0x00000350                GPIO9_IRQHandler
                0x00000352                GPIO10_IRQHandler
                0x00000354                GPIO11_IRQHandler
                0x00000356                GPIO12_IRQHandler
                0x00000358                GPIO13_IRQHandler
                0x0000035a                GPIO14_IRQHandler
                0x0000035c                GPIO15_IRQHandler
                0x0000035e                GPIO16_IRQHandler
                0x00000360                GPIO17_IRQHandler
                0x00000362                GPIO18_IRQHandler
                0x00000364                GPIO19_IRQHandler
                0x00000366                GPIO20_IRQHandler
                0x00000368                GPIO21_IRQHandler
                0x0000036a                GPIO22_IRQHandler
                0x0000036c                GPIO23_IRQHandler
                0x0000036e                GPIO24_IRQHandler
                0x00000370                GPIO25_IRQHandler
                0x00000372                GPIO26_IRQHandler
                0x00000374                GPIO27_IRQHandler
                0x00000376                GPIO28_IRQHandler
                0x00000378                GPIO29_IRQHandler
                0x0000037a                GPIO30_IRQHandler
                0x0000037c                GPIO31_IRQHandler
                0x0000037e                ACE_PC0_Flag0_IRQHandler
                0x00000380                ACE_PC0_Flag1_IRQHandler
                0x00000382                ACE_PC0_Flag2_IRQHandler
                0x00000384                ACE_PC0_Flag3_IRQHandler
                0x00000386                ACE_PC1_Flag0_IRQHandler
                0x00000388                ACE_PC1_Flag1_IRQHandler
                0x0000038a                ACE_PC1_Flag2_IRQHandler
                0x0000038c                ACE_PC1_Flag3_IRQHandler
                0x0000038e                ACE_PC2_Flag0_IRQHandler
                0x00000390                ACE_PC2_Flag1_IRQHandler
                0x00000392                ACE_PC2_Flag2_IRQHandler
                0x00000394                ACE_PC2_Flag3_IRQHandler
                0x00000396                ACE_ADC0_DataValid_IRQHandler
                0x00000398                ACE_ADC1_DataValid_IRQHandler
                0x0000039a                ACE_ADC2_DataValid_IRQHandler
                0x0000039c                ACE_ADC0_CalDone_IRQHandler
                0x0000039e                ACE_ADC1_CalDone_IRQHandler
                0x000003a0                ACE_ADC2_CalDone_IRQHandler
                0x000003a2                ACE_ADC0_CalStart_IRQHandler
                0x000003a4                ACE_ADC1_CalStart_IRQHandler
                0x000003a6                ACE_ADC2_CalStart_IRQHandler
                0x000003a8                ACE_Comp0_Fall_IRQHandler
                0x000003aa                ACE_Comp1_Fall_IRQHandler
                0x000003ac                ACE_Comp2_Fall_IRQHandler
                0x000003ae                ACE_Comp3_Fall_IRQHandler
                0x000003b0                ACE_Comp4_Fall_IRQHandler
                0x000003b2                ACE_Comp5_Fall_IRQHandler
                0x000003b4                ACE_Comp6_Fall_IRQHandler
                0x000003b6                ACE_Comp7_Fall_IRQHandler
                0x000003b8                ACE_Comp8_Fall_IRQHandler
                0x000003ba                ACE_Comp9_Fall_IRQHandler
                0x000003bc                ACE_Comp10_Fall_IRQHandler
                0x000003be                ACE_Comp11_Fall_IRQHandler
                0x000003c0                ACE_Comp0_Rise_IRQHandler
                0x000003c2                ACE_Comp1_Rise_IRQHandler
                0x000003c4                ACE_Comp2_Rise_IRQHandler
                0x000003c6                ACE_Comp3_Rise_IRQHandler
                0x000003c8                ACE_Comp4_Rise_IRQHandler
                0x000003ca                ACE_Comp5_Rise_IRQHandler
                0x000003cc                ACE_Comp6_Rise_IRQHandler
                0x000003ce                ACE_Comp7_Rise_IRQHandler
                0x000003d0                ACE_Comp8_Rise_IRQHandler
                0x000003d2                ACE_Comp9_Rise_IRQHandler
                0x000003d4                ACE_Comp10_Rise_IRQHandler
                0x000003d6                ACE_Comp11_Rise_IRQHandler
                0x000003d8                ACE_ADC0_FifoFull_IRQHandler
                0x000003da                ACE_ADC0_FifoAFull_IRQHandler
                0x000003dc                ACE_ADC0_FifoEmpty_IRQHandler
                0x000003de                ACE_ADC1_FifoFull_IRQHandler
                0x000003e0                ACE_ADC1_FifoAFull_IRQHandler
                0x000003e2                ACE_ADC1_FifoEmpty_IRQHandler
                0x000003e4                ACE_ADC2_FifoFull_IRQHandler
                0x000003e6                ACE_ADC2_FifoAFull_IRQHandler
                0x000003e8                ACE_ADC2_FifoEmpty_IRQHandler
                0x000003ea                ACE_PPE_Flag0_IRQHandler
                0x000003ec                ACE_PPE_Flag1_IRQHandler
                0x000003ee                ACE_PPE_Flag2_IRQHandler
                0x000003f0                ACE_PPE_Flag3_IRQHandler
                0x000003f2                ACE_PPE_Flag4_IRQHandler
                0x000003f4                ACE_PPE_Flag5_IRQHandler
                0x000003f6                ACE_PPE_Flag6_IRQHandler
                0x000003f8                ACE_PPE_Flag7_IRQHandler
                0x000003fa                ACE_PPE_Flag8_IRQHandler
                0x000003fc                ACE_PPE_Flag9_IRQHandler
                0x000003fe                ACE_PPE_Flag10_IRQHandler
                0x00000400                ACE_PPE_Flag11_IRQHandler
                0x00000402                ACE_PPE_Flag12_IRQHandler
                0x00000404                ACE_PPE_Flag13_IRQHandler
                0x00000406                ACE_PPE_Flag14_IRQHandler
                0x00000408                ACE_PPE_Flag15_IRQHandler
                0x0000040a                ACE_PPE_Flag16_IRQHandler
                0x0000040c                ACE_PPE_Flag17_IRQHandler
                0x0000040e                ACE_PPE_Flag18_IRQHandler
                0x00000410                ACE_PPE_Flag19_IRQHandler
                0x00000412                ACE_PPE_Flag20_IRQHandler
                0x00000414                ACE_PPE_Flag21_IRQHandler
                0x00000416                ACE_PPE_Flag22_IRQHandler
                0x00000418                ACE_PPE_Flag23_IRQHandler
                0x0000041a                ACE_PPE_Flag24_IRQHandler
                0x0000041c                ACE_PPE_Flag25_IRQHandler
                0x0000041e                ACE_PPE_Flag26_IRQHandler
                0x00000420                ACE_PPE_Flag27_IRQHandler
                0x00000422                ACE_PPE_Flag28_IRQHandler
                0x00000424                ACE_PPE_Flag29_IRQHandler
                0x00000426                ACE_PPE_Flag30_IRQHandler
                0x00000428                ACE_PPE_Flag31_IRQHandler
 *sys_boot.o(.text)
                0x00000460                . = ALIGN (0x4)

.text           0x00000460    0x1be5c load address 0x60000460
 CREATE_OBJECT_SYMBOLS
                0x60000460                __text_load = LOADADDR (.text)
                0x00000460                __text_start = .
                0x00000460                __vector_table_vma_base_address = .
 *(.text .text.* .gnu.linkonce.t.*)
 .text          0x00000460        0x0 c:/program files (x86)/microsemi/softconsole v3.4/sourcery-g++/bin/../lib/gcc/arm-none-eabi/4.4.1/thumb2/crti.o
 .text          0x00000460       0x30 c:/program files (x86)/microsemi/softconsole v3.4/sourcery-g++/bin/../lib/gcc/arm-none-eabi/4.4.1/thumb2/crtbegin.o
 .text          0x00000490        0x0 ./ParTest.o
 .text.MSS_GPIO_set_outputs
                0x00000490       0x20 ./ParTest.o
 .text.vParTestInitialise
                0x000004b0       0x54 ./ParTest.o
                0x000004b0                vParTestInitialise
 .text.vParTestSetLED
                0x00000504       0x80 ./ParTest.o
                0x00000504                vParTestSetLED
 .text.vParTestSetLEDFromISR
                0x00000584       0xa0 ./ParTest.o
                0x00000584                vParTestSetLEDFromISR
 .text.vParTestToggleLED
                0x00000624       0x94 ./ParTest.o
                0x00000624                vParTestToggleLED
 .text.lParTestGetLEDState
                0x000006b8       0x48 ./ParTest.o
                0x000006b8                lParTestGetLEDState
 .text          0x00000700        0x0 ./main-full.o
 .text.NVIC_EnableIRQ
                0x00000700       0x38 ./main-full.o
 .text.NVIC_DisableIRQ
                0x00000738       0x3c ./main-full.o
 .text.NVIC_ClearPendingIRQ
                0x00000774       0x3c ./main-full.o
 .text.NVIC_SetPriority
                0x000007b0       0x5c ./main-full.o
 .text.MSS_TIM64_init
                0x0000080c       0xa4 ./main-full.o
 .text.MSS_TIM64_start
                0x000008b0       0x1c ./main-full.o
 .text.MSS_TIM64_get_current_value
                0x000008cc       0x30 ./main-full.o
 .text.MSS_TIM64_load_immediate
                0x000008fc       0x2c ./main-full.o
 .text.main     0x00000928       0xe0 ./main-full.o
                0x00000928                main
 .text.prvCheckTimerCallback
                0x00000a08       0x40 ./main-full.o
 .text.GPIO8_IRQHandler
                0x00000a48       0x38 ./main-full.o
                0x00000a48                GPIO8_IRQHandler
 .text.prvQueueSendTask
                0x00000a80       0x6c ./main-full.o
 .text.prvQueueReceiveTask
                0x00000aec       0x38 ./main-full.o
 .text.prvSetupHardware
                0x00000b24       0x3c ./main-full.o
 .text.vApplicationMallocFailedHook
                0x00000b60        0x8 ./main-full.o
                0x00000b60                vApplicationMallocFailedHook
 .text.vApplicationStackOverflowHook
                0x00000b68       0x20 ./main-full.o
                0x00000b68                vApplicationStackOverflowHook
 .text.vApplicationIdleHook
                0x00000b88       0x18 ./main-full.o
                0x00000b88                vApplicationIdleHook
 .text.pcGetTaskStatusMessage
                0x00000ba0       0x30 ./main-full.o
                0x00000ba0                pcGetTaskStatusMessage
 .text.vMainConfigureTimerForRunTimeStats
                0x00000bd0       0x28 ./main-full.o
                0x00000bd0                vMainConfigureTimerForRunTimeStats
 .text.ulGetRunTimeCounterValue
                0x00000bf8       0x64 ./main-full.o
                0x00000bf8                ulGetRunTimeCounterValue
 .text          0x00000c5c        0x0 ./printf-stdarg.o
 .text.printchar
                0x00000c5c       0x30 ./printf-stdarg.o
 .text.prints   0x00000c8c       0xd4 ./printf-stdarg.o
 .text.printi   0x00000d60       0xf8 ./printf-stdarg.o
 .text.print    0x00000e58      0x21c ./printf-stdarg.o
 .text.printf   0x00001074       0x2c ./printf-stdarg.o
                0x00001074                printf
 .text.sprintf  0x000010a0       0x30 ./printf-stdarg.o
                0x000010a0                sprintf
 .text.snprintf
                0x000010d0       0x34 ./printf-stdarg.o
                0x000010d0                snprintf
 .text.write    0x00001104       0x1c ./printf-stdarg.o
                0x00001104                write
 .text          0x00001120        0x0 ./uIP_Task.o
 .text.NVIC_EnableIRQ
                0x00001120       0x38 ./uIP_Task.o
 .text.NVIC_SetPriority
                0x00001158       0x5c ./uIP_Task.o
 .text.clock_time
                0x000011b4       0x10 ./uIP_Task.o
                0x000011b4                clock_time
 .text.vuIP_Task
                0x000011c4      0x198 ./uIP_Task.o
                0x000011c4                vuIP_Task
 .text.prvSetMACAddress
                0x0000135c       0x7c ./uIP_Task.o
 .text.prvInitialise_uIP
                0x000013d8      0x180 ./uIP_Task.o
 .text.prvEMACEventListener
                0x00001558       0x94 ./uIP_Task.o
 .text.prvInitEmac
                0x000015ec       0x3c ./uIP_Task.o
 .text.vEMACWrite
                0x00001628       0x54 ./uIP_Task.o
                0x00001628                vEMACWrite
 .text.prvUIPTimerCallback
                0x0000167c       0x64 ./uIP_Task.o
 .text.vApplicationProcessFormInput
                0x000016e0       0x9c ./uIP_Task.o
                0x000016e0                vApplicationProcessFormInput
 .text          0x0000177c        0x0 ./WebServer/httpd-cgi.o
 .text.nullfunction
                0x0000177c       0x30 ./WebServer/httpd-cgi.o
 .text.httpd_cgi
                0x000017ac       0x64 ./WebServer/httpd-cgi.o
                0x000017ac                httpd_cgi
 .text.generate_file_stats
                0x00001810       0x40 ./WebServer/httpd-cgi.o
 .text.file_stats
                0x00001850       0x74 ./WebServer/httpd-cgi.o
 .text.generate_tcp_stats
                0x000018c4      0x120 ./WebServer/httpd-cgi.o
 .text.tcp_stats
                0x000019e4       0xb4 ./WebServer/httpd-cgi.o
 .text.generate_net_stats
                0x00001a98       0x4c ./WebServer/httpd-cgi.o
 .text.net_stats
                0x00001ae4       0x8c ./WebServer/httpd-cgi.o
 .text.generate_rtos_stats
                0x00001b70       0x8c ./WebServer/httpd-cgi.o
 .text.rtos_stats
                0x00001bfc       0x68 ./WebServer/httpd-cgi.o
 .text.generate_io_state
                0x00001c64       0x94 ./WebServer/httpd-cgi.o
 .text.generate_runtime_stats
                0x00001cf8       0x88 ./WebServer/httpd-cgi.o
 .text.run_time
                0x00001d80       0x68 ./WebServer/httpd-cgi.o
 .text.led_io   0x00001de8       0x6c ./WebServer/httpd-cgi.o
 .text          0x00001e54        0x0 ./MicroSemi_Code/drivers_config/mss_ace/ace_config.o
 .text          0x00001e54        0x0 ./MicroSemi_Code/drivers/mss_gpio/mss_gpio.o
 .text.NVIC_EnableIRQ
                0x00001e54       0x38 ./MicroSemi_Code/drivers/mss_gpio/mss_gpio.o
 .text.NVIC_ClearPendingIRQ
                0x00001e8c       0x3c ./MicroSemi_Code/drivers/mss_gpio/mss_gpio.o
 .text.MSS_GPIO_init
                0x00001ec8       0x6c ./MicroSemi_Code/drivers/mss_gpio/mss_gpio.o
                0x00001ec8                MSS_GPIO_init
 .text.MSS_GPIO_config
                0x00001f34       0x3c ./MicroSemi_Code/drivers/mss_gpio/mss_gpio.o
                0x00001f34                MSS_GPIO_config
 .text.MSS_GPIO_set_output
                0x00001f70       0x40 ./MicroSemi_Code/drivers/mss_gpio/mss_gpio.o
                0x00001f70                MSS_GPIO_set_output
 .text.MSS_GPIO_drive_inout
                0x00001fb0      0x128 ./MicroSemi_Code/drivers/mss_gpio/mss_gpio.o
                0x00001fb0                MSS_GPIO_drive_inout
 .text.MSS_GPIO_enable_irq
                0x000020d8       0x64 ./MicroSemi_Code/drivers/mss_gpio/mss_gpio.o
                0x000020d8                MSS_GPIO_enable_irq
 .text.MSS_GPIO_disable_irq
                0x0000213c       0x50 ./MicroSemi_Code/drivers/mss_gpio/mss_gpio.o
                0x0000213c                MSS_GPIO_disable_irq
 .text.MSS_GPIO_clear_irq
                0x0000218c       0x50 ./MicroSemi_Code/drivers/mss_gpio/mss_gpio.o
                0x0000218c                MSS_GPIO_clear_irq
 .text          0x000021dc        0x0 ./MicroSemi_Code/drivers/mss_ethernet_mac/crc32.o
 .text.mss_mac_crc32
                0x000021dc       0x60 ./MicroSemi_Code/drivers/mss_ethernet_mac/crc32.o
                0x000021dc                mss_mac_crc32
 .text.mss_ethernet_crc
                0x0000223c       0x24 ./MicroSemi_Code/drivers/mss_ethernet_mac/crc32.o
                0x0000223c                mss_ethernet_crc
 .text          0x00002260        0x0 ./MicroSemi_Code/drivers/mss_ethernet_mac/mss_ethernet_mac.o
 .text.MSS_MAC_init
                0x00002260      0x358 ./MicroSemi_Code/drivers/mss_ethernet_mac/mss_ethernet_mac.o
                0x00002260                MSS_MAC_init
 .text.MSS_MAC_configure
                0x000025b8      0x248 ./MicroSemi_Code/drivers/mss_ethernet_mac/mss_ethernet_mac.o
                0x000025b8                MSS_MAC_configure
 .text.MSS_MAC_get_configuration
                0x00002800      0x144 ./MicroSemi_Code/drivers/mss_ethernet_mac/mss_ethernet_mac.o
                0x00002800                MSS_MAC_get_configuration
 .text.MSS_MAC_tx_packet
                0x00002944      0x544 ./MicroSemi_Code/drivers/mss_ethernet_mac/mss_ethernet_mac.o
                0x00002944                MSS_MAC_tx_packet
 .text.MSS_MAC_rx_pckt_size
                0x00002e88       0x74 ./MicroSemi_Code/drivers/mss_ethernet_mac/mss_ethernet_mac.o
                0x00002e88                MSS_MAC_rx_pckt_size
 .text.MSS_MAC_rx_packet
                0x00002efc       0xf0 ./MicroSemi_Code/drivers/mss_ethernet_mac/mss_ethernet_mac.o
                0x00002efc                MSS_MAC_rx_packet
 .text.MSS_MAC_rx_packet_ptrset
                0x00002fec      0x134 ./MicroSemi_Code/drivers/mss_ethernet_mac/mss_ethernet_mac.o
                0x00002fec                MSS_MAC_rx_packet_ptrset
 .text.MSS_MAC_link_status
                0x00003120       0x30 ./MicroSemi_Code/drivers/mss_ethernet_mac/mss_ethernet_mac.o
                0x00003120                MSS_MAC_link_status
 .text.MSS_MAC_auto_setup_link
                0x00003150       0xd0 ./MicroSemi_Code/drivers/mss_ethernet_mac/mss_ethernet_mac.o
                0x00003150                MSS_MAC_auto_setup_link
 .text.MSS_MAC_set_mac_address
                0x00003220       0xa4 ./MicroSemi_Code/drivers/mss_ethernet_mac/mss_ethernet_mac.o
                0x00003220                MSS_MAC_set_mac_address
 .text.MSS_MAC_get_mac_address
                0x000032c4       0x20 ./MicroSemi_Code/drivers/mss_ethernet_mac/mss_ethernet_mac.o
                0x000032c4                MSS_MAC_get_mac_address
 .text.MSS_MAC_set_mac_filters
                0x000032e4      0x1b8 ./MicroSemi_Code/drivers/mss_ethernet_mac/mss_ethernet_mac.o
                0x000032e4                MSS_MAC_set_mac_filters
 .text.EthernetMAC_IRQHandler
                0x0000349c      0x13c ./MicroSemi_Code/drivers/mss_ethernet_mac/mss_ethernet_mac.o
                0x0000349c                EthernetMAC_IRQHandler
 .text.MSS_MAC_set_callback
                0x000035d8       0x70 ./MicroSemi_Code/drivers/mss_ethernet_mac/mss_ethernet_mac.o
                0x000035d8                MSS_MAC_set_callback
 .text.MSS_MAC_last_error
                0x00003648       0x54 ./MicroSemi_Code/drivers/mss_ethernet_mac/mss_ethernet_mac.o
                0x00003648                MSS_MAC_last_error
 .text.MSS_MAC_get_statistics
                0x0000369c      0x2b4 ./MicroSemi_Code/drivers/mss_ethernet_mac/mss_ethernet_mac.o
                0x0000369c                MSS_MAC_get_statistics
 .text.MSS_MAC_prepare_rx_descriptor
                0x00003950      0x428 ./MicroSemi_Code/drivers/mss_ethernet_mac/mss_ethernet_mac.o
                0x00003950                MSS_MAC_prepare_rx_descriptor
 .text.MAC_send_setup_frame
                0x00003d78      0x36c ./MicroSemi_Code/drivers/mss_ethernet_mac/mss_ethernet_mac.o
 .text.MAC_stop_transmission
                0x000040e4       0x60 ./MicroSemi_Code/drivers/mss_ethernet_mac/mss_ethernet_mac.o
 .text.MAC_start_transmission
                0x00004144       0x1c ./MicroSemi_Code/drivers/mss_ethernet_mac/mss_ethernet_mac.o
 .text.MAC_stop_receiving
                0x00004160       0x60 ./MicroSemi_Code/drivers/mss_ethernet_mac/mss_ethernet_mac.o
 .text.MAC_start_receiving
                0x000041c0       0x1c ./MicroSemi_Code/drivers/mss_ethernet_mac/mss_ethernet_mac.o
 .text.MAC_dismiss_bad_frames
                0x000041dc       0xa4 ./MicroSemi_Code/drivers/mss_ethernet_mac/mss_ethernet_mac.o
 .text.MAC_set_time_out
                0x00004280       0x50 ./MicroSemi_Code/drivers/mss_ethernet_mac/mss_ethernet_mac.o
 .text.MAC_get_time_out
                0x000042d0       0xf4 ./MicroSemi_Code/drivers/mss_ethernet_mac/mss_ethernet_mac.o
 .text.MAC_memset
                0x000043c4       0x38 ./MicroSemi_Code/drivers/mss_ethernet_mac/mss_ethernet_mac.o
 .text.MAC_memset_All
                0x000043fc      0x448 ./MicroSemi_Code/drivers/mss_ethernet_mac/mss_ethernet_mac.o
 .text.MAC_memcpy
                0x00004844       0x3c ./MicroSemi_Code/drivers/mss_ethernet_mac/mss_ethernet_mac.o
 .text.MSS_MAC_FreeTxBuffers
                0x00004880       0x88 ./MicroSemi_Code/drivers/mss_ethernet_mac/mss_ethernet_mac.o
                0x00004880                MSS_MAC_FreeTxBuffers
 .text.MAC_obtain_buffer
                0x00004908      0x178 ./MicroSemi_Code/drivers/mss_ethernet_mac/mss_ethernet_mac.o
 .text.MAC_release_buffer
                0x00004a80       0x70 ./MicroSemi_Code/drivers/mss_ethernet_mac/mss_ethernet_mac.o
 .text          0x00004af0        0x0 ./MicroSemi_Code/drivers/mss_ethernet_mac/phy.o
 .text.MDIO_management_clock
                0x00004af0       0x38 ./MicroSemi_Code/drivers/mss_ethernet_mac/phy.o
 .text.MDIO_send_cmd
                0x00004b28      0x100 ./MicroSemi_Code/drivers/mss_ethernet_mac/phy.o
 .text.MDIO_read
                0x00004c28       0x70 ./MicroSemi_Code/drivers/mss_ethernet_mac/phy.o
 .text.MDIO_write
                0x00004c98       0x74 ./MicroSemi_Code/drivers/mss_ethernet_mac/phy.o
 .text.PHY_probe
                0x00004d0c       0x84 ./MicroSemi_Code/drivers/mss_ethernet_mac/phy.o
                0x00004d0c                PHY_probe
 .text.PHY_reset
                0x00004d90       0x20 ./MicroSemi_Code/drivers/mss_ethernet_mac/phy.o
                0x00004d90                PHY_reset
 .text.PHY_auto_negotiate
                0x00004db0       0x50 ./MicroSemi_Code/drivers/mss_ethernet_mac/phy.o
                0x00004db0                PHY_auto_negotiate
 .text.PHY_link_status
                0x00004e00       0x30 ./MicroSemi_Code/drivers/mss_ethernet_mac/phy.o
                0x00004e00                PHY_link_status
 .text.PHY_link_type
                0x00004e30       0x48 ./MicroSemi_Code/drivers/mss_ethernet_mac/phy.o
                0x00004e30                PHY_link_type
 .text.PHY_set_link_type
                0x00004e78       0x58 ./MicroSemi_Code/drivers/mss_ethernet_mac/phy.o
                0x00004e78                PHY_set_link_type
 .text.PHY_set_loopback
                0x00004ed0       0x58 ./MicroSemi_Code/drivers/mss_ethernet_mac/phy.o
                0x00004ed0                PHY_set_loopback
 .text          0x00004f28        0x0 ./MicroSemi_Code/drivers/mss_ace/ace_convert.o
 .text.ACE_get_channel_type
                0x00004f28       0x44 ./MicroSemi_Code/drivers/mss_ace/ace_convert.o
                0x00004f28                ACE_get_channel_type
 .text.ACE_convert_adc_input_to_mV
                0x00004f6c       0x64 ./MicroSemi_Code/drivers/mss_ace/ace_convert.o
                0x00004f6c                ACE_convert_adc_input_to_mV
 .text.ace_init_convert
                0x00004fd0      0x1b4 ./MicroSemi_Code/drivers/mss_ace/ace_convert.o
                0x00004fd0                ace_init_convert
 .text.ACE_convert_to_mV
                0x00005184       0xc8 ./MicroSemi_Code/drivers/mss_ace/ace_convert.o
                0x00005184                ACE_convert_to_mV
 .text.ACE_convert_to_mA
                0x0000524c       0xb4 ./MicroSemi_Code/drivers/mss_ace/ace_convert.o
                0x0000524c                ACE_convert_to_mA
 .text.ACE_convert_to_Kelvin
                0x00005300       0x4c ./MicroSemi_Code/drivers/mss_ace/ace_convert.o
                0x00005300                ACE_convert_to_Kelvin
 .text.ACE_convert_to_Celsius
                0x0000534c       0x3c ./MicroSemi_Code/drivers/mss_ace/ace_convert.o
                0x0000534c                ACE_convert_to_Celsius
 .text.ACE_convert_to_Fahrenheit
                0x00005388       0x58 ./MicroSemi_Code/drivers/mss_ace/ace_convert.o
                0x00005388                ACE_convert_to_Fahrenheit
 .text.ACE_get_channel_name
                0x000053e0       0x38 ./MicroSemi_Code/drivers/mss_ace/ace_convert.o
                0x000053e0                ACE_get_channel_name
 .text.ACE_convert_mV_to_adc_value
                0x00005418       0x98 ./MicroSemi_Code/drivers/mss_ace/ace_convert.o
                0x00005418                ACE_convert_mV_to_adc_value
 .text.convert_mV_to_ppe_value
                0x000054b0       0x7c ./MicroSemi_Code/drivers/mss_ace/ace_convert.o
 .text.ACE_convert_from_mV
                0x0000552c       0xe8 ./MicroSemi_Code/drivers/mss_ace/ace_convert.o
                0x0000552c                ACE_convert_from_mV
 .text.ACE_convert_from_mA
                0x00005614       0x50 ./MicroSemi_Code/drivers/mss_ace/ace_convert.o
                0x00005614                ACE_convert_from_mA
 .text.ACE_convert_from_Kelvin
                0x00005664       0x58 ./MicroSemi_Code/drivers/mss_ace/ace_convert.o
                0x00005664                ACE_convert_from_Kelvin
 .text.ACE_convert_from_Celsius
                0x000056bc       0x4c ./MicroSemi_Code/drivers/mss_ace/ace_convert.o
                0x000056bc                ACE_convert_from_Celsius
 .text.ACE_convert_from_Fahrenheit
                0x00005708       0x64 ./MicroSemi_Code/drivers/mss_ace/ace_convert.o
                0x00005708                ACE_convert_from_Fahrenheit
 .text.ACE_translate_pdma_value
                0x0000576c       0x34 ./MicroSemi_Code/drivers/mss_ace/ace_convert.o
                0x0000576c                ACE_translate_pdma_value
 .text          0x000057a0        0x0 ./MicroSemi_Code/drivers/mss_ace/mss_ace.o
 .text.ACE_init
                0x000057a0        0xc ./MicroSemi_Code/drivers/mss_ace/mss_ace.o
                0x000057a0                ACE_init
 .text.ACE_start_adc
                0x000057ac       0x2c ./MicroSemi_Code/drivers/mss_ace/mss_ace.o
                0x000057ac                ACE_start_adc
 .text.ACE_get_adc_result
                0x000057d8       0x64 ./MicroSemi_Code/drivers/mss_ace/mss_ace.o
                0x000057d8                ACE_get_adc_result
 .text.ACE_configure_sdd
                0x0000583c      0x1a0 ./MicroSemi_Code/drivers/mss_ace/mss_ace.o
                0x0000583c                ACE_configure_sdd
 .text.ACE_enable_sdd
                0x000059dc       0x48 ./MicroSemi_Code/drivers/mss_ace/mss_ace.o
                0x000059dc                ACE_enable_sdd
 .text.ACE_disable_sdd
                0x00005a24       0x48 ./MicroSemi_Code/drivers/mss_ace/mss_ace.o
                0x00005a24                ACE_disable_sdd
 .text.ACE_set_sdd_value
                0x00005a6c       0x4c ./MicroSemi_Code/drivers/mss_ace/mss_ace.o
                0x00005a6c                ACE_set_sdd_value
 .text.ACE_set_sdd_value_sync
                0x00005ab8       0xd0 ./MicroSemi_Code/drivers/mss_ace/mss_ace.o
                0x00005ab8                ACE_set_sdd_value_sync
 .text.ACE_set_comp_reference
                0x00005b88      0x1b0 ./MicroSemi_Code/drivers/mss_ace/mss_ace.o
                0x00005b88                ACE_set_comp_reference
 .text.ACE_set_comp_hysteresis
                0x00005d38      0x128 ./MicroSemi_Code/drivers/mss_ace/mss_ace.o
                0x00005d38                ACE_set_comp_hysteresis
 .text.ACE_enable_comp
                0x00005e60       0xfc ./MicroSemi_Code/drivers/mss_ace/mss_ace.o
                0x00005e60                ACE_enable_comp
 .text.ACE_disable_comp
                0x00005f5c       0xf8 ./MicroSemi_Code/drivers/mss_ace/mss_ace.o
                0x00005f5c                ACE_disable_comp
 .text.ACE_enable_comp_rise_irq
                0x00006054       0x50 ./MicroSemi_Code/drivers/mss_ace/mss_ace.o
                0x00006054                ACE_enable_comp_rise_irq
 .text.ACE_disable_comp_rise_irq
                0x000060a4       0x54 ./MicroSemi_Code/drivers/mss_ace/mss_ace.o
                0x000060a4                ACE_disable_comp_rise_irq
 .text.ACE_clear_comp_rise_irq
                0x000060f8       0x50 ./MicroSemi_Code/drivers/mss_ace/mss_ace.o
                0x000060f8                ACE_clear_comp_rise_irq
 .text.ACE_enable_comp_fall_irq
                0x00006148       0x50 ./MicroSemi_Code/drivers/mss_ace/mss_ace.o
                0x00006148                ACE_enable_comp_fall_irq
 .text.ACE_disable_comp_fall_irq
                0x00006198       0x54 ./MicroSemi_Code/drivers/mss_ace/mss_ace.o
                0x00006198                ACE_disable_comp_fall_irq
 .text.ACE_clear_comp_fall_irq
                0x000061ec       0x50 ./MicroSemi_Code/drivers/mss_ace/mss_ace.o
                0x000061ec                ACE_clear_comp_fall_irq
 .text.ACE_get_comp_status
                0x0000623c       0x20 ./MicroSemi_Code/drivers/mss_ace/mss_ace.o
                0x0000623c                ACE_get_comp_status
 .text.ACE_get_channel_count
                0x0000625c       0x10 ./MicroSemi_Code/drivers/mss_ace/mss_ace.o
                0x0000625c                ACE_get_channel_count
 .text.ACE_get_first_channel
                0x0000626c       0x1c ./MicroSemi_Code/drivers/mss_ace/mss_ace.o
                0x0000626c                ACE_get_first_channel
 .text.ACE_get_next_channel
                0x00006288       0x2c ./MicroSemi_Code/drivers/mss_ace/mss_ace.o
                0x00006288                ACE_get_next_channel
 .text.ACE_get_channel_handle
                0x000062b4       0x74 ./MicroSemi_Code/drivers/mss_ace/mss_ace.o
                0x000062b4                ACE_get_channel_handle
 .text.ACE_get_input_channel_handle
                0x00006328       0x54 ./MicroSemi_Code/drivers/mss_ace/mss_ace.o
                0x00006328                ACE_get_input_channel_handle
 .text.ACE_get_ppe_sample
                0x0000637c       0x44 ./MicroSemi_Code/drivers/mss_ace/mss_ace.o
                0x0000637c                ACE_get_ppe_sample
 .text          0x000063c0        0x0 ./MicroSemi_Code/drivers/I2C/i2c.o
 .text.NVIC_EnableIRQ
                0x000063c0       0x38 ./MicroSemi_Code/drivers/I2C/i2c.o
 .text.NVIC_DisableIRQ
                0x000063f8       0x3c ./MicroSemi_Code/drivers/I2C/i2c.o
 .text.NVIC_ClearPendingIRQ
                0x00006434       0x3c ./MicroSemi_Code/drivers/I2C/i2c.o
 .text.NVIC_SetPriority
                0x00006470       0x5c ./MicroSemi_Code/drivers/I2C/i2c.o
 .text.MSS_I2C_init
                0x000064cc      0x20c ./MicroSemi_Code/drivers/I2C/i2c.o
                0x000064cc                MSS_I2C_init
 .text.MSS_I2C_set_slave_mem_offset_length
                0x000066d8       0x3c ./MicroSemi_Code/drivers/I2C/i2c.o
                0x000066d8                MSS_I2C_set_slave_mem_offset_length
 .text.MSS_I2C_register_write_handler
                0x00006714       0x38 ./MicroSemi_Code/drivers/I2C/i2c.o
                0x00006714                MSS_I2C_register_write_handler
 .text.MSS_I2C_write
                0x0000674c       0xe0 ./MicroSemi_Code/drivers/I2C/i2c.o
                0x0000674c                MSS_I2C_write
 .text.MSS_I2C_read
                0x0000682c       0xc8 ./MicroSemi_Code/drivers/I2C/i2c.o
                0x0000682c                MSS_I2C_read
 .text.MSS_I2C_write_read
                0x000068f4       0xd8 ./MicroSemi_Code/drivers/I2C/i2c.o
                0x000068f4                MSS_I2C_write_read
 .text.MSS_I2C_set_slave_rx_buffer
                0x000069cc       0x58 ./MicroSemi_Code/drivers/I2C/i2c.o
                0x000069cc                MSS_I2C_set_slave_rx_buffer
 .text.MSS_I2C_get_status
                0x00006a24       0x3c ./MicroSemi_Code/drivers/I2C/i2c.o
                0x00006a24                MSS_I2C_get_status
 .text.MSS_I2C_set_slave_tx_buffer
                0x00006a60       0x60 ./MicroSemi_Code/drivers/I2C/i2c.o
                0x00006a60                MSS_I2C_set_slave_tx_buffer
 .text.MSS_I2C_enable_slave_rx
                0x00006ac0       0x50 ./MicroSemi_Code/drivers/I2C/i2c.o
                0x00006ac0                MSS_I2C_enable_slave_rx
 .text.MSS_I2C_wait_complete
                0x00006b10       0x7c ./MicroSemi_Code/drivers/I2C/i2c.o
                0x00006b10                MSS_I2C_wait_complete
 .text.mss_i2c_isr
                0x00006b8c      0x7ec ./MicroSemi_Code/drivers/I2C/i2c.o
 .text.disable_interrupts
                0x00007378       0x1c ./MicroSemi_Code/drivers/I2C/i2c.o
 .text.restore_interrupts
                0x00007394       0x18 ./MicroSemi_Code/drivers/I2C/i2c.o
 .text.I2C0_IRQHandler
                0x000073ac       0x2c ./MicroSemi_Code/drivers/I2C/i2c.o
                0x000073ac                I2C0_IRQHandler
 .text.I2C1_IRQHandler
                0x000073d8       0x2c ./MicroSemi_Code/drivers/I2C/i2c.o
                0x000073d8                I2C1_IRQHandler
 .text          0x00007404        0x0 ./MicroSemi_Code/CMSIS/core_cm3.o
 .text.__get_PSP
                0x00007404       0x10 ./MicroSemi_Code/CMSIS/core_cm3.o
                0x00007404                __get_PSP
 .text.__set_PSP
                0x00007414        0x8 ./MicroSemi_Code/CMSIS/core_cm3.o
                0x00007414                __set_PSP
 .text.__get_MSP
                0x0000741c       0x10 ./MicroSemi_Code/CMSIS/core_cm3.o
                0x0000741c                __get_MSP
 .text.__set_MSP
                0x0000742c        0x8 ./MicroSemi_Code/CMSIS/core_cm3.o
                0x0000742c                __set_MSP
 .text.__get_BASEPRI
                0x00007434       0x20 ./MicroSemi_Code/CMSIS/core_cm3.o
                0x00007434                __get_BASEPRI
 .text.__set_BASEPRI
                0x00007454       0x18 ./MicroSemi_Code/CMSIS/core_cm3.o
                0x00007454                __set_BASEPRI
 .text.__get_PRIMASK
                0x0000746c       0x20 ./MicroSemi_Code/CMSIS/core_cm3.o
                0x0000746c                __get_PRIMASK
 .text.__set_PRIMASK
                0x0000748c       0x18 ./MicroSemi_Code/CMSIS/core_cm3.o
                0x0000748c                __set_PRIMASK
 .text.__get_FAULTMASK
                0x000074a4       0x20 ./MicroSemi_Code/CMSIS/core_cm3.o
                0x000074a4                __get_FAULTMASK
 .text.__set_FAULTMASK
                0x000074c4       0x18 ./MicroSemi_Code/CMSIS/core_cm3.o
                0x000074c4                __set_FAULTMASK
 .text.__get_CONTROL
                0x000074dc       0x20 ./MicroSemi_Code/CMSIS/core_cm3.o
                0x000074dc                __get_CONTROL
 .text.__set_CONTROL
                0x000074fc       0x18 ./MicroSemi_Code/CMSIS/core_cm3.o
                0x000074fc                __set_CONTROL
 .text.__REV    0x00007514       0x24 ./MicroSemi_Code/CMSIS/core_cm3.o
                0x00007514                __REV
 .text.__REV16  0x00007538       0x24 ./MicroSemi_Code/CMSIS/core_cm3.o
                0x00007538                __REV16
 .text.__REVSH  0x0000755c       0x24 ./MicroSemi_Code/CMSIS/core_cm3.o
                0x0000755c                __REVSH
 .text.__RBIT   0x00007580       0x24 ./MicroSemi_Code/CMSIS/core_cm3.o
                0x00007580                __RBIT
 .text.__LDREXB
                0x000075a4       0x24 ./MicroSemi_Code/CMSIS/core_cm3.o
                0x000075a4                __LDREXB
 .text.__LDREXH
                0x000075c8       0x24 ./MicroSemi_Code/CMSIS/core_cm3.o
                0x000075c8                __LDREXH
 .text.__LDREXW
                0x000075ec       0x24 ./MicroSemi_Code/CMSIS/core_cm3.o
                0x000075ec                __LDREXW
 .text.__STREXB
                0x00007610       0x2c ./MicroSemi_Code/CMSIS/core_cm3.o
                0x00007610                __STREXB
 .text.__STREXH
                0x0000763c       0x2c ./MicroSemi_Code/CMSIS/core_cm3.o
                0x0000763c                __STREXH
 .text.__STREXW
                0x00007668       0x28 ./MicroSemi_Code/CMSIS/core_cm3.o
                0x00007668                __STREXW
 .text          0x00007690        0x0 ./MicroSemi_Code/CMSIS/system_a2fxxxm3.o
 .text.SystemInit
                0x00007690        0xc ./MicroSemi_Code/CMSIS/system_a2fxxxm3.o
                0x00007690                SystemInit
 .text.SystemCoreClockUpdate
                0x0000769c      0x150 ./MicroSemi_Code/CMSIS/system_a2fxxxm3.o
                0x0000769c                SystemCoreClockUpdate
 .text.GetSystemClock
                0x000077ec       0xb4 ./MicroSemi_Code/CMSIS/system_a2fxxxm3.o
 .text          0x000078a0        0x0 ./MicroSemi_Code/CMSIS/startup_gcc/newlib_stubs.o
 .text._close   0x000078a0       0x18 ./MicroSemi_Code/CMSIS/startup_gcc/newlib_stubs.o
                0x000078a0                _close
 .text._execve  0x000078b8       0x2c ./MicroSemi_Code/CMSIS/startup_gcc/newlib_stubs.o
                0x000078b8                _execve
 .text._exit    0x000078e4        0xc ./MicroSemi_Code/CMSIS/startup_gcc/newlib_stubs.o
                0x000078e4                _exit
 .text._fork    0x000078f0       0x20 ./MicroSemi_Code/CMSIS/startup_gcc/newlib_stubs.o
                0x000078f0                _fork
 .text._fstat   0x00007910       0x24 ./MicroSemi_Code/CMSIS/startup_gcc/newlib_stubs.o
                0x00007910                _fstat
 .text._getpid  0x00007934       0x10 ./MicroSemi_Code/CMSIS/startup_gcc/newlib_stubs.o
                0x00007934                _getpid
 .text._isatty  0x00007944       0x18 ./MicroSemi_Code/CMSIS/startup_gcc/newlib_stubs.o
                0x00007944                _isatty
 .text._kill    0x0000795c       0x28 ./MicroSemi_Code/CMSIS/startup_gcc/newlib_stubs.o
                0x0000795c                _kill
 .text._link    0x00007984       0x28 ./MicroSemi_Code/CMSIS/startup_gcc/newlib_stubs.o
                0x00007984                _link
 .text._lseek   0x000079ac       0x1c ./MicroSemi_Code/CMSIS/startup_gcc/newlib_stubs.o
                0x000079ac                _lseek
 .text._open    0x000079c8       0x1c ./MicroSemi_Code/CMSIS/startup_gcc/newlib_stubs.o
                0x000079c8                _open
 .text._read    0x000079e4       0x1c ./MicroSemi_Code/CMSIS/startup_gcc/newlib_stubs.o
                0x000079e4                _read
 .text._sbrk    0x00007a00       0x8c ./MicroSemi_Code/CMSIS/startup_gcc/newlib_stubs.o
                0x00007a00                _sbrk
 .text._stat    0x00007a8c       0x24 ./MicroSemi_Code/CMSIS/startup_gcc/newlib_stubs.o
                0x00007a8c                _stat
 .text._times   0x00007ab0       0x18 ./MicroSemi_Code/CMSIS/startup_gcc/newlib_stubs.o
                0x00007ab0                _times
 .text._unlink  0x00007ac8       0x28 ./MicroSemi_Code/CMSIS/startup_gcc/newlib_stubs.o
                0x00007ac8                _unlink
 .text._wait    0x00007af0       0x28 ./MicroSemi_Code/CMSIS/startup_gcc/newlib_stubs.o
                0x00007af0                _wait
 .text._write_r
                0x00007b18       0x20 ./MicroSemi_Code/CMSIS/startup_gcc/newlib_stubs.o
                0x00007b18                _write_r
 .text          0x00007b38        0x0 ./MicroSemi_Code/CMSIS/startup_gcc/startup_a2fxxxm3.o
 .text          0x00007b38        0x0 ./FreeTCPIP/psock.o
 .text.buf_setup
                0x00007b38       0x24 ./FreeTCPIP/psock.o
 .text.buf_bufdata
                0x00007b5c      0x11c ./FreeTCPIP/psock.o
 .text.buf_bufto
                0x00007c78       0xa8 ./FreeTCPIP/psock.o
 .text.send_data
                0x00007d20       0x6c ./FreeTCPIP/psock.o
 .text.data_acked
                0x00007d8c       0x88 ./FreeTCPIP/psock.o
 .text.psock_send
                0x00007e14       0x94 ./FreeTCPIP/psock.o
                0x00007e14                psock_send
 .text.psock_generator_send
                0x00007ea8       0xb8 ./FreeTCPIP/psock.o
                0x00007ea8                psock_generator_send
 .text.psock_datalen
                0x00007f60       0x24 ./FreeTCPIP/psock.o
                0x00007f60                psock_datalen
 .text.psock_newdata
                0x00007f84       0x58 ./FreeTCPIP/psock.o
                0x00007f84                psock_newdata
 .text.psock_readto
                0x00007fdc       0xc8 ./FreeTCPIP/psock.o
                0x00007fdc                psock_readto
 .text.psock_readbuf
                0x000080a4       0xc4 ./FreeTCPIP/psock.o
                0x000080a4                psock_readbuf
 .text.psock_init
                0x00008168       0x48 ./FreeTCPIP/psock.o
                0x00008168                psock_init
 .text          0x000081b0        0x0 ./FreeTCPIP/timer.o
 .text.timer_set
                0x000081b0       0x24 ./FreeTCPIP/timer.o
                0x000081b0                timer_set
 .text.timer_reset
                0x000081d4       0x20 ./FreeTCPIP/timer.o
                0x000081d4                timer_reset
 .text.timer_restart
                0x000081f4       0x1c ./FreeTCPIP/timer.o
                0x000081f4                timer_restart
 .text.timer_expired
                0x00008210       0x2c ./FreeTCPIP/timer.o
                0x00008210                timer_expired
 .text.timer_remaining
                0x0000823c       0x28 ./FreeTCPIP/timer.o
                0x0000823c                timer_remaining
 .text          0x00008264        0x0 ./FreeTCPIP/uip.o
 .text.uip_setipid
                0x00008264       0x20 ./FreeTCPIP/uip.o
                0x00008264                uip_setipid
 .text.uip_add32
                0x00008284      0x14c ./FreeTCPIP/uip.o
                0x00008284                uip_add32
 .text.chksum   0x000083d0       0x98 ./FreeTCPIP/uip.o
 .text.uip_chksum
                0x00008468       0x30 ./FreeTCPIP/uip.o
                0x00008468                uip_chksum
 .text.uip_ipchksum
                0x00008498       0x48 ./FreeTCPIP/uip.o
                0x00008498                uip_ipchksum
 .text.upper_layer_chksum
                0x000084e0       0xa8 ./FreeTCPIP/uip.o
 .text.uip_tcpchksum
                0x00008588       0x14 ./FreeTCPIP/uip.o
                0x00008588                uip_tcpchksum
 .text.uip_udpchksum
                0x0000859c       0x14 ./FreeTCPIP/uip.o
                0x0000859c                uip_udpchksum
 .text.uip_init
                0x000085b0       0xcc ./FreeTCPIP/uip.o
                0x000085b0                uip_init
 .text.uip_connect
                0x0000867c      0x1e0 ./FreeTCPIP/uip.o
                0x0000867c                uip_connect
 .text.uip_unlisten
                0x0000885c       0x88 ./FreeTCPIP/uip.o
                0x0000885c                uip_unlisten
 .text.uip_listen
                0x000088e4       0x84 ./FreeTCPIP/uip.o
                0x000088e4                uip_listen
 .text.uip_add_rcv_nxt
                0x00008968       0x84 ./FreeTCPIP/uip.o
 .text.uip_process
                0x000089ec     0x21b0 ./FreeTCPIP/uip.o
                0x000089ec                uip_process
 .text.htons    0x0000ab9c       0x30 ./FreeTCPIP/uip.o
                0x0000ab9c                htons
 .text.htonl    0x0000abcc       0x5c ./FreeTCPIP/uip.o
                0x0000abcc                htonl
 .text.uip_send
                0x0000ac28       0x84 ./FreeTCPIP/uip.o
                0x0000ac28                uip_send
 .text          0x0000acac        0x0 ./FreeTCPIP/uip_arp.o
 .text.uip_arp_init
                0x0000acac       0x70 ./FreeTCPIP/uip_arp.o
                0x0000acac                uip_arp_init
 .text.uip_arp_timer
                0x0000ad1c       0xd4 ./FreeTCPIP/uip_arp.o
                0x0000ad1c                uip_arp_timer
 .text.uip_arp_update
                0x0000adf0      0x290 ./FreeTCPIP/uip_arp.o
 .text.uip_arp_arpin
                0x0000b080      0x308 ./FreeTCPIP/uip_arp.o
                0x0000b080                uip_arp_arpin
 .text.uip_arp_out
                0x0000b388      0x488 ./FreeTCPIP/uip_arp.o
                0x0000b388                uip_arp_out
 .text          0x0000b810        0x0 ./FreeTCPIP/http_Common/http-strings.o
 .text          0x0000b810        0x0 ./FreeTCPIP/http_Common/httpd-fs.o
 .text.httpd_fs_strcmp
                0x0000b810       0x6c ./FreeTCPIP/http_Common/httpd-fs.o
 .text.httpd_fs_open
                0x0000b87c       0x88 ./FreeTCPIP/http_Common/httpd-fs.o
                0x0000b87c                httpd_fs_open
 .text.httpd_fs_init
                0x0000b904       0x38 ./FreeTCPIP/http_Common/httpd-fs.o
                0x0000b904                httpd_fs_init
 .text.httpd_fs_count
                0x0000b93c       0x60 ./FreeTCPIP/http_Common/httpd-fs.o
                0x0000b93c                httpd_fs_count
 .text          0x0000b99c        0x0 ./FreeTCPIP/http_Common/httpd.o
 .text.generate_part_of_file
                0x0000b99c       0x78 ./FreeTCPIP/http_Common/httpd.o
 .text.send_file
                0x0000ba14       0x98 ./FreeTCPIP/http_Common/httpd.o
 .text.send_part_of_file
                0x0000baac       0x68 ./FreeTCPIP/http_Common/httpd.o
 .text.next_scriptstate
                0x0000bb14       0x54 ./FreeTCPIP/http_Common/httpd.o
 .text.handle_script
                0x0000bb68      0x234 ./FreeTCPIP/http_Common/httpd.o
 .text.send_headers
                0x0000bd9c      0x2d8 ./FreeTCPIP/http_Common/httpd.o
 .text.handle_output
                0x0000c074      0x18c ./FreeTCPIP/http_Common/httpd.o
 .text.handle_input
                0x0000c200      0x1d0 ./FreeTCPIP/http_Common/httpd.o
 .text.handle_connection
                0x0000c3d0       0x28 ./FreeTCPIP/http_Common/httpd.o
 .text.httpd_appcall
                0x0000c3f8      0x118 ./FreeTCPIP/http_Common/httpd.o
                0x0000c3f8                httpd_appcall
 .text.httpd_init
                0x0000c510       0x10 ./FreeTCPIP/http_Common/httpd.o
                0x0000c510                httpd_init
 .text          0x0000c520        0x0 ./FreeRTOS_Source/list.o
 .text.vListInitialise
                0x0000c520       0x48 ./FreeRTOS_Source/list.o
                0x0000c520                vListInitialise
 .text.vListInitialiseItem
                0x0000c568       0x1c ./FreeRTOS_Source/list.o
                0x0000c568                vListInitialiseItem
 .text.vListInsertEnd
                0x0000c584       0x48 ./FreeRTOS_Source/list.o
                0x0000c584                vListInsertEnd
 .text.vListInsert
                0x0000c5cc       0x74 ./FreeRTOS_Source/list.o
                0x0000c5cc                vListInsert
 .text.uxListRemove
                0x0000c640       0x58 ./FreeRTOS_Source/list.o
                0x0000c640                uxListRemove
 .text          0x0000c698        0x0 ./FreeRTOS_Source/queue.o
 .text.xQueueGenericReset
                0x0000c698       0xec ./FreeRTOS_Source/queue.o
                0x0000c698                xQueueGenericReset
 .text.xQueueGenericCreate
                0x0000c784       0x80 ./FreeRTOS_Source/queue.o
                0x0000c784                xQueueGenericCreate
 .text.prvInitialiseNewQueue
                0x0000c804       0x48 ./FreeRTOS_Source/queue.o
 .text.prvInitialiseMutex
                0x0000c84c       0x40 ./FreeRTOS_Source/queue.o
 .text.xQueueCreateMutex
                0x0000c88c       0x38 ./FreeRTOS_Source/queue.o
                0x0000c88c                xQueueCreateMutex
 .text.xQueueGiveMutexRecursive
                0x0000c8c4       0x74 ./FreeRTOS_Source/queue.o
                0x0000c8c4                xQueueGiveMutexRecursive
 .text.xQueueTakeMutexRecursive
                0x0000c938       0x74 ./FreeRTOS_Source/queue.o
                0x0000c938                xQueueTakeMutexRecursive
 .text.xQueueGenericSend
                0x0000c9ac      0x230 ./FreeRTOS_Source/queue.o
                0x0000c9ac                xQueueGenericSend
 .text.xQueueGenericSendFromISR
                0x0000cbdc      0x144 ./FreeRTOS_Source/queue.o
                0x0000cbdc                xQueueGenericSendFromISR
 .text.xQueueGiveFromISR
                0x0000cd20      0x12c ./FreeRTOS_Source/queue.o
                0x0000cd20                xQueueGiveFromISR
 .text.xQueueReceive
                0x0000ce4c      0x1ec ./FreeRTOS_Source/queue.o
                0x0000ce4c                xQueueReceive
 .text.xQueueSemaphoreTake
                0x0000d038      0x240 ./FreeRTOS_Source/queue.o
                0x0000d038                xQueueSemaphoreTake
 .text.xQueuePeek
                0x0000d278      0x1f0 ./FreeRTOS_Source/queue.o
                0x0000d278                xQueuePeek
 .text.xQueueReceiveFromISR
                0x0000d468      0x118 ./FreeRTOS_Source/queue.o
                0x0000d468                xQueueReceiveFromISR
 .text.xQueuePeekFromISR
                0x0000d580       0xd4 ./FreeRTOS_Source/queue.o
                0x0000d580                xQueuePeekFromISR
 .text.uxQueueMessagesWaiting
                0x0000d654       0x3c ./FreeRTOS_Source/queue.o
                0x0000d654                uxQueueMessagesWaiting
 .text.uxQueueSpacesAvailable
                0x0000d690       0x48 ./FreeRTOS_Source/queue.o
                0x0000d690                uxQueueSpacesAvailable
 .text.uxQueueMessagesWaitingFromISR
                0x0000d6d8       0x3c ./FreeRTOS_Source/queue.o
                0x0000d6d8                uxQueueMessagesWaitingFromISR
 .text.vQueueDelete
                0x0000d714       0x34 ./FreeRTOS_Source/queue.o
                0x0000d714                vQueueDelete
 .text.uxQueueGetQueueNumber
                0x0000d748       0x18 ./FreeRTOS_Source/queue.o
                0x0000d748                uxQueueGetQueueNumber
 .text.vQueueSetQueueNumber
                0x0000d760       0x1c ./FreeRTOS_Source/queue.o
                0x0000d760                vQueueSetQueueNumber
 .text.ucQueueGetQueueType
                0x0000d77c       0x1c ./FreeRTOS_Source/queue.o
                0x0000d77c                ucQueueGetQueueType
 .text.prvGetDisinheritPriorityAfterTimeout
                0x0000d798       0x34 ./FreeRTOS_Source/queue.o
 .text.prvCopyDataToQueue
                0x0000d7cc       0xf0 ./FreeRTOS_Source/queue.o
 .text.prvCopyDataFromQueue
                0x0000d8bc       0x50 ./FreeRTOS_Source/queue.o
 .text.prvUnlockQueue
                0x0000d90c       0xac ./FreeRTOS_Source/queue.o
 .text.prvIsQueueEmpty
                0x0000d9b8       0x34 ./FreeRTOS_Source/queue.o
 .text.xQueueIsQueueEmptyFromISR
                0x0000d9ec       0x4c ./FreeRTOS_Source/queue.o
                0x0000d9ec                xQueueIsQueueEmptyFromISR
 .text.prvIsQueueFull
                0x0000da38       0x38 ./FreeRTOS_Source/queue.o
 .text.xQueueIsQueueFullFromISR
                0x0000da70       0x50 ./FreeRTOS_Source/queue.o
                0x0000da70                xQueueIsQueueFullFromISR
 .text.vQueueWaitForMessageRestricted
                0x0000dac0       0x74 ./FreeRTOS_Source/queue.o
                0x0000dac0                vQueueWaitForMessageRestricted
 .text          0x0000db34        0x0 ./FreeRTOS_Source/tasks.o
 .text.xTaskCreate
                0x0000db34       0x94 ./FreeRTOS_Source/tasks.o
                0x0000db34                xTaskCreate
 .text.prvInitialiseNewTask
                0x0000dbc8      0x148 ./FreeRTOS_Source/tasks.o
 .text.prvAddNewTaskToReadyList
                0x0000dd10      0x13c ./FreeRTOS_Source/tasks.o
 .text.vTaskDelete
                0x0000de4c      0x16c ./FreeRTOS_Source/tasks.o
                0x0000de4c                vTaskDelete
 .text.vTaskDelayUntil
                0x0000dfb8      0x110 ./FreeRTOS_Source/tasks.o
                0x0000dfb8                vTaskDelayUntil
 .text.vTaskDelay
                0x0000e0c8       0x70 ./FreeRTOS_Source/tasks.o
                0x0000e0c8                vTaskDelay
 .text.eTaskGetState
                0x0000e138       0xe4 ./FreeRTOS_Source/tasks.o
                0x0000e138                eTaskGetState
 .text.uxTaskPriorityGet
                0x0000e21c       0x38 ./FreeRTOS_Source/tasks.o
                0x0000e21c                uxTaskPriorityGet
 .text.uxTaskPriorityGetFromISR
                0x0000e254       0x5c ./FreeRTOS_Source/tasks.o
                0x0000e254                uxTaskPriorityGetFromISR
 .text.vTaskPrioritySet
                0x0000e2b0      0x1b0 ./FreeRTOS_Source/tasks.o
                0x0000e2b0                vTaskPrioritySet
 .text.vTaskSuspend
                0x0000e460      0x168 ./FreeRTOS_Source/tasks.o
                0x0000e460                vTaskSuspend
 .text.prvTaskIsTaskSuspended
                0x0000e5c8       0x68 ./FreeRTOS_Source/tasks.o
 .text.vTaskResume
                0x0000e630       0xdc ./FreeRTOS_Source/tasks.o
                0x0000e630                vTaskResume
 .text.xTaskResumeFromISR
                0x0000e70c      0x108 ./FreeRTOS_Source/tasks.o
                0x0000e70c                xTaskResumeFromISR
 .text.vTaskStartScheduler
                0x0000e814       0xb4 ./FreeRTOS_Source/tasks.o
                0x0000e814                vTaskStartScheduler
 .text.vTaskEndScheduler
                0x0000e8c8       0x34 ./FreeRTOS_Source/tasks.o
                0x0000e8c8                vTaskEndScheduler
 .text.vTaskSuspendAll
                0x0000e8fc       0x24 ./FreeRTOS_Source/tasks.o
                0x0000e8fc                vTaskSuspendAll
 .text.xTaskResumeAll
                0x0000e920      0x1a0 ./FreeRTOS_Source/tasks.o
                0x0000e920                xTaskResumeAll
 .text.xTaskGetTickCount
                0x0000eac0       0x20 ./FreeRTOS_Source/tasks.o
                0x0000eac0                xTaskGetTickCount
 .text.xTaskGetTickCountFromISR
                0x0000eae0       0x28 ./FreeRTOS_Source/tasks.o
                0x0000eae0                xTaskGetTickCountFromISR
 .text.uxTaskGetNumberOfTasks
                0x0000eb08       0x18 ./FreeRTOS_Source/tasks.o
                0x0000eb08                uxTaskGetNumberOfTasks
 .text.pcTaskGetName
                0x0000eb20       0x4c ./FreeRTOS_Source/tasks.o
                0x0000eb20                pcTaskGetName
 .text.uxTaskGetSystemState
                0x0000eb6c      0x160 ./FreeRTOS_Source/tasks.o
                0x0000eb6c                uxTaskGetSystemState
 .text.xTaskIncrementTick
                0x0000eccc      0x204 ./FreeRTOS_Source/tasks.o
                0x0000eccc                xTaskIncrementTick
 .text.vTaskSwitchContext
                0x0000eed0      0x1a8 ./FreeRTOS_Source/tasks.o
                0x0000eed0                vTaskSwitchContext
 .text.vTaskPlaceOnEventList
                0x0000f078       0x4c ./FreeRTOS_Source/tasks.o
                0x0000f078                vTaskPlaceOnEventList
 .text.vTaskPlaceOnUnorderedEventList
                0x0000f0c4       0x84 ./FreeRTOS_Source/tasks.o
                0x0000f0c4                vTaskPlaceOnUnorderedEventList
 .text.vTaskPlaceOnEventListRestricted
                0x0000f148       0x58 ./FreeRTOS_Source/tasks.o
                0x0000f148                vTaskPlaceOnEventListRestricted
 .text.xTaskRemoveFromEventList
                0x0000f1a0       0xf0 ./FreeRTOS_Source/tasks.o
                0x0000f1a0                xTaskRemoveFromEventList
 .text.vTaskRemoveFromUnorderedEventList
                0x0000f290       0xe0 ./FreeRTOS_Source/tasks.o
                0x0000f290                vTaskRemoveFromUnorderedEventList
 .text.vTaskSetTimeOutState
                0x0000f370       0x50 ./FreeRTOS_Source/tasks.o
                0x0000f370                vTaskSetTimeOutState
 .text.vTaskInternalSetTimeOutState
                0x0000f3c0       0x30 ./FreeRTOS_Source/tasks.o
                0x0000f3c0                vTaskInternalSetTimeOutState
 .text.xTaskCheckForTimeOut
                0x0000f3f0       0xd4 ./FreeRTOS_Source/tasks.o
                0x0000f3f0                xTaskCheckForTimeOut
 .text.vTaskMissedYield
                0x0000f4c4       0x18 ./FreeRTOS_Source/tasks.o
                0x0000f4c4                vTaskMissedYield
 .text.uxTaskGetTaskNumber
                0x0000f4dc       0x30 ./FreeRTOS_Source/tasks.o
                0x0000f4dc                uxTaskGetTaskNumber
 .text.vTaskSetTaskNumber
                0x0000f50c       0x24 ./FreeRTOS_Source/tasks.o
                0x0000f50c                vTaskSetTaskNumber
 .text.prvIdleTask
                0x0000f530       0x38 ./FreeRTOS_Source/tasks.o
 .text.prvInitialiseTaskLists
                0x0000f568       0xa4 ./FreeRTOS_Source/tasks.o
 .text.prvCheckTasksWaitingTermination
                0x0000f60c       0x78 ./FreeRTOS_Source/tasks.o
 .text.vTaskGetInfo
                0x0000f684       0xe0 ./FreeRTOS_Source/tasks.o
                0x0000f684                vTaskGetInfo
 .text.prvListTasksWithinSingleList
                0x0000f764       0xb8 ./FreeRTOS_Source/tasks.o
 .text.prvTaskCheckFreeStackSpace
                0x0000f81c       0x40 ./FreeRTOS_Source/tasks.o
 .text.prvDeleteTCB
                0x0000f85c       0x20 ./FreeRTOS_Source/tasks.o
 .text.prvResetNextTaskUnblockTime
                0x0000f87c       0x50 ./FreeRTOS_Source/tasks.o
 .text.xTaskGetCurrentTaskHandle
                0x0000f8cc       0x20 ./FreeRTOS_Source/tasks.o
                0x0000f8cc                xTaskGetCurrentTaskHandle
 .text.xTaskGetSchedulerState
                0x0000f8ec       0x48 ./FreeRTOS_Source/tasks.o
                0x0000f8ec                xTaskGetSchedulerState
 .text.xTaskPriorityInherit
                0x0000f934      0x16c ./FreeRTOS_Source/tasks.o
                0x0000f934                xTaskPriorityInherit
 .text.xTaskPriorityDisinherit
                0x0000faa0      0x14c ./FreeRTOS_Source/tasks.o
                0x0000faa0                xTaskPriorityDisinherit
 .text.vTaskPriorityDisinheritAfterTimeout
                0x0000fbec      0x17c ./FreeRTOS_Source/tasks.o
                0x0000fbec                vTaskPriorityDisinheritAfterTimeout
 .text.prvWriteNameToBuffer
                0x0000fd68       0x54 ./FreeRTOS_Source/tasks.o
 .text.vTaskList
                0x0000fdbc      0x170 ./FreeRTOS_Source/tasks.o
                0x0000fdbc                vTaskList
 .text.vTaskGetRunTimeStats
                0x0000ff2c      0x138 ./FreeRTOS_Source/tasks.o
                0x0000ff2c                vTaskGetRunTimeStats
 .text.uxTaskResetEventItemValue
                0x00010064       0x40 ./FreeRTOS_Source/tasks.o
                0x00010064                uxTaskResetEventItemValue
 .text.pvTaskIncrementMutexHeldCount
                0x000100a4       0x38 ./FreeRTOS_Source/tasks.o
                0x000100a4                pvTaskIncrementMutexHeldCount
 .text.ulTaskNotifyTake
                0x000100dc       0xc0 ./FreeRTOS_Source/tasks.o
                0x000100dc                ulTaskNotifyTake
 .text.xTaskNotifyWait
                0x0001019c       0xf0 ./FreeRTOS_Source/tasks.o
                0x0001019c                xTaskNotifyWait
 .text.xTaskGenericNotify
                0x0001028c      0x18c ./FreeRTOS_Source/tasks.o
                0x0001028c                xTaskGenericNotify
 .text.xTaskGenericNotifyFromISR
                0x00010418      0x1d8 ./FreeRTOS_Source/tasks.o
                0x00010418                xTaskGenericNotifyFromISR
 .text.vTaskNotifyGiveFromISR
                0x000105f0      0x148 ./FreeRTOS_Source/tasks.o
                0x000105f0                vTaskNotifyGiveFromISR
 .text.xTaskNotifyStateClear
                0x00010738       0x58 ./FreeRTOS_Source/tasks.o
                0x00010738                xTaskNotifyStateClear
 .text.prvAddCurrentTaskToDelayedList
                0x00010790      0x110 ./FreeRTOS_Source/tasks.o
 .text          0x000108a0        0x0 ./FreeRTOS_Source/timers.o
 .text.xTimerCreateTimerTask
                0x000108a0       0x74 ./FreeRTOS_Source/timers.o
                0x000108a0                xTimerCreateTimerTask
 .text.xTimerCreate
                0x00010914       0x40 ./FreeRTOS_Source/timers.o
                0x00010914                xTimerCreate
 .text.prvInitialiseNewTimer
                0x00010954       0x64 ./FreeRTOS_Source/timers.o
 .text.xTimerGenericCommand
                0x000109b8       0xcc ./FreeRTOS_Source/timers.o
                0x000109b8                xTimerGenericCommand
 .text.xTimerGetTimerDaemonTaskHandle
                0x00010a84       0x40 ./FreeRTOS_Source/timers.o
                0x00010a84                xTimerGetTimerDaemonTaskHandle
 .text.xTimerGetPeriod
                0x00010ac4       0x38 ./FreeRTOS_Source/timers.o
                0x00010ac4                xTimerGetPeriod
 .text.xTimerGetExpiryTime
                0x00010afc       0x3c ./FreeRTOS_Source/timers.o
                0x00010afc                xTimerGetExpiryTime
 .text.pcTimerGetName
                0x00010b38       0x38 ./FreeRTOS_Source/timers.o
                0x00010b38                pcTimerGetName
 .text.prvProcessExpiredTimer
                0x00010b70       0x8c ./FreeRTOS_Source/timers.o
 .text.prvTimerTask
                0x00010bfc       0x28 ./FreeRTOS_Source/timers.o
 .text.prvProcessTimerOrBlockTask
                0x00010c24       0xb0 ./FreeRTOS_Source/timers.o
 .text.prvGetNextExpireTime
                0x00010cd4       0x54 ./FreeRTOS_Source/timers.o
 .text.prvSampleTimeNow
                0x00010d28       0x50 ./FreeRTOS_Source/timers.o
 .text.prvInsertTimerInActiveList
                0x00010d78       0x98 ./FreeRTOS_Source/timers.o
 .text.prvProcessReceivedCommands
                0x00010e10      0x148 ./FreeRTOS_Source/timers.o
 .text.prvSwitchTimerLists
                0x00010f58       0xf4 ./FreeRTOS_Source/timers.o
 .text.prvCheckForValidListAndQueue
                0x0001104c       0x74 ./FreeRTOS_Source/timers.o
 .text.xTimerIsTimerActive
                0x000110c0       0x50 ./FreeRTOS_Source/timers.o
                0x000110c0                xTimerIsTimerActive
 .text.pvTimerGetTimerID
                0x00011110       0x40 ./FreeRTOS_Source/timers.o
                0x00011110                pvTimerGetTimerID
 .text.vTimerSetTimerID
                0x00011150       0x40 ./FreeRTOS_Source/timers.o
                0x00011150                vTimerSetTimerID
 .text.uxTimerGetTimerNumber
                0x00011190       0x18 ./FreeRTOS_Source/timers.o
                0x00011190                uxTimerGetTimerNumber
 .text.vTimerSetTimerNumber
                0x000111a8       0x1c ./FreeRTOS_Source/timers.o
                0x000111a8                vTimerSetTimerNumber
 .text          0x000111c4        0x0 ./FreeRTOS_Source/portable/MemMang/heap_2.o
 .text.pvPortMalloc
                0x000111c4      0x16c ./FreeRTOS_Source/portable/MemMang/heap_2.o
                0x000111c4                pvPortMalloc
 .text.vPortFree
                0x00011330       0x88 ./FreeRTOS_Source/portable/MemMang/heap_2.o
                0x00011330                vPortFree
 .text.xPortGetFreeHeapSize
                0x000113b8       0x18 ./FreeRTOS_Source/portable/MemMang/heap_2.o
                0x000113b8                xPortGetFreeHeapSize
 .text.vPortInitialiseBlocks
                0x000113d0        0xc ./FreeRTOS_Source/portable/MemMang/heap_2.o
                0x000113d0                vPortInitialiseBlocks
 .text.prvHeapInit
                0x000113dc       0x6c ./FreeRTOS_Source/portable/MemMang/heap_2.o
 .text          0x00011448        0x0 ./FreeRTOS_Source/portable/GCC/ARM_CM3/port.o
 .text.pxPortInitialiseStack
                0x00011448       0x68 ./FreeRTOS_Source/portable/GCC/ARM_CM3/port.o
                0x00011448                pxPortInitialiseStack
 .text.prvTaskExitError
                0x000114b0       0x54 ./FreeRTOS_Source/portable/GCC/ARM_CM3/port.o
 *fill*         0x00011504        0xc 00
 .text.SVC_Handler
                0x00011510       0x30 ./FreeRTOS_Source/portable/GCC/ARM_CM3/port.o
                0x00011510                SVC_Handler
 .text.prvPortStartFirstTask
                0x00011540       0x20 ./FreeRTOS_Source/portable/GCC/ARM_CM3/port.o
 .text.xPortStartScheduler
                0x00011560      0x134 ./FreeRTOS_Source/portable/GCC/ARM_CM3/port.o
                0x00011560                xPortStartScheduler
 .text.vPortEndScheduler
                0x00011694       0x34 ./FreeRTOS_Source/portable/GCC/ARM_CM3/port.o
                0x00011694                vPortEndScheduler
 .text.vPortEnterCritical
                0x000116c8       0x70 ./FreeRTOS_Source/portable/GCC/ARM_CM3/port.o
                0x000116c8                vPortEnterCritical
 .text.vPortExitCritical
                0x00011738       0x64 ./FreeRTOS_Source/portable/GCC/ARM_CM3/port.o
                0x00011738                vPortExitCritical
 *fill*         0x0001179c        0x4 00
 .text.PendSV_Handler
                0x000117a0       0x50 ./FreeRTOS_Source/portable/GCC/ARM_CM3/port.o
                0x000117a0                PendSV_Handler
 .text.SysTick_Handler
                0x000117f0       0x44 ./FreeRTOS_Source/portable/GCC/ARM_CM3/port.o
                0x000117f0                SysTick_Handler
 .text.vPortSetupTimerInterrupt
                0x00011834       0x5c ./FreeRTOS_Source/portable/GCC/ARM_CM3/port.o
                0x00011834                vPortSetupTimerInterrupt
 .text.vPortValidateInterruptPriority
                0x00011890       0x84 ./FreeRTOS_Source/portable/GCC/ARM_CM3/port.o
                0x00011890                vPortValidateInterruptPriority
 .text          0x00011914       0x10 c:/program files (x86)/microsemi/softconsole v3.4/sourcery-g++/bin/../lib/gcc/arm-none-eabi/4.4.1/../../../../arm-none-eabi/lib/thumb2\libc.a(lib_a-abort.o)
                0x00011914                abort
 .text          0x00011924       0x50 c:/program files (x86)/microsemi/softconsole v3.4/sourcery-g++/bin/../lib/gcc/arm-none-eabi/4.4.1/../../../../arm-none-eabi/lib/thumb2\libc.a(lib_a-init.o)
                0x00011924                __libc_init_array
 .text          0x00011974      0x190 c:/program files (x86)/microsemi/softconsole v3.4/sourcery-g++/bin/../lib/gcc/arm-none-eabi/4.4.1/../../../../arm-none-eabi/lib/thumb2\libc.a(lib_a-memcpy.o)
                0x00011974                memcpy
 .text          0x00011b04       0xd4 c:/program files (x86)/microsemi/softconsole v3.4/sourcery-g++/bin/../lib/gcc/arm-none-eabi/4.4.1/../../../../arm-none-eabi/lib/thumb2\libc.a(lib_a-memset.o)
                0x00011b04                memset
 .text          0x00011bd8      0x10c c:/program files (x86)/microsemi/softconsole v3.4/sourcery-g++/bin/../lib/gcc/arm-none-eabi/4.4.1/../../../../arm-none-eabi/lib/thumb2\libc.a(lib_a-reent.o)
                0x00011bd8                _wrapup_reent
                0x00011c10                cleanup_glue
                0x00011c2c                _reclaim_reent
 .text          0x00011ce4      0x14c c:/program files (x86)/microsemi/softconsole v3.4/sourcery-g++/bin/../lib/gcc/arm-none-eabi/4.4.1/../../../../arm-none-eabi/lib/thumb2\libc.a(lib_a-signal.o)
                0x00011ce4                _raise_r
                0x00011d3c                raise
                0x00011d4c                _init_signal_r
                0x00011d74                _init_signal
                0x00011d80                __sigtramp_r
                0x00011dd4                __sigtramp
                0x00011de4                _signal_r
                0x00011e20                signal
 .text          0x00011e30       0x30 c:/program files (x86)/microsemi/softconsole v3.4/sourcery-g++/bin/../lib/gcc/arm-none-eabi/4.4.1/../../../../arm-none-eabi/lib/thumb2\libc.a(lib_a-signalr.o)
                0x00011e30                _getpid_r
                0x00011e34                _kill_r
 .text          0x00011e60       0x48 c:/program files (x86)/microsemi/softconsole v3.4/sourcery-g++/bin/../lib/gcc/arm-none-eabi/4.4.1/../../../../arm-none-eabi/lib/thumb2\libc.a(lib_a-strcat.o)
                0x00011e60                strcat
 .text          0x00011ea8       0xc0 c:/program files (x86)/microsemi/softconsole v3.4/sourcery-g++/bin/../lib/gcc/arm-none-eabi/4.4.1/../../../../arm-none-eabi/lib/thumb2\libc.a(lib_a-strchr.o)
                0x00011ea8                strchr
 .text          0x00011f68       0xbc c:/program files (x86)/microsemi/softconsole v3.4/sourcery-g++/bin/../lib/gcc/arm-none-eabi/4.4.1/../../../../arm-none-eabi/lib/thumb2\libc.a(lib_a-strcpy.o)
                0x00011f68                strcpy
 .text          0x00012024       0x60 c:/program files (x86)/microsemi/softconsole v3.4/sourcery-g++/bin/../lib/gcc/arm-none-eabi/4.4.1/../../../../arm-none-eabi/lib/thumb2\libc.a(lib_a-strlen.o)
                0x00012024                strlen
 .text          0x00012084       0xa8 c:/program files (x86)/microsemi/softconsole v3.4/sourcery-g++/bin/../lib/gcc/arm-none-eabi/4.4.1/../../../../arm-none-eabi/lib/thumb2\libc.a(lib_a-strncmp.o)
                0x00012084                strncmp
 .text          0x0001212c       0x78 c:/program files (x86)/microsemi/softconsole v3.4/sourcery-g++/bin/../lib/gcc/arm-none-eabi/4.4.1/../../../../arm-none-eabi/lib/thumb2\libc.a(lib_a-strncpy.o)
                0x0001212c                strncpy
 .text          0x000121a4       0x2c c:/program files (x86)/microsemi/softconsole v3.4/sourcery-g++/bin/../lib/gcc/arm-none-eabi/4.4.1/../../../../arm-none-eabi/lib/thumb2\libc.a(lib_a-strrchr.o)
                0x000121a4                strrchr
 .text          0x000121d0      0x548 c:/program files (x86)/microsemi/softconsole v3.4/sourcery-g++/bin/../lib/gcc/arm-none-eabi/4.4.1/../../../../arm-none-eabi/lib/thumb2\libc.a(lib_a-strstr.o)
                0x000124ec                strstr
 .text          0x00012718      0x268 c:/program files (x86)/microsemi/softconsole v3.4/sourcery-g++/bin/../lib/gcc/arm-none-eabi/4.4.1/../../../../arm-none-eabi/lib/thumb2\libc.a(lib_a-freer.o)
                0x00012718                _malloc_trim_r
                0x000127c0                _free_r
 .text          0x00012980        0x0 c:/program files (x86)/microsemi/softconsole v3.4/sourcery-g++/bin/../lib/gcc/arm-none-eabi/4.4.1/../../../../arm-none-eabi/lib/thumb2\libc.a(lib_a-impure.o)
 .text          0x00012980      0x5a4 c:/program files (x86)/microsemi/softconsole v3.4/sourcery-g++/bin/../lib/gcc/arm-none-eabi/4.4.1/../../../../arm-none-eabi/lib/thumb2\libc.a(lib_a-mallocr.o)
                0x00012980                _malloc_r
 .text          0x00012f24       0x74 c:/program files (x86)/microsemi/softconsole v3.4/sourcery-g++/bin/../lib/gcc/arm-none-eabi/4.4.1/../../../../arm-none-eabi/lib/thumb2\libc.a(lib_a-memchr.o)
                0x00012f24                memchr
 .text          0x00012f98       0x64 c:/program files (x86)/microsemi/softconsole v3.4/sourcery-g++/bin/../lib/gcc/arm-none-eabi/4.4.1/../../../../arm-none-eabi/lib/thumb2\libc.a(lib_a-memcmp.o)
                0x00012f98                memcmp
 .text          0x00012ffc        0x8 c:/program files (x86)/microsemi/softconsole v3.4/sourcery-g++/bin/../lib/gcc/arm-none-eabi/4.4.1/../../../../arm-none-eabi/lib/thumb2\libc.a(lib_a-mlock.o)
                0x00012ffc                __malloc_lock
                0x00013000                __malloc_unlock
 .text          0x00013004       0x28 c:/program files (x86)/microsemi/softconsole v3.4/sourcery-g++/bin/../lib/gcc/arm-none-eabi/4.4.1/../../../../arm-none-eabi/lib/thumb2\libc.a(lib_a-sbrkr.o)
                0x00013004                _sbrk_r
 .text          0x0001302c        0x0 c:/program files (x86)/microsemi/softconsole v3.4/sourcery-g++/bin/../lib/gcc/arm-none-eabi/4.4.1/thumb2/crtend.o
 .text          0x0001302c        0x0 c:/program files (x86)/microsemi/softconsole v3.4/sourcery-g++/bin/../lib/gcc/arm-none-eabi/4.4.1/thumb2/crtn.o
 *(.plt)
 *(.gnu.warning)
 *(.glue_7t)
 .glue_7t       0x00000000        0x0 linker stubs
 *(.glue_7)
 .glue_7        0x00000000        0x0 linker stubs
 *(.vfp11_veneer)
 .vfp11_veneer  0x00000000        0x0 linker stubs
                0x0001302c                . = ALIGN (0x4)
 *crtbegin.o(.ctors)
 *(EXCLUDE_FILE(*crtend.o) .ctors)
 *(SORT(.ctors.*))
 *crtend.o(.ctors)
 *crtbegin.o(.dtors)
 *(EXCLUDE_FILE(*crtend.o) .dtors)
 *(SORT(.dtors.*))
 *crtend.o(.dtors)
 *(.rodata .rodata.* .gnu.linkonce.r.*)
 .rodata        0x0001302c       0x38 ./main-full.o
 .rodata        0x00013064        0x8 ./printf-stdarg.o
 .rodata        0x0001306c       0x30 ./uIP_Task.o
 .rodata.ulARPTimerExpired.4126
                0x0001309c        0x4 ./uIP_Task.o
 .rodata.ulPeriodicTimerExpired.4127
                0x000130a0        0x4 ./uIP_Task.o
 .rodata        0x000130a4      0x154 ./WebServer/httpd-cgi.o
 .rodata.file   0x000131f8        0x8 ./WebServer/httpd-cgi.o
 .rodata.tcp    0x00013200        0x8 ./WebServer/httpd-cgi.o
 .rodata.net    0x00013208        0x8 ./WebServer/httpd-cgi.o
 .rodata.rtos   0x00013210        0x8 ./WebServer/httpd-cgi.o
 .rodata.run    0x00013218        0x8 ./WebServer/httpd-cgi.o
 .rodata.io     0x00013220        0x8 ./WebServer/httpd-cgi.o
 .rodata.closed
                0x00013228        0x8 ./WebServer/httpd-cgi.o
 .rodata.syn_rcvd
                0x00013230        0xc ./WebServer/httpd-cgi.o
 .rodata.syn_sent
                0x0001323c        0xc ./WebServer/httpd-cgi.o
 .rodata.established
                0x00013248        0xc ./WebServer/httpd-cgi.o
 .rodata.fin_wait_1
                0x00013254        0xc ./WebServer/httpd-cgi.o
 .rodata.fin_wait_2
                0x00013260        0xc ./WebServer/httpd-cgi.o
 .rodata.closing
                0x0001326c        0x8 ./WebServer/httpd-cgi.o
 .rodata.time_wait
                0x00013274        0xc ./WebServer/httpd-cgi.o
 .rodata.last_ack
                0x00013280        0xc ./WebServer/httpd-cgi.o
 .rodata.g_ace_current_resistors
                0x0001328c       0x14 ./MicroSemi_Code/drivers_config/mss_ace/ace_config.o
                0x0001328c                g_ace_current_resistors
 .rodata.g_ace_channel_0_name
                0x000132a0       0x14 ./MicroSemi_Code/drivers_config/mss_ace/ace_config.o
                0x000132a0                g_ace_channel_0_name
 .rodata.g_ace_channel_1_name
                0x000132b4       0x14 ./MicroSemi_Code/drivers_config/mss_ace/ace_config.o
                0x000132b4                g_ace_channel_1_name
 .rodata.g_ace_channel_2_name
                0x000132c8       0x18 ./MicroSemi_Code/drivers_config/mss_ace/ace_config.o
                0x000132c8                g_ace_channel_2_name
 .rodata.g_ace_sse_proc_0_name
                0x000132e0        0xc ./MicroSemi_Code/drivers_config/mss_ace/ace_config.o
                0x000132e0                g_ace_sse_proc_0_name
 .rodata.g_ace_sse_proc_0_sequence
                0x000132ec       0x2c ./MicroSemi_Code/drivers_config/mss_ace/ace_config.o
                0x000132ec                g_ace_sse_proc_0_sequence
 .rodata.g_ace_sse_proc_1_name
                0x00013318        0xc ./MicroSemi_Code/drivers_config/mss_ace/ace_config.o
                0x00013318                g_ace_sse_proc_1_name
 .rodata.g_ace_sse_proc_1_sequence
                0x00013324        0x8 ./MicroSemi_Code/drivers_config/mss_ace/ace_config.o
                0x00013324                g_ace_sse_proc_1_sequence
 .rodata.g_ace_sse_proc_2_name
                0x0001332c        0xc ./MicroSemi_Code/drivers_config/mss_ace/ace_config.o
                0x0001332c                g_ace_sse_proc_2_name
 .rodata.g_ace_sse_proc_2_sequence
                0x00013338        0x8 ./MicroSemi_Code/drivers_config/mss_ace/ace_config.o
                0x00013338                g_ace_sse_proc_2_sequence
 .rodata.g_config_reg_lut
                0x00013340       0x80 ./MicroSemi_Code/drivers/mss_gpio/mss_gpio.o
 .rodata.g_gpio_irqn_lut
                0x000133c0       0x40 ./MicroSemi_Code/drivers/mss_gpio/mss_gpio.o
 .rodata.crc32_table
                0x00013400      0x400 ./MicroSemi_Code/drivers/mss_ethernet_mac/crc32.o
 .rodata.unknown_error
                0x00013800       0x10 ./MicroSemi_Code/drivers/mss_ethernet_mac/mss_ethernet_mac.o
 .rodata.ErrorMessages
                0x00013810      0x140 ./MicroSemi_Code/drivers/mss_ethernet_mac/mss_ethernet_mac.o
 .rodata.C.18.3199
                0x00013950        0x8 ./MicroSemi_Code/drivers/mss_ethernet_mac/mss_ethernet_mac.o
 .rodata.channel_type_lut
                0x00013958       0x30 ./MicroSemi_Code/drivers/mss_ace/ace_convert.o
 .rodata.channel_quad_lut
                0x00013988       0x30 ./MicroSemi_Code/drivers/mss_ace/ace_convert.o
 .rodata.abps_channel_lut
                0x000139b8       0x30 ./MicroSemi_Code/drivers/mss_ace/ace_convert.o
 .rodata.abps_idx_lut
                0x000139e8       0x30 ./MicroSemi_Code/drivers/mss_ace/ace_convert.o
 .rodata.apbs_gain_lut
                0x00013a18        0x4 ./MicroSemi_Code/drivers/mss_ace/ace_convert.o
 .rodata.apbs_range
                0x00013a1c        0x8 ./MicroSemi_Code/drivers/mss_ace/ace_convert.o
 .rodata.adc_status_reg_lut
                0x00013a24        0xc ./MicroSemi_Code/drivers/mss_ace/mss_ace.o
 .rodata.dac_ctrl_reg_lut
                0x00013a30        0xc ./MicroSemi_Code/drivers/mss_ace/mss_ace.o
 .rodata.dac_enable_masks_lut
                0x00013a3c        0xc ./MicroSemi_Code/drivers/mss_ace/mss_ace.o
 .rodata.dac_byte01_reg_lut
                0x00013a48        0xc ./MicroSemi_Code/drivers/mss_ace/mss_ace.o
 .rodata.dac_byte2_reg_lut
                0x00013a54        0xc ./MicroSemi_Code/drivers/mss_ace/mss_ace.o
 .rodata.p_mtd_data
                0x00013a60        0x4 ./MicroSemi_Code/drivers/mss_ace/mss_ace.o
 .rodata.comp_id_2_scb_lut
                0x00013a64        0xc ./MicroSemi_Code/drivers/mss_ace/mss_ace.o
                0x00013a64                comp_id_2_scb_lut
 .rodata.C.18.3513
                0x00013a70        0x4 ./MicroSemi_Code/drivers/mss_ace/mss_ace.o
 .rodata.C.18.2576
                0x00013a74       0x10 ./MicroSemi_Code/CMSIS/system_a2fxxxm3.o
 .rodata        0x00013a84       0x1c ./MicroSemi_Code/CMSIS/startup_gcc/newlib_stubs.o
 .rodata.uip_broadcast_addr
                0x00013aa0        0x4 ./FreeTCPIP/uip.o
                0x00013aa0                uip_broadcast_addr
 .rodata.uip_all_zeroes_addr
                0x00013aa4        0x4 ./FreeTCPIP/uip.o
                0x00013aa4                uip_all_zeroes_addr
 .rodata.broadcast_ethaddr
                0x00013aa8        0x8 ./FreeTCPIP/uip_arp.o
 .rodata.http_http
                0x00013ab0        0x8 ./FreeTCPIP/http_Common/http-strings.o
                0x00013ab0                http_http
 .rodata.http_200
                0x00013ab8        0x8 ./FreeTCPIP/http_Common/http-strings.o
                0x00013ab8                http_200
 .rodata.http_301
                0x00013ac0        0x8 ./FreeTCPIP/http_Common/http-strings.o
                0x00013ac0                http_301
 .rodata.http_302
                0x00013ac8        0x8 ./FreeTCPIP/http_Common/http-strings.o
                0x00013ac8                http_302
 .rodata.http_get
                0x00013ad0        0x8 ./FreeTCPIP/http_Common/http-strings.o
                0x00013ad0                http_get
 .rodata.http_10
                0x00013ad8        0xc ./FreeTCPIP/http_Common/http-strings.o
                0x00013ad8                http_10
 .rodata.http_11
                0x00013ae4        0xc ./FreeTCPIP/http_Common/http-strings.o
                0x00013ae4                http_11
 .rodata.http_content_type
                0x00013af0       0x10 ./FreeTCPIP/http_Common/http-strings.o
                0x00013af0                http_content_type
 .rodata.http_texthtml
                0x00013b00        0xc ./FreeTCPIP/http_Common/http-strings.o
                0x00013b00                http_texthtml
 .rodata.http_location
                0x00013b0c        0xc ./FreeTCPIP/http_Common/http-strings.o
                0x00013b0c                http_location
 .rodata.http_host
                0x00013b18        0x8 ./FreeTCPIP/http_Common/http-strings.o
                0x00013b18                http_host
 .rodata.http_crnl
                0x00013b20        0x4 ./FreeTCPIP/http_Common/http-strings.o
                0x00013b20                http_crnl
 .rodata.http_index_html
                0x00013b24        0xc ./FreeTCPIP/http_Common/http-strings.o
                0x00013b24                http_index_html
 .rodata.http_404_html
                0x00013b30        0xc ./FreeTCPIP/http_Common/http-strings.o
                0x00013b30                http_404_html
 .rodata.http_referer
                0x00013b3c        0xc ./FreeTCPIP/http_Common/http-strings.o
                0x00013b3c                http_referer
 .rodata.http_header_200
                0x00013b48       0x54 ./FreeTCPIP/http_Common/http-strings.o
                0x00013b48                http_header_200
 .rodata.http_header_404
                0x00013b9c       0x5c ./FreeTCPIP/http_Common/http-strings.o
                0x00013b9c                http_header_404
 .rodata.http_content_type_plain
                0x00013bf8       0x20 ./FreeTCPIP/http_Common/http-strings.o
                0x00013bf8                http_content_type_plain
 .rodata.http_content_type_html
                0x00013c18       0x1c ./FreeTCPIP/http_Common/http-strings.o
                0x00013c18                http_content_type_html
 .rodata.http_content_type_css
                0x00013c34       0x1c ./FreeTCPIP/http_Common/http-strings.o
                0x00013c34                http_content_type_css
 .rodata.http_content_type_text
                0x00013c50       0x1c ./FreeTCPIP/http_Common/http-strings.o
                0x00013c50                http_content_type_text
 .rodata.http_content_type_png
                0x00013c6c       0x1c ./FreeTCPIP/http_Common/http-strings.o
                0x00013c6c                http_content_type_png
 .rodata.http_content_type_gif
                0x00013c88       0x1c ./FreeTCPIP/http_Common/http-strings.o
                0x00013c88                http_content_type_gif
 .rodata.http_content_type_jpg
                0x00013ca4       0x20 ./FreeTCPIP/http_Common/http-strings.o
                0x00013ca4                http_content_type_jpg
 .rodata.http_content_type_binary
                0x00013cc4       0x2c ./FreeTCPIP/http_Common/http-strings.o
                0x00013cc4                http_content_type_binary
 .rodata.http_html
                0x00013cf0        0x8 ./FreeTCPIP/http_Common/http-strings.o
                0x00013cf0                http_html
 .rodata.http_shtml
                0x00013cf8        0x8 ./FreeTCPIP/http_Common/http-strings.o
                0x00013cf8                http_shtml
 .rodata.http_htm
                0x00013d00        0x8 ./FreeTCPIP/http_Common/http-strings.o
                0x00013d00                http_htm
 .rodata.http_css
                0x00013d08        0x8 ./FreeTCPIP/http_Common/http-strings.o
                0x00013d08                http_css
 .rodata.http_png
                0x00013d10        0x8 ./FreeTCPIP/http_Common/http-strings.o
                0x00013d10                http_png
 .rodata.http_gif
                0x00013d18        0x8 ./FreeTCPIP/http_Common/http-strings.o
                0x00013d18                http_gif
 .rodata.http_jpg
                0x00013d20        0x8 ./FreeTCPIP/http_Common/http-strings.o
                0x00013d20                http_jpg
 .rodata.http_text
                0x00013d28        0x8 ./FreeTCPIP/http_Common/http-strings.o
                0x00013d28                http_text
 .rodata.http_txt
                0x00013d30        0x8 ./FreeTCPIP/http_Common/http-strings.o
                0x00013d30                http_txt
 .rodata.data_404_html
                0x00013d38       0xb4 ./FreeTCPIP/http_Common/httpd-fs.o
 .rodata.data_index_html
                0x00013dec     0x47f4 ./FreeTCPIP/http_Common/httpd-fs.o
 .rodata.data_io_shtml
                0x000185e0      0x344 ./FreeTCPIP/http_Common/httpd-fs.o
 .rodata.data_runtime_shtml
                0x00018924      0x37c ./FreeTCPIP/http_Common/httpd-fs.o
 .rodata.data_smoothie_min_js
                0x00018ca0     0x2bb4 ./FreeTCPIP/http_Common/httpd-fs.o
 .rodata.data_stats_shtml
                0x0001b854      0x660 ./FreeTCPIP/http_Common/httpd-fs.o
 .rodata.data_tcp_shtml
                0x0001beb4      0x314 ./FreeTCPIP/http_Common/httpd-fs.o
 .rodata.file_404_html
                0x0001c1c8       0x14 ./FreeTCPIP/http_Common/httpd-fs.o
                0x0001c1c8                file_404_html
 .rodata.file_index_html
                0x0001c1dc       0x14 ./FreeTCPIP/http_Common/httpd-fs.o
                0x0001c1dc                file_index_html
 .rodata.file_io_shtml
                0x0001c1f0       0x14 ./FreeTCPIP/http_Common/httpd-fs.o
                0x0001c1f0                file_io_shtml
 .rodata.file_runtime_shtml
                0x0001c204       0x14 ./FreeTCPIP/http_Common/httpd-fs.o
                0x0001c204                file_runtime_shtml
 .rodata.file_smoothie_min_js
                0x0001c218       0x14 ./FreeTCPIP/http_Common/httpd-fs.o
                0x0001c218                file_smoothie_min_js
 .rodata.file_stats_shtml
                0x0001c22c       0x14 ./FreeTCPIP/http_Common/httpd-fs.o
                0x0001c22c                file_stats_shtml
 .rodata.file_tcp_shtml
                0x0001c240       0x14 ./FreeTCPIP/http_Common/httpd-fs.o
                0x0001c240                file_tcp_shtml
 .rodata        0x0001c254       0x30 ./FreeRTOS_Source/tasks.o
 .rodata        0x0001c284        0x8 ./FreeRTOS_Source/timers.o
 .rodata.heapSTRUCT_SIZE
                0x0001c28c        0x2 ./FreeRTOS_Source/portable/MemMang/heap_2.o
 *fill*         0x0001c28e        0x2 00
 .rodata.pcInterruptPriorityRegisters
                0x0001c290        0x4 ./FreeRTOS_Source/portable/GCC/ARM_CM3/port.o
 .rodata        0x0001c294        0x4 c:/program files (x86)/microsemi/softconsole v3.4/sourcery-g++/bin/../lib/gcc/arm-none-eabi/4.4.1/../../../../arm-none-eabi/lib/thumb2\libc.a(lib_a-impure.o)
                0x0001c294                _global_impure_ptr
 .rodata.str1.4
                0x0001c298        0x4 c:/program files (x86)/microsemi/softconsole v3.4/sourcery-g++/bin/../lib/gcc/arm-none-eabi/4.4.1/../../../../arm-none-eabi/lib/thumb2\libc.a(lib_a-impure.o)
 *(.ARM.extab* .gnu.linkonce.armextab.*)
 *(.gcc_except_table)
 *(.eh_frame_hdr)
 *(.eh_frame)
 *(.init)
 .init          0x0001c29c        0x4 c:/program files (x86)/microsemi/softconsole v3.4/sourcery-g++/bin/../lib/gcc/arm-none-eabi/4.4.1/thumb2/crti.o
                0x0001c29c                _init
 .init          0x0001c2a0        0x8 c:/program files (x86)/microsemi/softconsole v3.4/sourcery-g++/bin/../lib/gcc/arm-none-eabi/4.4.1/thumb2/crtn.o
 *(.fini)
 .fini          0x0001c2a8        0x4 c:/program files (x86)/microsemi/softconsole v3.4/sourcery-g++/bin/../lib/gcc/arm-none-eabi/4.4.1/thumb2/crti.o
                0x0001c2a8                _fini
 .fini          0x0001c2ac        0x8 c:/program files (x86)/microsemi/softconsole v3.4/sourcery-g++/bin/../lib/gcc/arm-none-eabi/4.4.1/thumb2/crtn.o
                0x0001c2b4                PROVIDE (__preinit_array_start, .)
 *(.preinit_array)
                0x0001c2b4                PROVIDE (__preinit_array_end, .)
                0x0001c2b4                PROVIDE (__init_array_start, .)
 *(SORT(.init_array.*))
 *(.init_array)
 .init_array    0x0001c2b4        0x4 c:/program files (x86)/microsemi/softconsole v3.4/sourcery-g++/bin/../lib/gcc/arm-none-eabi/4.4.1/thumb2/crtbegin.o
                0x0001c2b8                PROVIDE (__init_array_end, .)
                0x0001c2b8                PROVIDE (__fini_array_start, .)
 *(.fini_array)
 .fini_array    0x0001c2b8        0x4 c:/program files (x86)/microsemi/softconsole v3.4/sourcery-g++/bin/../lib/gcc/arm-none-eabi/4.4.1/thumb2/crtbegin.o
 *(SORT(.fini_array.*))
                0x0001c2bc                PROVIDE (__fini_array_end, .)
                0x0001c2bc                __exidx_start = .

.v4_bx          0x0001c2bc        0x0 load address 0x6001c2bc
 .v4_bx         0x00000000        0x0 linker stubs

.ARM.exidx
 *(.ARM.exidx* .gnu.linkonce.armexidx.*)
                0x0001c2bc                __exidx_end = .
                0x0001c2bc                _etext = .
