Archive member included because of file (symbol)

c:/program files (x86)/microsemi/softconsole v3.4/sourcery-g++/bin/../lib/gcc/arm-none-eabi/4.4.1/thumb2\libgcc.a(_arm_addsubdf3.o)
                              ./sensor_task.o (__aeabi_dsub)
c:/program files (x86)/microsemi/softconsole v3.4/sourcery-g++/bin/../lib/gcc/arm-none-eabi/4.4.1/thumb2\libgcc.a(_arm_muldivdf3.o)
                              ./sensor_task.o (__aeabi_dmul)
c:/program files (x86)/microsemi/softconsole v3.4/sourcery-g++/bin/../lib/gcc/arm-none-eabi/4.4.1/thumb2\libgcc.a(_arm_truncdfsf2.o)
                              ./sensor_task.o (__aeabi_d2f)
c:/program files (x86)/microsemi/softconsole v3.4/sourcery-g++/bin/../lib/gcc/arm-none-eabi/4.4.1/thumb2\libgcc.a(_arm_addsubsf3.o)
                              ./sensor_task.o (__aeabi_fsub)
c:/program files (x86)/microsemi/softconsole v3.4/sourcery-g++/bin/../lib/gcc/arm-none-eabi/4.4.1/thumb2\libgcc.a(_arm_muldivsf3.o)
                              ./sensor_task.o (__aeabi_fmul)
c:/program files (x86)/microsemi/softconsole v3.4/sourcery-g++/bin/../lib/gcc/arm-none-eabi/4.4.1/../../../../arm-none-eabi/lib/thumb2\libc.a(lib_a-efgcvt.o)
                              ./main-full.o (gcvt)
c:/program files (x86)/microsemi/softconsole v3.4/sourcery-g++/bin/../lib/gcc/arm-none-eabi/4.4.1/../../../../arm-none-eabi/lib/thumb2\libc.a(lib_a-errno.o)
                              ./MicroSemi_Code/CMSIS/startup_gcc/newlib_stubs.o (__errno)
c:/program files (x86)/microsemi/softconsole v3.4/sourcery-g++/bin/../lib/gcc/arm-none-eabi/4.4.1/../../../../arm-none-eabi/lib/thumb2\libc.a(lib_a-impure.o)
                              c:/program files (x86)/microsemi/softconsole v3.4/sourcery-g++/bin/../lib/gcc/arm-none-eabi/4.4.1/../../../../arm-none-eabi/lib/thumb2\libc.a(lib_a-efgcvt.o) (_impure_ptr)
c:/program files (x86)/microsemi/softconsole v3.4/sourcery-g++/bin/../lib/gcc/arm-none-eabi/4.4.1/../../../../arm-none-eabi/lib/thumb2\libc.a(lib_a-init.o)
                              ./MicroSemi_Code/CMSIS/startup_gcc/startup_a2fxxxm3.o (__libc_init_array)
c:/program files (x86)/microsemi/softconsole v3.4/sourcery-g++/bin/../lib/gcc/arm-none-eabi/4.4.1/../../../../arm-none-eabi/lib/thumb2\libc.a(lib_a-memcpy.o)
                              ./FreeTCPIP/psock.o (memcpy)
c:/program files (x86)/microsemi/softconsole v3.4/sourcery-g++/bin/../lib/gcc/arm-none-eabi/4.4.1/../../../../arm-none-eabi/lib/thumb2\libc.a(lib_a-memset.o)
                              ./MicroSemi_Code/drivers/mss_i2c/mss_i2c.o (memset)
c:/program files (x86)/microsemi/softconsole v3.4/sourcery-g++/bin/../lib/gcc/arm-none-eabi/4.4.1/../../../../arm-none-eabi/lib/thumb2\libc.a(lib_a-snprintf.o)
                              ./WebServer/httpd-cgi.o (snprintf)
c:/program files (x86)/microsemi/softconsole v3.4/sourcery-g++/bin/../lib/gcc/arm-none-eabi/4.4.1/../../../../arm-none-eabi/lib/thumb2\libc.a(lib_a-sprintf.o)
                              ./WebServer/httpd-cgi.o (sprintf)
c:/program files (x86)/microsemi/softconsole v3.4/sourcery-g++/bin/../lib/gcc/arm-none-eabi/4.4.1/../../../../arm-none-eabi/lib/thumb2\libc.a(lib_a-strchr.o)
                              ./uIP_Task.o (strchr)
c:/program files (x86)/microsemi/softconsole v3.4/sourcery-g++/bin/../lib/gcc/arm-none-eabi/4.4.1/../../../../arm-none-eabi/lib/thumb2\libc.a(lib_a-strcpy.o)
                              ./FreeTCPIP/http_Common/httpd.o (strcpy)
c:/program files (x86)/microsemi/softconsole v3.4/sourcery-g++/bin/../lib/gcc/arm-none-eabi/4.4.1/../../../../arm-none-eabi/lib/thumb2\libc.a(lib_a-strlen.o)
                              ./WebServer/httpd-cgi.o (strlen)
c:/program files (x86)/microsemi/softconsole v3.4/sourcery-g++/bin/../lib/gcc/arm-none-eabi/4.4.1/../../../../arm-none-eabi/lib/thumb2\libc.a(lib_a-strncmp.o)
                              ./WebServer/httpd-cgi.o (strncmp)
c:/program files (x86)/microsemi/softconsole v3.4/sourcery-g++/bin/../lib/gcc/arm-none-eabi/4.4.1/../../../../arm-none-eabi/lib/thumb2\libc.a(lib_a-strncpy.o)
                              ./FreeTCPIP/http_Common/httpd.o (strncpy)
c:/program files (x86)/microsemi/softconsole v3.4/sourcery-g++/bin/../lib/gcc/arm-none-eabi/4.4.1/../../../../arm-none-eabi/lib/thumb2\libc.a(lib_a-strrchr.o)
                              ./FreeTCPIP/http_Common/httpd.o (strrchr)
c:/program files (x86)/microsemi/softconsole v3.4/sourcery-g++/bin/../lib/gcc/arm-none-eabi/4.4.1/../../../../arm-none-eabi/lib/thumb2\libc.a(lib_a-strstr.o)
                              ./uIP_Task.o (strstr)
c:/program files (x86)/microsemi/softconsole v3.4/sourcery-g++/bin/../lib/gcc/arm-none-eabi/4.4.1/../../../../arm-none-eabi/lib/thumb2\libc.a(lib_a-svfprintf.o)
                              c:/program files (x86)/microsemi/softconsole v3.4/sourcery-g++/bin/../lib/gcc/arm-none-eabi/4.4.1/../../../../arm-none-eabi/lib/thumb2\libc.a(lib_a-snprintf.o) (_svfprintf_r)
[...]
Memory Configuration

Name             Origin             Length             Attributes
rom              0x60000000         0x00040000         xr
romMirror        0x00000000         0x00040000         xr
ram              0x20000000         0x00010000         xrw
*default*        0x00000000         0xffffffff

Linker script and memory map

LOAD c:/program files (x86)/microsemi/softconsole v3.4/sourcery-g++/bin/../lib/gcc/arm-none-eabi/4.4.1/thumb2/crti.o
LOAD c:/program files (x86)/microsemi/softconsole v3.4/sourcery-g++/bin/../lib/gcc/arm-none-eabi/4.4.1/thumb2/crtbegin.o
LOAD ./ParTest.o
LOAD ./main-full.o
LOAD ./sensor_task.o
LOAD ./uIP_Task.o
LOAD ./uart_task.o
LOAD ./WebServer/httpd-cgi.o
LOAD ./MicroSemi_Code/hal/CortexM3/cortex_nvic.o
LOAD ./MicroSemi_Code/hal/CortexM3/GNU/hal.o
LOAD ./MicroSemi_Code/hal/CortexM3/GNU/hal_assert.o
LOAD ./MicroSemi_Code/hal/CortexM3/GNU/hw_reg_access.o
LOAD ./MicroSemi_Code/drivers_config/mss_ace/ace_config.o
LOAD ./MicroSemi_Code/drivers/mss_uart/mss_uart.o
LOAD ./MicroSemi_Code/drivers/mss_i2c/mss_i2c.o
LOAD ./MicroSemi_Code/drivers/mss_gpio/mss_gpio.o
LOAD ./MicroSemi_Code/drivers/mss_ethernet_mac/crc32.o
LOAD ./MicroSemi_Code/drivers/mss_ethernet_mac/mss_ethernet_mac.o
LOAD ./MicroSemi_Code/drivers/mss_ethernet_mac/phy.o
LOAD ./MicroSemi_Code/drivers/mss_ace/ace_convert.o
LOAD ./MicroSemi_Code/drivers/mss_ace/ace_flags.o
LOAD ./MicroSemi_Code/drivers/mss_ace/ace_sse.o
LOAD ./MicroSemi_Code/drivers/mss_ace/ace_transform.o
LOAD ./MicroSemi_Code/drivers/mss_ace/mss_ace.o
LOAD ./MicroSemi_Code/CMSIS/brownout_isr.o
LOAD ./MicroSemi_Code/CMSIS/core_cm3.o
LOAD ./MicroSemi_Code/CMSIS/system_a2fxxxm3.o
LOAD ./MicroSemi_Code/CMSIS/startup_gcc/newlib_stubs.o
LOAD ./MicroSemi_Code/CMSIS/startup_gcc/startup_a2fxxxm3.o
LOAD ./Helpers/uart_helper.o
LOAD ./FreeTCPIP/psock.o
LOAD ./FreeTCPIP/timer.o
LOAD ./FreeTCPIP/uip.o
LOAD ./FreeTCPIP/uip_arp.o
LOAD ./FreeTCPIP/http_Common/http-strings.o
LOAD ./FreeTCPIP/http_Common/httpd-fs.o
LOAD ./FreeTCPIP/http_Common/httpd.o
LOAD ./FreeRTOS_Source/list.o
LOAD ./FreeRTOS_Source/queue.o
LOAD ./FreeRTOS_Source/tasks.o
LOAD ./FreeRTOS_Source/timers.o
LOAD ./FreeRTOS_Source/portable/MemMang/heap_2.o
LOAD ./FreeRTOS_Source/portable/GCC/ARM_CM3/port.o
START GROUP
LOAD c:/program files (x86)/microsemi/softconsole v3.4/sourcery-g++/bin/../lib/gcc/arm-none-eabi/4.4.1/thumb2\libgcc.a
LOAD c:/program files (x86)/microsemi/softconsole v3.4/sourcery-g++/bin/../lib/gcc/arm-none-eabi/4.4.1/../../../../arm-none-eabi/lib/thumb2\libc.a
LOAD c:/program files (x86)/microsemi/softconsole v3.4/sourcery-g++/bin/../lib/gcc/arm-none-eabi/4.4.1/thumb2\libgcc.a
END GROUP
LOAD c:/program files (x86)/microsemi/softconsole v3.4/sourcery-g++/bin/../lib/gcc/arm-none-eabi/4.4.1/thumb2/crtend.o
LOAD c:/program files (x86)/microsemi/softconsole v3.4/sourcery-g++/bin/../lib/gcc/arm-none-eabi/4.4.1/thumb2/crtn.o
START GROUP
LOAD c:/program files (x86)/microsemi/softconsole v3.4/sourcery-g++/bin/../lib/gcc/arm-none-eabi/4.4.1/../../../../arm-none-eabi/lib/thumb2\libc.a
LOAD c:/program files (x86)/microsemi/softconsole v3.4/sourcery-g++/bin/../lib/gcc/arm-none-eabi/4.4.1/thumb2\libgcc.a
LOAD c:/program files (x86)/microsemi/softconsole v3.4/sourcery-g++/bin/../lib/gcc/arm-none-eabi/4.4.1/../../../../arm-none-eabi/lib/thumb2\libm.a
END GROUP
                0x00000000                __DYNAMIC = 0x0
                0x20000000                RAM_START_ADDRESS = 0x20000000
                0x00010000                RAM_SIZE = 0x10000
                0x00002000                MAIN_STACK_SIZE = 0x2000
                0x00001000                PROCESS_STACK_SIZE = 0x1000
                0x20010000                PROVIDE (__main_stack_start, (RAM_START_ADDRESS + RAM_SIZE))
                0x2000e000                PROVIDE (__process_stack_start, (__main_stack_start - MAIN_STACK_SIZE))
                0x20010000                PROVIDE (_estack, __main_stack_start)
                0x00000001                PROVIDE (__mirrored_nvm, 0x1)

.init           0x00000000      0x470 load address 0x60000000
                0x00000000                __vector_table_vma_base_address = .
 *(.isr_vector)
 .isr_vector    0x00000000      0x470 ./MicroSemi_Code/CMSIS/startup_gcc/startup_a2fxxxm3.o
                0x00000000                g_pfnVectors
                0x00000298                Reset_Handler
                0x00000308                NMI_Handler
                0x0000030a                HardFault_Handler
                0x0000030c                MemManage_Handler
                0x0000030e                BusFault_Handler
                0x00000310                UsageFault_Handler
                0x00000314                DebugMon_Handler
                0x0000031a                WdogWakeup_IRQHandler
                0x0000031e                BrownOut_3_3V_IRQHandler
                0x00000320                RTC_Match_IRQHandler
                0x00000322                RTCIF_Pub_IRQHandler
                0x00000326                IAP_IRQHandler
                0x00000328                ENVM0_IRQHandler
                0x0000032a                ENVM1_IRQHandler
                0x0000032c                DMA_IRQHandler
                0x00000332                SPI0_IRQHandler
                0x00000334                SPI1_IRQHandler
                0x00000338                I2C0_SMBAlert_IRQHandler
                0x0000033a                I2C0_SMBus_IRQHandler
                0x0000033e                I2C1_SMBAlert_IRQHandler
                0x00000340                I2C1_SMBus_IRQHandler
                0x00000342                Timer1_IRQHandler
                0x00000344                Timer2_IRQHandler
                0x00000346                PLL_Lock_IRQHandler
                0x00000348                PLL_LockLost_IRQHandler
                0x0000034a                CommError_IRQHandler
                0x0000034c                Fabric_IRQHandler
                0x0000034e                GPIO0_IRQHandler
                0x00000350                GPIO1_IRQHandler
                0x00000352                GPIO2_IRQHandler
                0x00000354                GPIO3_IRQHandler
                0x00000356                GPIO4_IRQHandler
                0x00000358                GPIO5_IRQHandler
                0x0000035a                GPIO6_IRQHandler
                0x0000035c                GPIO7_IRQHandler
                0x00000360                GPIO9_IRQHandler
                0x00000362                GPIO10_IRQHandler
                0x00000364                GPIO11_IRQHandler
                0x00000366                GPIO12_IRQHandler
                0x00000368                GPIO13_IRQHandler
                0x0000036a                GPIO14_IRQHandler
                0x0000036c                GPIO15_IRQHandler
                0x0000036e                GPIO16_IRQHandler
                0x00000370                GPIO17_IRQHandler
                0x00000372                GPIO18_IRQHandler
                0x00000374                GPIO19_IRQHandler
                0x00000376                GPIO20_IRQHandler
                0x00000378                GPIO21_IRQHandler
                0x0000037a                GPIO22_IRQHandler
                0x0000037c                GPIO23_IRQHandler
                0x0000037e                GPIO24_IRQHandler
                0x00000380                GPIO25_IRQHandler
                0x00000382                GPIO26_IRQHandler
                0x00000384                GPIO27_IRQHandler
                0x00000386                GPIO28_IRQHandler
                0x00000388                GPIO29_IRQHandler
                0x0000038a                GPIO30_IRQHandler
                0x0000038c                GPIO31_IRQHandler
                0x0000038e                ACE_PC0_Flag0_IRQHandler
                0x00000390                ACE_PC0_Flag1_IRQHandler
                0x00000392                ACE_PC0_Flag2_IRQHandler
                0x00000394                ACE_PC0_Flag3_IRQHandler
                0x00000396                ACE_PC1_Flag0_IRQHandler
                0x00000398                ACE_PC1_Flag1_IRQHandler
                0x0000039a                ACE_PC1_Flag2_IRQHandler
                0x0000039c                ACE_PC1_Flag3_IRQHandler
                0x0000039e                ACE_PC2_Flag0_IRQHandler
                0x000003a0                ACE_PC2_Flag1_IRQHandler
                0x000003a2                ACE_PC2_Flag2_IRQHandler
                0x000003a4                ACE_PC2_Flag3_IRQHandler
                0x000003a6                ACE_ADC0_DataValid_IRQHandler
                0x000003a8                ACE_ADC1_DataValid_IRQHandler
                0x000003aa                ACE_ADC2_DataValid_IRQHandler
                0x000003ac                ACE_ADC0_CalDone_IRQHandler
                0x000003ae                ACE_ADC1_CalDone_IRQHandler
                0x000003b0                ACE_ADC2_CalDone_IRQHandler
                0x000003b2                ACE_ADC0_CalStart_IRQHandler
                0x000003b4                ACE_ADC1_CalStart_IRQHandler
                0x000003b6                ACE_ADC2_CalStart_IRQHandler
                0x000003b8                ACE_Comp0_Fall_IRQHandler
                0x000003ba                ACE_Comp1_Fall_IRQHandler
                0x000003bc                ACE_Comp2_Fall_IRQHandler
                0x000003be                ACE_Comp3_Fall_IRQHandler
                0x000003c0                ACE_Comp4_Fall_IRQHandler
                0x000003c2                ACE_Comp5_Fall_IRQHandler
                0x000003c4                ACE_Comp6_Fall_IRQHandler
                0x000003c6                ACE_Comp7_Fall_IRQHandler
                0x000003c8                ACE_Comp8_Fall_IRQHandler
                0x000003ca                ACE_Comp9_Fall_IRQHandler
                0x000003cc                ACE_Comp10_Fall_IRQHandler
                0x000003ce                ACE_Comp11_Fall_IRQHandler
                0x000003d0                ACE_Comp0_Rise_IRQHandler
                0x000003d2                ACE_Comp1_Rise_IRQHandler
                0x000003d4                ACE_Comp2_Rise_IRQHandler
                0x000003d6                ACE_Comp3_Rise_IRQHandler
                0x000003d8                ACE_Comp4_Rise_IRQHandler
                0x000003da                ACE_Comp5_Rise_IRQHandler
                0x000003dc                ACE_Comp6_Rise_IRQHandler
                0x000003de                ACE_Comp7_Rise_IRQHandler
                0x000003e0                ACE_Comp8_Rise_IRQHandler
                0x000003e2                ACE_Comp9_Rise_IRQHandler
                0x000003e4                ACE_Comp10_Rise_IRQHandler
                0x000003e6                ACE_Comp11_Rise_IRQHandler
                0x000003e8                ACE_ADC0_FifoFull_IRQHandler
                0x000003ea                ACE_ADC0_FifoAFull_IRQHandler
                0x000003ec                ACE_ADC0_FifoEmpty_IRQHandler
                0x000003ee                ACE_ADC1_FifoFull_IRQHandler
                0x000003f0                ACE_ADC1_FifoAFull_IRQHandler
                0x000003f2                ACE_ADC1_FifoEmpty_IRQHandler
                0x000003f4                ACE_ADC2_FifoFull_IRQHandler
                0x000003f6                ACE_ADC2_FifoAFull_IRQHandler
                0x000003f8                ACE_ADC2_FifoEmpty_IRQHandler
                0x00000470                . = ALIGN (0x4)

.text           0x00000470    0x28870 load address 0x60000470
 CREATE_OBJECT_SYMBOLS
                0x60000470                __text_load = LOADADDR (.text)
                0x00000470                __text_start = .
 *(.text .text.* .gnu.linkonce.t.*)
 .text          0x00000470        0x0 c:/program files (x86)/microsemi/softconsole v3.4/sourcery-g++/bin/../lib/gcc/arm-none-eabi/4.4.1/thumb2/crti.o
 .text          0x00000470       0x30 c:/program files (x86)/microsemi/softconsole v3.4/sourcery-g++/bin/../lib/gcc/arm-none-eabi/4.4.1/thumb2/crtbegin.o
 .text          0x000004a0        0x0 ./ParTest.o
 .text.MSS_GPIO_set_outputs
                0x000004a0       0x20 ./ParTest.o
 .text.vParTestInitialise
                0x000004c0       0x54 ./ParTest.o
                0x000004c0                vParTestInitialise
 .text.vParTestSetLED
                0x00000514       0x80 ./ParTest.o
                0x00000514                vParTestSetLED
 .text.vParTestSetLEDFromISR
                0x00000594       0xa0 ./ParTest.o
                0x00000594                vParTestSetLEDFromISR
 .text.vParTestToggleLED
                0x00000634       0x94 ./ParTest.o
                0x00000634                vParTestToggleLED
 .text.lParTestGetLEDState
                0x000006c8       0x48 ./ParTest.o
                0x000006c8                lParTestGetLEDState
 .text          0x00000710        0x0 ./main-full.o
 .text.NVIC_EnableIRQ
                0x00000710       0x38 ./main-full.o
 .text.NVIC_DisableIRQ
                0x00000748       0x3c ./main-full.o
 .text.NVIC_ClearPendingIRQ
                0x00000784       0x3c ./main-full.o
 .text.NVIC_SetPriority
                0x000007c0       0x5c ./main-full.o
 .text.MSS_TIM64_init
                0x0000081c       0xa4 ./main-full.o
 .text.MSS_TIM64_start
                0x000008c0       0x1c ./main-full.o
 .text.MSS_TIM64_load_immediate
                0x000008dc       0x2c ./main-full.o
 .text.main     0x00000908      0x108 ./main-full.o
                0x00000908                main
 .text.prvCheckTimerCallback
                0x00000a10       0x40 ./main-full.o
 .text.GPIO8_IRQHandler
                0x00000a50       0x38 ./main-full.o
                0x00000a50                GPIO8_IRQHandler
 .text.prvQueueSendTask
                0x00000a88       0x6c ./main-full.o
 .text.prvQueueReceiveTask
                0x00000af4       0x38 ./main-full.o
 .text.prvSetupHardware
                0x00000b2c       0x50 ./main-full.o
 .text.vApplicationMallocFailedHook
                0x00000b7c        0x8 ./main-full.o
                0x00000b7c                vApplicationMallocFailedHook
 .text.vApplicationStackOverflowHook
                0x00000b84       0x20 ./main-full.o
                0x00000b84                vApplicationStackOverflowHook
 .text.vApplicationIdleHook
                0x00000ba4       0x18 ./main-full.o
                0x00000ba4                vApplicationIdleHook
 .text.pcGetTaskStatusMessage
                0x00000bbc       0x30 ./main-full.o
                0x00000bbc                pcGetTaskStatusMessage
 .text.vMainConfigureTimerForRunTimeStats
                0x00000bec       0x28 ./main-full.o
                0x00000bec                vMainConfigureTimerForRunTimeStats
 .text.ulGetRunTimeCounterValue
                0x00000c14       0x10 ./main-full.o
                0x00000c14                ulGetRunTimeCounterValue
 *fill*         0x00000c24        0x4 00
 .text.uart_task
                0x00000c28       0xf8 ./main-full.o
                0x00000c28                uart_task
 .text          0x00000d20        0x0 ./sensor_task.o
 .text.convert_lm35_result_to_temp
                0x00000d20       0x50 ./sensor_task.o
                0x00000d20                convert_lm35_result_to_temp
 .text.get_internal_temp
                0x00000d70       0x4c ./sensor_task.o
                0x00000d70                get_internal_temp
 .text.get_pot_voltage
                0x00000dbc       0x4c ./sensor_task.o
                0x00000dbc                get_pot_voltage
 .text.get_external_temp
                0x00000e08       0x34 ./sensor_task.o
                0x00000e08                get_external_temp
 .text.get_avg_external_temp
                0x00000e3c       0x50 ./sensor_task.o
                0x00000e3c                get_avg_external_temp
 *fill*         0x00000e8c        0x4 00
 .text.get_humidity
                0x00000e90       0x98 ./sensor_task.o
                0x00000e90                get_humidity
 .text.get_uv_index
                0x00000f28       0x98 ./sensor_task.o
                0x00000f28                get_uv_index
 .text          0x00000fc0        0x0 ./uIP_Task.o
 .text.NVIC_EnableIRQ
                0x00000fc0       0x38 ./uIP_Task.o
 .text.NVIC_SetPriority
                0x00000ff8       0x5c ./uIP_Task.o
 .text.clock_time
                0x00001054       0x10 ./uIP_Task.o
                0x00001054                clock_time
 .text.vuIP_Task
                0x00001064      0x198 ./uIP_Task.o
                0x00001064                vuIP_Task
 .text.prvSetMACAddress
                0x000011fc       0x7c ./uIP_Task.o
 .text.prvInitialise_uIP
                0x00001278      0x180 ./uIP_Task.o
 .text.prvEMACEventListener
                0x000013f8       0x94 ./uIP_Task.o
 .text.prvInitEmac
                0x0000148c       0x3c ./uIP_Task.o
 .text.vEMACWrite
                0x000014c8       0x54 ./uIP_Task.o
                0x000014c8                vEMACWrite
 .text.prvUIPTimerCallback
                0x0000151c       0x64 ./uIP_Task.o
 .text.vApplicationProcessFormInput
                0x00001580       0x9c ./uIP_Task.o
                0x00001580                vApplicationProcessFormInput
 .text          0x0000161c        0x0 ./uart_task.o
 .text          0x0000161c        0x0 ./WebServer/httpd-cgi.o
 .text.nullfunction
                0x0000161c       0x30 ./WebServer/httpd-cgi.o
 .text.httpd_cgi
                0x0000164c       0x64 ./WebServer/httpd-cgi.o
                0x0000164c                httpd_cgi
 .text.generate_tcp_stats
                0x000016b0      0x120 ./WebServer/httpd-cgi.o
 .text.tcp_stats
                0x000017d0       0xb4 ./WebServer/httpd-cgi.o
 .text.generate_net_stats
                0x00001884       0x4c ./WebServer/httpd-cgi.o
 .text.net_stats
                0x000018d0       0x8c ./WebServer/httpd-cgi.o
 .text.generate_io_state
                0x0000195c       0x80 ./WebServer/httpd-cgi.o
 .text.led_io   0x000019dc       0x68 ./WebServer/httpd-cgi.o
 .text.sensor_readings
                0x00001a44       0xcc ./WebServer/httpd-cgi.o
 .text          0x00001b10        0x0 ./MicroSemi_Code/hal/CortexM3/cortex_nvic.o
 .text.NVIC_init
                0x00001b10        0xc ./MicroSemi_Code/hal/CortexM3/cortex_nvic.o
                0x00001b10                NVIC_init
 .text.NVIC_set_handler
                0x00001b1c       0x18 ./MicroSemi_Code/hal/CortexM3/cortex_nvic.o
                0x00001b1c                NVIC_set_handler
 .text.NVIC_set_priority
                0x00001b34       0x18 ./MicroSemi_Code/hal/CortexM3/cortex_nvic.o
                0x00001b34                NVIC_set_priority
 .text.NVIC_enable_interrupt
                0x00001b4c       0x14 ./MicroSemi_Code/hal/CortexM3/cortex_nvic.o
                0x00001b4c                NVIC_enable_interrupt
 .text.NVIC_disable_interrupt
                0x00001b60       0x14 ./MicroSemi_Code/hal/CortexM3/cortex_nvic.o
                0x00001b60                NVIC_disable_interrupt
 .text.NVIC_clear_interrupt
                0x00001b74       0x14 ./MicroSemi_Code/hal/CortexM3/cortex_nvic.o
                0x00001b74                NVIC_clear_interrupt
 .text          0x00001b88        0xe ./MicroSemi_Code/hal/CortexM3/GNU/hal.o
                0x00001b88                HAL_disable_interrupts
                0x00001b90                HAL_restore_interrupts
 .text          0x00001b96        0x0 ./MicroSemi_Code/hal/CortexM3/GNU/hal_assert.o
 *fill*         0x00001b96        0x2 00
 .text.HAL_assert_fail
                0x00001b98       0x28 ./MicroSemi_Code/hal/CortexM3/GNU/hal_assert.o
                0x00001b98                HAL_assert_fail
 .text          0x00001bc0       0x90 ./MicroSemi_Code/hal/CortexM3/GNU/hw_reg_access.o
                0x00001bc0                HW_set_32bit_reg
                0x00001bc4                HW_get_32bit_reg
                0x00001bc8                HW_set_32bit_reg_field
                0x00001be4                HW_get_32bit_reg_field
                0x00001bf0                HW_set_16bit_reg
                0x00001bf4                HW_get_16bit_reg
                0x00001bf8                HW_set_16bit_reg_field
                0x00001c14                HW_get_16bit_reg_field
                0x00001c20                HW_set_8bit_reg
                0x00001c24                HW_get_8bit_reg
                0x00001c28                HW_set_8bit_reg_field
                0x00001c44                HW_get_8bit_reg_field
 .text          0x00001c50        0x0 ./MicroSemi_Code/drivers_config/mss_ace/ace_config.o
 .text          0x00001c50        0x0 ./MicroSemi_Code/drivers/mss_uart/mss_uart.o
 .text.NVIC_EnableIRQ
                0x00001c50       0x38 ./MicroSemi_Code/drivers/mss_uart/mss_uart.o
 .text.NVIC_DisableIRQ
                0x00001c88       0x3c ./MicroSemi_Code/drivers/mss_uart/mss_uart.o
 .text.NVIC_ClearPendingIRQ
                0x00001cc4       0x3c ./MicroSemi_Code/drivers/mss_uart/mss_uart.o
 .text.MSS_UART_init
                0x00001d00      0x204 ./MicroSemi_Code/drivers/mss_uart/mss_uart.o
                0x00001d00                MSS_UART_init
 .text.MSS_UART_polled_tx
                0x00001f04       0xe4 ./MicroSemi_Code/drivers/mss_uart/mss_uart.o
                0x00001f04                MSS_UART_polled_tx
 .text.MSS_UART_polled_tx_string
                0x00001fe8       0xd0 ./MicroSemi_Code/drivers/mss_uart/mss_uart.o
                0x00001fe8                MSS_UART_polled_tx_string
 .text.MSS_UART_irq_tx
                0x000020b8       0xb0 ./MicroSemi_Code/drivers/mss_uart/mss_uart.o
                0x000020b8                MSS_UART_irq_tx
 .text.MSS_UART_tx_complete
                0x00002168       0x90 ./MicroSemi_Code/drivers/mss_uart/mss_uart.o
                0x00002168                MSS_UART_tx_complete
 .text.MSS_UART_get_rx
                0x000021f8       0xdc ./MicroSemi_Code/drivers/mss_uart/mss_uart.o
                0x000021f8                MSS_UART_get_rx
 .text.MSS_UART_enable_irq
                0x000022d4       0x7c ./MicroSemi_Code/drivers/mss_uart/mss_uart.o
                0x000022d4                MSS_UART_enable_irq
 .text.MSS_UART_disable_irq
                0x00002350       0x88 ./MicroSemi_Code/drivers/mss_uart/mss_uart.o
                0x00002350                MSS_UART_disable_irq
 .text.MSS_UART_isr
                0x000023d8      0x11c ./MicroSemi_Code/drivers/mss_uart/mss_uart.o
 .text.default_tx_handler
                0x000024f4      0x108 ./MicroSemi_Code/drivers/mss_uart/mss_uart.o
 .text.MSS_UART_set_rx_handler
                0x000025fc       0xa8 ./MicroSemi_Code/drivers/mss_uart/mss_uart.o
                0x000025fc                MSS_UART_set_rx_handler
 .text.MSS_UART_set_loopback
                0x000026a4       0x70 ./MicroSemi_Code/drivers/mss_uart/mss_uart.o
                0x000026a4                MSS_UART_set_loopback
 .text.UART0_IRQHandler
                0x00002714       0x2c ./MicroSemi_Code/drivers/mss_uart/mss_uart.o
                0x00002714                UART0_IRQHandler
 .text.UART1_IRQHandler
                0x00002740       0x2c ./MicroSemi_Code/drivers/mss_uart/mss_uart.o
                0x00002740                UART1_IRQHandler
 .text.MSS_UART_set_rxstatus_handler
                0x0000276c       0x84 ./MicroSemi_Code/drivers/mss_uart/mss_uart.o
                0x0000276c                MSS_UART_set_rxstatus_handler
 .text.MSS_UART_set_tx_handler
                0x000027f0       0x94 ./MicroSemi_Code/drivers/mss_uart/mss_uart.o
                0x000027f0                MSS_UART_set_tx_handler
 .text.MSS_UART_set_modemstatus_handler
                0x00002884       0x84 ./MicroSemi_Code/drivers/mss_uart/mss_uart.o
                0x00002884                MSS_UART_set_modemstatus_handler
 .text.MSS_UART_fill_tx_fifo
                0x00002908       0xd4 ./MicroSemi_Code/drivers/mss_uart/mss_uart.o
                0x00002908                MSS_UART_fill_tx_fifo
 .text.MSS_UART_get_rx_status
                0x000029dc       0x80 ./MicroSemi_Code/drivers/mss_uart/mss_uart.o
                0x000029dc                MSS_UART_get_rx_status
 .text.MSS_UART_get_modem_status
                0x00002a5c       0x60 ./MicroSemi_Code/drivers/mss_uart/mss_uart.o
                0x00002a5c                MSS_UART_get_modem_status
 .text.MSS_UART_get_tx_status
                0x00002abc       0x78 ./MicroSemi_Code/drivers/mss_uart/mss_uart.o
                0x00002abc                MSS_UART_get_tx_status
 .text          0x00002b34        0x0 ./MicroSemi_Code/drivers/mss_i2c/mss_i2c.o
 .text.NVIC_EnableIRQ
                0x00002b34       0x38 ./MicroSemi_Code/drivers/mss_i2c/mss_i2c.o
 .text.NVIC_DisableIRQ
                0x00002b6c       0x3c ./MicroSemi_Code/drivers/mss_i2c/mss_i2c.o
 .text.NVIC_ClearPendingIRQ
                0x00002ba8       0x3c ./MicroSemi_Code/drivers/mss_i2c/mss_i2c.o
 .text.MSS_I2C_init
                0x00002be4      0x16c ./MicroSemi_Code/drivers/mss_i2c/mss_i2c.o
                0x00002be4                MSS_I2C_init
 .text.MSS_I2C_write
                0x00002d50       0xf4 ./MicroSemi_Code/drivers/mss_i2c/mss_i2c.o
                0x00002d50                MSS_I2C_write
 .text.MSS_I2C_read
                0x00002e44       0xf4 ./MicroSemi_Code/drivers/mss_i2c/mss_i2c.o
                0x00002e44                MSS_I2C_read
 .text.MSS_I2C_write_read
                0x00002f38      0x134 ./MicroSemi_Code/drivers/mss_i2c/mss_i2c.o
                0x00002f38                MSS_I2C_write_read
 .text.MSS_I2C_get_status
                0x0000306c       0x3c ./MicroSemi_Code/drivers/mss_i2c/mss_i2c.o
                0x0000306c                MSS_I2C_get_status
 .text.MSS_I2C_wait_complete
                0x000030a8       0x4c ./MicroSemi_Code/drivers/mss_i2c/mss_i2c.o
                0x000030a8                MSS_I2C_wait_complete
 .text.MSS_I2C_system_tick
                0x000030f4       0x5c ./MicroSemi_Code/drivers/mss_i2c/mss_i2c.o
                0x000030f4                MSS_I2C_system_tick
 .text.MSS_I2C_set_slave_tx_buffer
                0x00003150       0x58 ./MicroSemi_Code/drivers/mss_i2c/mss_i2c.o
                0x00003150                MSS_I2C_set_slave_tx_buffer
 .text.MSS_I2C_set_slave_rx_buffer
                0x000031a8       0x58 ./MicroSemi_Code/drivers/mss_i2c/mss_i2c.o
                0x000031a8                MSS_I2C_set_slave_rx_buffer
 .text.MSS_I2C_set_slave_mem_offset_length
                0x00003200       0x54 ./MicroSemi_Code/drivers/mss_i2c/mss_i2c.o
                0x00003200                MSS_I2C_set_slave_mem_offset_length
 .text.MSS_I2C_register_write_handler
                0x00003254       0x38 ./MicroSemi_Code/drivers/mss_i2c/mss_i2c.o
                0x00003254                MSS_I2C_register_write_handler
 .text.MSS_I2C_enable_slave
                0x0000328c       0x5c ./MicroSemi_Code/drivers/mss_i2c/mss_i2c.o
                0x0000328c                MSS_I2C_enable_slave
 .text.MSS_I2C_disable_slave
                0x000032e8       0x50 ./MicroSemi_Code/drivers/mss_i2c/mss_i2c.o
                0x000032e8                MSS_I2C_disable_slave
 .text.enable_slave_if_required
                0x00003338       0x28 ./MicroSemi_Code/drivers/mss_i2c/mss_i2c.o
 .text.mss_i2c_isr
                0x00003360      0x8f4 ./MicroSemi_Code/drivers/mss_i2c/mss_i2c.o
 .text.MSS_I2C_smbus_init
                0x00003c54       0x28 ./MicroSemi_Code/drivers/mss_i2c/mss_i2c.o
                0x00003c54                MSS_I2C_smbus_init
 .text.MSS_I2C_enable_smbus_irq
                0x00003c7c       0xe4 ./MicroSemi_Code/drivers/mss_i2c/mss_i2c.o
                0x00003c7c                MSS_I2C_enable_smbus_irq
 .text.MSS_I2C_disable_smbus_irq
                0x00003d60       0xc4 ./MicroSemi_Code/drivers/mss_i2c/mss_i2c.o
                0x00003d60                MSS_I2C_disable_smbus_irq
 .text.MSS_I2C_suspend_smbus_slave
                0x00003e24       0x20 ./MicroSemi_Code/drivers/mss_i2c/mss_i2c.o
                0x00003e24                MSS_I2C_suspend_smbus_slave
 .text.MSS_I2C_resume_smbus_slave
                0x00003e44       0x20 ./MicroSemi_Code/drivers/mss_i2c/mss_i2c.o
                0x00003e44                MSS_I2C_resume_smbus_slave
 .text.MSS_I2C_reset_smbus
                0x00003e64       0x20 ./MicroSemi_Code/drivers/mss_i2c/mss_i2c.o
                0x00003e64                MSS_I2C_reset_smbus
 .text.MSS_I2C_set_smbus_alert
                0x00003e84       0x20 ./MicroSemi_Code/drivers/mss_i2c/mss_i2c.o
                0x00003e84                MSS_I2C_set_smbus_alert
 .text.MSS_I2C_clear_smbus_alert
                0x00003ea4       0x20 ./MicroSemi_Code/drivers/mss_i2c/mss_i2c.o
                0x00003ea4                MSS_I2C_clear_smbus_alert
 .text.MSS_I2C_set_gca
                0x00003ec4       0x20 ./MicroSemi_Code/drivers/mss_i2c/mss_i2c.o
                0x00003ec4                MSS_I2C_set_gca
 .text.MSS_I2C_clear_gca
                0x00003ee4       0x20 ./MicroSemi_Code/drivers/mss_i2c/mss_i2c.o
                0x00003ee4                MSS_I2C_clear_gca
 .text.MSS_I2C_set_user_data
                0x00003f04       0x1c ./MicroSemi_Code/drivers/mss_i2c/mss_i2c.o
                0x00003f04                MSS_I2C_set_user_data
 .text.MSS_I2C_get_user_data
                0x00003f20       0x18 ./MicroSemi_Code/drivers/mss_i2c/mss_i2c.o
                0x00003f20                MSS_I2C_get_user_data
 .text.disable_interrupts
                0x00003f38       0x24 ./MicroSemi_Code/drivers/mss_i2c/mss_i2c.o
 .text.restore_interrupts
                0x00003f5c       0x18 ./MicroSemi_Code/drivers/mss_i2c/mss_i2c.o
 .text.I2C0_IRQHandler
                0x00003f74       0x2c ./MicroSemi_Code/drivers/mss_i2c/mss_i2c.o
                0x00003f74                I2C0_IRQHandler
 .text.I2C1_IRQHandler
                0x00003fa0       0x2c ./MicroSemi_Code/drivers/mss_i2c/mss_i2c.o
                0x00003fa0                I2C1_IRQHandler
 .text          0x00003fcc        0x0 ./MicroSemi_Code/drivers/mss_gpio/mss_gpio.o
 .text.NVIC_EnableIRQ
                0x00003fcc       0x38 ./MicroSemi_Code/drivers/mss_gpio/mss_gpio.o
 .text.NVIC_ClearPendingIRQ
                0x00004004       0x3c ./MicroSemi_Code/drivers/mss_gpio/mss_gpio.o
 .text.MSS_GPIO_init
                0x00004040       0x6c ./MicroSemi_Code/drivers/mss_gpio/mss_gpio.o
                0x00004040                MSS_GPIO_init
 .text.MSS_GPIO_config
                0x000040ac       0x3c ./MicroSemi_Code/drivers/mss_gpio/mss_gpio.o
                0x000040ac                MSS_GPIO_config
 .text.MSS_GPIO_set_output
                0x000040e8       0x40 ./MicroSemi_Code/drivers/mss_gpio/mss_gpio.o
                0x000040e8                MSS_GPIO_set_output
 .text.MSS_GPIO_drive_inout
                0x00004128      0x128 ./MicroSemi_Code/drivers/mss_gpio/mss_gpio.o
                0x00004128                MSS_GPIO_drive_inout
 .text.MSS_GPIO_enable_irq
                0x00004250       0x64 ./MicroSemi_Code/drivers/mss_gpio/mss_gpio.o
                0x00004250                MSS_GPIO_enable_irq
 .text.MSS_GPIO_disable_irq
                0x000042b4       0x50 ./MicroSemi_Code/drivers/mss_gpio/mss_gpio.o
                0x000042b4                MSS_GPIO_disable_irq
 .text.MSS_GPIO_clear_irq
                0x00004304       0x50 ./MicroSemi_Code/drivers/mss_gpio/mss_gpio.o
                0x00004304                MSS_GPIO_clear_irq
 .text          0x00004354        0x0 ./MicroSemi_Code/drivers/mss_ethernet_mac/crc32.o
 .text.mss_mac_crc32
                0x00004354       0x60 ./MicroSemi_Code/drivers/mss_ethernet_mac/crc32.o
                0x00004354                mss_mac_crc32
 .text.mss_ethernet_crc
                0x000043b4       0x24 ./MicroSemi_Code/drivers/mss_ethernet_mac/crc32.o
                0x000043b4                mss_ethernet_crc
 .text          0x000043d8        0x0 ./MicroSemi_Code/drivers/mss_ethernet_mac/mss_ethernet_mac.o
 .text.MSS_MAC_init
                0x000043d8      0x358 ./MicroSemi_Code/drivers/mss_ethernet_mac/mss_ethernet_mac.o
                0x000043d8                MSS_MAC_init
 .text.MSS_MAC_configure
                0x00004730      0x248 ./MicroSemi_Code/drivers/mss_ethernet_mac/mss_ethernet_mac.o
                0x00004730                MSS_MAC_configure
 .text.MSS_MAC_get_configuration
                0x00004978      0x144 ./MicroSemi_Code/drivers/mss_ethernet_mac/mss_ethernet_mac.o
                0x00004978                MSS_MAC_get_configuration
 .text.MSS_MAC_tx_packet
                0x00004abc      0x544 ./MicroSemi_Code/drivers/mss_ethernet_mac/mss_ethernet_mac.o
                0x00004abc                MSS_MAC_tx_packet
 .text.MSS_MAC_rx_pckt_size
                0x00005000       0x74 ./MicroSemi_Code/drivers/mss_ethernet_mac/mss_ethernet_mac.o
                0x00005000                MSS_MAC_rx_pckt_size
 .text.MSS_MAC_rx_packet
                0x00005074       0xf0 ./MicroSemi_Code/drivers/mss_ethernet_mac/mss_ethernet_mac.o
                0x00005074                MSS_MAC_rx_packet
 .text.MSS_MAC_rx_packet_ptrset
                0x00005164      0x134 ./MicroSemi_Code/drivers/mss_ethernet_mac/mss_ethernet_mac.o
                0x00005164                MSS_MAC_rx_packet_ptrset
 .text.MSS_MAC_link_status
                0x00005298       0x30 ./MicroSemi_Code/drivers/mss_ethernet_mac/mss_ethernet_mac.o
                0x00005298                MSS_MAC_link_status
 .text.MSS_MAC_auto_setup_link
                0x000052c8       0xd0 ./MicroSemi_Code/drivers/mss_ethernet_mac/mss_ethernet_mac.o
                0x000052c8                MSS_MAC_auto_setup_link
 .text.MSS_MAC_set_mac_address
                0x00005398       0xa4 ./MicroSemi_Code/drivers/mss_ethernet_mac/mss_ethernet_mac.o
                0x00005398                MSS_MAC_set_mac_address
 .text.MSS_MAC_get_mac_address
                0x0000543c       0x20 ./MicroSemi_Code/drivers/mss_ethernet_mac/mss_ethernet_mac.o
                0x0000543c                MSS_MAC_get_mac_address
 .text.MSS_MAC_set_mac_filters
                0x0000545c      0x1b8 ./MicroSemi_Code/drivers/mss_ethernet_mac/mss_ethernet_mac.o
                0x0000545c                MSS_MAC_set_mac_filters
 .text.EthernetMAC_IRQHandler
                0x00005614      0x13c ./MicroSemi_Code/drivers/mss_ethernet_mac/mss_ethernet_mac.o
                0x00005614                EthernetMAC_IRQHandler
 .text.MSS_MAC_set_callback
                0x00005750       0x70 ./MicroSemi_Code/drivers/mss_ethernet_mac/mss_ethernet_mac.o
                0x00005750                MSS_MAC_set_callback
 .text.MSS_MAC_last_error
                0x000057c0       0x54 ./MicroSemi_Code/drivers/mss_ethernet_mac/mss_ethernet_mac.o
                0x000057c0                MSS_MAC_last_error
 .text.MSS_MAC_get_statistics
                0x00005814      0x2b4 ./MicroSemi_Code/drivers/mss_ethernet_mac/mss_ethernet_mac.o
                0x00005814                MSS_MAC_get_statistics
 .text.MSS_MAC_prepare_rx_descriptor
                0x00005ac8      0x428 ./MicroSemi_Code/drivers/mss_ethernet_mac/mss_ethernet_mac.o
                0x00005ac8                MSS_MAC_prepare_rx_descriptor
 .text.MAC_send_setup_frame
                0x00005ef0      0x36c ./MicroSemi_Code/drivers/mss_ethernet_mac/mss_ethernet_mac.o
 .text.MAC_stop_transmission
                0x0000625c       0x60 ./MicroSemi_Code/drivers/mss_ethernet_mac/mss_ethernet_mac.o
 .text.MAC_start_transmission
                0x000062bc       0x1c ./MicroSemi_Code/drivers/mss_ethernet_mac/mss_ethernet_mac.o
 .text.MAC_stop_receiving
                0x000062d8       0x60 ./MicroSemi_Code/drivers/mss_ethernet_mac/mss_ethernet_mac.o
 .text.MAC_start_receiving
                0x00006338       0x1c ./MicroSemi_Code/drivers/mss_ethernet_mac/mss_ethernet_mac.o
 .text.MAC_dismiss_bad_frames
                0x00006354       0xa4 ./MicroSemi_Code/drivers/mss_ethernet_mac/mss_ethernet_mac.o
 .text.MAC_set_time_out
                0x000063f8       0x50 ./MicroSemi_Code/drivers/mss_ethernet_mac/mss_ethernet_mac.o
 .text.MAC_get_time_out
                0x00006448       0xf4 ./MicroSemi_Code/drivers/mss_ethernet_mac/mss_ethernet_mac.o
 .text.MAC_memset
                0x0000653c       0x38 ./MicroSemi_Code/drivers/mss_ethernet_mac/mss_ethernet_mac.o
 .text.MAC_memset_All
                0x00006574      0x448 ./MicroSemi_Code/drivers/mss_ethernet_mac/mss_ethernet_mac.o
 .text.MAC_memcpy
                0x000069bc       0x3c ./MicroSemi_Code/drivers/mss_ethernet_mac/mss_ethernet_mac.o
 .text.MSS_MAC_FreeTxBuffers
                0x000069f8       0x88 ./MicroSemi_Code/drivers/mss_ethernet_mac/mss_ethernet_mac.o
                0x000069f8                MSS_MAC_FreeTxBuffers
 .text.MAC_obtain_buffer
                0x00006a80      0x178 ./MicroSemi_Code/drivers/mss_ethernet_mac/mss_ethernet_mac.o
 .text.MAC_release_buffer
                0x00006bf8       0x70 ./MicroSemi_Code/drivers/mss_ethernet_mac/mss_ethernet_mac.o
 .text          0x00006c68        0x0 ./MicroSemi_Code/drivers/mss_ethernet_mac/phy.o
 .text.MDIO_management_clock
                0x00006c68       0x38 ./MicroSemi_Code/drivers/mss_ethernet_mac/phy.o
 .text.MDIO_send_cmd
                0x00006ca0      0x100 ./MicroSemi_Code/drivers/mss_ethernet_mac/phy.o
 .text.MDIO_read
                0x00006da0       0x70 ./MicroSemi_Code/drivers/mss_ethernet_mac/phy.o
 .text.MDIO_write
                0x00006e10       0x74 ./MicroSemi_Code/drivers/mss_ethernet_mac/phy.o
 .text.PHY_probe
                0x00006e84       0x84 ./MicroSemi_Code/drivers/mss_ethernet_mac/phy.o
                0x00006e84                PHY_probe
 .text.PHY_reset
                0x00006f08       0x20 ./MicroSemi_Code/drivers/mss_ethernet_mac/phy.o
                0x00006f08                PHY_reset
 .text.PHY_auto_negotiate
                0x00006f28       0x50 ./MicroSemi_Code/drivers/mss_ethernet_mac/phy.o
                0x00006f28                PHY_auto_negotiate
 .text.PHY_link_status
                0x00006f78       0x30 ./MicroSemi_Code/drivers/mss_ethernet_mac/phy.o
                0x00006f78                PHY_link_status
 .text.PHY_link_type
                0x00006fa8       0x48 ./MicroSemi_Code/drivers/mss_ethernet_mac/phy.o
                0x00006fa8                PHY_link_type
 .text.PHY_set_link_type
                0x00006ff0       0x58 ./MicroSemi_Code/drivers/mss_ethernet_mac/phy.o
                0x00006ff0                PHY_set_link_type
 .text.PHY_set_loopback
                0x00007048       0x58 ./MicroSemi_Code/drivers/mss_ethernet_mac/phy.o
                0x00007048                PHY_set_loopback
 .text          0x000070a0        0x0 ./MicroSemi_Code/drivers/mss_ace/ace_convert.o
 .text.ACE_get_channel_type
                0x000070a0       0x44 ./MicroSemi_Code/drivers/mss_ace/ace_convert.o
                0x000070a0                ACE_get_channel_type
 .text.ACE_convert_adc_input_to_mV
                0x000070e4       0x64 ./MicroSemi_Code/drivers/mss_ace/ace_convert.o
                0x000070e4                ACE_convert_adc_input_to_mV
 .text.ace_init_convert
                0x00007148      0x1b4 ./MicroSemi_Code/drivers/mss_ace/ace_convert.o
                0x00007148                ace_init_convert
 .text.ACE_convert_to_mV
                0x000072fc      0x100 ./MicroSemi_Code/drivers/mss_ace/ace_convert.o
                0x000072fc                ACE_convert_to_mV
 .text.ACE_convert_to_mA
                0x000073fc       0xb4 ./MicroSemi_Code/drivers/mss_ace/ace_convert.o
                0x000073fc                ACE_convert_to_mA
 .text.ACE_convert_to_uA
                0x000074b0       0xb0 ./MicroSemi_Code/drivers/mss_ace/ace_convert.o
                0x000074b0                ACE_convert_to_uA
 .text.ACE_convert_to_Kelvin
                0x00007560       0x4c ./MicroSemi_Code/drivers/mss_ace/ace_convert.o
                0x00007560                ACE_convert_to_Kelvin
 .text.ACE_convert_to_Celsius
                0x000075ac       0x3c ./MicroSemi_Code/drivers/mss_ace/ace_convert.o
                0x000075ac                ACE_convert_to_Celsius
 .text.ACE_convert_to_Fahrenheit
                0x000075e8       0x58 ./MicroSemi_Code/drivers/mss_ace/ace_convert.o
                0x000075e8                ACE_convert_to_Fahrenheit
 .text.ACE_get_channel_name
                0x00007640       0x38 ./MicroSemi_Code/drivers/mss_ace/ace_convert.o
                0x00007640                ACE_get_channel_name
 .text.ACE_convert_mV_to_adc_value
                0x00007678       0xa0 ./MicroSemi_Code/drivers/mss_ace/ace_convert.o
                0x00007678                ACE_convert_mV_to_adc_value
 .text.convert_mV_to_ppe_value
                0x00007718       0x7c ./MicroSemi_Code/drivers/mss_ace/ace_convert.o
 .text.ACE_convert_from_mV
                0x00007794      0x110 ./MicroSemi_Code/drivers/mss_ace/ace_convert.o
                0x00007794                ACE_convert_from_mV
 .text.ACE_convert_from_mA
                0x000078a4       0xc4 ./MicroSemi_Code/drivers/mss_ace/ace_convert.o
                0x000078a4                ACE_convert_from_mA
 .text.ACE_convert_from_uA
                0x00007968       0xc4 ./MicroSemi_Code/drivers/mss_ace/ace_convert.o
                0x00007968                ACE_convert_from_uA
 .text.ACE_convert_from_Kelvin
                0x00007a2c       0x58 ./MicroSemi_Code/drivers/mss_ace/ace_convert.o
                0x00007a2c                ACE_convert_from_Kelvin
 .text.ACE_convert_from_Celsius
                0x00007a84       0x4c ./MicroSemi_Code/drivers/mss_ace/ace_convert.o
                0x00007a84                ACE_convert_from_Celsius
 .text.ACE_convert_from_Fahrenheit
                0x00007ad0       0x64 ./MicroSemi_Code/drivers/mss_ace/ace_convert.o
                0x00007ad0                ACE_convert_from_Fahrenheit
 .text.ACE_translate_pdma_value
                0x00007b34       0x34 ./MicroSemi_Code/drivers/mss_ace/ace_convert.o
                0x00007b34                ACE_translate_pdma_value
 .text          0x00007b68        0x0 ./MicroSemi_Code/drivers/mss_ace/ace_flags.o
 .text.NVIC_ClearPendingIRQ
                0x00007b68       0x3c ./MicroSemi_Code/drivers/mss_ace/ace_flags.o
 .text.ace_init_flags
                0x00007ba4        0xc ./MicroSemi_Code/drivers/mss_ace/ace_flags.o
                0x00007ba4                ace_init_flags
 .text.ACE_is_hysteresis_flag
                0x00007bb0       0x20 ./MicroSemi_Code/drivers/mss_ace/ace_flags.o
                0x00007bb0                ACE_is_hysteresis_flag
 .text.ACE_is_under_flag
                0x00007bd0       0x20 ./MicroSemi_Code/drivers/mss_ace/ace_flags.o
                0x00007bd0                ACE_is_under_flag
 .text.ACE_set_flag_threshold
                0x00007bf0       0x18 ./MicroSemi_Code/drivers/mss_ace/ace_flags.o
                0x00007bf0                ACE_set_flag_threshold
 .text.ACE_set_flag_assertion
                0x00007c08       0x18 ./MicroSemi_Code/drivers/mss_ace/ace_flags.o
                0x00007c08                ACE_set_flag_assertion
 .text.ACE_set_flag_deassertion
                0x00007c20       0x18 ./MicroSemi_Code/drivers/mss_ace/ace_flags.o
                0x00007c20                ACE_set_flag_deassertion
 .text.ACE_set_flag_hysteresis
                0x00007c38       0x18 ./MicroSemi_Code/drivers/mss_ace/ace_flags.o
                0x00007c38                ACE_set_flag_hysteresis
 .text.ACE_set_channel_hysteresis
                0x00007c50       0x18 ./MicroSemi_Code/drivers/mss_ace/ace_flags.o
                0x00007c50                ACE_set_channel_hysteresis
 .text.ACE_get_flag_handle
                0x00007c68       0x1c ./MicroSemi_Code/drivers/mss_ace/ace_flags.o
                0x00007c68                ACE_get_flag_handle
 .text.ACE_get_flag_status
                0x00007c84       0x20 ./MicroSemi_Code/drivers/mss_ace/ace_flags.o
                0x00007c84                ACE_get_flag_status
 .text.ACE_get_flag_name
                0x00007ca4       0x20 ./MicroSemi_Code/drivers/mss_ace/ace_flags.o
                0x00007ca4                ACE_get_flag_name
 .text.ACE_get_flag_channel
                0x00007cc4       0x20 ./MicroSemi_Code/drivers/mss_ace/ace_flags.o
                0x00007cc4                ACE_get_flag_channel
 .text.ACE_get_channel_flag_count
                0x00007ce4       0x20 ./MicroSemi_Code/drivers/mss_ace/ace_flags.o
                0x00007ce4                ACE_get_channel_flag_count
 .text.ACE_get_channel_first_flag
                0x00007d04       0x20 ./MicroSemi_Code/drivers/mss_ace/ace_flags.o
                0x00007d04                ACE_get_channel_first_flag
 .text.ACE_get_channel_next_flag
                0x00007d24       0x20 ./MicroSemi_Code/drivers/mss_ace/ace_flags.o
                0x00007d24                ACE_get_channel_next_flag
 .text.ACE_enable_channel_flags_irq
                0x00007d44       0x14 ./MicroSemi_Code/drivers/mss_ace/ace_flags.o
                0x00007d44                ACE_enable_channel_flags_irq
 .text.ACE_disable_channel_flags_irq
                0x00007d58       0x14 ./MicroSemi_Code/drivers/mss_ace/ace_flags.o
                0x00007d58                ACE_disable_channel_flags_irq
 .text.ACE_clear_channel_flags_irq
                0x00007d6c       0x14 ./MicroSemi_Code/drivers/mss_ace/ace_flags.o
                0x00007d6c                ACE_clear_channel_flags_irq
 .text.ACE_enable_flag_irq
                0x00007d80       0x14 ./MicroSemi_Code/drivers/mss_ace/ace_flags.o
                0x00007d80                ACE_enable_flag_irq
 .text.ACE_disable_flag_irq
                0x00007d94       0x14 ./MicroSemi_Code/drivers/mss_ace/ace_flags.o
                0x00007d94                ACE_disable_flag_irq
 .text.ACE_clear_flag_irq
                0x00007da8       0x14 ./MicroSemi_Code/drivers/mss_ace/ace_flags.o
                0x00007da8                ACE_clear_flag_irq
 .text.ACE_register_flag_isr
                0x00007dbc       0x18 ./MicroSemi_Code/drivers/mss_ace/ace_flags.o
                0x00007dbc                ACE_register_flag_isr
 .text.ACE_register_channel_flags_isr
                0x00007dd4       0x18 ./MicroSemi_Code/drivers/mss_ace/ace_flags.o
                0x00007dd4                ACE_register_channel_flags_isr
 .text.ACE_register_global_flags_isr
                0x00007dec       0x14 ./MicroSemi_Code/drivers/mss_ace/ace_flags.o
                0x00007dec                ACE_register_global_flags_isr
 .text.process_flag_irq
                0x00007e00       0x14 ./MicroSemi_Code/drivers/mss_ace/ace_flags.o
 .text.ACE_PPE_Flag0_IRQHandler
                0x00007e14       0x28 ./MicroSemi_Code/drivers/mss_ace/ace_flags.o
                0x00007e14                ACE_PPE_Flag0_IRQHandler
 .text.ACE_PPE_Flag1_IRQHandler
                0x00007e3c       0x28 ./MicroSemi_Code/drivers/mss_ace/ace_flags.o
                0x00007e3c                ACE_PPE_Flag1_IRQHandler
 .text.ACE_PPE_Flag2_IRQHandler
                0x00007e64       0x28 ./MicroSemi_Code/drivers/mss_ace/ace_flags.o
                0x00007e64                ACE_PPE_Flag2_IRQHandler
 .text.ACE_PPE_Flag3_IRQHandler
                0x00007e8c       0x28 ./MicroSemi_Code/drivers/mss_ace/ace_flags.o
                0x00007e8c                ACE_PPE_Flag3_IRQHandler
 .text.ACE_PPE_Flag4_IRQHandler
                0x00007eb4       0x28 ./MicroSemi_Code/drivers/mss_ace/ace_flags.o
                0x00007eb4                ACE_PPE_Flag4_IRQHandler
 .text.ACE_PPE_Flag5_IRQHandler
                0x00007edc       0x28 ./MicroSemi_Code/drivers/mss_ace/ace_flags.o
                0x00007edc                ACE_PPE_Flag5_IRQHandler
 .text.ACE_PPE_Flag6_IRQHandler
                0x00007f04       0x28 ./MicroSemi_Code/drivers/mss_ace/ace_flags.o
                0x00007f04                ACE_PPE_Flag6_IRQHandler
 .text.ACE_PPE_Flag7_IRQHandler
                0x00007f2c       0x28 ./MicroSemi_Code/drivers/mss_ace/ace_flags.o
                0x00007f2c                ACE_PPE_Flag7_IRQHandler
 .text.ACE_PPE_Flag8_IRQHandler
                0x00007f54       0x28 ./MicroSemi_Code/drivers/mss_ace/ace_flags.o
                0x00007f54                ACE_PPE_Flag8_IRQHandler
 .text.ACE_PPE_Flag9_IRQHandler
                0x00007f7c       0x28 ./MicroSemi_Code/drivers/mss_ace/ace_flags.o
                0x00007f7c                ACE_PPE_Flag9_IRQHandler
 .text.ACE_PPE_Flag10_IRQHandler
                0x00007fa4       0x28 ./MicroSemi_Code/drivers/mss_ace/ace_flags.o
                0x00007fa4                ACE_PPE_Flag10_IRQHandler
 .text.ACE_PPE_Flag11_IRQHandler
                0x00007fcc       0x28 ./MicroSemi_Code/drivers/mss_ace/ace_flags.o
                0x00007fcc                ACE_PPE_Flag11_IRQHandler
 .text.ACE_PPE_Flag12_IRQHandler
                0x00007ff4       0x28 ./MicroSemi_Code/drivers/mss_ace/ace_flags.o
                0x00007ff4                ACE_PPE_Flag12_IRQHandler
 .text.ACE_PPE_Flag13_IRQHandler
                0x0000801c       0x28 ./MicroSemi_Code/drivers/mss_ace/ace_flags.o
                0x0000801c                ACE_PPE_Flag13_IRQHandler
 .text.ACE_PPE_Flag14_IRQHandler
                0x00008044       0x28 ./MicroSemi_Code/drivers/mss_ace/ace_flags.o
                0x00008044                ACE_PPE_Flag14_IRQHandler
 .text.ACE_PPE_Flag15_IRQHandler
                0x0000806c       0x28 ./MicroSemi_Code/drivers/mss_ace/ace_flags.o
                0x0000806c                ACE_PPE_Flag15_IRQHandler
 .text.ACE_PPE_Flag16_IRQHandler
                0x00008094       0x28 ./MicroSemi_Code/drivers/mss_ace/ace_flags.o
                0x00008094                ACE_PPE_Flag16_IRQHandler
 .text.ACE_PPE_Flag17_IRQHandler
                0x000080bc       0x28 ./MicroSemi_Code/drivers/mss_ace/ace_flags.o
                0x000080bc                ACE_PPE_Flag17_IRQHandler
 .text.ACE_PPE_Flag18_IRQHandler
                0x000080e4       0x28 ./MicroSemi_Code/drivers/mss_ace/ace_flags.o
                0x000080e4                ACE_PPE_Flag18_IRQHandler
 .text.ACE_PPE_Flag19_IRQHandler
                0x0000810c       0x28 ./MicroSemi_Code/drivers/mss_ace/ace_flags.o
                0x0000810c                ACE_PPE_Flag19_IRQHandler
 .text.ACE_PPE_Flag20_IRQHandler
                0x00008134       0x28 ./MicroSemi_Code/drivers/mss_ace/ace_flags.o
                0x00008134                ACE_PPE_Flag20_IRQHandler
 .text.ACE_PPE_Flag21_IRQHandler
                0x0000815c       0x28 ./MicroSemi_Code/drivers/mss_ace/ace_flags.o
                0x0000815c                ACE_PPE_Flag21_IRQHandler
 .text.ACE_PPE_Flag22_IRQHandler
                0x00008184       0x28 ./MicroSemi_Code/drivers/mss_ace/ace_flags.o
                0x00008184                ACE_PPE_Flag22_IRQHandler
 .text.ACE_PPE_Flag23_IRQHandler
                0x000081ac       0x28 ./MicroSemi_Code/drivers/mss_ace/ace_flags.o
                0x000081ac                ACE_PPE_Flag23_IRQHandler
 .text.ACE_PPE_Flag24_IRQHandler
                0x000081d4       0x28 ./MicroSemi_Code/drivers/mss_ace/ace_flags.o
                0x000081d4                ACE_PPE_Flag24_IRQHandler
 .text.ACE_PPE_Flag25_IRQHandler
                0x000081fc       0x28 ./MicroSemi_Code/drivers/mss_ace/ace_flags.o
                0x000081fc                ACE_PPE_Flag25_IRQHandler
 .text.ACE_PPE_Flag26_IRQHandler
                0x00008224       0x28 ./MicroSemi_Code/drivers/mss_ace/ace_flags.o
                0x00008224                ACE_PPE_Flag26_IRQHandler
 .text.ACE_PPE_Flag27_IRQHandler
                0x0000824c       0x28 ./MicroSemi_Code/drivers/mss_ace/ace_flags.o
                0x0000824c                ACE_PPE_Flag27_IRQHandler
 .text.ACE_PPE_Flag28_IRQHandler
                0x00008274       0x28 ./MicroSemi_Code/drivers/mss_ace/ace_flags.o
                0x00008274                ACE_PPE_Flag28_IRQHandler
 .text.ACE_PPE_Flag29_IRQHandler
                0x0000829c       0x28 ./MicroSemi_Code/drivers/mss_ace/ace_flags.o
                0x0000829c                ACE_PPE_Flag29_IRQHandler
 .text.ACE_PPE_Flag30_IRQHandler
                0x000082c4       0x28 ./MicroSemi_Code/drivers/mss_ace/ace_flags.o
                0x000082c4                ACE_PPE_Flag30_IRQHandler
 .text.ACE_PPE_Flag31_IRQHandler
                0x000082ec       0x28 ./MicroSemi_Code/drivers/mss_ace/ace_flags.o
                0x000082ec                ACE_PPE_Flag31_IRQHandler
 .text          0x00008314        0x0 ./MicroSemi_Code/drivers/mss_ace/ace_sse.o
 .text.ACE_get_sse_seq_handle
                0x00008314       0x84 ./MicroSemi_Code/drivers/mss_ace/ace_sse.o
                0x00008314                ACE_get_sse_seq_handle
 .text.ACE_load_sse
                0x00008398      0x130 ./MicroSemi_Code/drivers/mss_ace/ace_sse.o
                0x00008398                ACE_load_sse
 .text.ACE_start_sse
                0x000084c8      0x140 ./MicroSemi_Code/drivers/mss_ace/ace_sse.o
                0x000084c8                ACE_start_sse
 .text.ACE_restart_sse
                0x00008608      0x124 ./MicroSemi_Code/drivers/mss_ace/ace_sse.o
                0x00008608                ACE_restart_sse
 .text.ACE_stop_sse
                0x0000872c       0x54 ./MicroSemi_Code/drivers/mss_ace/ace_sse.o
                0x0000872c                ACE_stop_sse
 .text.ACE_resume_sse
                0x00008780       0x54 ./MicroSemi_Code/drivers/mss_ace/ace_sse.o
                0x00008780                ACE_resume_sse
 .text.ACE_enable_sse_irq
                0x000087d4       0x48 ./MicroSemi_Code/drivers/mss_ace/ace_sse.o
                0x000087d4                ACE_enable_sse_irq
 .text.ACE_disable_sse_irq
                0x0000881c       0x64 ./MicroSemi_Code/drivers/mss_ace/ace_sse.o
                0x0000881c                ACE_disable_sse_irq
 .text.ACE_clear_sse_irq
                0x00008880       0x6c ./MicroSemi_Code/drivers/mss_ace/ace_sse.o
                0x00008880                ACE_clear_sse_irq
 .text.ACE_clear_sample_pipeline
                0x000088ec      0x178 ./MicroSemi_Code/drivers/mss_ace/ace_sse.o
                0x000088ec                ACE_clear_sample_pipeline
 .text          0x00008a64        0x0 ./MicroSemi_Code/drivers/mss_ace/ace_transform.o
 .text.ACE_get_default_m_factor
                0x00008a64       0x30 ./MicroSemi_Code/drivers/mss_ace/ace_transform.o
                0x00008a64                ACE_get_default_m_factor
 .text.ACE_get_default_c_offset
                0x00008a94       0x34 ./MicroSemi_Code/drivers/mss_ace/ace_transform.o
                0x00008a94                ACE_get_default_c_offset
 .text.ACE_set_linear_transform
                0x00008ac8      0x17c ./MicroSemi_Code/drivers/mss_ace/ace_transform.o
                0x00008ac8                ACE_set_linear_transform
 .text.extend_sign
                0x00008c44       0x30 ./MicroSemi_Code/drivers/mss_ace/ace_transform.o
                0x00008c44                extend_sign
 .text.adjust_to_24bit_ace_format
                0x00008c74       0x80 ./MicroSemi_Code/drivers/mss_ace/ace_transform.o
                0x00008c74                adjust_to_24bit_ace_format
 .text.adjust_to_16bit_ace_format
                0x00008cf4       0x80 ./MicroSemi_Code/drivers/mss_ace/ace_transform.o
                0x00008cf4                adjust_to_16bit_ace_format
 .text.get_calibration
                0x00008d74      0x380 ./MicroSemi_Code/drivers/mss_ace/ace_transform.o
                0x00008d74                get_calibration
 .text.write_transform_coefficients
                0x000090f4       0xac ./MicroSemi_Code/drivers/mss_ace/ace_transform.o
                0x000090f4                write_transform_coefficients
 .text          0x000091a0        0x0 ./MicroSemi_Code/drivers/mss_ace/mss_ace.o
 .text.ACE_init
                0x000091a0       0x10 ./MicroSemi_Code/drivers/mss_ace/mss_ace.o
                0x000091a0                ACE_init
 .text.ACE_start_adc
                0x000091b0       0x2c ./MicroSemi_Code/drivers/mss_ace/mss_ace.o
                0x000091b0                ACE_start_adc
 .text.ACE_get_adc_result
                0x000091dc       0x64 ./MicroSemi_Code/drivers/mss_ace/mss_ace.o
                0x000091dc                ACE_get_adc_result
 .text.ACE_configure_sdd
                0x00009240      0x1a0 ./MicroSemi_Code/drivers/mss_ace/mss_ace.o
                0x00009240                ACE_configure_sdd
 .text.ACE_enable_sdd
                0x000093e0       0x48 ./MicroSemi_Code/drivers/mss_ace/mss_ace.o
                0x000093e0                ACE_enable_sdd
 .text.ACE_disable_sdd
                0x00009428       0x48 ./MicroSemi_Code/drivers/mss_ace/mss_ace.o
                0x00009428                ACE_disable_sdd
 .text.ACE_set_sdd_value
                0x00009470       0x4c ./MicroSemi_Code/drivers/mss_ace/mss_ace.o
                0x00009470                ACE_set_sdd_value
 .text.ACE_set_sdd_value_sync
                0x000094bc       0xd0 ./MicroSemi_Code/drivers/mss_ace/mss_ace.o
                0x000094bc                ACE_set_sdd_value_sync
 .text.ACE_set_comp_reference
                0x0000958c      0x1b4 ./MicroSemi_Code/drivers/mss_ace/mss_ace.o
                0x0000958c                ACE_set_comp_reference
 .text.ACE_set_comp_hysteresis
                0x00009740      0x128 ./MicroSemi_Code/drivers/mss_ace/mss_ace.o
                0x00009740                ACE_set_comp_hysteresis
 .text.ACE_enable_comp
                0x00009868       0xfc ./MicroSemi_Code/drivers/mss_ace/mss_ace.o
                0x00009868                ACE_enable_comp
 .text.ACE_disable_comp
                0x00009964       0xf8 ./MicroSemi_Code/drivers/mss_ace/mss_ace.o
                0x00009964                ACE_disable_comp
 .text.ACE_enable_comp_rise_irq
                0x00009a5c       0x50 ./MicroSemi_Code/drivers/mss_ace/mss_ace.o
                0x00009a5c                ACE_enable_comp_rise_irq
 .text.ACE_disable_comp_rise_irq
                0x00009aac       0x70 ./MicroSemi_Code/drivers/mss_ace/mss_ace.o
                0x00009aac                ACE_disable_comp_rise_irq
 .text.ACE_clear_comp_rise_irq
                0x00009b1c       0x6c ./MicroSemi_Code/drivers/mss_ace/mss_ace.o
                0x00009b1c                ACE_clear_comp_rise_irq
 .text.ACE_enable_comp_fall_irq
                0x00009b88       0x50 ./MicroSemi_Code/drivers/mss_ace/mss_ace.o
                0x00009b88                ACE_enable_comp_fall_irq
 .text.ACE_disable_comp_fall_irq
                0x00009bd8       0x70 ./MicroSemi_Code/drivers/mss_ace/mss_ace.o
                0x00009bd8                ACE_disable_comp_fall_irq
 .text.ACE_clear_comp_fall_irq
                0x00009c48       0x6c ./MicroSemi_Code/drivers/mss_ace/mss_ace.o
                0x00009c48                ACE_clear_comp_fall_irq
 .text.ACE_get_comp_status
                0x00009cb4       0x20 ./MicroSemi_Code/drivers/mss_ace/mss_ace.o
                0x00009cb4                ACE_get_comp_status
 .text.ACE_get_channel_count
                0x00009cd4       0x10 ./MicroSemi_Code/drivers/mss_ace/mss_ace.o
                0x00009cd4                ACE_get_channel_count
 .text.ACE_get_first_channel
                0x00009ce4       0x1c ./MicroSemi_Code/drivers/mss_ace/mss_ace.o
                0x00009ce4                ACE_get_first_channel
 .text.ACE_get_next_channel
                0x00009d00       0x2c ./MicroSemi_Code/drivers/mss_ace/mss_ace.o
                0x00009d00                ACE_get_next_channel
 .text.ACE_get_channel_handle
                0x00009d2c       0x74 ./MicroSemi_Code/drivers/mss_ace/mss_ace.o
                0x00009d2c                ACE_get_channel_handle
 .text.ACE_get_input_channel_handle
                0x00009da0       0x54 ./MicroSemi_Code/drivers/mss_ace/mss_ace.o
                0x00009da0                ACE_get_input_channel_handle
 .text.ACE_get_ppe_sample
                0x00009df4       0x54 ./MicroSemi_Code/drivers/mss_ace/mss_ace.o
                0x00009df4                ACE_get_ppe_sample
 .text          0x00009e48        0x0 ./MicroSemi_Code/CMSIS/brownout_isr.o
 .text.BrownOut_1_5V_IRQHandler
                0x00009e48       0xb0 ./MicroSemi_Code/CMSIS/brownout_isr.o
                0x00009e48                BrownOut_1_5V_IRQHandler
 .text          0x00009ef8        0x0 ./MicroSemi_Code/CMSIS/core_cm3.o
 .text.__get_PSP
                0x00009ef8       0x10 ./MicroSemi_Code/CMSIS/core_cm3.o
                0x00009ef8                __get_PSP
 .text.__set_PSP
                0x00009f08        0x8 ./MicroSemi_Code/CMSIS/core_cm3.o
                0x00009f08                __set_PSP
 .text.__get_MSP
                0x00009f10       0x10 ./MicroSemi_Code/CMSIS/core_cm3.o
                0x00009f10                __get_MSP
 .text.__set_MSP
                0x00009f20        0x8 ./MicroSemi_Code/CMSIS/core_cm3.o
                0x00009f20                __set_MSP
 .text.__get_BASEPRI
                0x00009f28       0x20 ./MicroSemi_Code/CMSIS/core_cm3.o
                0x00009f28                __get_BASEPRI
 .text.__set_BASEPRI
                0x00009f48       0x18 ./MicroSemi_Code/CMSIS/core_cm3.o
                0x00009f48                __set_BASEPRI
 .text.__get_PRIMASK
                0x00009f60       0x20 ./MicroSemi_Code/CMSIS/core_cm3.o
                0x00009f60                __get_PRIMASK
 .text.__set_PRIMASK
                0x00009f80       0x18 ./MicroSemi_Code/CMSIS/core_cm3.o
                0x00009f80                __set_PRIMASK
 .text.__get_FAULTMASK
                0x00009f98       0x20 ./MicroSemi_Code/CMSIS/core_cm3.o
                0x00009f98                __get_FAULTMASK
 .text.__set_FAULTMASK
                0x00009fb8       0x18 ./MicroSemi_Code/CMSIS/core_cm3.o
                0x00009fb8                __set_FAULTMASK
 .text.__get_CONTROL
                0x00009fd0       0x20 ./MicroSemi_Code/CMSIS/core_cm3.o
                0x00009fd0                __get_CONTROL
 .text.__set_CONTROL
                0x00009ff0       0x18 ./MicroSemi_Code/CMSIS/core_cm3.o
                0x00009ff0                __set_CONTROL
 .text.__REV    0x0000a008       0x24 ./MicroSemi_Code/CMSIS/core_cm3.o
                0x0000a008                __REV
 .text.__REV16  0x0000a02c       0x24 ./MicroSemi_Code/CMSIS/core_cm3.o
                0x0000a02c                __REV16
 .text.__REVSH  0x0000a050       0x24 ./MicroSemi_Code/CMSIS/core_cm3.o
                0x0000a050                __REVSH
 .text.__RBIT   0x0000a074       0x24 ./MicroSemi_Code/CMSIS/core_cm3.o
                0x0000a074                __RBIT
 .text.__LDREXB
                0x0000a098       0x24 ./MicroSemi_Code/CMSIS/core_cm3.o
                0x0000a098                __LDREXB
 .text.__LDREXH
                0x0000a0bc       0x24 ./MicroSemi_Code/CMSIS/core_cm3.o
                0x0000a0bc                __LDREXH
 .text.__LDREXW
                0x0000a0e0       0x24 ./MicroSemi_Code/CMSIS/core_cm3.o
                0x0000a0e0                __LDREXW
 .text.__STREXB
                0x0000a104       0x2c ./MicroSemi_Code/CMSIS/core_cm3.o
                0x0000a104                __STREXB
 .text.__STREXH
                0x0000a130       0x2c ./MicroSemi_Code/CMSIS/core_cm3.o
                0x0000a130                __STREXH
 .text.__STREXW
                0x0000a15c       0x28 ./MicroSemi_Code/CMSIS/core_cm3.o
                0x0000a15c                __STREXW
 .text          0x0000a184        0x0 ./MicroSemi_Code/CMSIS/system_a2fxxxm3.o
 .text.SystemInit
                0x0000a184        0xc ./MicroSemi_Code/CMSIS/system_a2fxxxm3.o
                0x0000a184                SystemInit
 .text.SystemCoreClockUpdate
                0x0000a190      0x150 ./MicroSemi_Code/CMSIS/system_a2fxxxm3.o
                0x0000a190                SystemCoreClockUpdate
 .text.GetSystemClock
                0x0000a2e0       0xe8 ./MicroSemi_Code/CMSIS/system_a2fxxxm3.o
 .text          0x0000a3c8        0x0 ./MicroSemi_Code/CMSIS/startup_gcc/newlib_stubs.o
 .text._close   0x0000a3c8       0x18 ./MicroSemi_Code/CMSIS/startup_gcc/newlib_stubs.o
                0x0000a3c8                _close
 .text._execve  0x0000a3e0       0x28 ./MicroSemi_Code/CMSIS/startup_gcc/newlib_stubs.o
                0x0000a3e0                _execve
 .text._exit    0x0000a408        0xc ./MicroSemi_Code/CMSIS/startup_gcc/newlib_stubs.o
                0x0000a408                _exit
 .text._fork    0x0000a414       0x18 ./MicroSemi_Code/CMSIS/startup_gcc/newlib_stubs.o
                0x0000a414                _fork
 .text._fstat   0x0000a42c       0x24 ./MicroSemi_Code/CMSIS/startup_gcc/newlib_stubs.o
                0x0000a42c                _fstat
 .text._getpid  0x0000a450       0x10 ./MicroSemi_Code/CMSIS/startup_gcc/newlib_stubs.o
                0x0000a450                _getpid
 .text._isatty  0x0000a460       0x18 ./MicroSemi_Code/CMSIS/startup_gcc/newlib_stubs.o
                0x0000a460                _isatty
 .text._kill    0x0000a478       0x24 ./MicroSemi_Code/CMSIS/startup_gcc/newlib_stubs.o
                0x0000a478                _kill
 .text._link    0x0000a49c       0x24 ./MicroSemi_Code/CMSIS/startup_gcc/newlib_stubs.o
                0x0000a49c                _link
 .text._lseek   0x0000a4c0       0x1c ./MicroSemi_Code/CMSIS/startup_gcc/newlib_stubs.o
                0x0000a4c0                _lseek
 .text._open    0x0000a4dc       0x1c ./MicroSemi_Code/CMSIS/startup_gcc/newlib_stubs.o
                0x0000a4dc                _open
 .text._read    0x0000a4f8       0x1c ./MicroSemi_Code/CMSIS/startup_gcc/newlib_stubs.o
                0x0000a4f8                _read
 .text._write_r
                0x0000a514       0x5c ./MicroSemi_Code/CMSIS/startup_gcc/newlib_stubs.o
                0x0000a514                _write_r
 .text._sbrk    0x0000a570       0x94 ./MicroSemi_Code/CMSIS/startup_gcc/newlib_stubs.o
                0x0000a570                _sbrk
 .text._stat    0x0000a604       0x24 ./MicroSemi_Code/CMSIS/startup_gcc/newlib_stubs.o
                0x0000a604                _stat
 .text._times   0x0000a628       0x18 ./MicroSemi_Code/CMSIS/startup_gcc/newlib_stubs.o
                0x0000a628                _times
 .text._unlink  0x0000a640       0x24 ./MicroSemi_Code/CMSIS/startup_gcc/newlib_stubs.o
                0x0000a640                _unlink
 .text._wait    0x0000a664       0x24 ./MicroSemi_Code/CMSIS/startup_gcc/newlib_stubs.o
                0x0000a664                _wait
 .text          0x0000a688        0x0 ./MicroSemi_Code/CMSIS/startup_gcc/startup_a2fxxxm3.o
 .text          0x0000a688        0x0 ./Helpers/uart_helper.o
 .text.uart_string_print
                0x0000a688       0x24 ./Helpers/uart_helper.o
                0x0000a688                uart_string_print
 .text          0x0000a6ac        0x0 ./FreeTCPIP/psock.o
 .text.buf_setup
                0x0000a6ac       0x24 ./FreeTCPIP/psock.o
 .text.buf_bufdata
                0x0000a6d0      0x11c ./FreeTCPIP/psock.o
 .text.buf_bufto
                0x0000a7ec       0xa8 ./FreeTCPIP/psock.o
 .text.send_data
                0x0000a894       0x6c ./FreeTCPIP/psock.o
 .text.data_acked
                0x0000a900       0x88 ./FreeTCPIP/psock.o
 .text.psock_send
                0x0000a988       0x94 ./FreeTCPIP/psock.o
                0x0000a988                psock_send
 .text.psock_generator_send
                0x0000aa1c       0xb8 ./FreeTCPIP/psock.o
                0x0000aa1c                psock_generator_send
 .text.psock_datalen
                0x0000aad4       0x24 ./FreeTCPIP/psock.o
                0x0000aad4                psock_datalen
 .text.psock_newdata
                0x0000aaf8       0x58 ./FreeTCPIP/psock.o
                0x0000aaf8                psock_newdata
 .text.psock_readto
                0x0000ab50       0xc8 ./FreeTCPIP/psock.o
                0x0000ab50                psock_readto
 .text.psock_readbuf
                0x0000ac18       0xc4 ./FreeTCPIP/psock.o
                0x0000ac18                psock_readbuf
 .text.psock_init
                0x0000acdc       0x48 ./FreeTCPIP/psock.o
                0x0000acdc                psock_init
 .text          0x0000ad24        0x0 ./FreeTCPIP/timer.o
 .text.timer_set
                0x0000ad24       0x24 ./FreeTCPIP/timer.o
                0x0000ad24                timer_set
 .text.timer_reset
                0x0000ad48       0x20 ./FreeTCPIP/timer.o
                0x0000ad48                timer_reset
 .text.timer_restart
                0x0000ad68       0x1c ./FreeTCPIP/timer.o
                0x0000ad68                timer_restart
 .text.timer_expired
                0x0000ad84       0x2c ./FreeTCPIP/timer.o
                0x0000ad84                timer_expired
 .text.timer_remaining
                0x0000adb0       0x28 ./FreeTCPIP/timer.o
                0x0000adb0                timer_remaining
 .text          0x0000add8        0x0 ./FreeTCPIP/uip.o
 .text.uip_setipid
                0x0000add8       0x20 ./FreeTCPIP/uip.o
                0x0000add8                uip_setipid
 .text.uip_add32
                0x0000adf8      0x14c ./FreeTCPIP/uip.o
                0x0000adf8                uip_add32
 .text.chksum   0x0000af44       0x98 ./FreeTCPIP/uip.o
 .text.uip_chksum
                0x0000afdc       0x30 ./FreeTCPIP/uip.o
                0x0000afdc                uip_chksum
 .text.uip_ipchksum
                0x0000b00c       0x48 ./FreeTCPIP/uip.o
                0x0000b00c                uip_ipchksum
 .text.upper_layer_chksum
                0x0000b054       0xa8 ./FreeTCPIP/uip.o
 .text.uip_tcpchksum
                0x0000b0fc       0x14 ./FreeTCPIP/uip.o
                0x0000b0fc                uip_tcpchksum
 .text.uip_udpchksum
                0x0000b110       0x14 ./FreeTCPIP/uip.o
                0x0000b110                uip_udpchksum
 .text.uip_init
                0x0000b124       0xcc ./FreeTCPIP/uip.o
                0x0000b124                uip_init
 .text.uip_connect
                0x0000b1f0      0x1e0 ./FreeTCPIP/uip.o
                0x0000b1f0                uip_connect
 .text.uip_unlisten
                0x0000b3d0       0x88 ./FreeTCPIP/uip.o
                0x0000b3d0                uip_unlisten
 .text.uip_listen
                0x0000b458       0x84 ./FreeTCPIP/uip.o
                0x0000b458                uip_listen
 .text.uip_add_rcv_nxt
                0x0000b4dc       0x84 ./FreeTCPIP/uip.o
 .text.uip_process
                0x0000b560     0x21b0 ./FreeTCPIP/uip.o
                0x0000b560                uip_process
 .text.htons    0x0000d710       0x30 ./FreeTCPIP/uip.o
                0x0000d710                htons
 .text.htonl    0x0000d740       0x5c ./FreeTCPIP/uip.o
                0x0000d740                htonl
 .text.uip_send
                0x0000d79c       0x84 ./FreeTCPIP/uip.o
                0x0000d79c                uip_send
 .text          0x0000d820        0x0 ./FreeTCPIP/uip_arp.o
 .text.uip_arp_init
                0x0000d820       0x70 ./FreeTCPIP/uip_arp.o
                0x0000d820                uip_arp_init
 .text.uip_arp_timer
                0x0000d890       0xd4 ./FreeTCPIP/uip_arp.o
                0x0000d890                uip_arp_timer
 .text.uip_arp_update
                0x0000d964      0x290 ./FreeTCPIP/uip_arp.o
 .text.uip_arp_arpin
                0x0000dbf4      0x308 ./FreeTCPIP/uip_arp.o
                0x0000dbf4                uip_arp_arpin
 .text.uip_arp_out
                0x0000defc      0x488 ./FreeTCPIP/uip_arp.o
                0x0000defc                uip_arp_out
 .text          0x0000e384        0x0 ./FreeTCPIP/http_Common/http-strings.o
 .text          0x0000e384        0x0 ./FreeTCPIP/http_Common/httpd-fs.o
 .text.httpd_fs_strcmp
                0x0000e384       0x6c ./FreeTCPIP/http_Common/httpd-fs.o
 .text.httpd_fs_open
                0x0000e3f0       0x88 ./FreeTCPIP/http_Common/httpd-fs.o
                0x0000e3f0                httpd_fs_open
 .text.httpd_fs_init
                0x0000e478       0x38 ./FreeTCPIP/http_Common/httpd-fs.o
                0x0000e478                httpd_fs_init
 .text.httpd_fs_count
                0x0000e4b0       0x60 ./FreeTCPIP/http_Common/httpd-fs.o
                0x0000e4b0                httpd_fs_count
 .text          0x0000e510        0x0 ./FreeTCPIP/http_Common/httpd.o
 .text.generate_part_of_file
                0x0000e510       0x78 ./FreeTCPIP/http_Common/httpd.o
 .text.send_file
                0x0000e588       0x98 ./FreeTCPIP/http_Common/httpd.o
 .text.send_part_of_file
                0x0000e620       0x68 ./FreeTCPIP/http_Common/httpd.o
 .text.next_scriptstate
                0x0000e688       0x54 ./FreeTCPIP/http_Common/httpd.o
 .text.handle_script
                0x0000e6dc      0x234 ./FreeTCPIP/http_Common/httpd.o
 .text.send_headers
                0x0000e910      0x2d8 ./FreeTCPIP/http_Common/httpd.o
 .text.handle_output
                0x0000ebe8      0x18c ./FreeTCPIP/http_Common/httpd.o
 .text.handle_input
                0x0000ed74      0x1d0 ./FreeTCPIP/http_Common/httpd.o
 .text.handle_connection
                0x0000ef44       0x28 ./FreeTCPIP/http_Common/httpd.o
 .text.httpd_appcall
                0x0000ef6c      0x118 ./FreeTCPIP/http_Common/httpd.o
                0x0000ef6c                httpd_appcall
 .text.httpd_init
                0x0000f084       0x10 ./FreeTCPIP/http_Common/httpd.o
                0x0000f084                httpd_init
 .text          0x0000f094        0x0 ./FreeRTOS_Source/list.o
 .text.vListInitialise
                0x0000f094       0x48 ./FreeRTOS_Source/list.o
                0x0000f094                vListInitialise
 .text.vListInitialiseItem
                0x0000f0dc       0x1c ./FreeRTOS_Source/list.o
                0x0000f0dc                vListInitialiseItem
 .text.vListInsertEnd
                0x0000f0f8       0x48 ./FreeRTOS_Source/list.o
                0x0000f0f8                vListInsertEnd
 .text.vListInsert
                0x0000f140       0x74 ./FreeRTOS_Source/list.o
                0x0000f140                vListInsert
 .text.uxListRemove
                0x0000f1b4       0x58 ./FreeRTOS_Source/list.o
                0x0000f1b4                uxListRemove
 .text          0x0000f20c        0x0 ./FreeRTOS_Source/queue.o
 .text.xQueueGenericReset
                0x0000f20c       0xec ./FreeRTOS_Source/queue.o
                0x0000f20c                xQueueGenericReset
 .text.xQueueGenericCreate
                0x0000f2f8       0x80 ./FreeRTOS_Source/queue.o
                0x0000f2f8                xQueueGenericCreate
 .text.prvInitialiseNewQueue
                0x0000f378       0x48 ./FreeRTOS_Source/queue.o
 .text.prvInitialiseMutex
                0x0000f3c0       0x40 ./FreeRTOS_Source/queue.o
 .text.xQueueCreateMutex
                0x0000f400       0x38 ./FreeRTOS_Source/queue.o
                0x0000f400                xQueueCreateMutex
 .text.xQueueGiveMutexRecursive
                0x0000f438       0x74 ./FreeRTOS_Source/queue.o
                0x0000f438                xQueueGiveMutexRecursive
 .text.xQueueTakeMutexRecursive
                0x0000f4ac       0x74 ./FreeRTOS_Source/queue.o
                0x0000f4ac                xQueueTakeMutexRecursive
 .text.xQueueGenericSend
                0x0000f520      0x230 ./FreeRTOS_Source/queue.o
                0x0000f520                xQueueGenericSend
 .text.xQueueGenericSendFromISR
                0x0000f750      0x144 ./FreeRTOS_Source/queue.o
                0x0000f750                xQueueGenericSendFromISR
 .text.xQueueGiveFromISR
                0x0000f894      0x12c ./FreeRTOS_Source/queue.o
                0x0000f894                xQueueGiveFromISR
 .text.xQueueReceive
                0x0000f9c0      0x1ec ./FreeRTOS_Source/queue.o
                0x0000f9c0                xQueueReceive
 .text.xQueueSemaphoreTake
                0x0000fbac      0x240 ./FreeRTOS_Source/queue.o
                0x0000fbac                xQueueSemaphoreTake
 .text.xQueuePeek
                0x0000fdec      0x1f0 ./FreeRTOS_Source/queue.o
                0x0000fdec                xQueuePeek
 .text.xQueueReceiveFromISR
                0x0000ffdc      0x118 ./FreeRTOS_Source/queue.o
                0x0000ffdc                xQueueReceiveFromISR
 .text.xQueuePeekFromISR
                0x000100f4       0xd4 ./FreeRTOS_Source/queue.o
                0x000100f4                xQueuePeekFromISR
 .text.uxQueueMessagesWaiting
                0x000101c8       0x3c ./FreeRTOS_Source/queue.o
                0x000101c8                uxQueueMessagesWaiting
 .text.uxQueueSpacesAvailable
                0x00010204       0x48 ./FreeRTOS_Source/queue.o
                0x00010204                uxQueueSpacesAvailable
 .text.uxQueueMessagesWaitingFromISR
                0x0001024c       0x3c ./FreeRTOS_Source/queue.o
                0x0001024c                uxQueueMessagesWaitingFromISR
 .text.vQueueDelete
                0x00010288       0x34 ./FreeRTOS_Source/queue.o
                0x00010288                vQueueDelete
 .text.uxQueueGetQueueNumber
                0x000102bc       0x18 ./FreeRTOS_Source/queue.o
                0x000102bc                uxQueueGetQueueNumber
 .text.vQueueSetQueueNumber
                0x000102d4       0x1c ./FreeRTOS_Source/queue.o
                0x000102d4                vQueueSetQueueNumber
 .text.ucQueueGetQueueType
                0x000102f0       0x1c ./FreeRTOS_Source/queue.o
                0x000102f0                ucQueueGetQueueType
 .text.prvGetDisinheritPriorityAfterTimeout
                0x0001030c       0x34 ./FreeRTOS_Source/queue.o
 .text.prvCopyDataToQueue
                0x00010340       0xf0 ./FreeRTOS_Source/queue.o
 .text.prvCopyDataFromQueue
                0x00010430       0x50 ./FreeRTOS_Source/queue.o
 .text.prvUnlockQueue
                0x00010480       0xac ./FreeRTOS_Source/queue.o
 .text.prvIsQueueEmpty
                0x0001052c       0x34 ./FreeRTOS_Source/queue.o
 .text.xQueueIsQueueEmptyFromISR
                0x00010560       0x4c ./FreeRTOS_Source/queue.o
                0x00010560                xQueueIsQueueEmptyFromISR
 .text.prvIsQueueFull
                0x000105ac       0x38 ./FreeRTOS_Source/queue.o
 .text.xQueueIsQueueFullFromISR
                0x000105e4       0x50 ./FreeRTOS_Source/queue.o
                0x000105e4                xQueueIsQueueFullFromISR
 .text.vQueueWaitForMessageRestricted
                0x00010634       0x74 ./FreeRTOS_Source/queue.o
                0x00010634                vQueueWaitForMessageRestricted
 .text          0x000106a8        0x0 ./FreeRTOS_Source/tasks.o
 .text.xTaskCreate
                0x000106a8       0x94 ./FreeRTOS_Source/tasks.o
                0x000106a8                xTaskCreate
 .text.prvInitialiseNewTask
                0x0001073c      0x148 ./FreeRTOS_Source/tasks.o
 .text.prvAddNewTaskToReadyList
                0x00010884      0x13c ./FreeRTOS_Source/tasks.o
 .text.vTaskDelete
                0x000109c0      0x16c ./FreeRTOS_Source/tasks.o
                0x000109c0                vTaskDelete
 .text.vTaskDelayUntil
                0x00010b2c      0x110 ./FreeRTOS_Source/tasks.o
                0x00010b2c                vTaskDelayUntil
 .text.vTaskDelay
                0x00010c3c       0x70 ./FreeRTOS_Source/tasks.o
                0x00010c3c                vTaskDelay
 .text.eTaskGetState
                0x00010cac       0xe4 ./FreeRTOS_Source/tasks.o
                0x00010cac                eTaskGetState
 .text.uxTaskPriorityGet
                0x00010d90       0x38 ./FreeRTOS_Source/tasks.o
                0x00010d90                uxTaskPriorityGet
 .text.uxTaskPriorityGetFromISR
                0x00010dc8       0x5c ./FreeRTOS_Source/tasks.o
                0x00010dc8                uxTaskPriorityGetFromISR
 .text.vTaskPrioritySet
                0x00010e24      0x1b0 ./FreeRTOS_Source/tasks.o
                0x00010e24                vTaskPrioritySet
 .text.vTaskSuspend
                0x00010fd4      0x168 ./FreeRTOS_Source/tasks.o
                0x00010fd4                vTaskSuspend
 .text.prvTaskIsTaskSuspended
                0x0001113c       0x68 ./FreeRTOS_Source/tasks.o
 .text.vTaskResume
                0x000111a4       0xdc ./FreeRTOS_Source/tasks.o
                0x000111a4                vTaskResume
 .text.xTaskResumeFromISR
                0x00011280      0x108 ./FreeRTOS_Source/tasks.o
                0x00011280                xTaskResumeFromISR
 .text.vTaskStartScheduler
                0x00011388       0xb4 ./FreeRTOS_Source/tasks.o
                0x00011388                vTaskStartScheduler
 .text.vTaskEndScheduler
                0x0001143c       0x34 ./FreeRTOS_Source/tasks.o
                0x0001143c                vTaskEndScheduler
 .text.vTaskSuspendAll
                0x00011470       0x24 ./FreeRTOS_Source/tasks.o
                0x00011470                vTaskSuspendAll
 .text.xTaskResumeAll
                0x00011494      0x1a0 ./FreeRTOS_Source/tasks.o
                0x00011494                xTaskResumeAll
 .text.xTaskGetTickCount
                0x00011634       0x20 ./FreeRTOS_Source/tasks.o
                0x00011634                xTaskGetTickCount
 .text.xTaskGetTickCountFromISR
                0x00011654       0x28 ./FreeRTOS_Source/tasks.o
                0x00011654                xTaskGetTickCountFromISR
 .text.uxTaskGetNumberOfTasks
                0x0001167c       0x18 ./FreeRTOS_Source/tasks.o
                0x0001167c                uxTaskGetNumberOfTasks
 .text.pcTaskGetName
                0x00011694       0x4c ./FreeRTOS_Source/tasks.o
                0x00011694                pcTaskGetName
 .text.uxTaskGetSystemState
                0x000116e0      0x160 ./FreeRTOS_Source/tasks.o
                0x000116e0                uxTaskGetSystemState
 .text.xTaskIncrementTick
                0x00011840      0x204 ./FreeRTOS_Source/tasks.o
                0x00011840                xTaskIncrementTick
 .text.vTaskSwitchContext
                0x00011a44      0x1a8 ./FreeRTOS_Source/tasks.o
                0x00011a44                vTaskSwitchContext
 .text.vTaskPlaceOnEventList
                0x00011bec       0x4c ./FreeRTOS_Source/tasks.o
                0x00011bec                vTaskPlaceOnEventList
 .text.vTaskPlaceOnUnorderedEventList
                0x00011c38       0x84 ./FreeRTOS_Source/tasks.o
                0x00011c38                vTaskPlaceOnUnorderedEventList
 .text.vTaskPlaceOnEventListRestricted
                0x00011cbc       0x58 ./FreeRTOS_Source/tasks.o
                0x00011cbc                vTaskPlaceOnEventListRestricted
 .text.xTaskRemoveFromEventList
                0x00011d14       0xf0 ./FreeRTOS_Source/tasks.o
                0x00011d14                xTaskRemoveFromEventList
 .text.vTaskRemoveFromUnorderedEventList
                0x00011e04       0xe0 ./FreeRTOS_Source/tasks.o
                0x00011e04                vTaskRemoveFromUnorderedEventList
 .text.vTaskSetTimeOutState
                0x00011ee4       0x50 ./FreeRTOS_Source/tasks.o
                0x00011ee4                vTaskSetTimeOutState
 .text.vTaskInternalSetTimeOutState
                0x00011f34       0x30 ./FreeRTOS_Source/tasks.o
                0x00011f34                vTaskInternalSetTimeOutState
 .text.xTaskCheckForTimeOut
                0x00011f64       0xd4 ./FreeRTOS_Source/tasks.o
                0x00011f64                xTaskCheckForTimeOut
 .text.vTaskMissedYield
                0x00012038       0x18 ./FreeRTOS_Source/tasks.o
                0x00012038                vTaskMissedYield
 .text.uxTaskGetTaskNumber
                0x00012050       0x30 ./FreeRTOS_Source/tasks.o
                0x00012050                uxTaskGetTaskNumber
 .text.vTaskSetTaskNumber
                0x00012080       0x24 ./FreeRTOS_Source/tasks.o
                0x00012080                vTaskSetTaskNumber
 .text.prvIdleTask
                0x000120a4       0x38 ./FreeRTOS_Source/tasks.o
 .text.prvInitialiseTaskLists
                0x000120dc       0xa4 ./FreeRTOS_Source/tasks.o
 .text.prvCheckTasksWaitingTermination
                0x00012180       0x78 ./FreeRTOS_Source/tasks.o
 .text.vTaskGetInfo
                0x000121f8       0xe0 ./FreeRTOS_Source/tasks.o
                0x000121f8                vTaskGetInfo
 .text.prvListTasksWithinSingleList
                0x000122d8       0xb8 ./FreeRTOS_Source/tasks.o
 .text.prvTaskCheckFreeStackSpace
                0x00012390       0x40 ./FreeRTOS_Source/tasks.o
 .text.prvDeleteTCB
                0x000123d0       0x20 ./FreeRTOS_Source/tasks.o
 .text.prvResetNextTaskUnblockTime
                0x000123f0       0x50 ./FreeRTOS_Source/tasks.o
 .text.xTaskGetCurrentTaskHandle
                0x00012440       0x20 ./FreeRTOS_Source/tasks.o
                0x00012440                xTaskGetCurrentTaskHandle
 .text.xTaskGetSchedulerState
                0x00012460       0x48 ./FreeRTOS_Source/tasks.o
                0x00012460                xTaskGetSchedulerState
 .text.xTaskPriorityInherit
                0x000124a8      0x16c ./FreeRTOS_Source/tasks.o
                0x000124a8                xTaskPriorityInherit
 .text.xTaskPriorityDisinherit
                0x00012614      0x14c ./FreeRTOS_Source/tasks.o
                0x00012614                xTaskPriorityDisinherit
 .text.vTaskPriorityDisinheritAfterTimeout
                0x00012760      0x17c ./FreeRTOS_Source/tasks.o
                0x00012760                vTaskPriorityDisinheritAfterTimeout
 .text.prvWriteNameToBuffer
                0x000128dc       0x54 ./FreeRTOS_Source/tasks.o
 .text.vTaskList
                0x00012930      0x170 ./FreeRTOS_Source/tasks.o
                0x00012930                vTaskList
 .text.vTaskGetRunTimeStats
                0x00012aa0      0x138 ./FreeRTOS_Source/tasks.o
                0x00012aa0                vTaskGetRunTimeStats
 .text.uxTaskResetEventItemValue
                0x00012bd8       0x40 ./FreeRTOS_Source/tasks.o
                0x00012bd8                uxTaskResetEventItemValue
 .text.pvTaskIncrementMutexHeldCount
                0x00012c18       0x38 ./FreeRTOS_Source/tasks.o
                0x00012c18                pvTaskIncrementMutexHeldCount
 .text.ulTaskNotifyTake
                0x00012c50       0xc0 ./FreeRTOS_Source/tasks.o
                0x00012c50                ulTaskNotifyTake
 .text.xTaskNotifyWait
                0x00012d10       0xf0 ./FreeRTOS_Source/tasks.o
                0x00012d10                xTaskNotifyWait
 .text.xTaskGenericNotify
                0x00012e00      0x18c ./FreeRTOS_Source/tasks.o
                0x00012e00                xTaskGenericNotify
 .text.xTaskGenericNotifyFromISR
                0x00012f8c      0x1d8 ./FreeRTOS_Source/tasks.o
                0x00012f8c                xTaskGenericNotifyFromISR
 .text.vTaskNotifyGiveFromISR
                0x00013164      0x148 ./FreeRTOS_Source/tasks.o
                0x00013164                vTaskNotifyGiveFromISR
 .text.xTaskNotifyStateClear
                0x000132ac       0x58 ./FreeRTOS_Source/tasks.o
                0x000132ac                xTaskNotifyStateClear
 .text.prvAddCurrentTaskToDelayedList
                0x00013304      0x110 ./FreeRTOS_Source/tasks.o
 .text          0x00013414        0x0 ./FreeRTOS_Source/timers.o
 .text.xTimerCreateTimerTask
                0x00013414       0x74 ./FreeRTOS_Source/timers.o
                0x00013414                xTimerCreateTimerTask
 .text.xTimerCreate
                0x00013488       0x40 ./FreeRTOS_Source/timers.o
                0x00013488                xTimerCreate
 .text.prvInitialiseNewTimer
                0x000134c8       0x64 ./FreeRTOS_Source/timers.o
 .text.xTimerGenericCommand
                0x0001352c       0xcc ./FreeRTOS_Source/timers.o
                0x0001352c                xTimerGenericCommand
 .text.xTimerGetTimerDaemonTaskHandle
                0x000135f8       0x40 ./FreeRTOS_Source/timers.o
                0x000135f8                xTimerGetTimerDaemonTaskHandle
 .text.xTimerGetPeriod
                0x00013638       0x38 ./FreeRTOS_Source/timers.o
                0x00013638                xTimerGetPeriod
 .text.xTimerGetExpiryTime
                0x00013670       0x3c ./FreeRTOS_Source/timers.o
                0x00013670                xTimerGetExpiryTime
 .text.pcTimerGetName
                0x000136ac       0x38 ./FreeRTOS_Source/timers.o
                0x000136ac                pcTimerGetName
 .text.prvProcessExpiredTimer
                0x000136e4       0x8c ./FreeRTOS_Source/timers.o
 .text.prvTimerTask
                0x00013770       0x28 ./FreeRTOS_Source/timers.o
 .text.prvProcessTimerOrBlockTask
                0x00013798       0xb0 ./FreeRTOS_Source/timers.o
 .text.prvGetNextExpireTime
                0x00013848       0x54 ./FreeRTOS_Source/timers.o
 .text.prvSampleTimeNow
                0x0001389c       0x50 ./FreeRTOS_Source/timers.o
 .text.prvInsertTimerInActiveList
                0x000138ec       0x98 ./FreeRTOS_Source/timers.o
 .text.prvProcessReceivedCommands
                0x00013984      0x148 ./FreeRTOS_Source/timers.o
 .text.prvSwitchTimerLists
                0x00013acc       0xf4 ./FreeRTOS_Source/timers.o
 .text.prvCheckForValidListAndQueue
                0x00013bc0       0x74 ./FreeRTOS_Source/timers.o
 .text.xTimerIsTimerActive
                0x00013c34       0x50 ./FreeRTOS_Source/timers.o
                0x00013c34                xTimerIsTimerActive
 .text.pvTimerGetTimerID
                0x00013c84       0x40 ./FreeRTOS_Source/timers.o
                0x00013c84                pvTimerGetTimerID
 .text.vTimerSetTimerID
                0x00013cc4       0x40 ./FreeRTOS_Source/timers.o
                0x00013cc4                vTimerSetTimerID
 .text.uxTimerGetTimerNumber
                0x00013d04       0x18 ./FreeRTOS_Source/timers.o
                0x00013d04                uxTimerGetTimerNumber
 .text.vTimerSetTimerNumber
                0x00013d1c       0x1c ./FreeRTOS_Source/timers.o
                0x00013d1c                vTimerSetTimerNumber
 .text          0x00013d38        0x0 ./FreeRTOS_Source/portable/MemMang/heap_2.o
 .text.pvPortMalloc
                0x00013d38      0x16c ./FreeRTOS_Source/portable/MemMang/heap_2.o
                0x00013d38                pvPortMalloc
 .text.vPortFree
                0x00013ea4       0x88 ./FreeRTOS_Source/portable/MemMang/heap_2.o
                0x00013ea4                vPortFree
 .text.xPortGetFreeHeapSize
                0x00013f2c       0x18 ./FreeRTOS_Source/portable/MemMang/heap_2.o
                0x00013f2c                xPortGetFreeHeapSize
 .text.vPortInitialiseBlocks
                0x00013f44        0xc ./FreeRTOS_Source/portable/MemMang/heap_2.o
                0x00013f44                vPortInitialiseBlocks
 .text.prvHeapInit
                0x00013f50       0x6c ./FreeRTOS_Source/portable/MemMang/heap_2.o
 .text          0x00013fbc        0x0 ./FreeRTOS_Source/portable/GCC/ARM_CM3/port.o
 .text.pxPortInitialiseStack
                0x00013fbc       0x68 ./FreeRTOS_Source/portable/GCC/ARM_CM3/port.o
                0x00013fbc                pxPortInitialiseStack
 .text.prvTaskExitError
                0x00014024       0x54 ./FreeRTOS_Source/portable/GCC/ARM_CM3/port.o
 *fill*         0x00014078        0x8 00
 .text.SVC_Handler
                0x00014080       0x30 ./FreeRTOS_Source/portable/GCC/ARM_CM3/port.o
                0x00014080                SVC_Handler
 .text.prvPortStartFirstTask
                0x000140b0       0x20 ./FreeRTOS_Source/portable/GCC/ARM_CM3/port.o
 .text.xPortStartScheduler
                0x000140d0      0x134 ./FreeRTOS_Source/portable/GCC/ARM_CM3/port.o
                0x000140d0                xPortStartScheduler
 .text.vPortEndScheduler
                0x00014204       0x34 ./FreeRTOS_Source/portable/GCC/ARM_CM3/port.o
                0x00014204                vPortEndScheduler
 .text.vPortEnterCritical
                0x00014238       0x70 ./FreeRTOS_Source/portable/GCC/ARM_CM3/port.o
                0x00014238                vPortEnterCritical
 .text.vPortExitCritical
                0x000142a8       0x64 ./FreeRTOS_Source/portable/GCC/ARM_CM3/port.o
                0x000142a8                vPortExitCritical
 *fill*         0x0001430c        0x4 00
 .text.PendSV_Handler
                0x00014310       0x50 ./FreeRTOS_Source/portable/GCC/ARM_CM3/port.o
                0x00014310                PendSV_Handler
 .text.SysTick_Handler
                0x00014360       0x44 ./FreeRTOS_Source/portable/GCC/ARM_CM3/port.o
                0x00014360                SysTick_Handler
 .text.vPortSetupTimerInterrupt
                0x000143a4       0x5c ./FreeRTOS_Source/portable/GCC/ARM_CM3/port.o
                0x000143a4                vPortSetupTimerInterrupt
 .text.vPortValidateInterruptPriority
                0x00014400       0x84 ./FreeRTOS_Source/portable/GCC/ARM_CM3/port.o
                0x00014400                vPortValidateInterruptPriority
 .text          0x00014484      0x370 c:/program files (x86)/microsemi/softconsole v3.4/sourcery-g++/bin/../lib/gcc/arm-none-eabi/4.4.1/thumb2\libgcc.a(_arm_addsubdf3.o)
                0x00014484                __aeabi_drsub
                0x0001448c                __aeabi_dsub
                0x0001448c                __subdf3
                0x00014490                __aeabi_dadd
                0x00014490                __adddf3
                0x00014708                __floatunsidf
                0x00014708                __aeabi_ui2d
                0x00014728                __floatsidf
                0x00014728                __aeabi_i2d
                0x0001474c                __aeabi_f2d
                0x0001474c                __extendsfdf2
                0x00014788                __floatundidf
                0x00014788                __aeabi_ul2d
                0x00014798                __floatdidf
                0x00014798                __aeabi_l2d
 .text          0x000147f4      0x424 c:/program files (x86)/microsemi/softconsole v3.4/sourcery-g++/bin/../lib/gcc/arm-none-eabi/4.4.1/thumb2\libgcc.a(_arm_muldivdf3.o)
                0x000147f4                __aeabi_dmul
                0x000147f4                __muldf3
                0x00014a48                __divdf3