Archive member included because of file (symbol)

c:/program files (x86)/microsemi/softconsole v3.4/sourcery-g++/bin/../lib/gcc/arm-none-eabi/4.4.1/thumb2\libgcc.a(_arm_addsubdf3.o)
                              ./WebServer/httpd-cgi.o (__aeabi_i2d)
c:/program files (x86)/microsemi/softconsole v3.4/sourcery-g++/bin/../lib/gcc/arm-none-eabi/4.4.1/thumb2\libgcc.a(_arm_muldivdf3.o)
                              ./WebServer/httpd-cgi.o (__aeabi_ddiv)
c:/program files (x86)/microsemi/softconsole v3.4/sourcery-g++/bin/../lib/gcc/arm-none-eabi/4.4.1/../../../../arm-none-eabi/lib/thumb2\libc.a(lib_a-efgcvt.o)
                              ./main-full.o (gcvt)
c:/program files (x86)/microsemi/softconsole v3.4/sourcery-g++/bin/../lib/gcc/arm-none-eabi/4.4.1/../../../../arm-none-eabi/lib/thumb2\libc.a(lib_a-errno.o)
                              ./MicroSemi_Code/CMSIS/startup_gcc/newlib_stubs.o (__errno)
c:/program files (x86)/microsemi/softconsole v3.4/sourcery-g++/bin/../lib/gcc/arm-none-eabi/4.4.1/../../../../arm-none-eabi/lib/thumb2\libc.a(lib_a-impure.o)
                              c:/program files (x86)/microsemi/softconsole v3.4/sourcery-g++/bin/../lib/gcc/arm-none-eabi/4.4.1/../../../../arm-none-eabi/lib/thumb2\libc.a(lib_a-efgcvt.o) (_impure_ptr)
c:/program files (x86)/microsemi/softconsole v3.4/sourcery-g++/bin/../lib/gcc/arm-none-eabi/4.4.1/../../../../arm-none-eabi/lib/thumb2\libc.a(lib_a-init.o)
                              ./MicroSemi_Code/CMSIS/startup_gcc/startup_a2fxxxm3.o (__libc_init_array)
c:/program files (x86)/microsemi/softconsole v3.4/sourcery-g++/bin/../lib/gcc/arm-none-eabi/4.4.1/../../../../arm-none-eabi/lib/thumb2\libc.a(lib_a-memcpy.o)
                              ./FreeTCPIP/psock.o (memcpy)
c:/program files (x86)/microsemi/softconsole v3.4/sourcery-g++/bin/../lib/gcc/arm-none-eabi/4.4.1/../../../../arm-none-eabi/lib/thumb2\libc.a(lib_a-memset.o)
                              ./MicroSemi_Code/drivers/mss_i2c/mss_i2c.o (memset)
c:/program files (x86)/microsemi/softconsole v3.4/sourcery-g++/bin/../lib/gcc/arm-none-eabi/4.4.1/../../../../arm-none-eabi/lib/thumb2\libc.a(lib_a-snprintf.o)
                              ./WebServer/httpd-cgi.o (snprintf)
c:/program files (x86)/microsemi/softconsole v3.4/sourcery-g++/bin/../lib/gcc/arm-none-eabi/4.4.1/../../../../arm-none-eabi/lib/thumb2\libc.a(lib_a-sprintf.o)
                              ./WebServer/httpd-cgi.o (sprintf)
c:/program files (x86)/microsemi/softconsole v3.4/sourcery-g++/bin/../lib/gcc/arm-none-eabi/4.4.1/../../../../arm-none-eabi/lib/thumb2\libc.a(lib_a-strchr.o)
                              ./uIP_Task.o (strchr)
c:/program files (x86)/microsemi/softconsole v3.4/sourcery-g++/bin/../lib/gcc/arm-none-eabi/4.4.1/../../../../arm-none-eabi/lib/thumb2\libc.a(lib_a-strcpy.o)
                              ./FreeTCPIP/http_Common/httpd.o (strcpy)
c:/program files (x86)/microsemi/softconsole v3.4/sourcery-g++/bin/../lib/gcc/arm-none-eabi/4.4.1/../../../../arm-none-eabi/lib/thumb2\libc.a(lib_a-strlen.o)
                              ./WebServer/httpd-cgi.o (strlen)
c:/program files (x86)/microsemi/softconsole v3.4/sourcery-g++/bin/../lib/gcc/arm-none-eabi/4.4.1/../../../../arm-none-eabi/lib/thumb2\libc.a(lib_a-strncmp.o)
                              ./WebServer/httpd-cgi.o (strncmp)
c:/program files (x86)/microsemi/softconsole v3.4/sourcery-g++/bin/../lib/gcc/arm-none-eabi/4.4.1/../../../../arm-none-eabi/lib/thumb2\libc.a(lib_a-strncpy.o)
                              ./FreeTCPIP/http_Common/httpd.o (strncpy)
c:/program files (x86)/microsemi/softconsole v3.4/sourcery-g++/bin/../lib/gcc/arm-none-eabi/4.4.1/../../../../arm-none-eabi/lib/thumb2\libc.a(lib_a-strrchr.o)
                              ./FreeTCPIP/http_Common/httpd.o (strrchr)
c:/program files (x86)/microsemi/softconsole v3.4/sourcery-g++/bin/../lib/gcc/arm-none-eabi/4.4.1/../../../../arm-none-eabi/lib/thumb2\libc.a(lib_a-strstr.o)
                              ./uIP_Task.o (strstr)
c:/program files (x86)/microsemi/softconsole v3.4/sourcery-g++/bin/../lib/gcc/arm-none-eabi/4.4.1/../../../../arm-none-eabi/lib/thumb2\libc.a(lib_a-svfprintf.o)
                              c:/program files (x86)/microsemi/softconsole v3.4/sourcery-g++/bin/../lib/gcc/arm-none-eabi/4.4.1/../../../../arm-none-eabi/lib/thumb2\libc.a(lib_a-snprintf.o) (_svfprintf_r)
c:/program files (x86)/microsemi/softconsole v3.4/sourcery-g++/bin/../lib/gcc/arm-none-eabi/4.4.1/../../../../arm-none-eabi/lib/thumb2\libc.a(lib_a-dtoa.o)
                              c:/program files (x86)/microsemi/softconsole v3.4/sourcery-g++/bin/../lib/gcc/arm-none-eabi/4.4.1/../../../../arm-none-eabi/lib/thumb2\libc.a(lib_a-svfprintf.o) (_dtoa_r)
c:/program files (x86)/microsemi/softconsole v3.4/sourcery-g++/bin/../lib/gcc/arm-none-eabi/4.4.1/../../../../arm-none-eabi/lib/thumb2\libc.a(lib_a-ecvtbuf.o)
[...]
Memory Configuration

Name             Origin             Length             Attributes
rom              0x60000000         0x00040000         xr
romMirror        0x00000000         0x00040000         xr
ram              0x20000000         0x00010000         xrw
*default*        0x00000000         0xffffffff

Linker script and memory map

LOAD c:/program files (x86)/microsemi/softconsole v3.4/sourcery-g++/bin/../lib/gcc/arm-none-eabi/4.4.1/thumb2/crti.o
LOAD c:/program files (x86)/microsemi/softconsole v3.4/sourcery-g++/bin/../lib/gcc/arm-none-eabi/4.4.1/thumb2/crtbegin.o
LOAD ./ParTest.o
LOAD ./main-full.o
LOAD ./uIP_Task.o
LOAD ./uart_task.o
LOAD ./WebServer/httpd-cgi.o
LOAD ./MicroSemi_Code/hal/CortexM3/cortex_nvic.o
LOAD ./MicroSemi_Code/hal/CortexM3/GNU/hal.o
LOAD ./MicroSemi_Code/hal/CortexM3/GNU/hal_assert.o
LOAD ./MicroSemi_Code/hal/CortexM3/GNU/hw_reg_access.o
LOAD ./MicroSemi_Code/drivers_config/mss_ace/ace_config.o
LOAD ./MicroSemi_Code/drivers/mss_uart/mss_uart.o
LOAD ./MicroSemi_Code/drivers/mss_i2c/mss_i2c.o
LOAD ./MicroSemi_Code/drivers/mss_gpio/mss_gpio.o
LOAD ./MicroSemi_Code/drivers/mss_ethernet_mac/crc32.o
LOAD ./MicroSemi_Code/drivers/mss_ethernet_mac/mss_ethernet_mac.o
LOAD ./MicroSemi_Code/drivers/mss_ethernet_mac/phy.o
LOAD ./MicroSemi_Code/drivers/mss_ace/ace_convert.o
LOAD ./MicroSemi_Code/drivers/mss_ace/ace_flags.o
LOAD ./MicroSemi_Code/drivers/mss_ace/ace_sse.o
LOAD ./MicroSemi_Code/drivers/mss_ace/ace_transform.o
LOAD ./MicroSemi_Code/drivers/mss_ace/mss_ace.o
LOAD ./MicroSemi_Code/CMSIS/brownout_isr.o
LOAD ./MicroSemi_Code/CMSIS/core_cm3.o
LOAD ./MicroSemi_Code/CMSIS/system_a2fxxxm3.o
LOAD ./MicroSemi_Code/CMSIS/startup_gcc/newlib_stubs.o
LOAD ./MicroSemi_Code/CMSIS/startup_gcc/startup_a2fxxxm3.o
LOAD ./Helpers/uart_helper.o
LOAD ./FreeTCPIP/psock.o
LOAD ./FreeTCPIP/timer.o
LOAD ./FreeTCPIP/uip.o
LOAD ./FreeTCPIP/uip_arp.o
LOAD ./FreeTCPIP/http_Common/http-strings.o
LOAD ./FreeTCPIP/http_Common/httpd-fs.o
LOAD ./FreeTCPIP/http_Common/httpd.o
LOAD ./FreeRTOS_Source/list.o
LOAD ./FreeRTOS_Source/queue.o
LOAD ./FreeRTOS_Source/tasks.o
LOAD ./FreeRTOS_Source/timers.o
LOAD ./FreeRTOS_Source/portable/MemMang/heap_2.o
LOAD ./FreeRTOS_Source/portable/GCC/ARM_CM3/port.o
START GROUP
LOAD c:/program files (x86)/microsemi/softconsole v3.4/sourcery-g++/bin/../lib/gcc/arm-none-eabi/4.4.1/thumb2\libgcc.a
LOAD c:/program files (x86)/microsemi/softconsole v3.4/sourcery-g++/bin/../lib/gcc/arm-none-eabi/4.4.1/../../../../arm-none-eabi/lib/thumb2\libc.a
LOAD c:/program files (x86)/microsemi/softconsole v3.4/sourcery-g++/bin/../lib/gcc/arm-none-eabi/4.4.1/thumb2\libgcc.a
END GROUP
LOAD c:/program files (x86)/microsemi/softconsole v3.4/sourcery-g++/bin/../lib/gcc/arm-none-eabi/4.4.1/thumb2/crtend.o
LOAD c:/program files (x86)/microsemi/softconsole v3.4/sourcery-g++/bin/../lib/gcc/arm-none-eabi/4.4.1/thumb2/crtn.o
START GROUP
LOAD c:/program files (x86)/microsemi/softconsole v3.4/sourcery-g++/bin/../lib/gcc/arm-none-eabi/4.4.1/../../../../arm-none-eabi/lib/thumb2\libc.a
LOAD c:/program files (x86)/microsemi/softconsole v3.4/sourcery-g++/bin/../lib/gcc/arm-none-eabi/4.4.1/thumb2\libgcc.a
LOAD c:/program files (x86)/microsemi/softconsole v3.4/sourcery-g++/bin/../lib/gcc/arm-none-eabi/4.4.1/../../../../arm-none-eabi/lib/thumb2\libm.a
END GROUP
                0x00000000                __DYNAMIC = 0x0
                0x20000000                RAM_START_ADDRESS = 0x20000000
                0x00010000                RAM_SIZE = 0x10000
                0x00002000                MAIN_STACK_SIZE = 0x2000
                0x00001000                PROCESS_STACK_SIZE = 0x1000
                0x20010000                PROVIDE (__main_stack_start, (RAM_START_ADDRESS + RAM_SIZE))
                0x2000e000                PROVIDE (__process_stack_start, (__main_stack_start - MAIN_STACK_SIZE))
                0x20010000                PROVIDE (_estack, __main_stack_start)
                0x00000001                PROVIDE (__mirrored_nvm, 0x1)

.init           0x00000000      0x470 load address 0x60000000
                0x00000000                __vector_table_vma_base_address = .
 *(.isr_vector)
 .isr_vector    0x00000000      0x470 ./MicroSemi_Code/CMSIS/startup_gcc/startup_a2fxxxm3.o
                0x00000000                g_pfnVectors
                0x00000298                Reset_Handler
                0x00000308                NMI_Handler
                0x0000030a                HardFault_Handler
                0x0000030c                MemManage_Handler
                0x0000030e                BusFault_Handler
                0x00000310                UsageFault_Handler
                0x00000314                DebugMon_Handler
                0x0000031a                WdogWakeup_IRQHandler
                0x0000031e                BrownOut_3_3V_IRQHandler
                0x00000320                RTC_Match_IRQHandler
                0x00000322                RTCIF_Pub_IRQHandler
                0x00000326                IAP_IRQHandler
                0x00000328                ENVM0_IRQHandler
                0x0000032a                ENVM1_IRQHandler
                0x0000032c                DMA_IRQHandler
                0x00000332                SPI0_IRQHandler
                0x00000334                SPI1_IRQHandler
                0x00000338                I2C0_SMBAlert_IRQHandler
                0x0000033a                I2C0_SMBus_IRQHandler
                0x0000033e                I2C1_SMBAlert_IRQHandler
                0x00000340                I2C1_SMBus_IRQHandler
                0x00000342                Timer1_IRQHandler
                0x00000344                Timer2_IRQHandler
                0x00000346                PLL_Lock_IRQHandler
                0x00000348                PLL_LockLost_IRQHandler
                0x0000034a                CommError_IRQHandler
                0x0000034c                Fabric_IRQHandler
                0x0000034e                GPIO0_IRQHandler
                0x00000350                GPIO1_IRQHandler
                0x00000352                GPIO2_IRQHandler
                0x00000354                GPIO3_IRQHandler
                0x00000356                GPIO4_IRQHandler
                0x00000358                GPIO5_IRQHandler
                0x0000035a                GPIO6_IRQHandler
                0x0000035c                GPIO7_IRQHandler
                0x00000360                GPIO9_IRQHandler
                0x00000362                GPIO10_IRQHandler
                0x00000364                GPIO11_IRQHandler
                0x00000366                GPIO12_IRQHandler
                0x00000368                GPIO13_IRQHandler
                0x0000036a                GPIO14_IRQHandler
                0x0000036c                GPIO15_IRQHandler
                0x0000036e                GPIO16_IRQHandler
                0x00000370                GPIO17_IRQHandler
                0x00000372                GPIO18_IRQHandler
                0x00000374                GPIO19_IRQHandler
                0x00000376                GPIO20_IRQHandler
                0x00000378                GPIO21_IRQHandler
                0x0000037a                GPIO22_IRQHandler
                0x0000037c                GPIO23_IRQHandler
                0x0000037e                GPIO24_IRQHandler
                0x00000380                GPIO25_IRQHandler
                0x00000382                GPIO26_IRQHandler
                0x00000384                GPIO27_IRQHandler
                0x00000386                GPIO28_IRQHandler
                0x00000388                GPIO29_IRQHandler
                0x0000038a                GPIO30_IRQHandler
                0x0000038c                GPIO31_IRQHandler
                0x0000038e                ACE_PC0_Flag0_IRQHandler
                0x00000390                ACE_PC0_Flag1_IRQHandler
                0x00000392                ACE_PC0_Flag2_IRQHandler
                0x00000394                ACE_PC0_Flag3_IRQHandler
                0x00000396                ACE_PC1_Flag0_IRQHandler
                0x00000398                ACE_PC1_Flag1_IRQHandler
                0x0000039a                ACE_PC1_Flag2_IRQHandler
                0x0000039c                ACE_PC1_Flag3_IRQHandler
                0x0000039e                ACE_PC2_Flag0_IRQHandler
                0x000003a0                ACE_PC2_Flag1_IRQHandler
                0x000003a2                ACE_PC2_Flag2_IRQHandler
                0x000003a4                ACE_PC2_Flag3_IRQHandler
                0x000003a6                ACE_ADC0_DataValid_IRQHandler
                0x000003a8                ACE_ADC1_DataValid_IRQHandler
                0x000003aa                ACE_ADC2_DataValid_IRQHandler
                0x000003ac                ACE_ADC0_CalDone_IRQHandler
                0x000003ae                ACE_ADC1_CalDone_IRQHandler
                0x000003b0                ACE_ADC2_CalDone_IRQHandler
                0x000003b2                ACE_ADC0_CalStart_IRQHandler
                0x000003b4                ACE_ADC1_CalStart_IRQHandler
                0x000003b6                ACE_ADC2_CalStart_IRQHandler
                0x000003b8                ACE_Comp0_Fall_IRQHandler
                0x000003ba                ACE_Comp1_Fall_IRQHandler
                0x000003bc                ACE_Comp2_Fall_IRQHandler
                0x000003be                ACE_Comp3_Fall_IRQHandler
                0x000003c0                ACE_Comp4_Fall_IRQHandler
                0x000003c2                ACE_Comp5_Fall_IRQHandler
                0x000003c4                ACE_Comp6_Fall_IRQHandler
                0x000003c6                ACE_Comp7_Fall_IRQHandler
                0x000003c8                ACE_Comp8_Fall_IRQHandler
                0x000003ca                ACE_Comp9_Fall_IRQHandler
                0x000003cc                ACE_Comp10_Fall_IRQHandler
                0x000003ce                ACE_Comp11_Fall_IRQHandler
                0x000003d0                ACE_Comp0_Rise_IRQHandler
                0x000003d2                ACE_Comp1_Rise_IRQHandler
                0x000003d4                ACE_Comp2_Rise_IRQHandler
                0x000003d6                ACE_Comp3_Rise_IRQHandler
                0x000003d8                ACE_Comp4_Rise_IRQHandler
                0x000003da                ACE_Comp5_Rise_IRQHandler
                0x000003dc                ACE_Comp6_Rise_IRQHandler
                0x000003de                ACE_Comp7_Rise_IRQHandler
                0x000003e0                ACE_Comp8_Rise_IRQHandler
                0x000003e2                ACE_Comp9_Rise_IRQHandler
                0x000003e4                ACE_Comp10_Rise_IRQHandler
                0x000003e6                ACE_Comp11_Rise_IRQHandler
                0x000003e8                ACE_ADC0_FifoFull_IRQHandler
                0x000003ea                ACE_ADC0_FifoAFull_IRQHandler
                0x000003ec                ACE_ADC0_FifoEmpty_IRQHandler
                0x000003ee                ACE_ADC1_FifoFull_IRQHandler
                0x000003f0                ACE_ADC1_FifoAFull_IRQHandler
                0x000003f2                ACE_ADC1_FifoEmpty_IRQHandler
                0x000003f4                ACE_ADC2_FifoFull_IRQHandler
                0x000003f6                ACE_ADC2_FifoAFull_IRQHandler
                0x000003f8                ACE_ADC2_FifoEmpty_IRQHandler
                0x00000470                . = ALIGN (0x4)

.text           0x00000470    0x23310 load address 0x60000470
 CREATE_OBJECT_SYMBOLS
                0x60000470                __text_load = LOADADDR (.text)
                0x00000470                __text_start = .
 *(.text .text.* .gnu.linkonce.t.*)
 .text          0x00000470        0x0 c:/program files (x86)/microsemi/softconsole v3.4/sourcery-g++/bin/../lib/gcc/arm-none-eabi/4.4.1/thumb2/crti.o
 .text          0x00000470       0x30 c:/program files (x86)/microsemi/softconsole v3.4/sourcery-g++/bin/../lib/gcc/arm-none-eabi/4.4.1/thumb2/crtbegin.o
 .text          0x000004a0        0x0 ./ParTest.o
 .text.MSS_GPIO_set_outputs
                0x000004a0       0x20 ./ParTest.o
 .text.vParTestInitialise
                0x000004c0       0x54 ./ParTest.o
                0x000004c0                vParTestInitialise
 .text.vParTestSetLED
                0x00000514       0x80 ./ParTest.o
                0x00000514                vParTestSetLED
 .text.vParTestSetLEDFromISR
                0x00000594       0xa0 ./ParTest.o
                0x00000594                vParTestSetLEDFromISR
 .text.vParTestToggleLED
                0x00000634       0x94 ./ParTest.o
                0x00000634                vParTestToggleLED
 .text.lParTestGetLEDState
                0x000006c8       0x48 ./ParTest.o
                0x000006c8                lParTestGetLEDState
 .text          0x00000710        0x0 ./main-full.o
 .text.NVIC_EnableIRQ
                0x00000710       0x38 ./main-full.o
 .text.NVIC_DisableIRQ
                0x00000748       0x3c ./main-full.o
 .text.NVIC_ClearPendingIRQ
                0x00000784       0x3c ./main-full.o
 .text.NVIC_SetPriority
                0x000007c0       0x5c ./main-full.o
 .text.MSS_TIM64_init
                0x0000081c       0xa4 ./main-full.o
 .text.MSS_TIM64_start
                0x000008c0       0x1c ./main-full.o
 .text.MSS_TIM64_load_immediate
                0x000008dc       0x2c ./main-full.o
 .text.main     0x00000908      0x108 ./main-full.o
                0x00000908                main
 .text.prvCheckTimerCallback
                0x00000a10       0x40 ./main-full.o
 .text.GPIO8_IRQHandler
                0x00000a50       0x38 ./main-full.o
                0x00000a50                GPIO8_IRQHandler
 .text.prvQueueSendTask
                0x00000a88       0x6c ./main-full.o
 .text.prvQueueReceiveTask
                0x00000af4       0x38 ./main-full.o
 .text.prvSetupHardware
                0x00000b2c       0x50 ./main-full.o
 .text.vApplicationMallocFailedHook
                0x00000b7c        0x8 ./main-full.o
                0x00000b7c                vApplicationMallocFailedHook
 .text.vApplicationStackOverflowHook
                0x00000b84       0x20 ./main-full.o
                0x00000b84                vApplicationStackOverflowHook
 .text.vApplicationIdleHook
                0x00000ba4       0x18 ./main-full.o
                0x00000ba4                vApplicationIdleHook
 .text.pcGetTaskStatusMessage
                0x00000bbc       0x30 ./main-full.o
                0x00000bbc                pcGetTaskStatusMessage
 .text.vMainConfigureTimerForRunTimeStats
                0x00000bec       0x28 ./main-full.o
                0x00000bec                vMainConfigureTimerForRunTimeStats
 .text.ulGetRunTimeCounterValue
                0x00000c14       0x10 ./main-full.o
                0x00000c14                ulGetRunTimeCounterValue
 *fill*         0x00000c24        0x4 00
 .text.uart_task
                0x00000c28       0xf8 ./main-full.o
                0x00000c28                uart_task
 .text          0x00000d20        0x0 ./uIP_Task.o
 .text.NVIC_EnableIRQ
                0x00000d20       0x38 ./uIP_Task.o
 .text.NVIC_SetPriority
                0x00000d58       0x5c ./uIP_Task.o
 .text.clock_time
                0x00000db4       0x10 ./uIP_Task.o
                0x00000db4                clock_time
 .text.vuIP_Task
                0x00000dc4      0x198 ./uIP_Task.o
                0x00000dc4                vuIP_Task
 .text.prvSetMACAddress
                0x00000f5c       0x7c ./uIP_Task.o
 .text.prvInitialise_uIP
                0x00000fd8      0x180 ./uIP_Task.o
 .text.prvEMACEventListener
                0x00001158       0x94 ./uIP_Task.o
 .text.prvInitEmac
                0x000011ec       0x3c ./uIP_Task.o
 .text.vEMACWrite
                0x00001228       0x54 ./uIP_Task.o
                0x00001228                vEMACWrite
 .text.prvUIPTimerCallback
                0x0000127c       0x64 ./uIP_Task.o
 .text.vApplicationProcessFormInput
                0x000012e0       0x9c ./uIP_Task.o
                0x000012e0                vApplicationProcessFormInput
 .text          0x0000137c        0x0 ./uart_task.o
 .text          0x0000137c        0x0 ./WebServer/httpd-cgi.o
 .text.nullfunction
                0x0000137c       0x30 ./WebServer/httpd-cgi.o
 .text.httpd_cgi
                0x000013ac       0x64 ./WebServer/httpd-cgi.o
                0x000013ac                httpd_cgi
 .text.generate_tcp_stats
                0x00001410      0x120 ./WebServer/httpd-cgi.o
 .text.tcp_stats
                0x00001530       0xb4 ./WebServer/httpd-cgi.o
 .text.generate_net_stats
                0x000015e4       0x4c ./WebServer/httpd-cgi.o
 .text.net_stats
                0x00001630       0x8c ./WebServer/httpd-cgi.o
 .text.generate_io_state
                0x000016bc       0x80 ./WebServer/httpd-cgi.o
 .text.led_io   0x0000173c       0x68 ./WebServer/httpd-cgi.o
 *fill*         0x000017a4        0x4 00
 .text.pot_voltage
                0x000017a8       0xc8 ./WebServer/httpd-cgi.o
 .text          0x00001870        0x0 ./MicroSemi_Code/hal/CortexM3/cortex_nvic.o
 .text.NVIC_init
                0x00001870        0xc ./MicroSemi_Code/hal/CortexM3/cortex_nvic.o
                0x00001870                NVIC_init
 .text.NVIC_set_handler
                0x0000187c       0x18 ./MicroSemi_Code/hal/CortexM3/cortex_nvic.o
                0x0000187c                NVIC_set_handler
 .text.NVIC_set_priority
                0x00001894       0x18 ./MicroSemi_Code/hal/CortexM3/cortex_nvic.o
                0x00001894                NVIC_set_priority
 .text.NVIC_enable_interrupt
                0x000018ac       0x14 ./MicroSemi_Code/hal/CortexM3/cortex_nvic.o
                0x000018ac                NVIC_enable_interrupt
 .text.NVIC_disable_interrupt
                0x000018c0       0x14 ./MicroSemi_Code/hal/CortexM3/cortex_nvic.o
                0x000018c0                NVIC_disable_interrupt
 .text.NVIC_clear_interrupt
                0x000018d4       0x14 ./MicroSemi_Code/hal/CortexM3/cortex_nvic.o
                0x000018d4                NVIC_clear_interrupt
 .text          0x000018e8        0xe ./MicroSemi_Code/hal/CortexM3/GNU/hal.o
                0x000018e8                HAL_disable_interrupts
                0x000018f0                HAL_restore_interrupts
 .text          0x000018f6        0x0 ./MicroSemi_Code/hal/CortexM3/GNU/hal_assert.o
 *fill*         0x000018f6        0x2 00
 .text.HAL_assert_fail
                0x000018f8       0x28 ./MicroSemi_Code/hal/CortexM3/GNU/hal_assert.o
                0x000018f8                HAL_assert_fail
 .text          0x00001920       0x90 ./MicroSemi_Code/hal/CortexM3/GNU/hw_reg_access.o
                0x00001920                HW_set_32bit_reg
                0x00001924                HW_get_32bit_reg
                0x00001928                HW_set_32bit_reg_field
                0x00001944                HW_get_32bit_reg_field
                0x00001950                HW_set_16bit_reg
                0x00001954                HW_get_16bit_reg
                0x00001958                HW_set_16bit_reg_field
                0x00001974                HW_get_16bit_reg_field
                0x00001980                HW_set_8bit_reg
                0x00001984                HW_get_8bit_reg
                0x00001988                HW_set_8bit_reg_field
                0x000019a4                HW_get_8bit_reg_field
 .text          0x000019b0        0x0 ./MicroSemi_Code/drivers_config/mss_ace/ace_config.o
 .text          0x000019b0        0x0 ./MicroSemi_Code/drivers/mss_uart/mss_uart.o
 .text.NVIC_EnableIRQ
                0x000019b0       0x38 ./MicroSemi_Code/drivers/mss_uart/mss_uart.o
 .text.NVIC_DisableIRQ
                0x000019e8       0x3c ./MicroSemi_Code/drivers/mss_uart/mss_uart.o
 .text.NVIC_ClearPendingIRQ
                0x00001a24       0x3c ./MicroSemi_Code/drivers/mss_uart/mss_uart.o
 .text.MSS_UART_init
                0x00001a60      0x204 ./MicroSemi_Code/drivers/mss_uart/mss_uart.o
                0x00001a60                MSS_UART_init
 .text.MSS_UART_polled_tx
                0x00001c64       0xe4 ./MicroSemi_Code/drivers/mss_uart/mss_uart.o
                0x00001c64                MSS_UART_polled_tx
 .text.MSS_UART_polled_tx_string
                0x00001d48       0xd0 ./MicroSemi_Code/drivers/mss_uart/mss_uart.o
                0x00001d48                MSS_UART_polled_tx_string
 .text.MSS_UART_irq_tx
                0x00001e18       0xb0 ./MicroSemi_Code/drivers/mss_uart/mss_uart.o
                0x00001e18                MSS_UART_irq_tx
 .text.MSS_UART_tx_complete
                0x00001ec8       0x90 ./MicroSemi_Code/drivers/mss_uart/mss_uart.o
                0x00001ec8                MSS_UART_tx_complete
 .text.MSS_UART_get_rx
                0x00001f58       0xdc ./MicroSemi_Code/drivers/mss_uart/mss_uart.o
                0x00001f58                MSS_UART_get_rx
 .text.MSS_UART_enable_irq
                0x00002034       0x7c ./MicroSemi_Code/drivers/mss_uart/mss_uart.o
                0x00002034                MSS_UART_enable_irq
 .text.MSS_UART_disable_irq
                0x000020b0       0x88 ./MicroSemi_Code/drivers/mss_uart/mss_uart.o
                0x000020b0                MSS_UART_disable_irq
 .text.MSS_UART_isr
                0x00002138      0x11c ./MicroSemi_Code/drivers/mss_uart/mss_uart.o
 .text.default_tx_handler
                0x00002254      0x108 ./MicroSemi_Code/drivers/mss_uart/mss_uart.o
 .text.MSS_UART_set_rx_handler
                0x0000235c       0xa8 ./MicroSemi_Code/drivers/mss_uart/mss_uart.o
                0x0000235c                MSS_UART_set_rx_handler
 .text.MSS_UART_set_loopback
                0x00002404       0x70 ./MicroSemi_Code/drivers/mss_uart/mss_uart.o
                0x00002404                MSS_UART_set_loopback
 .text.UART0_IRQHandler
                0x00002474       0x2c ./MicroSemi_Code/drivers/mss_uart/mss_uart.o
                0x00002474                UART0_IRQHandler
 .text.UART1_IRQHandler
                0x000024a0       0x2c ./MicroSemi_Code/drivers/mss_uart/mss_uart.o
                0x000024a0                UART1_IRQHandler
 .text.MSS_UART_set_rxstatus_handler
                0x000024cc       0x84 ./MicroSemi_Code/drivers/mss_uart/mss_uart.o
                0x000024cc                MSS_UART_set_rxstatus_handler
 .text.MSS_UART_set_tx_handler
                0x00002550       0x94 ./MicroSemi_Code/drivers/mss_uart/mss_uart.o
                0x00002550                MSS_UART_set_tx_handler
 .text.MSS_UART_set_modemstatus_handler
                0x000025e4       0x84 ./MicroSemi_Code/drivers/mss_uart/mss_uart.o
                0x000025e4                MSS_UART_set_modemstatus_handler
 .text.MSS_UART_fill_tx_fifo
                0x00002668       0xd4 ./MicroSemi_Code/drivers/mss_uart/mss_uart.o
                0x00002668                MSS_UART_fill_tx_fifo
 .text.MSS_UART_get_rx_status
                0x0000273c       0x80 ./MicroSemi_Code/drivers/mss_uart/mss_uart.o
                0x0000273c                MSS_UART_get_rx_status
 .text.MSS_UART_get_modem_status
                0x000027bc       0x60 ./MicroSemi_Code/drivers/mss_uart/mss_uart.o
                0x000027bc                MSS_UART_get_modem_status
 .text.MSS_UART_get_tx_status
                0x0000281c       0x78 ./MicroSemi_Code/drivers/mss_uart/mss_uart.o
                0x0000281c                MSS_UART_get_tx_status
 .text          0x00002894        0x0 ./MicroSemi_Code/drivers/mss_i2c/mss_i2c.o
 .text.NVIC_EnableIRQ
                0x00002894       0x38 ./MicroSemi_Code/drivers/mss_i2c/mss_i2c.o
 .text.NVIC_DisableIRQ
                0x000028cc       0x3c ./MicroSemi_Code/drivers/mss_i2c/mss_i2c.o
 .text.NVIC_ClearPendingIRQ
                0x00002908       0x3c ./MicroSemi_Code/drivers/mss_i2c/mss_i2c.o
 .text.MSS_I2C_init
                0x00002944      0x16c ./MicroSemi_Code/drivers/mss_i2c/mss_i2c.o
                0x00002944                MSS_I2C_init
 .text.MSS_I2C_write
                0x00002ab0       0xf4 ./MicroSemi_Code/drivers/mss_i2c/mss_i2c.o
                0x00002ab0                MSS_I2C_write
 .text.MSS_I2C_read
                0x00002ba4       0xf4 ./MicroSemi_Code/drivers/mss_i2c/mss_i2c.o
                0x00002ba4                MSS_I2C_read
 .text.MSS_I2C_write_read
                0x00002c98      0x134 ./MicroSemi_Code/drivers/mss_i2c/mss_i2c.o
                0x00002c98                MSS_I2C_write_read
 .text.MSS_I2C_get_status
                0x00002dcc       0x3c ./MicroSemi_Code/drivers/mss_i2c/mss_i2c.o
                0x00002dcc                MSS_I2C_get_status
 .text.MSS_I2C_wait_complete
                0x00002e08       0x4c ./MicroSemi_Code/drivers/mss_i2c/mss_i2c.o
                0x00002e08                MSS_I2C_wait_complete
 .text.MSS_I2C_system_tick
                0x00002e54       0x5c ./MicroSemi_Code/drivers/mss_i2c/mss_i2c.o
                0x00002e54                MSS_I2C_system_tick
 .text.MSS_I2C_set_slave_tx_buffer
                0x00002eb0       0x58 ./MicroSemi_Code/drivers/mss_i2c/mss_i2c.o
                0x00002eb0                MSS_I2C_set_slave_tx_buffer
 .text.MSS_I2C_set_slave_rx_buffer
                0x00002f08       0x58 ./MicroSemi_Code/drivers/mss_i2c/mss_i2c.o
                0x00002f08                MSS_I2C_set_slave_rx_buffer
 .text.MSS_I2C_set_slave_mem_offset_length
                0x00002f60       0x54 ./MicroSemi_Code/drivers/mss_i2c/mss_i2c.o
                0x00002f60                MSS_I2C_set_slave_mem_offset_length
 .text.MSS_I2C_register_write_handler
                0x00002fb4       0x38 ./MicroSemi_Code/drivers/mss_i2c/mss_i2c.o
                0x00002fb4                MSS_I2C_register_write_handler
 .text.MSS_I2C_enable_slave
                0x00002fec       0x5c ./MicroSemi_Code/drivers/mss_i2c/mss_i2c.o
                0x00002fec                MSS_I2C_enable_slave
 .text.MSS_I2C_disable_slave
                0x00003048       0x50 ./MicroSemi_Code/drivers/mss_i2c/mss_i2c.o
                0x00003048                MSS_I2C_disable_slave
 .text.enable_slave_if_required
                0x00003098       0x28 ./MicroSemi_Code/drivers/mss_i2c/mss_i2c.o
 .text.mss_i2c_isr
                0x000030c0      0x8f4 ./MicroSemi_Code/drivers/mss_i2c/mss_i2c.o
 .text.MSS_I2C_smbus_init
                0x000039b4       0x28 ./MicroSemi_Code/drivers/mss_i2c/mss_i2c.o
                0x000039b4                MSS_I2C_smbus_init
 .text.MSS_I2C_enable_smbus_irq
                0x000039dc       0xe4 ./MicroSemi_Code/drivers/mss_i2c/mss_i2c.o
                0x000039dc                MSS_I2C_enable_smbus_irq
 .text.MSS_I2C_disable_smbus_irq
                0x00003ac0       0xc4 ./MicroSemi_Code/drivers/mss_i2c/mss_i2c.o
                0x00003ac0                MSS_I2C_disable_smbus_irq
 .text.MSS_I2C_suspend_smbus_slave
                0x00003b84       0x20 ./MicroSemi_Code/drivers/mss_i2c/mss_i2c.o
                0x00003b84                MSS_I2C_suspend_smbus_slave
 .text.MSS_I2C_resume_smbus_slave
                0x00003ba4       0x20 ./MicroSemi_Code/drivers/mss_i2c/mss_i2c.o
                0x00003ba4                MSS_I2C_resume_smbus_slave
 .text.MSS_I2C_reset_smbus
                0x00003bc4       0x20 ./MicroSemi_Code/drivers/mss_i2c/mss_i2c.o
                0x00003bc4                MSS_I2C_reset_smbus
 .text.MSS_I2C_set_smbus_alert
                0x00003be4       0x20 ./MicroSemi_Code/drivers/mss_i2c/mss_i2c.o
                0x00003be4                MSS_I2C_set_smbus_alert
 .text.MSS_I2C_clear_smbus_alert
                0x00003c04       0x20 ./MicroSemi_Code/drivers/mss_i2c/mss_i2c.o
                0x00003c04                MSS_I2C_clear_smbus_alert
 .text.MSS_I2C_set_gca
                0x00003c24       0x20 ./MicroSemi_Code/drivers/mss_i2c/mss_i2c.o
                0x00003c24                MSS_I2C_set_gca
 .text.MSS_I2C_clear_gca
                0x00003c44       0x20 ./MicroSemi_Code/drivers/mss_i2c/mss_i2c.o
                0x00003c44                MSS_I2C_clear_gca
 .text.MSS_I2C_set_user_data
                0x00003c64       0x1c ./MicroSemi_Code/drivers/mss_i2c/mss_i2c.o
                0x00003c64                MSS_I2C_set_user_data
 .text.MSS_I2C_get_user_data
                0x00003c80       0x18 ./MicroSemi_Code/drivers/mss_i2c/mss_i2c.o
                0x00003c80                MSS_I2C_get_user_data
 .text.disable_interrupts
                0x00003c98       0x24 ./MicroSemi_Code/drivers/mss_i2c/mss_i2c.o
 .text.restore_interrupts
                0x00003cbc       0x18 ./MicroSemi_Code/drivers/mss_i2c/mss_i2c.o
 .text.I2C0_IRQHandler
                0x00003cd4       0x2c ./MicroSemi_Code/drivers/mss_i2c/mss_i2c.o
                0x00003cd4                I2C0_IRQHandler
 .text.I2C1_IRQHandler
                0x00003d00       0x2c ./MicroSemi_Code/drivers/mss_i2c/mss_i2c.o
                0x00003d00                I2C1_IRQHandler
 .text          0x00003d2c        0x0 ./MicroSemi_Code/drivers/mss_gpio/mss_gpio.o
 .text.NVIC_EnableIRQ
                0x00003d2c       0x38 ./MicroSemi_Code/drivers/mss_gpio/mss_gpio.o
 .text.NVIC_ClearPendingIRQ
                0x00003d64       0x3c ./MicroSemi_Code/drivers/mss_gpio/mss_gpio.o
 .text.MSS_GPIO_init
                0x00003da0       0x6c ./MicroSemi_Code/drivers/mss_gpio/mss_gpio.o
                0x00003da0                MSS_GPIO_init
 .text.MSS_GPIO_config
                0x00003e0c       0x3c ./MicroSemi_Code/drivers/mss_gpio/mss_gpio.o
                0x00003e0c                MSS_GPIO_config
 .text.MSS_GPIO_set_output
                0x00003e48       0x40 ./MicroSemi_Code/drivers/mss_gpio/mss_gpio.o
                0x00003e48                MSS_GPIO_set_output
 .text.MSS_GPIO_drive_inout
                0x00003e88      0x128 ./MicroSemi_Code/drivers/mss_gpio/mss_gpio.o
                0x00003e88                MSS_GPIO_drive_inout
 .text.MSS_GPIO_enable_irq
                0x00003fb0       0x64 ./MicroSemi_Code/drivers/mss_gpio/mss_gpio.o
                0x00003fb0                MSS_GPIO_enable_irq
 .text.MSS_GPIO_disable_irq
                0x00004014       0x50 ./MicroSemi_Code/drivers/mss_gpio/mss_gpio.o
                0x00004014                MSS_GPIO_disable_irq
 .text.MSS_GPIO_clear_irq
                0x00004064       0x50 ./MicroSemi_Code/drivers/mss_gpio/mss_gpio.o
                0x00004064                MSS_GPIO_clear_irq
 .text          0x000040b4        0x0 ./MicroSemi_Code/drivers/mss_ethernet_mac/crc32.o
 .text.mss_mac_crc32
                0x000040b4       0x60 ./MicroSemi_Code/drivers/mss_ethernet_mac/crc32.o
                0x000040b4                mss_mac_crc32
 .text.mss_ethernet_crc
                0x00004114       0x24 ./MicroSemi_Code/drivers/mss_ethernet_mac/crc32.o
                0x00004114                mss_ethernet_crc
 .text          0x00004138        0x0 ./MicroSemi_Code/drivers/mss_ethernet_mac/mss_ethernet_mac.o
 .text.MSS_MAC_init
                0x00004138      0x358 ./MicroSemi_Code/drivers/mss_ethernet_mac/mss_ethernet_mac.o
                0x00004138                MSS_MAC_init
 .text.MSS_MAC_configure
                0x00004490      0x248 ./MicroSemi_Code/drivers/mss_ethernet_mac/mss_ethernet_mac.o
                0x00004490                MSS_MAC_configure
 .text.MSS_MAC_get_configuration
                0x000046d8      0x144 ./MicroSemi_Code/drivers/mss_ethernet_mac/mss_ethernet_mac.o
                0x000046d8                MSS_MAC_get_configuration
 .text.MSS_MAC_tx_packet
                0x0000481c      0x544 ./MicroSemi_Code/drivers/mss_ethernet_mac/mss_ethernet_mac.o
                0x0000481c                MSS_MAC_tx_packet
 .text.MSS_MAC_rx_pckt_size
                0x00004d60       0x74 ./MicroSemi_Code/drivers/mss_ethernet_mac/mss_ethernet_mac.o
                0x00004d60                MSS_MAC_rx_pckt_size
 .text.MSS_MAC_rx_packet
                0x00004dd4       0xf0 ./MicroSemi_Code/drivers/mss_ethernet_mac/mss_ethernet_mac.o
                0x00004dd4                MSS_MAC_rx_packet
 .text.MSS_MAC_rx_packet_ptrset
                0x00004ec4      0x134 ./MicroSemi_Code/drivers/mss_ethernet_mac/mss_ethernet_mac.o
                0x00004ec4                MSS_MAC_rx_packet_ptrset
 .text.MSS_MAC_link_status
                0x00004ff8       0x30 ./MicroSemi_Code/drivers/mss_ethernet_mac/mss_ethernet_mac.o
                0x00004ff8                MSS_MAC_link_status
 .text.MSS_MAC_auto_setup_link
                0x00005028       0xd0 ./MicroSemi_Code/drivers/mss_ethernet_mac/mss_ethernet_mac.o
                0x00005028                MSS_MAC_auto_setup_link
 .text.MSS_MAC_set_mac_address
                0x000050f8       0xa4 ./MicroSemi_Code/drivers/mss_ethernet_mac/mss_ethernet_mac.o
                0x000050f8                MSS_MAC_set_mac_address
 .text.MSS_MAC_get_mac_address
                0x0000519c       0x20 ./MicroSemi_Code/drivers/mss_ethernet_mac/mss_ethernet_mac.o
                0x0000519c                MSS_MAC_get_mac_address
 .text.MSS_MAC_set_mac_filters
                0x000051bc      0x1b8 ./MicroSemi_Code/drivers/mss_ethernet_mac/mss_ethernet_mac.o
                0x000051bc                MSS_MAC_set_mac_filters
 .text.EthernetMAC_IRQHandler
                0x00005374      0x13c ./MicroSemi_Code/drivers/mss_ethernet_mac/mss_ethernet_mac.o
                0x00005374                EthernetMAC_IRQHandler
 .text.MSS_MAC_set_callback
                0x000054b0       0x70 ./MicroSemi_Code/drivers/mss_ethernet_mac/mss_ethernet_mac.o
                0x000054b0                MSS_MAC_set_callback
 .text.MSS_MAC_last_error
                0x00005520       0x54 ./MicroSemi_Code/drivers/mss_ethernet_mac/mss_ethernet_mac.o
                0x00005520                MSS_MAC_last_error
 .text.MSS_MAC_get_statistics
                0x00005574      0x2b4 ./MicroSemi_Code/drivers/mss_ethernet_mac/mss_ethernet_mac.o
                0x00005574                MSS_MAC_get_statistics
 .text.MSS_MAC_prepare_rx_descriptor
                0x00005828      0x428 ./MicroSemi_Code/drivers/mss_ethernet_mac/mss_ethernet_mac.o
                0x00005828                MSS_MAC_prepare_rx_descriptor
 .text.MAC_send_setup_frame
                0x00005c50      0x36c ./MicroSemi_Code/drivers/mss_ethernet_mac/mss_ethernet_mac.o
 .text.MAC_stop_transmission
                0x00005fbc       0x60 ./MicroSemi_Code/drivers/mss_ethernet_mac/mss_ethernet_mac.o
 .text.MAC_start_transmission
                0x0000601c       0x1c ./MicroSemi_Code/drivers/mss_ethernet_mac/mss_ethernet_mac.o
 .text.MAC_stop_receiving
                0x00006038       0x60 ./MicroSemi_Code/drivers/mss_ethernet_mac/mss_ethernet_mac.o
 .text.MAC_start_receiving
                0x00006098       0x1c ./MicroSemi_Code/drivers/mss_ethernet_mac/mss_ethernet_mac.o
 .text.MAC_dismiss_bad_frames
                0x000060b4       0xa4 ./MicroSemi_Code/drivers/mss_ethernet_mac/mss_ethernet_mac.o
 .text.MAC_set_time_out
                0x00006158       0x50 ./MicroSemi_Code/drivers/mss_ethernet_mac/mss_ethernet_mac.o
 .text.MAC_get_time_out
                0x000061a8       0xf4 ./MicroSemi_Code/drivers/mss_ethernet_mac/mss_ethernet_mac.o
 .text.MAC_memset
                0x0000629c       0x38 ./MicroSemi_Code/drivers/mss_ethernet_mac/mss_ethernet_mac.o
 .text.MAC_memset_All
                0x000062d4      0x448 ./MicroSemi_Code/drivers/mss_ethernet_mac/mss_ethernet_mac.o
 .text.MAC_memcpy
                0x0000671c       0x3c ./MicroSemi_Code/drivers/mss_ethernet_mac/mss_ethernet_mac.o
 .text.MSS_MAC_FreeTxBuffers
                0x00006758       0x88 ./MicroSemi_Code/drivers/mss_ethernet_mac/mss_ethernet_mac.o
                0x00006758                MSS_MAC_FreeTxBuffers
 .text.MAC_obtain_buffer
                0x000067e0      0x178 ./MicroSemi_Code/drivers/mss_ethernet_mac/mss_ethernet_mac.o
 .text.MAC_release_buffer
                0x00006958       0x70 ./MicroSemi_Code/drivers/mss_ethernet_mac/mss_ethernet_mac.o
 .text          0x000069c8        0x0 ./MicroSemi_Code/drivers/mss_ethernet_mac/phy.o
 .text.MDIO_management_clock
                0x000069c8       0x38 ./MicroSemi_Code/drivers/mss_ethernet_mac/phy.o
 .text.MDIO_send_cmd
                0x00006a00      0x100 ./MicroSemi_Code/drivers/mss_ethernet_mac/phy.o
 .text.MDIO_read
                0x00006b00       0x70 ./MicroSemi_Code/drivers/mss_ethernet_mac/phy.o
 .text.MDIO_write
                0x00006b70       0x74 ./MicroSemi_Code/drivers/mss_ethernet_mac/phy.o
 .text.PHY_probe
                0x00006be4       0x84 ./MicroSemi_Code/drivers/mss_ethernet_mac/phy.o
                0x00006be4                PHY_probe
 .text.PHY_reset
                0x00006c68       0x20 ./MicroSemi_Code/drivers/mss_ethernet_mac/phy.o
                0x00006c68                PHY_reset
 .text.PHY_auto_negotiate
                0x00006c88       0x50 ./MicroSemi_Code/drivers/mss_ethernet_mac/phy.o
                0x00006c88                PHY_auto_negotiate
 .text.PHY_link_status
                0x00006cd8       0x30 ./MicroSemi_Code/drivers/mss_ethernet_mac/phy.o
                0x00006cd8                PHY_link_status
 .text.PHY_link_type
                0x00006d08       0x48 ./MicroSemi_Code/drivers/mss_ethernet_mac/phy.o
                0x00006d08                PHY_link_type
 .text.PHY_set_link_type
                0x00006d50       0x58 ./MicroSemi_Code/drivers/mss_ethernet_mac/phy.o
                0x00006d50                PHY_set_link_type
 .text.PHY_set_loopback
                0x00006da8       0x58 ./MicroSemi_Code/drivers/mss_ethernet_mac/phy.o
                0x00006da8                PHY_set_loopback
 .text          0x00006e00        0x0 ./MicroSemi_Code/drivers/mss_ace/ace_convert.o
 .text.ACE_get_channel_type
                0x00006e00       0x44 ./MicroSemi_Code/drivers/mss_ace/ace_convert.o
                0x00006e00                ACE_get_channel_type
 .text.ACE_convert_adc_input_to_mV
                0x00006e44       0x64 ./MicroSemi_Code/drivers/mss_ace/ace_convert.o
                0x00006e44                ACE_convert_adc_input_to_mV
 .text.ace_init_convert
                0x00006ea8      0x1b4 ./MicroSemi_Code/drivers/mss_ace/ace_convert.o
                0x00006ea8                ace_init_convert
 .text.ACE_convert_to_mV
                0x0000705c      0x100 ./MicroSemi_Code/drivers/mss_ace/ace_convert.o
                0x0000705c                ACE_convert_to_mV
 .text.ACE_convert_to_mA
                0x0000715c       0xb4 ./MicroSemi_Code/drivers/mss_ace/ace_convert.o
                0x0000715c                ACE_convert_to_mA
 .text.ACE_convert_to_uA
                0x00007210       0xb0 ./MicroSemi_Code/drivers/mss_ace/ace_convert.o
                0x00007210                ACE_convert_to_uA
 .text.ACE_convert_to_Kelvin
                0x000072c0       0x4c ./MicroSemi_Code/drivers/mss_ace/ace_convert.o
                0x000072c0                ACE_convert_to_Kelvin
 .text.ACE_convert_to_Celsius
                0x0000730c       0x3c ./MicroSemi_Code/drivers/mss_ace/ace_convert.o
                0x0000730c                ACE_convert_to_Celsius
 .text.ACE_convert_to_Fahrenheit
                0x00007348       0x58 ./MicroSemi_Code/drivers/mss_ace/ace_convert.o
                0x00007348                ACE_convert_to_Fahrenheit
 .text.ACE_get_channel_name
                0x000073a0       0x38 ./MicroSemi_Code/drivers/mss_ace/ace_convert.o
                0x000073a0                ACE_get_channel_name
 .text.ACE_convert_mV_to_adc_value
                0x000073d8       0xa0 ./MicroSemi_Code/drivers/mss_ace/ace_convert.o
                0x000073d8                ACE_convert_mV_to_adc_value
 .text.convert_mV_to_ppe_value
                0x00007478       0x7c ./MicroSemi_Code/drivers/mss_ace/ace_convert.o
 .text.ACE_convert_from_mV
                0x000074f4      0x110 ./MicroSemi_Code/drivers/mss_ace/ace_convert.o
                0x000074f4                ACE_convert_from_mV
 .text.ACE_convert_from_mA
                0x00007604       0xc4 ./MicroSemi_Code/drivers/mss_ace/ace_convert.o
                0x00007604                ACE_convert_from_mA
 .text.ACE_convert_from_uA
                0x000076c8       0xc4 ./MicroSemi_Code/drivers/mss_ace/ace_convert.o
                0x000076c8                ACE_convert_from_uA
 .text.ACE_convert_from_Kelvin
                0x0000778c       0x58 ./MicroSemi_Code/drivers/mss_ace/ace_convert.o
                0x0000778c                ACE_convert_from_Kelvin
 .text.ACE_convert_from_Celsius
                0x000077e4       0x4c ./MicroSemi_Code/drivers/mss_ace/ace_convert.o
                0x000077e4                ACE_convert_from_Celsius
 .text.ACE_convert_from_Fahrenheit
                0x00007830       0x64 ./MicroSemi_Code/drivers/mss_ace/ace_convert.o
                0x00007830                ACE_convert_from_Fahrenheit
 .text.ACE_translate_pdma_value
                0x00007894       0x34 ./MicroSemi_Code/drivers/mss_ace/ace_convert.o
                0x00007894                ACE_translate_pdma_value
 .text          0x000078c8        0x0 ./MicroSemi_Code/drivers/mss_ace/ace_flags.o
 .text.NVIC_ClearPendingIRQ
                0x000078c8       0x3c ./MicroSemi_Code/drivers/mss_ace/ace_flags.o
 .text.ace_init_flags
                0x00007904        0xc ./MicroSemi_Code/drivers/mss_ace/ace_flags.o
                0x00007904                ace_init_flags
 .text.ACE_is_hysteresis_flag
                0x00007910       0x20 ./MicroSemi_Code/drivers/mss_ace/ace_flags.o
                0x00007910                ACE_is_hysteresis_flag
 .text.ACE_is_under_flag
                0x00007930       0x20 ./MicroSemi_Code/drivers/mss_ace/ace_flags.o
                0x00007930                ACE_is_under_flag
 .text.ACE_set_flag_threshold
                0x00007950       0x18 ./MicroSemi_Code/drivers/mss_ace/ace_flags.o
                0x00007950                ACE_set_flag_threshold
 .text.ACE_set_flag_assertion
                0x00007968       0x18 ./MicroSemi_Code/drivers/mss_ace/ace_flags.o
                0x00007968                ACE_set_flag_assertion
 .text.ACE_set_flag_deassertion
                0x00007980       0x18 ./MicroSemi_Code/drivers/mss_ace/ace_flags.o
                0x00007980                ACE_set_flag_deassertion
 .text.ACE_set_flag_hysteresis
                0x00007998       0x18 ./MicroSemi_Code/drivers/mss_ace/ace_flags.o
                0x00007998                ACE_set_flag_hysteresis
 .text.ACE_set_channel_hysteresis
                0x000079b0       0x18 ./MicroSemi_Code/drivers/mss_ace/ace_flags.o
                0x000079b0                ACE_set_channel_hysteresis
 .text.ACE_get_flag_handle
                0x000079c8       0x1c ./MicroSemi_Code/drivers/mss_ace/ace_flags.o
                0x000079c8                ACE_get_flag_handle
 .text.ACE_get_flag_status
                0x000079e4       0x20 ./MicroSemi_Code/drivers/mss_ace/ace_flags.o
                0x000079e4                ACE_get_flag_status
 .text.ACE_get_flag_name
                0x00007a04       0x20 ./MicroSemi_Code/drivers/mss_ace/ace_flags.o
                0x00007a04                ACE_get_flag_name
 .text.ACE_get_flag_channel
                0x00007a24       0x20 ./MicroSemi_Code/drivers/mss_ace/ace_flags.o
                0x00007a24                ACE_get_flag_channel
 .text.ACE_get_channel_flag_count
                0x00007a44       0x20 ./MicroSemi_Code/drivers/mss_ace/ace_flags.o
                0x00007a44                ACE_get_channel_flag_count
 .text.ACE_get_channel_first_flag
                0x00007a64       0x20 ./MicroSemi_Code/drivers/mss_ace/ace_flags.o
                0x00007a64                ACE_get_channel_first_flag
 .text.ACE_get_channel_next_flag
                0x00007a84       0x20 ./MicroSemi_Code/drivers/mss_ace/ace_flags.o
                0x00007a84                ACE_get_channel_next_flag
 .text.ACE_enable_channel_flags_irq
                0x00007aa4       0x14 ./MicroSemi_Code/drivers/mss_ace/ace_flags.o
                0x00007aa4                ACE_enable_channel_flags_irq
 .text.ACE_disable_channel_flags_irq
                0x00007ab8       0x14 ./MicroSemi_Code/drivers/mss_ace/ace_flags.o
                0x00007ab8                ACE_disable_channel_flags_irq
 .text.ACE_clear_channel_flags_irq
                0x00007acc       0x14 ./MicroSemi_Code/drivers/mss_ace/ace_flags.o
                0x00007acc                ACE_clear_channel_flags_irq
 .text.ACE_enable_flag_irq
                0x00007ae0       0x14 ./MicroSemi_Code/drivers/mss_ace/ace_flags.o
                0x00007ae0                ACE_enable_flag_irq
 .text.ACE_disable_flag_irq
                0x00007af4       0x14 ./MicroSemi_Code/drivers/mss_ace/ace_flags.o
                0x00007af4                ACE_disable_flag_irq
 .text.ACE_clear_flag_irq
                0x00007b08       0x14 ./MicroSemi_Code/drivers/mss_ace/ace_flags.o
                0x00007b08                ACE_clear_flag_irq
 .text.ACE_register_flag_isr
                0x00007b1c       0x18 ./MicroSemi_Code/drivers/mss_ace/ace_flags.o
                0x00007b1c                ACE_register_flag_isr
 .text.ACE_register_channel_flags_isr
                0x00007b34       0x18 ./MicroSemi_Code/drivers/mss_ace/ace_flags.o
                0x00007b34                ACE_register_channel_flags_isr
 .text.ACE_register_global_flags_isr
                0x00007b4c       0x14 ./MicroSemi_Code/drivers/mss_ace/ace_flags.o
                0x00007b4c                ACE_register_global_flags_isr
 .text.process_flag_irq
                0x00007b60       0x14 ./MicroSemi_Code/drivers/mss_ace/ace_flags.o
 .text.ACE_PPE_Flag0_IRQHandler
                0x00007b74       0x28 ./MicroSemi_Code/drivers/mss_ace/ace_flags.o
                0x00007b74                ACE_PPE_Flag0_IRQHandler
 .text.ACE_PPE_Flag1_IRQHandler
                0x00007b9c       0x28 ./MicroSemi_Code/drivers/mss_ace/ace_flags.o
                0x00007b9c                ACE_PPE_Flag1_IRQHandler
 .text.ACE_PPE_Flag2_IRQHandler
                0x00007bc4       0x28 ./MicroSemi_Code/drivers/mss_ace/ace_flags.o
                0x00007bc4                ACE_PPE_Flag2_IRQHandler
 .text.ACE_PPE_Flag3_IRQHandler
                0x00007bec       0x28 ./MicroSemi_Code/drivers/mss_ace/ace_flags.o
                0x00007bec                ACE_PPE_Flag3_IRQHandler
 .text.ACE_PPE_Flag4_IRQHandler
                0x00007c14       0x28 ./MicroSemi_Code/drivers/mss_ace/ace_flags.o
                0x00007c14                ACE_PPE_Flag4_IRQHandler
 .text.ACE_PPE_Flag5_IRQHandler
                0x00007c3c       0x28 ./MicroSemi_Code/drivers/mss_ace/ace_flags.o
                0x00007c3c                ACE_PPE_Flag5_IRQHandler
 .text.ACE_PPE_Flag6_IRQHandler
                0x00007c64       0x28 ./MicroSemi_Code/drivers/mss_ace/ace_flags.o
                0x00007c64                ACE_PPE_Flag6_IRQHandler
 .text.ACE_PPE_Flag7_IRQHandler
                0x00007c8c       0x28 ./MicroSemi_Code/drivers/mss_ace/ace_flags.o
                0x00007c8c                ACE_PPE_Flag7_IRQHandler
 .text.ACE_PPE_Flag8_IRQHandler
                0x00007cb4       0x28 ./MicroSemi_Code/drivers/mss_ace/ace_flags.o
                0x00007cb4                ACE_PPE_Flag8_IRQHandler
 .text.ACE_PPE_Flag9_IRQHandler
                0x00007cdc       0x28 ./MicroSemi_Code/drivers/mss_ace/ace_flags.o
                0x00007cdc                ACE_PPE_Flag9_IRQHandler
 .text.ACE_PPE_Flag10_IRQHandler
                0x00007d04       0x28 ./MicroSemi_Code/drivers/mss_ace/ace_flags.o
                0x00007d04                ACE_PPE_Flag10_IRQHandler
 .text.ACE_PPE_Flag11_IRQHandler
                0x00007d2c       0x28 ./MicroSemi_Code/drivers/mss_ace/ace_flags.o
                0x00007d2c                ACE_PPE_Flag11_IRQHandler
 .text.ACE_PPE_Flag12_IRQHandler
                0x00007d54       0x28 ./MicroSemi_Code/drivers/mss_ace/ace_flags.o
                0x00007d54                ACE_PPE_Flag12_IRQHandler
 .text.ACE_PPE_Flag13_IRQHandler
                0x00007d7c       0x28 ./MicroSemi_Code/drivers/mss_ace/ace_flags.o
                0x00007d7c                ACE_PPE_Flag13_IRQHandler
 .text.ACE_PPE_Flag14_IRQHandler
                0x00007da4       0x28 ./MicroSemi_Code/drivers/mss_ace/ace_flags.o
                0x00007da4                ACE_PPE_Flag14_IRQHandler
 .text.ACE_PPE_Flag15_IRQHandler
                0x00007dcc       0x28 ./MicroSemi_Code/drivers/mss_ace/ace_flags.o
                0x00007dcc                ACE_PPE_Flag15_IRQHandler
 .text.ACE_PPE_Flag16_IRQHandler
                0x00007df4       0x28 ./MicroSemi_Code/drivers/mss_ace/ace_flags.o
                0x00007df4                ACE_PPE_Flag16_IRQHandler
 .text.ACE_PPE_Flag17_IRQHandler
                0x00007e1c       0x28 ./MicroSemi_Code/drivers/mss_ace/ace_flags.o
                0x00007e1c                ACE_PPE_Flag17_IRQHandler
 .text.ACE_PPE_Flag18_IRQHandler
                0x00007e44       0x28 ./MicroSemi_Code/drivers/mss_ace/ace_flags.o
                0x00007e44                ACE_PPE_Flag18_IRQHandler
 .text.ACE_PPE_Flag19_IRQHandler
                0x00007e6c       0x28 ./MicroSemi_Code/drivers/mss_ace/ace_flags.o
                0x00007e6c                ACE_PPE_Flag19_IRQHandler
 .text.ACE_PPE_Flag20_IRQHandler
                0x00007e94       0x28 ./MicroSemi_Code/drivers/mss_ace/ace_flags.o
                0x00007e94                ACE_PPE_Flag20_IRQHandler
 .text.ACE_PPE_Flag21_IRQHandler
                0x00007ebc       0x28 ./MicroSemi_Code/drivers/mss_ace/ace_flags.o
                0x00007ebc                ACE_PPE_Flag21_IRQHandler
 .text.ACE_PPE_Flag22_IRQHandler
                0x00007ee4       0x28 ./MicroSemi_Code/drivers/mss_ace/ace_flags.o
                0x00007ee4                ACE_PPE_Flag22_IRQHandler
 .text.ACE_PPE_Flag23_IRQHandler
                0x00007f0c       0x28 ./MicroSemi_Code/drivers/mss_ace/ace_flags.o
                0x00007f0c                ACE_PPE_Flag23_IRQHandler
 .text.ACE_PPE_Flag24_IRQHandler
                0x00007f34       0x28 ./MicroSemi_Code/drivers/mss_ace/ace_flags.o
                0x00007f34                ACE_PPE_Flag24_IRQHandler
 .text.ACE_PPE_Flag25_IRQHandler
                0x00007f5c       0x28 ./MicroSemi_Code/drivers/mss_ace/ace_flags.o
                0x00007f5c                ACE_PPE_Flag25_IRQHandler
 .text.ACE_PPE_Flag26_IRQHandler
                0x00007f84       0x28 ./MicroSemi_Code/drivers/mss_ace/ace_flags.o
                0x00007f84                ACE_PPE_Flag26_IRQHandler
 .text.ACE_PPE_Flag27_IRQHandler
                0x00007fac       0x28 ./MicroSemi_Code/drivers/mss_ace/ace_flags.o
                0x00007fac                ACE_PPE_Flag27_IRQHandler
 .text.ACE_PPE_Flag28_IRQHandler
                0x00007fd4       0x28 ./MicroSemi_Code/drivers/mss_ace/ace_flags.o
                0x00007fd4                ACE_PPE_Flag28_IRQHandler
 .text.ACE_PPE_Flag29_IRQHandler
                0x00007ffc       0x28 ./MicroSemi_Code/drivers/mss_ace/ace_flags.o
                0x00007ffc                ACE_PPE_Flag29_IRQHandler
 .text.ACE_PPE_Flag30_IRQHandler
                0x00008024       0x28 ./MicroSemi_Code/drivers/mss_ace/ace_flags.o
                0x00008024                ACE_PPE_Flag30_IRQHandler
 .text.ACE_PPE_Flag31_IRQHandler
                0x0000804c       0x28 ./MicroSemi_Code/drivers/mss_ace/ace_flags.o
                0x0000804c                ACE_PPE_Flag31_IRQHandler
 .text          0x00008074        0x0 ./MicroSemi_Code/drivers/mss_ace/ace_sse.o
 .text.ACE_get_sse_seq_handle
                0x00008074       0x84 ./MicroSemi_Code/drivers/mss_ace/ace_sse.o
                0x00008074                ACE_get_sse_seq_handle
 .text.ACE_load_sse
                0x000080f8      0x130 ./MicroSemi_Code/drivers/mss_ace/ace_sse.o
                0x000080f8                ACE_load_sse
 .text.ACE_start_sse
                0x00008228      0x140 ./MicroSemi_Code/drivers/mss_ace/ace_sse.o
                0x00008228                ACE_start_sse
 .text.ACE_restart_sse
                0x00008368      0x124 ./MicroSemi_Code/drivers/mss_ace/ace_sse.o
                0x00008368                ACE_restart_sse
 .text.ACE_stop_sse
                0x0000848c       0x54 ./MicroSemi_Code/drivers/mss_ace/ace_sse.o
                0x0000848c                ACE_stop_sse
 .text.ACE_resume_sse
                0x000084e0       0x54 ./MicroSemi_Code/drivers/mss_ace/ace_sse.o
                0x000084e0                ACE_resume_sse
 .text.ACE_enable_sse_irq
                0x00008534       0x48 ./MicroSemi_Code/drivers/mss_ace/ace_sse.o
                0x00008534                ACE_enable_sse_irq
 .text.ACE_disable_sse_irq
                0x0000857c       0x64 ./MicroSemi_Code/drivers/mss_ace/ace_sse.o
                0x0000857c                ACE_disable_sse_irq
 .text.ACE_clear_sse_irq
                0x000085e0       0x6c ./MicroSemi_Code/drivers/mss_ace/ace_sse.o
                0x000085e0                ACE_clear_sse_irq
 .text.ACE_clear_sample_pipeline
                0x0000864c      0x178 ./MicroSemi_Code/drivers/mss_ace/ace_sse.o
                0x0000864c                ACE_clear_sample_pipeline
 .text          0x000087c4        0x0 ./MicroSemi_Code/drivers/mss_ace/ace_transform.o
 .text.ACE_get_default_m_factor
                0x000087c4       0x30 ./MicroSemi_Code/drivers/mss_ace/ace_transform.o
                0x000087c4                ACE_get_default_m_factor
 .text.ACE_get_default_c_offset
                0x000087f4       0x34 ./MicroSemi_Code/drivers/mss_ace/ace_transform.o
                0x000087f4                ACE_get_default_c_offset
 .text.ACE_set_linear_transform
                0x00008828      0x17c ./MicroSemi_Code/drivers/mss_ace/ace_transform.o
                0x00008828                ACE_set_linear_transform
 .text.extend_sign
                0x000089a4       0x30 ./MicroSemi_Code/drivers/mss_ace/ace_transform.o
                0x000089a4                extend_sign
 .text.adjust_to_24bit_ace_format
                0x000089d4       0x80 ./MicroSemi_Code/drivers/mss_ace/ace_transform.o
                0x000089d4                adjust_to_24bit_ace_format
 .text.adjust_to_16bit_ace_format
                0x00008a54       0x80 ./MicroSemi_Code/drivers/mss_ace/ace_transform.o
                0x00008a54                adjust_to_16bit_ace_format
 .text.get_calibration
                0x00008ad4      0x380 ./MicroSemi_Code/drivers/mss_ace/ace_transform.o
                0x00008ad4                get_calibration
 .text.write_transform_coefficients
                0x00008e54       0xac ./MicroSemi_Code/drivers/mss_ace/ace_transform.o
                0x00008e54                write_transform_coefficients
 .text          0x00008f00        0x0 ./MicroSemi_Code/drivers/mss_ace/mss_ace.o
 .text.ACE_init
                0x00008f00       0x10 ./MicroSemi_Code/drivers/mss_ace/mss_ace.o
                0x00008f00                ACE_init
 .text.ACE_start_adc
                0x00008f10       0x2c ./MicroSemi_Code/drivers/mss_ace/mss_ace.o
                0x00008f10                ACE_start_adc
 .text.ACE_get_adc_result
                0x00008f3c       0x64 ./MicroSemi_Code/drivers/mss_ace/mss_ace.o
                0x00008f3c                ACE_get_adc_result
 .text.ACE_configure_sdd
                0x00008fa0      0x1a0 ./MicroSemi_Code/drivers/mss_ace/mss_ace.o
                0x00008fa0                ACE_configure_sdd
 .text.ACE_enable_sdd
                0x00009140       0x48 ./MicroSemi_Code/drivers/mss_ace/mss_ace.o
                0x00009140                ACE_enable_sdd
 .text.ACE_disable_sdd
                0x00009188       0x48 ./MicroSemi_Code/drivers/mss_ace/mss_ace.o
                0x00009188                ACE_disable_sdd
 .text.ACE_set_sdd_value
                0x000091d0       0x4c ./MicroSemi_Code/drivers/mss_ace/mss_ace.o
                0x000091d0                ACE_set_sdd_value
 .text.ACE_set_sdd_value_sync
                0x0000921c       0xd0 ./MicroSemi_Code/drivers/mss_ace/mss_ace.o
                0x0000921c                ACE_set_sdd_value_sync
 .text.ACE_set_comp_reference
                0x000092ec      0x1b4 ./MicroSemi_Code/drivers/mss_ace/mss_ace.o
                0x000092ec                ACE_set_comp_reference
 .text.ACE_set_comp_hysteresis
                0x000094a0      0x128 ./MicroSemi_Code/drivers/mss_ace/mss_ace.o
                0x000094a0                ACE_set_comp_hysteresis
 .text.ACE_enable_comp
                0x000095c8       0xfc ./MicroSemi_Code/drivers/mss_ace/mss_ace.o
                0x000095c8                ACE_enable_comp
 .text.ACE_disable_comp
                0x000096c4       0xf8 ./MicroSemi_Code/drivers/mss_ace/mss_ace.o
                0x000096c4                ACE_disable_comp
 .text.ACE_enable_comp_rise_irq
                0x000097bc       0x50 ./MicroSemi_Code/drivers/mss_ace/mss_ace.o
                0x000097bc                ACE_enable_comp_rise_irq
 .text.ACE_disable_comp_rise_irq
                0x0000980c       0x70 ./MicroSemi_Code/drivers/mss_ace/mss_ace.o
                0x0000980c                ACE_disable_comp_rise_irq
 .text.ACE_clear_comp_rise_irq
                0x0000987c       0x6c ./MicroSemi_Code/drivers/mss_ace/mss_ace.o
                0x0000987c                ACE_clear_comp_rise_irq
 .text.ACE_enable_comp_fall_irq
                0x000098e8       0x50 ./MicroSemi_Code/drivers/mss_ace/mss_ace.o
                0x000098e8                ACE_enable_comp_fall_irq
 .text.ACE_disable_comp_fall_irq
                0x00009938       0x70 ./MicroSemi_Code/drivers/mss_ace/mss_ace.o
                0x00009938                ACE_disable_comp_fall_irq
 .text.ACE_clear_comp_fall_irq
                0x000099a8       0x6c ./MicroSemi_Code/drivers/mss_ace/mss_ace.o
                0x000099a8                ACE_clear_comp_fall_irq
 .text.ACE_get_comp_status
                0x00009a14       0x20 ./MicroSemi_Code/drivers/mss_ace/mss_ace.o
                0x00009a14                ACE_get_comp_status
 .text.ACE_get_channel_count
                0x00009a34       0x10 ./MicroSemi_Code/drivers/mss_ace/mss_ace.o
                0x00009a34                ACE_get_channel_count
 .text.ACE_get_first_channel
                0x00009a44       0x1c ./MicroSemi_Code/drivers/mss_ace/mss_ace.o
                0x00009a44                ACE_get_first_channel
 .text.ACE_get_next_channel
                0x00009a60       0x2c ./MicroSemi_Code/drivers/mss_ace/mss_ace.o
                0x00009a60                ACE_get_next_channel
 .text.ACE_get_channel_handle
                0x00009a8c       0x74 ./MicroSemi_Code/drivers/mss_ace/mss_ace.o
                0x00009a8c                ACE_get_channel_handle
 .text.ACE_get_input_channel_handle
                0x00009b00       0x54 ./MicroSemi_Code/drivers/mss_ace/mss_ace.o
                0x00009b00                ACE_get_input_channel_handle
 .text.ACE_get_ppe_sample
                0x00009b54       0x54 ./MicroSemi_Code/drivers/mss_ace/mss_ace.o
                0x00009b54                ACE_get_ppe_sample
 .text          0x00009ba8        0x0 ./MicroSemi_Code/CMSIS/brownout_isr.o
 .text.BrownOut_1_5V_IRQHandler
                0x00009ba8       0xb0 ./MicroSemi_Code/CMSIS/brownout_isr.o
                0x00009ba8                BrownOut_1_5V_IRQHandler
 .text          0x00009c58        0x0 ./MicroSemi_Code/CMSIS/core_cm3.o
 .text.__get_PSP
                0x00009c58       0x10 ./MicroSemi_Code/CMSIS/core_cm3.o
                0x00009c58                __get_PSP
 .text.__set_PSP
                0x00009c68        0x8 ./MicroSemi_Code/CMSIS/core_cm3.o
                0x00009c68                __set_PSP
 .text.__get_MSP
                0x00009c70       0x10 ./MicroSemi_Code/CMSIS/core_cm3.o
                0x00009c70                __get_MSP
 .text.__set_MSP
                0x00009c80        0x8 ./MicroSemi_Code/CMSIS/core_cm3.o
                0x00009c80                __set_MSP
 .text.__get_BASEPRI
                0x00009c88       0x20 ./MicroSemi_Code/CMSIS/core_cm3.o
                0x00009c88                __get_BASEPRI
 .text.__set_BASEPRI
                0x00009ca8       0x18 ./MicroSemi_Code/CMSIS/core_cm3.o
                0x00009ca8                __set_BASEPRI
 .text.__get_PRIMASK
                0x00009cc0       0x20 ./MicroSemi_Code/CMSIS/core_cm3.o
                0x00009cc0                __get_PRIMASK
 .text.__set_PRIMASK
                0x00009ce0       0x18 ./MicroSemi_Code/CMSIS/core_cm3.o
                0x00009ce0                __set_PRIMASK
 .text.__get_FAULTMASK
                0x00009cf8       0x20 ./MicroSemi_Code/CMSIS/core_cm3.o
                0x00009cf8                __get_FAULTMASK
 .text.__set_FAULTMASK
                0x00009d18       0x18 ./MicroSemi_Code/CMSIS/core_cm3.o
                0x00009d18                __set_FAULTMASK
 .text.__get_CONTROL
                0x00009d30       0x20 ./MicroSemi_Code/CMSIS/core_cm3.o
                0x00009d30                __get_CONTROL
 .text.__set_CONTROL
                0x00009d50       0x18 ./MicroSemi_Code/CMSIS/core_cm3.o
                0x00009d50                __set_CONTROL
 .text.__REV    0x00009d68       0x24 ./MicroSemi_Code/CMSIS/core_cm3.o
                0x00009d68                __REV
 .text.__REV16  0x00009d8c       0x24 ./MicroSemi_Code/CMSIS/core_cm3.o
                0x00009d8c                __REV16
 .text.__REVSH  0x00009db0       0x24 ./MicroSemi_Code/CMSIS/core_cm3.o
                0x00009db0                __REVSH
 .text.__RBIT   0x00009dd4       0x24 ./MicroSemi_Code/CMSIS/core_cm3.o
                0x00009dd4                __RBIT
 .text.__LDREXB
                0x00009df8       0x24 ./MicroSemi_Code/CMSIS/core_cm3.o
                0x00009df8                __LDREXB
 .text.__LDREXH
                0x00009e1c       0x24 ./MicroSemi_Code/CMSIS/core_cm3.o
                0x00009e1c                __LDREXH
 .text.__LDREXW
                0x00009e40       0x24 ./MicroSemi_Code/CMSIS/core_cm3.o
                0x00009e40                __LDREXW
 .text.__STREXB
                0x00009e64       0x2c ./MicroSemi_Code/CMSIS/core_cm3.o
                0x00009e64                __STREXB
 .text.__STREXH
                0x00009e90       0x2c ./MicroSemi_Code/CMSIS/core_cm3.o
                0x00009e90                __STREXH
 .text.__STREXW
                0x00009ebc       0x28 ./MicroSemi_Code/CMSIS/core_cm3.o
                0x00009ebc                __STREXW
 .text          0x00009ee4        0x0 ./MicroSemi_Code/CMSIS/system_a2fxxxm3.o
 .text.SystemInit
                0x00009ee4        0xc ./MicroSemi_Code/CMSIS/system_a2fxxxm3.o
                0x00009ee4                SystemInit
 .text.SystemCoreClockUpdate
                0x00009ef0      0x150 ./MicroSemi_Code/CMSIS/system_a2fxxxm3.o
                0x00009ef0                SystemCoreClockUpdate
 .text.GetSystemClock
                0x0000a040       0xe8 ./MicroSemi_Code/CMSIS/system_a2fxxxm3.o
 .text          0x0000a128        0x0 ./MicroSemi_Code/CMSIS/startup_gcc/newlib_stubs.o
 .text._close   0x0000a128       0x18 ./MicroSemi_Code/CMSIS/startup_gcc/newlib_stubs.o
                0x0000a128                _close
 .text._execve  0x0000a140       0x28 ./MicroSemi_Code/CMSIS/startup_gcc/newlib_stubs.o
                0x0000a140                _execve
 .text._exit    0x0000a168        0xc ./MicroSemi_Code/CMSIS/startup_gcc/newlib_stubs.o
                0x0000a168                _exit
 .text._fork    0x0000a174       0x18 ./MicroSemi_Code/CMSIS/startup_gcc/newlib_stubs.o
                0x0000a174                _fork
 .text._fstat   0x0000a18c       0x24 ./MicroSemi_Code/CMSIS/startup_gcc/newlib_stubs.o
                0x0000a18c                _fstat
 .text._getpid  0x0000a1b0       0x10 ./MicroSemi_Code/CMSIS/startup_gcc/newlib_stubs.o
                0x0000a1b0                _getpid
 .text._isatty  0x0000a1c0       0x18 ./MicroSemi_Code/CMSIS/startup_gcc/newlib_stubs.o
                0x0000a1c0                _isatty
 .text._kill    0x0000a1d8       0x24 ./MicroSemi_Code/CMSIS/startup_gcc/newlib_stubs.o
                0x0000a1d8                _kill
 .text._link    0x0000a1fc       0x24 ./MicroSemi_Code/CMSIS/startup_gcc/newlib_stubs.o
                0x0000a1fc                _link
 .text._lseek   0x0000a220       0x1c ./MicroSemi_Code/CMSIS/startup_gcc/newlib_stubs.o
                0x0000a220                _lseek
 .text._open    0x0000a23c       0x1c ./MicroSemi_Code/CMSIS/startup_gcc/newlib_stubs.o
                0x0000a23c                _open
 .text._read    0x0000a258       0x1c ./MicroSemi_Code/CMSIS/startup_gcc/newlib_stubs.o
                0x0000a258                _read
 .text._write_r
                0x0000a274       0x5c ./MicroSemi_Code/CMSIS/startup_gcc/newlib_stubs.o
                0x0000a274                _write_r
 .text._sbrk    0x0000a2d0       0x94 ./MicroSemi_Code/CMSIS/startup_gcc/newlib_stubs.o
                0x0000a2d0                _sbrk
 .text._stat    0x0000a364       0x24 ./MicroSemi_Code/CMSIS/startup_gcc/newlib_stubs.o
                0x0000a364                _stat
 .text._times   0x0000a388       0x18 ./MicroSemi_Code/CMSIS/startup_gcc/newlib_stubs.o
                0x0000a388                _times
 .text._unlink  0x0000a3a0       0x24 ./MicroSemi_Code/CMSIS/startup_gcc/newlib_stubs.o
                0x0000a3a0                _unlink
 .text._wait    0x0000a3c4       0x24 ./MicroSemi_Code/CMSIS/startup_gcc/newlib_stubs.o
                0x0000a3c4                _wait
 .text          0x0000a3e8        0x0 ./MicroSemi_Code/CMSIS/startup_gcc/startup_a2fxxxm3.o
 .text          0x0000a3e8        0x0 ./Helpers/uart_helper.o
 .text.uart_string_print
                0x0000a3e8       0x24 ./Helpers/uart_helper.o
                0x0000a3e8                uart_string_print
 .text          0x0000a40c        0x0 ./FreeTCPIP/psock.o
 .text.buf_setup
                0x0000a40c       0x24 ./FreeTCPIP/psock.o
 .text.buf_bufdata
                0x0000a430      0x11c ./FreeTCPIP/psock.o
 .text.buf_bufto
                0x0000a54c       0xa8 ./FreeTCPIP/psock.o
 .text.send_data
                0x0000a5f4       0x6c ./FreeTCPIP/psock.o
 .text.data_acked
                0x0000a660       0x88 ./FreeTCPIP/psock.o
 .text.psock_send
                0x0000a6e8       0x94 ./FreeTCPIP/psock.o
                0x0000a6e8                psock_send
 .text.psock_generator_send
                0x0000a77c       0xb8 ./FreeTCPIP/psock.o
                0x0000a77c                psock_generator_send
 .text.psock_datalen
                0x0000a834       0x24 ./FreeTCPIP/psock.o
                0x0000a834                psock_datalen
 .text.psock_newdata
                0x0000a858       0x58 ./FreeTCPIP/psock.o
                0x0000a858                psock_newdata
 .text.psock_readto
                0x0000a8b0       0xc8 ./FreeTCPIP/psock.o
                0x0000a8b0                psock_readto
 .text.psock_readbuf
                0x0000a978       0xc4 ./FreeTCPIP/psock.o
                0x0000a978                psock_readbuf
 .text.psock_init
                0x0000aa3c       0x48 ./FreeTCPIP/psock.o
                0x0000aa3c                psock_init
 .text          0x0000aa84        0x0 ./FreeTCPIP/timer.o
 .text.timer_set
                0x0000aa84       0x24 ./FreeTCPIP/timer.o
                0x0000aa84                timer_set
 .text.timer_reset
                0x0000aaa8       0x20 ./FreeTCPIP/timer.o
                0x0000aaa8                timer_reset
 .text.timer_restart
                0x0000aac8       0x1c ./FreeTCPIP/timer.o
                0x0000aac8                timer_restart
 .text.timer_expired
                0x0000aae4       0x2c ./FreeTCPIP/timer.o
                0x0000aae4                timer_expired
 .text.timer_remaining
                0x0000ab10       0x28 ./FreeTCPIP/timer.o
                0x0000ab10                timer_remaining
 .text          0x0000ab38        0x0 ./FreeTCPIP/uip.o
 .text.uip_setipid
                0x0000ab38       0x20 ./FreeTCPIP/uip.o
                0x0000ab38                uip_setipid
 .text.uip_add32
                0x0000ab58      0x14c ./FreeTCPIP/uip.o
                0x0000ab58                uip_add32
 .text.chksum   0x0000aca4       0x98 ./FreeTCPIP/uip.o
 .text.uip_chksum
                0x0000ad3c       0x30 ./FreeTCPIP/uip.o
                0x0000ad3c                uip_chksum
 .text.uip_ipchksum
                0x0000ad6c       0x48 ./FreeTCPIP/uip.o
                0x0000ad6c                uip_ipchksum
 .text.upper_layer_chksum
                0x0000adb4       0xa8 ./FreeTCPIP/uip.o
 .text.uip_tcpchksum
                0x0000ae5c       0x14 ./FreeTCPIP/uip.o
                0x0000ae5c                uip_tcpchksum
 .text.uip_udpchksum
                0x0000ae70       0x14 ./FreeTCPIP/uip.o
                0x0000ae70                uip_udpchksum
 .text.uip_init
                0x0000ae84       0xcc ./FreeTCPIP/uip.o
                0x0000ae84                uip_init
 .text.uip_connect
                0x0000af50      0x1e0 ./FreeTCPIP/uip.o
                0x0000af50                uip_connect
 .text.uip_unlisten
                0x0000b130       0x88 ./FreeTCPIP/uip.o
                0x0000b130                uip_unlisten
 .text.uip_listen
                0x0000b1b8       0x84 ./FreeTCPIP/uip.o
                0x0000b1b8                uip_listen
 .text.uip_add_rcv_nxt
                0x0000b23c       0x84 ./FreeTCPIP/uip.o
 .text.uip_process
                0x0000b2c0     0x21b0 ./FreeTCPIP/uip.o
                0x0000b2c0                uip_process
 .text.htons    0x0000d470       0x30 ./FreeTCPIP/uip.o
                0x0000d470                htons
 .text.htonl    0x0000d4a0       0x5c ./FreeTCPIP/uip.o
                0x0000d4a0                htonl
 .text.uip_send
                0x0000d4fc       0x84 ./FreeTCPIP/uip.o
                0x0000d4fc                uip_send
 .text          0x0000d580        0x0 ./FreeTCPIP/uip_arp.o
 .text.uip_arp_init
                0x0000d580       0x70 ./FreeTCPIP/uip_arp.o
                0x0000d580                uip_arp_init
 .text.uip_arp_timer
                0x0000d5f0       0xd4 ./FreeTCPIP/uip_arp.o
                0x0000d5f0                uip_arp_timer
 .text.uip_arp_update
                0x0000d6c4      0x290 ./FreeTCPIP/uip_arp.o
 .text.uip_arp_arpin
                0x0000d954      0x308 ./FreeTCPIP/uip_arp.o
                0x0000d954                uip_arp_arpin
 .text.uip_arp_out
                0x0000dc5c      0x488 ./FreeTCPIP/uip_arp.o
                0x0000dc5c                uip_arp_out
 .text          0x0000e0e4        0x0 ./FreeTCPIP/http_Common/http-strings.o
 .text          0x0000e0e4        0x0 ./FreeTCPIP/http_Common/httpd-fs.o
 .text.httpd_fs_strcmp
                0x0000e0e4       0x6c ./FreeTCPIP/http_Common/httpd-fs.o
 .text.httpd_fs_open
                0x0000e150       0x88 ./FreeTCPIP/http_Common/httpd-fs.o
                0x0000e150                httpd_fs_open
 .text.httpd_fs_init
                0x0000e1d8       0x38 ./FreeTCPIP/http_Common/httpd-fs.o
                0x0000e1d8                httpd_fs_init
 .text.httpd_fs_count
                0x0000e210       0x60 ./FreeTCPIP/http_Common/httpd-fs.o
                0x0000e210                httpd_fs_count
 .text          0x0000e270        0x0 ./FreeTCPIP/http_Common/httpd.o
 .text.generate_part_of_file
                0x0000e270       0x78 ./FreeTCPIP/http_Common/httpd.o
 .text.send_file
                0x0000e2e8       0x98 ./FreeTCPIP/http_Common/httpd.o
 .text.send_part_of_file
                0x0000e380       0x68 ./FreeTCPIP/http_Common/httpd.o
 .text.next_scriptstate
                0x0000e3e8       0x54 ./FreeTCPIP/http_Common/httpd.o
 .text.handle_script
                0x0000e43c      0x234 ./FreeTCPIP/http_Common/httpd.o
 .text.send_headers
                0x0000e670      0x2d8 ./FreeTCPIP/http_Common/httpd.o
 .text.handle_output
                0x0000e948      0x18c ./FreeTCPIP/http_Common/httpd.o
 .text.handle_input
                0x0000ead4      0x1d0 ./FreeTCPIP/http_Common/httpd.o
 .text.handle_connection
                0x0000eca4       0x28 ./FreeTCPIP/http_Common/httpd.o
 .text.httpd_appcall
                0x0000eccc      0x118 ./FreeTCPIP/http_Common/httpd.o
                0x0000eccc                httpd_appcall
 .text.httpd_init
                0x0000ede4       0x10 ./FreeTCPIP/http_Common/httpd.o
                0x0000ede4                httpd_init
 .text          0x0000edf4        0x0 ./FreeRTOS_Source/list.o
 .text.vListInitialise
                0x0000edf4       0x48 ./FreeRTOS_Source/list.o
                0x0000edf4                vListInitialise
 .text.vListInitialiseItem
                0x0000ee3c       0x1c ./FreeRTOS_Source/list.o
                0x0000ee3c                vListInitialiseItem
 .text.vListInsertEnd
                0x0000ee58       0x48 ./FreeRTOS_Source/list.o
                0x0000ee58                vListInsertEnd
 .text.vListInsert
                0x0000eea0       0x74 ./FreeRTOS_Source/list.o
                0x0000eea0                vListInsert
 .text.uxListRemove
                0x0000ef14       0x58 ./FreeRTOS_Source/list.o
                0x0000ef14                uxListRemove
 .text          0x0000ef6c        0x0 ./FreeRTOS_Source/queue.o
 .text.xQueueGenericReset
                0x0000ef6c       0xec ./FreeRTOS_Source/queue.o
                0x0000ef6c                xQueueGenericReset
 .text.xQueueGenericCreate
                0x0000f058       0x80 ./FreeRTOS_Source/queue.o
                0x0000f058                xQueueGenericCreate
 .text.prvInitialiseNewQueue
                0x0000f0d8       0x48 ./FreeRTOS_Source/queue.o
 .text.prvInitialiseMutex
                0x0000f120       0x40 ./FreeRTOS_Source/queue.o
 .text.xQueueCreateMutex
                0x0000f160       0x38 ./FreeRTOS_Source/queue.o
                0x0000f160                xQueueCreateMutex
 .text.xQueueGiveMutexRecursive
                0x0000f198       0x74 ./FreeRTOS_Source/queue.o
                0x0000f198                xQueueGiveMutexRecursive
 .text.xQueueTakeMutexRecursive
                0x0000f20c       0x74 ./FreeRTOS_Source/queue.o
                0x0000f20c                xQueueTakeMutexRecursive
 .text.xQueueGenericSend
                0x0000f280      0x230 ./FreeRTOS_Source/queue.o
                0x0000f280                xQueueGenericSend
 .text.xQueueGenericSendFromISR
                0x0000f4b0      0x144 ./FreeRTOS_Source/queue.o
                0x0000f4b0                xQueueGenericSendFromISR
 .text.xQueueGiveFromISR
                0x0000f5f4      0x12c ./FreeRTOS_Source/queue.o
                0x0000f5f4                xQueueGiveFromISR
 .text.xQueueReceive
                0x0000f720      0x1ec ./FreeRTOS_Source/queue.o
                0x0000f720                xQueueReceive
 .text.xQueueSemaphoreTake
                0x0000f90c      0x240 ./FreeRTOS_Source/queue.o
                0x0000f90c                xQueueSemaphoreTake
 .text.xQueuePeek
                0x0000fb4c      0x1f0 ./FreeRTOS_Source/queue.o
                0x0000fb4c                xQueuePeek
 .text.xQueueReceiveFromISR
                0x0000fd3c      0x118 ./FreeRTOS_Source/queue.o
                0x0000fd3c                xQueueReceiveFromISR
 .text.xQueuePeekFromISR
                0x0000fe54       0xd4 ./FreeRTOS_Source/queue.o
                0x0000fe54                xQueuePeekFromISR
 .text.uxQueueMessagesWaiting
                0x0000ff28       0x3c ./FreeRTOS_Source/queue.o
                0x0000ff28                uxQueueMessagesWaiting
 .text.uxQueueSpacesAvailable
                0x0000ff64       0x48 ./FreeRTOS_Source/queue.o
                0x0000ff64                uxQueueSpacesAvailable
 .text.uxQueueMessagesWaitingFromISR
                0x0000ffac       0x3c ./FreeRTOS_Source/queue.o
                0x0000ffac                uxQueueMessagesWaitingFromISR
 .text.vQueueDelete
                0x0000ffe8       0x34 ./FreeRTOS_Source/queue.o
                0x0000ffe8                vQueueDelete
 .text.uxQueueGetQueueNumber
                0x0001001c       0x18 ./FreeRTOS_Source/queue.o
                0x0001001c                uxQueueGetQueueNumber
 .text.vQueueSetQueueNumber
                0x00010034       0x1c ./FreeRTOS_Source/queue.o
                0x00010034                vQueueSetQueueNumber
 .text.ucQueueGetQueueType
                0x00010050       0x1c ./FreeRTOS_Source/queue.o
                0x00010050                ucQueueGetQueueType
 .text.prvGetDisinheritPriorityAfterTimeout
                0x0001006c       0x34 ./FreeRTOS_Source/queue.o
 .text.prvCopyDataToQueue
                0x000100a0       0xf0 ./FreeRTOS_Source/queue.o
 .text.prvCopyDataFromQueue
                0x00010190       0x50 ./FreeRTOS_Source/queue.o
 .text.prvUnlockQueue
                0x000101e0       0xac ./FreeRTOS_Source/queue.o
 .text.prvIsQueueEmpty
                0x0001028c       0x34 ./FreeRTOS_Source/queue.o
 .text.xQueueIsQueueEmptyFromISR
                0x000102c0       0x4c ./FreeRTOS_Source/queue.o
                0x000102c0                xQueueIsQueueEmptyFromISR
 .text.prvIsQueueFull
                0x0001030c       0x38 ./FreeRTOS_Source/queue.o
 .text.xQueueIsQueueFullFromISR
                0x00010344       0x50 ./FreeRTOS_Source/queue.o
                0x00010344                xQueueIsQueueFullFromISR
 .text.vQueueWaitForMessageRestricted
                0x00010394       0x74 ./FreeRTOS_Source/queue.o
                0x00010394                vQueueWaitForMessageRestricted
 .text          0x00010408        0x0 ./FreeRTOS_Source/tasks.o
 .text.xTaskCreate
                0x00010408       0x94 ./FreeRTOS_Source/tasks.o
                0x00010408                xTaskCreate
 .text.prvInitialiseNewTask
                0x0001049c      0x148 ./FreeRTOS_Source/tasks.o
 .text.prvAddNewTaskToReadyList
                0x000105e4      0x13c ./FreeRTOS_Source/tasks.o
 .text.vTaskDelete
                0x00010720      0x16c ./FreeRTOS_Source/tasks.o
                0x00010720                vTaskDelete
 .text.vTaskDelayUntil
                0x0001088c      0x110 ./FreeRTOS_Source/tasks.o
                0x0001088c                vTaskDelayUntil
 .text.vTaskDelay
                0x0001099c       0x70 ./FreeRTOS_Source/tasks.o
                0x0001099c                vTaskDelay
 .text.eTaskGetState
                0x00010a0c       0xe4 ./FreeRTOS_Source/tasks.o
                0x00010a0c                eTaskGetState
 .text.uxTaskPriorityGet
                0x00010af0       0x38 ./FreeRTOS_Source/tasks.o
                0x00010af0                uxTaskPriorityGet
 .text.uxTaskPriorityGetFromISR
                0x00010b28       0x5c ./FreeRTOS_Source/tasks.o
                0x00010b28                uxTaskPriorityGetFromISR
 .text.vTaskPrioritySet
                0x00010b84      0x1b0 ./FreeRTOS_Source/tasks.o
                0x00010b84                vTaskPrioritySet
 .text.vTaskSuspend
                0x00010d34      0x168 ./FreeRTOS_Source/tasks.o
                0x00010d34                vTaskSuspend
 .text.prvTaskIsTaskSuspended
                0x00010e9c       0x68 ./FreeRTOS_Source/tasks.o
 .text.vTaskResume
                0x00010f04       0xdc ./FreeRTOS_Source/tasks.o
                0x00010f04                vTaskResume
 .text.xTaskResumeFromISR
                0x00010fe0      0x108 ./FreeRTOS_Source/tasks.o
                0x00010fe0                xTaskResumeFromISR
 .text.vTaskStartScheduler
                0x000110e8       0xb4 ./FreeRTOS_Source/tasks.o
                0x000110e8                vTaskStartScheduler
 .text.vTaskEndScheduler
                0x0001119c       0x34 ./FreeRTOS_Source/tasks.o
                0x0001119c                vTaskEndScheduler
 .text.vTaskSuspendAll
                0x000111d0       0x24 ./FreeRTOS_Source/tasks.o
                0x000111d0                vTaskSuspendAll
 .text.xTaskResumeAll
                0x000111f4      0x1a0 ./FreeRTOS_Source/tasks.o
                0x000111f4                xTaskResumeAll
 .text.xTaskGetTickCount
                0x00011394       0x20 ./FreeRTOS_Source/tasks.o
                0x00011394                xTaskGetTickCount
 .text.xTaskGetTickCountFromISR
                0x000113b4       0x28 ./FreeRTOS_Source/tasks.o
                0x000113b4                xTaskGetTickCountFromISR
 .text.uxTaskGetNumberOfTasks
                0x000113dc       0x18 ./FreeRTOS_Source/tasks.o
                0x000113dc                uxTaskGetNumberOfTasks
 .text.pcTaskGetName
                0x000113f4       0x4c ./FreeRTOS_Source/tasks.o
                0x000113f4                pcTaskGetName
 .text.uxTaskGetSystemState
                0x00011440      0x160 ./FreeRTOS_Source/tasks.o
                0x00011440                uxTaskGetSystemState
 .text.xTaskIncrementTick
                0x000115a0      0x204 ./FreeRTOS_Source/tasks.o
                0x000115a0                xTaskIncrementTick
 .text.vTaskSwitchContext
                0x000117a4      0x1a8 ./FreeRTOS_Source/tasks.o
                0x000117a4                vTaskSwitchContext
 .text.vTaskPlaceOnEventList
                0x0001194c       0x4c ./FreeRTOS_Source/tasks.o
                0x0001194c                vTaskPlaceOnEventList
 .text.vTaskPlaceOnUnorderedEventList
                0x00011998       0x84 ./FreeRTOS_Source/tasks.o
                0x00011998                vTaskPlaceOnUnorderedEventList
 .text.vTaskPlaceOnEventListRestricted
                0x00011a1c       0x58 ./FreeRTOS_Source/tasks.o
                0x00011a1c                vTaskPlaceOnEventListRestricted
 .text.xTaskRemoveFromEventList
                0x00011a74       0xf0 ./FreeRTOS_Source/tasks.o
                0x00011a74                xTaskRemoveFromEventList
 .text.vTaskRemoveFromUnorderedEventList
                0x00011b64       0xe0 ./FreeRTOS_Source/tasks.o
                0x00011b64                vTaskRemoveFromUnorderedEventList
 .text.vTaskSetTimeOutState
                0x00011c44       0x50 ./FreeRTOS_Source/tasks.o
                0x00011c44                vTaskSetTimeOutState
 .text.vTaskInternalSetTimeOutState
                0x00011c94       0x30 ./FreeRTOS_Source/tasks.o
                0x00011c94                vTaskInternalSetTimeOutState
 .text.xTaskCheckForTimeOut
                0x00011cc4       0xd4 ./FreeRTOS_Source/tasks.o
                0x00011cc4                xTaskCheckForTimeOut
 .text.vTaskMissedYield
                0x00011d98       0x18 ./FreeRTOS_Source/tasks.o
                0x00011d98                vTaskMissedYield
 .text.uxTaskGetTaskNumber
                0x00011db0       0x30 ./FreeRTOS_Source/tasks.o
                0x00011db0                uxTaskGetTaskNumber
 .text.vTaskSetTaskNumber
                0x00011de0       0x24 ./FreeRTOS_Source/tasks.o
                0x00011de0                vTaskSetTaskNumber
 .text.prvIdleTask
                0x00011e04       0x38 ./FreeRTOS_Source/tasks.o
 .text.prvInitialiseTaskLists
                0x00011e3c       0xa4 ./FreeRTOS_Source/tasks.o
 .text.prvCheckTasksWaitingTermination
                0x00011ee0       0x78 ./FreeRTOS_Source/tasks.o
 .text.vTaskGetInfo
                0x00011f58       0xe0 ./FreeRTOS_Source/tasks.o
                0x00011f58                vTaskGetInfo
 .text.prvListTasksWithinSingleList
                0x00012038       0xb8 ./FreeRTOS_Source/tasks.o
 .text.prvTaskCheckFreeStackSpace
                0x000120f0       0x40 ./FreeRTOS_Source/tasks.o
 .text.prvDeleteTCB
                0x00012130       0x20 ./FreeRTOS_Source/tasks.o
 .text.prvResetNextTaskUnblockTime
                0x00012150       0x50 ./FreeRTOS_Source/tasks.o
 .text.xTaskGetCurrentTaskHandle
                0x000121a0       0x20 ./FreeRTOS_Source/tasks.o
                0x000121a0                xTaskGetCurrentTaskHandle
 .text.xTaskGetSchedulerState
                0x000121c0       0x48 ./FreeRTOS_Source/tasks.o
                0x000121c0                xTaskGetSchedulerState
 .text.xTaskPriorityInherit
                0x00012208      0x16c ./FreeRTOS_Source/tasks.o
                0x00012208                xTaskPriorityInherit
 .text.xTaskPriorityDisinherit
                0x00012374      0x14c ./FreeRTOS_Source/tasks.o
                0x00012374                xTaskPriorityDisinherit
 .text.vTaskPriorityDisinheritAfterTimeout
                0x000124c0      0x17c ./FreeRTOS_Source/tasks.o
                0x000124c0                vTaskPriorityDisinheritAfterTimeout
 .text.prvWriteNameToBuffer
                0x0001263c       0x54 ./FreeRTOS_Source/tasks.o
 .text.vTaskList
                0x00012690      0x170 ./FreeRTOS_Source/tasks.o
                0x00012690                vTaskList
 .text.vTaskGetRunTimeStats
                0x00012800      0x138 ./FreeRTOS_Source/tasks.o
                0x00012800                vTaskGetRunTimeStats
 .text.uxTaskResetEventItemValue
                0x00012938       0x40 ./FreeRTOS_Source/tasks.o
                0x00012938                uxTaskResetEventItemValue
 .text.pvTaskIncrementMutexHeldCount
                0x00012978       0x38 ./FreeRTOS_Source/tasks.o
                0x00012978                pvTaskIncrementMutexHeldCount
 .text.ulTaskNotifyTake
                0x000129b0       0xc0 ./FreeRTOS_Source/tasks.o
                0x000129b0                ulTaskNotifyTake
 .text.xTaskNotifyWait
                0x00012a70       0xf0 ./FreeRTOS_Source/tasks.o
                0x00012a70                xTaskNotifyWait
 .text.xTaskGenericNotify
                0x00012b60      0x18c ./FreeRTOS_Source/tasks.o
                0x00012b60                xTaskGenericNotify
 .text.xTaskGenericNotifyFromISR
                0x00012cec      0x1d8 ./FreeRTOS_Source/tasks.o
                0x00012cec                xTaskGenericNotifyFromISR
 .text.vTaskNotifyGiveFromISR
                0x00012ec4      0x148 ./FreeRTOS_Source/tasks.o
                0x00012ec4                vTaskNotifyGiveFromISR
 .text.xTaskNotifyStateClear
                0x0001300c       0x58 ./FreeRTOS_Source/tasks.o
                0x0001300c                xTaskNotifyStateClear
 .text.prvAddCurrentTaskToDelayedList
                0x00013064      0x110 ./FreeRTOS_Source/tasks.o
 .text          0x00013174        0x0 ./FreeRTOS_Source/timers.o
 .text.xTimerCreateTimerTask
                0x00013174       0x74 ./FreeRTOS_Source/timers.o
                0x00013174                xTimerCreateTimerTask
 .text.xTimerCreate
                0x000131e8       0x40 ./FreeRTOS_Source/timers.o
                0x000131e8                xTimerCreate
 .text.prvInitialiseNewTimer
                0x00013228       0x64 ./FreeRTOS_Source/timers.o
 .text.xTimerGenericCommand
                0x0001328c       0xcc ./FreeRTOS_Source/timers.o
                0x0001328c                xTimerGenericCommand
 .text.xTimerGetTimerDaemonTaskHandle
                0x00013358       0x40 ./FreeRTOS_Source/timers.o
                0x00013358                xTimerGetTimerDaemonTaskHandle
 .text.xTimerGetPeriod
                0x00013398       0x38 ./FreeRTOS_Source/timers.o
                0x00013398                xTimerGetPeriod
 .text.xTimerGetExpiryTime
                0x000133d0       0x3c ./FreeRTOS_Source/timers.o
                0x000133d0                xTimerGetExpiryTime
 .text.pcTimerGetName
                0x0001340c       0x38 ./FreeRTOS_Source/timers.o
                0x0001340c                pcTimerGetName
 .text.prvProcessExpiredTimer
                0x00013444       0x8c ./FreeRTOS_Source/timers.o
 .text.prvTimerTask
                0x000134d0       0x28 ./FreeRTOS_Source/timers.o
 .text.prvProcessTimerOrBlockTask
                0x000134f8       0xb0 ./FreeRTOS_Source/timers.o
 .text.prvGetNextExpireTime
                0x000135a8       0x54 ./FreeRTOS_Source/timers.o
 .text.prvSampleTimeNow
                0x000135fc       0x50 ./FreeRTOS_Source/timers.o
 .text.prvInsertTimerInActiveList
                0x0001364c       0x98 ./FreeRTOS_Source/timers.o
 .text.prvProcessReceivedCommands
                0x000136e4      0x148 ./FreeRTOS_Source/timers.o
 .text.prvSwitchTimerLists
                0x0001382c       0xf4 ./FreeRTOS_Source/timers.o
 .text.prvCheckForValidListAndQueue
                0x00013920       0x74 ./FreeRTOS_Source/timers.o
 .text.xTimerIsTimerActive
                0x00013994       0x50 ./FreeRTOS_Source/timers.o
                0x00013994                xTimerIsTimerActive
 .text.pvTimerGetTimerID
                0x000139e4       0x40 ./FreeRTOS_Source/timers.o
                0x000139e4                pvTimerGetTimerID
 .text.vTimerSetTimerID
                0x00013a24       0x40 ./FreeRTOS_Source/timers.o
                0x00013a24                vTimerSetTimerID
 .text.uxTimerGetTimerNumber
                0x00013a64       0x18 ./FreeRTOS_Source/timers.o
                0x00013a64                uxTimerGetTimerNumber
 .text.vTimerSetTimerNumber
                0x00013a7c       0x1c ./FreeRTOS_Source/timers.o
                0x00013a7c                vTimerSetTimerNumber
 .text          0x00013a98        0x0 ./FreeRTOS_Source/portable/MemMang/heap_2.o
 .text.pvPortMalloc
                0x00013a98      0x16c ./FreeRTOS_Source/portable/MemMang/heap_2.o
                0x00013a98                pvPortMalloc
 .text.vPortFree
                0x00013c04       0x88 ./FreeRTOS_Source/portable/MemMang/heap_2.o
                0x00013c04                vPortFree
 .text.xPortGetFreeHeapSize
                0x00013c8c       0x18 ./FreeRTOS_Source/portable/MemMang/heap_2.o
                0x00013c8c                xPortGetFreeHeapSize
 .text.vPortInitialiseBlocks
                0x00013ca4        0xc ./FreeRTOS_Source/portable/MemMang/heap_2.o
                0x00013ca4                vPortInitialiseBlocks
 .text.prvHeapInit
                0x00013cb0       0x6c ./FreeRTOS_Source/portable/MemMang/heap_2.o
 .text          0x00013d1c        0x0 ./FreeRTOS_Source/portable/GCC/ARM_CM3/port.o
 .text.pxPortInitialiseStack
                0x00013d1c       0x68 ./FreeRTOS_Source/portable/GCC/ARM_CM3/port.o
                0x00013d1c                pxPortInitialiseStack
 .text.prvTaskExitError
                0x00013d84       0x54 ./FreeRTOS_Source/portable/GCC/ARM_CM3/port.o
 *fill*         0x00013dd8        0x8 00
 .text.SVC_Handler
                0x00013de0       0x30 ./FreeRTOS_Source/portable/GCC/ARM_CM3/port.o
                0x00013de0                SVC_Handler
 .text.prvPortStartFirstTask
                0x00013e10       0x20 ./FreeRTOS_Source/portable/GCC/ARM_CM3/port.o
 .text.xPortStartScheduler
                0x00013e30      0x134 ./FreeRTOS_Source/portable/GCC/ARM_CM3/port.o
                0x00013e30                xPortStartScheduler
 .text.vPortEndScheduler
                0x00013f64       0x34 ./FreeRTOS_Source/portable/GCC/ARM_CM3/port.o
                0x00013f64                vPortEndScheduler
 .text.vPortEnterCritical
                0x00013f98       0x70 ./FreeRTOS_Source/portable/GCC/ARM_CM3/port.o
                0x00013f98                vPortEnterCritical
 .text.vPortExitCritical
                0x00014008       0x64 ./FreeRTOS_Source/portable/GCC/ARM_CM3/port.o
                0x00014008                vPortExitCritical
 *fill*         0x0001406c        0x4 00
 .text.PendSV_Handler
                0x00014070       0x50 ./FreeRTOS_Source/portable/GCC/ARM_CM3/port.o
                0x00014070                PendSV_Handler
 .text.SysTick_Handler
                0x000140c0       0x44 ./FreeRTOS_Source/portable/GCC/ARM_CM3/port.o
                0x000140c0                SysTick_Handler
 .text.vPortSetupTimerInterrupt
                0x00014104       0x5c ./FreeRTOS_Source/portable/GCC/ARM_CM3/port.o
                0x00014104                vPortSetupTimerInterrupt
 .text.vPortValidateInterruptPriority
                0x00014160       0x84 ./FreeRTOS_Source/portable/GCC/ARM_CM3/port.o
                0x00014160                vPortValidateInterruptPriority
 .text          0x000141e4      0x370 c:/program files (x86)/microsemi/softconsole v3.4/sourcery-g++/bin/../lib/gcc/arm-none-eabi/4.4.1/thumb2\libgcc.a(_arm_addsubdf3.o)
                0x000141e4                __aeabi_drsub
                0x000141ec                __aeabi_dsub
                0x000141ec                __subdf3
                0x000141f0                __aeabi_dadd
                0x000141f0                __adddf3
                0x00014468                __floatunsidf
                0x00014468                __aeabi_ui2d
                0x00014488                __floatsidf
                0x00014488                __aeabi_i2d
                0x000144ac                __aeabi_f2d
                0x000144ac                __extendsfdf2
                0x000144e8                __floatundidf
                0x000144e8                __aeabi_ul2d
                0x000144f8                __floatdidf
                0x000144f8                __aeabi_l2d
 .text          0x00014554      0x424 c:/program files (x86)/microsemi/softconsole v3.4/sourcery-g++/bin/../lib/gcc/arm-none-eabi/4.4.1/thumb2\libgcc.a(_arm_muldivdf3.o)
                0x00014554                __aeabi_dmul
                0x00014554                __muldf3
                0x000147a8                __divdf3
                0x000147a8                __aeabi_ddiv
 .text          0x00014978       0xc4 c:/program files (x86)/microsemi/softconsole v3.4/sourcery-g++/bin/../lib/gcc/arm-none-eabi/4.4.1/../../../../arm-none-eabi/lib/thumb2\libc.a(lib_a-efgcvt.o)
                0x00014978                gcvt
                0x000149c8                gcvtf
                0x000149dc                ecvt
                0x000149f0                ecvtf
                0x00014a0c                fcvt
                0x00014a20                fcvtf
 .text          0x00014a3c        0xc c:/program files (x86)/microsemi/softconsole v3.4/sourcery-g++/bin/../lib/gcc/arm-none-eabi/4.4.1/../../../../arm-none-eabi/lib/thumb2\libc.a(lib_a-errno.o)
                0x00014a3c                __errno
 .text          0x00014a48        0x0 c:/program files (x86)/microsemi/softconsole v3.4/sourcery-g++/bin/../lib/gcc/arm-none-eabi/4.4.1/../../../../arm-none-eabi/lib/thumb2\libc.a(lib_a-impure.o)