Archive member included because of file (symbol)

c:/program files (x86)/microsemi/softconsole v3.4/sourcery-g++/bin/../lib/gcc/arm-none-eabi/4.4.1/thumb2\libgcc.a(_arm_addsubdf3.o)
                              ./sensor_task.o (__aeabi_dsub)
c:/program files (x86)/microsemi/softconsole v3.4/sourcery-g++/bin/../lib/gcc/arm-none-eabi/4.4.1/thumb2\libgcc.a(_arm_muldivdf3.o)
                              ./sensor_task.o (__aeabi_dmul)
c:/program files (x86)/microsemi/softconsole v3.4/sourcery-g++/bin/../lib/gcc/arm-none-eabi/4.4.1/thumb2\libgcc.a(_arm_truncdfsf2.o)
                              ./sensor_task.o (__aeabi_d2f)
c:/program files (x86)/microsemi/softconsole v3.4/sourcery-g++/bin/../lib/gcc/arm-none-eabi/4.4.1/thumb2\libgcc.a(_arm_addsubsf3.o)
                              ./sensor_task.o (__aeabi_fsub)
c:/program files (x86)/microsemi/softconsole v3.4/sourcery-g++/bin/../lib/gcc/arm-none-eabi/4.4.1/thumb2\libgcc.a(_arm_muldivsf3.o)
                              ./sensor_task.o (__aeabi_fmul)
c:/program files (x86)/microsemi/softconsole v3.4/sourcery-g++/bin/../lib/gcc/arm-none-eabi/4.4.1/../../../../arm-none-eabi/lib/thumb2\libc.a(lib_a-efgcvt.o)
                              ./main-full.o (gcvt)
c:/program files (x86)/microsemi/softconsole v3.4/sourcery-g++/bin/../lib/gcc/arm-none-eabi/4.4.1/../../../../arm-none-eabi/lib/thumb2\libc.a(lib_a-errno.o)
                              ./MicroSemi_Code/CMSIS/startup_gcc/newlib_stubs.o (__errno)
c:/program files (x86)/microsemi/softconsole v3.4/sourcery-g++/bin/../lib/gcc/arm-none-eabi/4.4.1/../../../../arm-none-eabi/lib/thumb2\libc.a(lib_a-impure.o)
                              c:/program files (x86)/microsemi/softconsole v3.4/sourcery-g++/bin/../lib/gcc/arm-none-eabi/4.4.1/../../../../arm-none-eabi/lib/thumb2\libc.a(lib_a-efgcvt.o) (_impure_ptr)
c:/program files (x86)/microsemi/softconsole v3.4/sourcery-g++/bin/../lib/gcc/arm-none-eabi/4.4.1/../../../../arm-none-eabi/lib/thumb2\libc.a(lib_a-init.o)
                              ./MicroSemi_Code/CMSIS/startup_gcc/startup_a2fxxxm3.o (__libc_init_array)
c:/program files (x86)/microsemi/softconsole v3.4/sourcery-g++/bin/../lib/gcc/arm-none-eabi/4.4.1/../../../../arm-none-eabi/lib/thumb2\libc.a(lib_a-memcpy.o)
                              ./FreeTCPIP/psock.o (memcpy)
c:/program files (x86)/microsemi/softconsole v3.4/sourcery-g++/bin/../lib/gcc/arm-none-eabi/4.4.1/../../../../arm-none-eabi/lib/thumb2\libc.a(lib_a-memset.o)
                              ./MicroSemi_Code/drivers/mss_i2c/mss_i2c.o (memset)
c:/program files (x86)/microsemi/softconsole v3.4/sourcery-g++/bin/../lib/gcc/arm-none-eabi/4.4.1/../../../../arm-none-eabi/lib/thumb2\libc.a(lib_a-snprintf.o)
                              ./WebServer/httpd-cgi.o (snprintf)
c:/program files (x86)/microsemi/softconsole v3.4/sourcery-g++/bin/../lib/gcc/arm-none-eabi/4.4.1/../../../../arm-none-eabi/lib/thumb2\libc.a(lib_a-sprintf.o)
                              ./WebServer/httpd-cgi.o (sprintf)
c:/program files (x86)/microsemi/softconsole v3.4/sourcery-g++/bin/../lib/gcc/arm-none-eabi/4.4.1/../../../../arm-none-eabi/lib/thumb2\libc.a(lib_a-strchr.o)
                              ./uIP_Task.o (strchr)
c:/program files (x86)/microsemi/softconsole v3.4/sourcery-g++/bin/../lib/gcc/arm-none-eabi/4.4.1/../../../../arm-none-eabi/lib/thumb2\libc.a(lib_a-strcpy.o)
                              ./FreeTCPIP/http_Common/httpd.o (strcpy)
c:/program files (x86)/microsemi/softconsole v3.4/sourcery-g++/bin/../lib/gcc/arm-none-eabi/4.4.1/../../../../arm-none-eabi/lib/thumb2\libc.a(lib_a-strlen.o)
                              ./WebServer/httpd-cgi.o (strlen)
c:/program files (x86)/microsemi/softconsole v3.4/sourcery-g++/bin/../lib/gcc/arm-none-eabi/4.4.1/../../../../arm-none-eabi/lib/thumb2\libc.a(lib_a-strncmp.o)
                              ./WebServer/httpd-cgi.o (strncmp)
c:/program files (x86)/microsemi/softconsole v3.4/sourcery-g++/bin/../lib/gcc/arm-none-eabi/4.4.1/../../../../arm-none-eabi/lib/thumb2\libc.a(lib_a-strncpy.o)
                              ./FreeTCPIP/http_Common/httpd.o (strncpy)
c:/program files (x86)/microsemi/softconsole v3.4/sourcery-g++/bin/../lib/gcc/arm-none-eabi/4.4.1/../../../../arm-none-eabi/lib/thumb2\libc.a(lib_a-strrchr.o)
                              ./FreeTCPIP/http_Common/httpd.o (strrchr)
c:/program files (x86)/microsemi/softconsole v3.4/sourcery-g++/bin/../lib/gcc/arm-none-eabi/4.4.1/../../../../arm-none-eabi/lib/thumb2\libc.a(lib_a-strstr.o)
                              ./uIP_Task.o (strstr)
c:/program files (x86)/microsemi/softconsole v3.4/sourcery-g++/bin/../lib/gcc/arm-none-eabi/4.4.1/../../../../arm-none-eabi/lib/thumb2\libc.a(lib_a-svfprintf.o)
                              c:/program files (x86)/microsemi/softconsole v3.4/sourcery-g++/bin/../lib/gcc/arm-none-eabi/4.4.1/../../../../arm-none-eabi/lib/thumb2\libc.a(lib_a-snprintf.o) (_svfprintf_r)
[...]
Memory Configuration

Name             Origin             Length             Attributes
rom              0x60000000         0x00040000         xr
romMirror        0x00000000         0x00040000         xr
ram              0x20000000         0x00010000         xrw
*default*        0x00000000         0xffffffff

Linker script and memory map

LOAD c:/program files (x86)/microsemi/softconsole v3.4/sourcery-g++/bin/../lib/gcc/arm-none-eabi/4.4.1/thumb2/crti.o
LOAD c:/program files (x86)/microsemi/softconsole v3.4/sourcery-g++/bin/../lib/gcc/arm-none-eabi/4.4.1/thumb2/crtbegin.o
LOAD ./ParTest.o
LOAD ./main-full.o
LOAD ./sensor_task.o
LOAD ./uIP_Task.o
LOAD ./uart_task.o
LOAD ./WebServer/httpd-cgi.o
LOAD ./MicroSemi_Code/hal/CortexM3/cortex_nvic.o
LOAD ./MicroSemi_Code/hal/CortexM3/GNU/hal.o
LOAD ./MicroSemi_Code/hal/CortexM3/GNU/hal_assert.o
LOAD ./MicroSemi_Code/hal/CortexM3/GNU/hw_reg_access.o
LOAD ./MicroSemi_Code/drivers_config/mss_ace/ace_config.o
LOAD ./MicroSemi_Code/drivers/mss_uart/mss_uart.o
LOAD ./MicroSemi_Code/drivers/mss_i2c/mss_i2c.o
LOAD ./MicroSemi_Code/drivers/mss_gpio/mss_gpio.o
LOAD ./MicroSemi_Code/drivers/mss_ethernet_mac/crc32.o
LOAD ./MicroSemi_Code/drivers/mss_ethernet_mac/mss_ethernet_mac.o
LOAD ./MicroSemi_Code/drivers/mss_ethernet_mac/phy.o
LOAD ./MicroSemi_Code/drivers/mss_ace/ace_convert.o
LOAD ./MicroSemi_Code/drivers/mss_ace/ace_flags.o
LOAD ./MicroSemi_Code/drivers/mss_ace/ace_sse.o
LOAD ./MicroSemi_Code/drivers/mss_ace/ace_transform.o
LOAD ./MicroSemi_Code/drivers/mss_ace/mss_ace.o
LOAD ./MicroSemi_Code/CMSIS/brownout_isr.o
LOAD ./MicroSemi_Code/CMSIS/core_cm3.o
LOAD ./MicroSemi_Code/CMSIS/system_a2fxxxm3.o
LOAD ./MicroSemi_Code/CMSIS/startup_gcc/newlib_stubs.o
LOAD ./MicroSemi_Code/CMSIS/startup_gcc/startup_a2fxxxm3.o
LOAD ./Helpers/uart_helper.o
LOAD ./FreeTCPIP/psock.o
LOAD ./FreeTCPIP/timer.o
LOAD ./FreeTCPIP/uip.o
LOAD ./FreeTCPIP/uip_arp.o
LOAD ./FreeTCPIP/http_Common/http-strings.o
LOAD ./FreeTCPIP/http_Common/httpd-fs.o
LOAD ./FreeTCPIP/http_Common/httpd.o
LOAD ./FreeRTOS_Source/list.o
LOAD ./FreeRTOS_Source/queue.o
LOAD ./FreeRTOS_Source/tasks.o
LOAD ./FreeRTOS_Source/timers.o
LOAD ./FreeRTOS_Source/portable/MemMang/heap_2.o
LOAD ./FreeRTOS_Source/portable/GCC/ARM_CM3/port.o
START GROUP
LOAD c:/program files (x86)/microsemi/softconsole v3.4/sourcery-g++/bin/../lib/gcc/arm-none-eabi/4.4.1/thumb2\libgcc.a
LOAD c:/program files (x86)/microsemi/softconsole v3.4/sourcery-g++/bin/../lib/gcc/arm-none-eabi/4.4.1/../../../../arm-none-eabi/lib/thumb2\libc.a
LOAD c:/program files (x86)/microsemi/softconsole v3.4/sourcery-g++/bin/../lib/gcc/arm-none-eabi/4.4.1/thumb2\libgcc.a
END GROUP
LOAD c:/program files (x86)/microsemi/softconsole v3.4/sourcery-g++/bin/../lib/gcc/arm-none-eabi/4.4.1/thumb2/crtend.o
LOAD c:/program files (x86)/microsemi/softconsole v3.4/sourcery-g++/bin/../lib/gcc/arm-none-eabi/4.4.1/thumb2/crtn.o
START GROUP
LOAD c:/program files (x86)/microsemi/softconsole v3.4/sourcery-g++/bin/../lib/gcc/arm-none-eabi/4.4.1/../../../../arm-none-eabi/lib/thumb2\libc.a
LOAD c:/program files (x86)/microsemi/softconsole v3.4/sourcery-g++/bin/../lib/gcc/arm-none-eabi/4.4.1/thumb2\libgcc.a
LOAD c:/program files (x86)/microsemi/softconsole v3.4/sourcery-g++/bin/../lib/gcc/arm-none-eabi/4.4.1/../../../../arm-none-eabi/lib/thumb2\libm.a
END GROUP
                0x00000000                __DYNAMIC = 0x0
                0x20000000                RAM_START_ADDRESS = 0x20000000
                0x00010000                RAM_SIZE = 0x10000
                0x00002000                MAIN_STACK_SIZE = 0x2000
                0x00001000                PROCESS_STACK_SIZE = 0x1000
                0x20010000                PROVIDE (__main_stack_start, (RAM_START_ADDRESS + RAM_SIZE))
                0x2000e000                PROVIDE (__process_stack_start, (__main_stack_start - MAIN_STACK_SIZE))
                0x20010000                PROVIDE (_estack, __main_stack_start)
                0x00000001                PROVIDE (__mirrored_nvm, 0x1)

.init           0x00000000      0x470 load address 0x60000000
                0x00000000                __vector_table_vma_base_address = .
 *(.isr_vector)
 .isr_vector    0x00000000      0x470 ./MicroSemi_Code/CMSIS/startup_gcc/startup_a2fxxxm3.o
                0x00000000                g_pfnVectors
                0x00000298                Reset_Handler
                0x00000308                NMI_Handler
                0x0000030a                HardFault_Handler
                0x0000030c                MemManage_Handler
                0x0000030e                BusFault_Handler
                0x00000310                UsageFault_Handler
                0x00000314                DebugMon_Handler
                0x0000031a                WdogWakeup_IRQHandler
                0x0000031e                BrownOut_3_3V_IRQHandler
                0x00000320                RTC_Match_IRQHandler
                0x00000322                RTCIF_Pub_IRQHandler
                0x00000326                IAP_IRQHandler
                0x00000328                ENVM0_IRQHandler
                0x0000032a                ENVM1_IRQHandler
                0x0000032c                DMA_IRQHandler
                0x00000332                SPI0_IRQHandler
                0x00000334                SPI1_IRQHandler
                0x00000338                I2C0_SMBAlert_IRQHandler
                0x0000033a                I2C0_SMBus_IRQHandler
                0x0000033e                I2C1_SMBAlert_IRQHandler
                0x00000340                I2C1_SMBus_IRQHandler
                0x00000342                Timer1_IRQHandler
                0x00000344                Timer2_IRQHandler
                0x00000346                PLL_Lock_IRQHandler
                0x00000348                PLL_LockLost_IRQHandler
                0x0000034a                CommError_IRQHandler
                0x0000034c                Fabric_IRQHandler
                0x0000034e                GPIO0_IRQHandler
                0x00000350                GPIO1_IRQHandler
                0x00000352                GPIO2_IRQHandler
                0x00000354                GPIO3_IRQHandler
                0x00000356                GPIO4_IRQHandler
                0x00000358                GPIO5_IRQHandler
                0x0000035a                GPIO6_IRQHandler
                0x0000035c                GPIO7_IRQHandler
                0x00000360                GPIO9_IRQHandler
                0x00000362                GPIO10_IRQHandler
                0x00000364                GPIO11_IRQHandler
                0x00000366                GPIO12_IRQHandler
                0x00000368                GPIO13_IRQHandler
                0x0000036a                GPIO14_IRQHandler
                0x0000036c                GPIO15_IRQHandler
                0x0000036e                GPIO16_IRQHandler
                0x00000370                GPIO17_IRQHandler
                0x00000372                GPIO18_IRQHandler
                0x00000374                GPIO19_IRQHandler
                0x00000376                GPIO20_IRQHandler
                0x00000378                GPIO21_IRQHandler
                0x0000037a                GPIO22_IRQHandler
                0x0000037c                GPIO23_IRQHandler
                0x0000037e                GPIO24_IRQHandler
                0x00000380                GPIO25_IRQHandler
                0x00000382                GPIO26_IRQHandler
                0x00000384                GPIO27_IRQHandler
                0x00000386                GPIO28_IRQHandler
                0x00000388                GPIO29_IRQHandler
                0x0000038a                GPIO30_IRQHandler
                0x0000038c                GPIO31_IRQHandler
                0x0000038e                ACE_PC0_Flag0_IRQHandler
                0x00000390                ACE_PC0_Flag1_IRQHandler
                0x00000392                ACE_PC0_Flag2_IRQHandler
                0x00000394                ACE_PC0_Flag3_IRQHandler
                0x00000396                ACE_PC1_Flag0_IRQHandler
                0x00000398                ACE_PC1_Flag1_IRQHandler
                0x0000039a                ACE_PC1_Flag2_IRQHandler
                0x0000039c                ACE_PC1_Flag3_IRQHandler
                0x0000039e                ACE_PC2_Flag0_IRQHandler
                0x000003a0                ACE_PC2_Flag1_IRQHandler
                0x000003a2                ACE_PC2_Flag2_IRQHandler
                0x000003a4                ACE_PC2_Flag3_IRQHandler
                0x000003a6                ACE_ADC0_DataValid_IRQHandler
                0x000003a8                ACE_ADC1_DataValid_IRQHandler
                0x000003aa                ACE_ADC2_DataValid_IRQHandler
                0x000003ac                ACE_ADC0_CalDone_IRQHandler
                0x000003ae                ACE_ADC1_CalDone_IRQHandler
                0x000003b0                ACE_ADC2_CalDone_IRQHandler
                0x000003b2                ACE_ADC0_CalStart_IRQHandler
                0x000003b4                ACE_ADC1_CalStart_IRQHandler
                0x000003b6                ACE_ADC2_CalStart_IRQHandler
                0x000003b8                ACE_Comp0_Fall_IRQHandler
                0x000003ba                ACE_Comp1_Fall_IRQHandler
                0x000003bc                ACE_Comp2_Fall_IRQHandler
                0x000003be                ACE_Comp3_Fall_IRQHandler
                0x000003c0                ACE_Comp4_Fall_IRQHandler
                0x000003c2                ACE_Comp5_Fall_IRQHandler
                0x000003c4                ACE_Comp6_Fall_IRQHandler
                0x000003c6                ACE_Comp7_Fall_IRQHandler
                0x000003c8                ACE_Comp8_Fall_IRQHandler
                0x000003ca                ACE_Comp9_Fall_IRQHandler
                0x000003cc                ACE_Comp10_Fall_IRQHandler
                0x000003ce                ACE_Comp11_Fall_IRQHandler
                0x000003d0                ACE_Comp0_Rise_IRQHandler
                0x000003d2                ACE_Comp1_Rise_IRQHandler
                0x000003d4                ACE_Comp2_Rise_IRQHandler
                0x000003d6                ACE_Comp3_Rise_IRQHandler
                0x000003d8                ACE_Comp4_Rise_IRQHandler
                0x000003da                ACE_Comp5_Rise_IRQHandler
                0x000003dc                ACE_Comp6_Rise_IRQHandler
                0x000003de                ACE_Comp7_Rise_IRQHandler
                0x000003e0                ACE_Comp8_Rise_IRQHandler
                0x000003e2                ACE_Comp9_Rise_IRQHandler
                0x000003e4                ACE_Comp10_Rise_IRQHandler
                0x000003e6                ACE_Comp11_Rise_IRQHandler
                0x000003e8                ACE_ADC0_FifoFull_IRQHandler
                0x000003ea                ACE_ADC0_FifoAFull_IRQHandler
                0x000003ec                ACE_ADC0_FifoEmpty_IRQHandler
                0x000003ee                ACE_ADC1_FifoFull_IRQHandler
                0x000003f0                ACE_ADC1_FifoAFull_IRQHandler
                0x000003f2                ACE_ADC1_FifoEmpty_IRQHandler
                0x000003f4                ACE_ADC2_FifoFull_IRQHandler
                0x000003f6                ACE_ADC2_FifoAFull_IRQHandler
                0x000003f8                ACE_ADC2_FifoEmpty_IRQHandler
                0x00000470                . = ALIGN (0x4)

.text           0x00000470    0x2f728 load address 0x60000470
 CREATE_OBJECT_SYMBOLS
                0x60000470                __text_load = LOADADDR (.text)
                0x00000470                __text_start = .
 *(.text .text.* .gnu.linkonce.t.*)
 .text          0x00000470        0x0 c:/program files (x86)/microsemi/softconsole v3.4/sourcery-g++/bin/../lib/gcc/arm-none-eabi/4.4.1/thumb2/crti.o
 .text          0x00000470       0x30 c:/program files (x86)/microsemi/softconsole v3.4/sourcery-g++/bin/../lib/gcc/arm-none-eabi/4.4.1/thumb2/crtbegin.o
 .text          0x000004a0        0x0 ./ParTest.o
 .text.MSS_GPIO_set_outputs
                0x000004a0       0x20 ./ParTest.o
 .text.vParTestInitialise
                0x000004c0       0x54 ./ParTest.o
                0x000004c0                vParTestInitialise
 .text.vParTestSetLED
                0x00000514       0x80 ./ParTest.o
                0x00000514                vParTestSetLED
 .text.vParTestSetLEDFromISR
                0x00000594       0xa0 ./ParTest.o
                0x00000594                vParTestSetLEDFromISR
 .text.vParTestToggleLED
                0x00000634       0x94 ./ParTest.o
                0x00000634                vParTestToggleLED
 .text.lParTestGetLEDState
                0x000006c8       0x48 ./ParTest.o
                0x000006c8                lParTestGetLEDState
 .text          0x00000710        0x0 ./main-full.o
 .text.NVIC_EnableIRQ
                0x00000710       0x38 ./main-full.o
 .text.NVIC_DisableIRQ
                0x00000748       0x3c ./main-full.o
 .text.NVIC_ClearPendingIRQ
                0x00000784       0x3c ./main-full.o
 .text.NVIC_SetPriority
                0x000007c0       0x5c ./main-full.o
 .text.MSS_TIM64_init
                0x0000081c       0xa4 ./main-full.o
 .text.MSS_TIM64_start
                0x000008c0       0x1c ./main-full.o
 .text.MSS_TIM64_load_immediate
                0x000008dc       0x2c ./main-full.o
 .text.main     0x00000908      0x108 ./main-full.o
                0x00000908                main
 .text.prvCheckTimerCallback
                0x00000a10       0x40 ./main-full.o
 .text.GPIO8_IRQHandler
                0x00000a50       0x38 ./main-full.o
                0x00000a50                GPIO8_IRQHandler
 .text.prvQueueSendTask
                0x00000a88       0x6c ./main-full.o
 .text.prvQueueReceiveTask
                0x00000af4       0x38 ./main-full.o
 .text.prvSetupHardware
                0x00000b2c       0x50 ./main-full.o
 .text.vApplicationMallocFailedHook
                0x00000b7c        0x8 ./main-full.o
                0x00000b7c                vApplicationMallocFailedHook
 .text.vApplicationStackOverflowHook
                0x00000b84       0x20 ./main-full.o
                0x00000b84                vApplicationStackOverflowHook
 .text.vApplicationIdleHook
                0x00000ba4       0x18 ./main-full.o
                0x00000ba4                vApplicationIdleHook
 .text.pcGetTaskStatusMessage
                0x00000bbc       0x30 ./main-full.o
                0x00000bbc                pcGetTaskStatusMessage
 .text.vMainConfigureTimerForRunTimeStats
                0x00000bec       0x28 ./main-full.o
                0x00000bec                vMainConfigureTimerForRunTimeStats
 .text.ulGetRunTimeCounterValue
                0x00000c14       0x10 ./main-full.o
                0x00000c14                ulGetRunTimeCounterValue
 *fill*         0x00000c24        0x4 00
 .text.uart_task
                0x00000c28       0xf8 ./main-full.o
                0x00000c28                uart_task
 .text          0x00000d20        0x0 ./sensor_task.o
 .text.convert_lm35_result_to_temp
                0x00000d20       0x50 ./sensor_task.o
                0x00000d20                convert_lm35_result_to_temp
 .text.get_internal_temp
                0x00000d70       0x4c ./sensor_task.o
                0x00000d70                get_internal_temp
 .text.get_pot_voltage
                0x00000dbc       0x4c ./sensor_task.o
                0x00000dbc                get_pot_voltage
 .text.get_external_temp
                0x00000e08       0x34 ./sensor_task.o
                0x00000e08                get_external_temp
 .text.get_avg_external_temp
                0x00000e3c       0x50 ./sensor_task.o
                0x00000e3c                get_avg_external_temp
 *fill*         0x00000e8c        0x4 00
 .text.get_humidity
                0x00000e90       0x98 ./sensor_task.o
                0x00000e90                get_humidity
 .text.get_uv_index
                0x00000f28       0x98 ./sensor_task.o
                0x00000f28                get_uv_index
 .text.calc_lux_from_voltage
                0x00000fc0       0xa8 ./sensor_task.o
                0x00000fc0                calc_lux_from_voltage
 .text.get_avg_external_lux_volts
                0x00001068       0x50 ./sensor_task.o
                0x00001068                get_avg_external_lux_volts
 .text.get_avg_lux
                0x000010b8       0x18 ./sensor_task.o
                0x000010b8                get_avg_lux
 .text.get_lux_voltage
                0x000010d0       0x80 ./sensor_task.o
                0x000010d0                get_lux_voltage
 .text          0x00001150        0x0 ./uIP_Task.o
 .text.NVIC_EnableIRQ
                0x00001150       0x38 ./uIP_Task.o
 .text.NVIC_SetPriority
                0x00001188       0x5c ./uIP_Task.o
 .text.clock_time
                0x000011e4       0x10 ./uIP_Task.o
                0x000011e4                clock_time
 .text.vuIP_Task
                0x000011f4      0x198 ./uIP_Task.o
                0x000011f4                vuIP_Task
 .text.prvSetMACAddress
                0x0000138c       0x7c ./uIP_Task.o
 .text.prvInitialise_uIP
                0x00001408      0x180 ./uIP_Task.o
 .text.prvEMACEventListener
                0x00001588       0x94 ./uIP_Task.o
 .text.prvInitEmac
                0x0000161c       0x3c ./uIP_Task.o
 .text.vEMACWrite
                0x00001658       0x54 ./uIP_Task.o
                0x00001658                vEMACWrite
 .text.prvUIPTimerCallback
                0x000016ac       0x64 ./uIP_Task.o
 .text.vApplicationProcessFormInput
                0x00001710       0x9c ./uIP_Task.o
                0x00001710                vApplicationProcessFormInput
 .text          0x000017ac        0x0 ./uart_task.o
 .text          0x000017ac        0x0 ./WebServer/httpd-cgi.o
 .text.nullfunction
                0x000017ac       0x30 ./WebServer/httpd-cgi.o
 .text.httpd_cgi
                0x000017dc       0x64 ./WebServer/httpd-cgi.o
                0x000017dc                httpd_cgi
 .text.generate_tcp_stats
                0x00001840      0x120 ./WebServer/httpd-cgi.o
 .text.tcp_stats
                0x00001960       0xb4 ./WebServer/httpd-cgi.o
 .text.generate_net_stats
                0x00001a14       0x4c ./WebServer/httpd-cgi.o
 .text.net_stats
                0x00001a60       0x8c ./WebServer/httpd-cgi.o
 .text.generate_io_state
                0x00001aec       0x80 ./WebServer/httpd-cgi.o
 .text.led_io   0x00001b6c       0x68 ./WebServer/httpd-cgi.o
 .text.sensor_readings
                0x00001bd4       0xe0 ./WebServer/httpd-cgi.o
 .text          0x00001cb4        0x0 ./MicroSemi_Code/hal/CortexM3/cortex_nvic.o
 .text.NVIC_init
                0x00001cb4        0xc ./MicroSemi_Code/hal/CortexM3/cortex_nvic.o
                0x00001cb4                NVIC_init
 .text.NVIC_set_handler
                0x00001cc0       0x18 ./MicroSemi_Code/hal/CortexM3/cortex_nvic.o
                0x00001cc0                NVIC_set_handler
 .text.NVIC_set_priority
                0x00001cd8       0x18 ./MicroSemi_Code/hal/CortexM3/cortex_nvic.o
                0x00001cd8                NVIC_set_priority
 .text.NVIC_enable_interrupt
                0x00001cf0       0x14 ./MicroSemi_Code/hal/CortexM3/cortex_nvic.o
                0x00001cf0                NVIC_enable_interrupt
 .text.NVIC_disable_interrupt
                0x00001d04       0x14 ./MicroSemi_Code/hal/CortexM3/cortex_nvic.o
                0x00001d04                NVIC_disable_interrupt
 .text.NVIC_clear_interrupt
                0x00001d18       0x14 ./MicroSemi_Code/hal/CortexM3/cortex_nvic.o
                0x00001d18                NVIC_clear_interrupt
 .text          0x00001d2c        0xe ./MicroSemi_Code/hal/CortexM3/GNU/hal.o
                0x00001d2c                HAL_disable_interrupts
                0x00001d34                HAL_restore_interrupts
 .text          0x00001d3a        0x0 ./MicroSemi_Code/hal/CortexM3/GNU/hal_assert.o
 *fill*         0x00001d3a        0x2 00
 .text.HAL_assert_fail
                0x00001d3c       0x28 ./MicroSemi_Code/hal/CortexM3/GNU/hal_assert.o
                0x00001d3c                HAL_assert_fail
 .text          0x00001d64       0x90 ./MicroSemi_Code/hal/CortexM3/GNU/hw_reg_access.o
                0x00001d64                HW_set_32bit_reg
                0x00001d68                HW_get_32bit_reg
                0x00001d6c                HW_set_32bit_reg_field
                0x00001d88                HW_get_32bit_reg_field
                0x00001d94                HW_set_16bit_reg
                0x00001d98                HW_get_16bit_reg
                0x00001d9c                HW_set_16bit_reg_field
                0x00001db8                HW_get_16bit_reg_field
                0x00001dc4                HW_set_8bit_reg
                0x00001dc8                HW_get_8bit_reg
                0x00001dcc                HW_set_8bit_reg_field
                0x00001de8                HW_get_8bit_reg_field
 .text          0x00001df4        0x0 ./MicroSemi_Code/drivers_config/mss_ace/ace_config.o
 .text          0x00001df4        0x0 ./MicroSemi_Code/drivers/mss_uart/mss_uart.o
 .text.NVIC_EnableIRQ
                0x00001df4       0x38 ./MicroSemi_Code/drivers/mss_uart/mss_uart.o
 .text.NVIC_DisableIRQ
                0x00001e2c       0x3c ./MicroSemi_Code/drivers/mss_uart/mss_uart.o
 .text.NVIC_ClearPendingIRQ
                0x00001e68       0x3c ./MicroSemi_Code/drivers/mss_uart/mss_uart.o
 .text.MSS_UART_init
                0x00001ea4      0x204 ./MicroSemi_Code/drivers/mss_uart/mss_uart.o
                0x00001ea4                MSS_UART_init
 .text.MSS_UART_polled_tx
                0x000020a8       0xe4 ./MicroSemi_Code/drivers/mss_uart/mss_uart.o
                0x000020a8                MSS_UART_polled_tx
 .text.MSS_UART_polled_tx_string
                0x0000218c       0xd0 ./MicroSemi_Code/drivers/mss_uart/mss_uart.o
                0x0000218c                MSS_UART_polled_tx_string
 .text.MSS_UART_irq_tx
                0x0000225c       0xb0 ./MicroSemi_Code/drivers/mss_uart/mss_uart.o
                0x0000225c                MSS_UART_irq_tx
 .text.MSS_UART_tx_complete
                0x0000230c       0x90 ./MicroSemi_Code/drivers/mss_uart/mss_uart.o
                0x0000230c                MSS_UART_tx_complete
 .text.MSS_UART_get_rx
                0x0000239c       0xdc ./MicroSemi_Code/drivers/mss_uart/mss_uart.o
                0x0000239c                MSS_UART_get_rx
 .text.MSS_UART_enable_irq
                0x00002478       0x7c ./MicroSemi_Code/drivers/mss_uart/mss_uart.o
                0x00002478                MSS_UART_enable_irq
 .text.MSS_UART_disable_irq
                0x000024f4       0x88 ./MicroSemi_Code/drivers/mss_uart/mss_uart.o
                0x000024f4                MSS_UART_disable_irq
 .text.MSS_UART_isr
                0x0000257c      0x11c ./MicroSemi_Code/drivers/mss_uart/mss_uart.o
 .text.default_tx_handler
                0x00002698      0x108 ./MicroSemi_Code/drivers/mss_uart/mss_uart.o
 .text.MSS_UART_set_rx_handler
                0x000027a0       0xa8 ./MicroSemi_Code/drivers/mss_uart/mss_uart.o
                0x000027a0                MSS_UART_set_rx_handler
 .text.MSS_UART_set_loopback
                0x00002848       0x70 ./MicroSemi_Code/drivers/mss_uart/mss_uart.o
                0x00002848                MSS_UART_set_loopback
 .text.UART0_IRQHandler
                0x000028b8       0x2c ./MicroSemi_Code/drivers/mss_uart/mss_uart.o
                0x000028b8                UART0_IRQHandler
 .text.UART1_IRQHandler
                0x000028e4       0x2c ./MicroSemi_Code/drivers/mss_uart/mss_uart.o
                0x000028e4                UART1_IRQHandler
 .text.MSS_UART_set_rxstatus_handler
                0x00002910       0x84 ./MicroSemi_Code/drivers/mss_uart/mss_uart.o
                0x00002910                MSS_UART_set_rxstatus_handler
 .text.MSS_UART_set_tx_handler
                0x00002994       0x94 ./MicroSemi_Code/drivers/mss_uart/mss_uart.o
                0x00002994                MSS_UART_set_tx_handler
 .text.MSS_UART_set_modemstatus_handler
                0x00002a28       0x84 ./MicroSemi_Code/drivers/mss_uart/mss_uart.o
                0x00002a28                MSS_UART_set_modemstatus_handler
 .text.MSS_UART_fill_tx_fifo
                0x00002aac       0xd4 ./MicroSemi_Code/drivers/mss_uart/mss_uart.o
                0x00002aac                MSS_UART_fill_tx_fifo
 .text.MSS_UART_get_rx_status
                0x00002b80       0x80 ./MicroSemi_Code/drivers/mss_uart/mss_uart.o
                0x00002b80                MSS_UART_get_rx_status
 .text.MSS_UART_get_modem_status
                0x00002c00       0x60 ./MicroSemi_Code/drivers/mss_uart/mss_uart.o
                0x00002c00                MSS_UART_get_modem_status
 .text.MSS_UART_get_tx_status
                0x00002c60       0x78 ./MicroSemi_Code/drivers/mss_uart/mss_uart.o
                0x00002c60                MSS_UART_get_tx_status
 .text          0x00002cd8        0x0 ./MicroSemi_Code/drivers/mss_i2c/mss_i2c.o
 .text.NVIC_EnableIRQ
                0x00002cd8       0x38 ./MicroSemi_Code/drivers/mss_i2c/mss_i2c.o
 .text.NVIC_DisableIRQ
                0x00002d10       0x3c ./MicroSemi_Code/drivers/mss_i2c/mss_i2c.o
 .text.NVIC_ClearPendingIRQ
                0x00002d4c       0x3c ./MicroSemi_Code/drivers/mss_i2c/mss_i2c.o
 .text.MSS_I2C_init
                0x00002d88      0x16c ./MicroSemi_Code/drivers/mss_i2c/mss_i2c.o
                0x00002d88                MSS_I2C_init
 .text.MSS_I2C_write
                0x00002ef4       0xf4 ./MicroSemi_Code/drivers/mss_i2c/mss_i2c.o
                0x00002ef4                MSS_I2C_write
 .text.MSS_I2C_read
                0x00002fe8       0xf4 ./MicroSemi_Code/drivers/mss_i2c/mss_i2c.o
                0x00002fe8                MSS_I2C_read
 .text.MSS_I2C_write_read
                0x000030dc      0x134 ./MicroSemi_Code/drivers/mss_i2c/mss_i2c.o
                0x000030dc                MSS_I2C_write_read
 .text.MSS_I2C_get_status
                0x00003210       0x3c ./MicroSemi_Code/drivers/mss_i2c/mss_i2c.o
                0x00003210                MSS_I2C_get_status
 .text.MSS_I2C_wait_complete
                0x0000324c       0x4c ./MicroSemi_Code/drivers/mss_i2c/mss_i2c.o
                0x0000324c                MSS_I2C_wait_complete
 .text.MSS_I2C_system_tick
                0x00003298       0x5c ./MicroSemi_Code/drivers/mss_i2c/mss_i2c.o
                0x00003298                MSS_I2C_system_tick
 .text.MSS_I2C_set_slave_tx_buffer
                0x000032f4       0x58 ./MicroSemi_Code/drivers/mss_i2c/mss_i2c.o
                0x000032f4                MSS_I2C_set_slave_tx_buffer
 .text.MSS_I2C_set_slave_rx_buffer
                0x0000334c       0x58 ./MicroSemi_Code/drivers/mss_i2c/mss_i2c.o
                0x0000334c                MSS_I2C_set_slave_rx_buffer
 .text.MSS_I2C_set_slave_mem_offset_length
                0x000033a4       0x54 ./MicroSemi_Code/drivers/mss_i2c/mss_i2c.o
                0x000033a4                MSS_I2C_set_slave_mem_offset_length
 .text.MSS_I2C_register_write_handler
                0x000033f8       0x38 ./MicroSemi_Code/drivers/mss_i2c/mss_i2c.o
                0x000033f8                MSS_I2C_register_write_handler
 .text.MSS_I2C_enable_slave
                0x00003430       0x5c ./MicroSemi_Code/drivers/mss_i2c/mss_i2c.o
                0x00003430                MSS_I2C_enable_slave
 .text.MSS_I2C_disable_slave
                0x0000348c       0x50 ./MicroSemi_Code/drivers/mss_i2c/mss_i2c.o
                0x0000348c                MSS_I2C_disable_slave
 .text.enable_slave_if_required
                0x000034dc       0x28 ./MicroSemi_Code/drivers/mss_i2c/mss_i2c.o
 .text.mss_i2c_isr
                0x00003504      0x8f4 ./MicroSemi_Code/drivers/mss_i2c/mss_i2c.o
 .text.MSS_I2C_smbus_init
                0x00003df8       0x28 ./MicroSemi_Code/drivers/mss_i2c/mss_i2c.o
                0x00003df8                MSS_I2C_smbus_init
 .text.MSS_I2C_enable_smbus_irq
                0x00003e20       0xe4 ./MicroSemi_Code/drivers/mss_i2c/mss_i2c.o
                0x00003e20                MSS_I2C_enable_smbus_irq
 .text.MSS_I2C_disable_smbus_irq
                0x00003f04       0xc4 ./MicroSemi_Code/drivers/mss_i2c/mss_i2c.o
                0x00003f04                MSS_I2C_disable_smbus_irq
 .text.MSS_I2C_suspend_smbus_slave
                0x00003fc8       0x20 ./MicroSemi_Code/drivers/mss_i2c/mss_i2c.o
                0x00003fc8                MSS_I2C_suspend_smbus_slave
 .text.MSS_I2C_resume_smbus_slave
                0x00003fe8       0x20 ./MicroSemi_Code/drivers/mss_i2c/mss_i2c.o
                0x00003fe8                MSS_I2C_resume_smbus_slave
 .text.MSS_I2C_reset_smbus
                0x00004008       0x20 ./MicroSemi_Code/drivers/mss_i2c/mss_i2c.o
                0x00004008                MSS_I2C_reset_smbus
 .text.MSS_I2C_set_smbus_alert
                0x00004028       0x20 ./MicroSemi_Code/drivers/mss_i2c/mss_i2c.o
                0x00004028                MSS_I2C_set_smbus_alert
 .text.MSS_I2C_clear_smbus_alert
                0x00004048       0x20 ./MicroSemi_Code/drivers/mss_i2c/mss_i2c.o
                0x00004048                MSS_I2C_clear_smbus_alert
 .text.MSS_I2C_set_gca
                0x00004068       0x20 ./MicroSemi_Code/drivers/mss_i2c/mss_i2c.o
                0x00004068                MSS_I2C_set_gca
 .text.MSS_I2C_clear_gca
                0x00004088       0x20 ./MicroSemi_Code/drivers/mss_i2c/mss_i2c.o
                0x00004088                MSS_I2C_clear_gca
 .text.MSS_I2C_set_user_data
                0x000040a8       0x1c ./MicroSemi_Code/drivers/mss_i2c/mss_i2c.o
                0x000040a8                MSS_I2C_set_user_data
 .text.MSS_I2C_get_user_data
                0x000040c4       0x18 ./MicroSemi_Code/drivers/mss_i2c/mss_i2c.o
                0x000040c4                MSS_I2C_get_user_data
 .text.disable_interrupts
                0x000040dc       0x24 ./MicroSemi_Code/drivers/mss_i2c/mss_i2c.o
 .text.restore_interrupts
                0x00004100       0x18 ./MicroSemi_Code/drivers/mss_i2c/mss_i2c.o
 .text.I2C0_IRQHandler
                0x00004118       0x2c ./MicroSemi_Code/drivers/mss_i2c/mss_i2c.o
                0x00004118                I2C0_IRQHandler
 .text.I2C1_IRQHandler
                0x00004144       0x2c ./MicroSemi_Code/drivers/mss_i2c/mss_i2c.o
                0x00004144                I2C1_IRQHandler
 .text          0x00004170        0x0 ./MicroSemi_Code/drivers/mss_gpio/mss_gpio.o
 .text.NVIC_EnableIRQ
                0x00004170       0x38 ./MicroSemi_Code/drivers/mss_gpio/mss_gpio.o
 .text.NVIC_ClearPendingIRQ
                0x000041a8       0x3c ./MicroSemi_Code/drivers/mss_gpio/mss_gpio.o
 .text.MSS_GPIO_init
                0x000041e4       0x6c ./MicroSemi_Code/drivers/mss_gpio/mss_gpio.o
                0x000041e4                MSS_GPIO_init
 .text.MSS_GPIO_config
                0x00004250       0x3c ./MicroSemi_Code/drivers/mss_gpio/mss_gpio.o
                0x00004250                MSS_GPIO_config
 .text.MSS_GPIO_set_output
                0x0000428c       0x40 ./MicroSemi_Code/drivers/mss_gpio/mss_gpio.o
                0x0000428c                MSS_GPIO_set_output
 .text.MSS_GPIO_drive_inout
                0x000042cc      0x128 ./MicroSemi_Code/drivers/mss_gpio/mss_gpio.o
                0x000042cc                MSS_GPIO_drive_inout
 .text.MSS_GPIO_enable_irq
                0x000043f4       0x64 ./MicroSemi_Code/drivers/mss_gpio/mss_gpio.o
                0x000043f4                MSS_GPIO_enable_irq
 .text.MSS_GPIO_disable_irq
                0x00004458       0x50 ./MicroSemi_Code/drivers/mss_gpio/mss_gpio.o
                0x00004458                MSS_GPIO_disable_irq
 .text.MSS_GPIO_clear_irq
                0x000044a8       0x50 ./MicroSemi_Code/drivers/mss_gpio/mss_gpio.o
                0x000044a8                MSS_GPIO_clear_irq
 .text          0x000044f8        0x0 ./MicroSemi_Code/drivers/mss_ethernet_mac/crc32.o
 .text.mss_mac_crc32
                0x000044f8       0x60 ./MicroSemi_Code/drivers/mss_ethernet_mac/crc32.o
                0x000044f8                mss_mac_crc32
 .text.mss_ethernet_crc
                0x00004558       0x24 ./MicroSemi_Code/drivers/mss_ethernet_mac/crc32.o
                0x00004558                mss_ethernet_crc
 .text          0x0000457c        0x0 ./MicroSemi_Code/drivers/mss_ethernet_mac/mss_ethernet_mac.o
 .text.MSS_MAC_init
                0x0000457c      0x358 ./MicroSemi_Code/drivers/mss_ethernet_mac/mss_ethernet_mac.o
                0x0000457c                MSS_MAC_init
 .text.MSS_MAC_configure
                0x000048d4      0x248 ./MicroSemi_Code/drivers/mss_ethernet_mac/mss_ethernet_mac.o
                0x000048d4                MSS_MAC_configure
 .text.MSS_MAC_get_configuration
                0x00004b1c      0x144 ./MicroSemi_Code/drivers/mss_ethernet_mac/mss_ethernet_mac.o
                0x00004b1c                MSS_MAC_get_configuration
 .text.MSS_MAC_tx_packet
                0x00004c60      0x544 ./MicroSemi_Code/drivers/mss_ethernet_mac/mss_ethernet_mac.o
                0x00004c60                MSS_MAC_tx_packet
 .text.MSS_MAC_rx_pckt_size
                0x000051a4       0x74 ./MicroSemi_Code/drivers/mss_ethernet_mac/mss_ethernet_mac.o
                0x000051a4                MSS_MAC_rx_pckt_size
 .text.MSS_MAC_rx_packet
                0x00005218       0xf0 ./MicroSemi_Code/drivers/mss_ethernet_mac/mss_ethernet_mac.o
                0x00005218                MSS_MAC_rx_packet
 .text.MSS_MAC_rx_packet_ptrset
                0x00005308      0x134 ./MicroSemi_Code/drivers/mss_ethernet_mac/mss_ethernet_mac.o
                0x00005308                MSS_MAC_rx_packet_ptrset
 .text.MSS_MAC_link_status
                0x0000543c       0x30 ./MicroSemi_Code/drivers/mss_ethernet_mac/mss_ethernet_mac.o
                0x0000543c                MSS_MAC_link_status
 .text.MSS_MAC_auto_setup_link
                0x0000546c       0xd0 ./MicroSemi_Code/drivers/mss_ethernet_mac/mss_ethernet_mac.o
                0x0000546c                MSS_MAC_auto_setup_link
 .text.MSS_MAC_set_mac_address
                0x0000553c       0xa4 ./MicroSemi_Code/drivers/mss_ethernet_mac/mss_ethernet_mac.o
                0x0000553c                MSS_MAC_set_mac_address
 .text.MSS_MAC_get_mac_address
                0x000055e0       0x20 ./MicroSemi_Code/drivers/mss_ethernet_mac/mss_ethernet_mac.o
                0x000055e0                MSS_MAC_get_mac_address
 .text.MSS_MAC_set_mac_filters
                0x00005600      0x1b8 ./MicroSemi_Code/drivers/mss_ethernet_mac/mss_ethernet_mac.o
                0x00005600                MSS_MAC_set_mac_filters
 .text.EthernetMAC_IRQHandler
                0x000057b8      0x13c ./MicroSemi_Code/drivers/mss_ethernet_mac/mss_ethernet_mac.o
                0x000057b8                EthernetMAC_IRQHandler
 .text.MSS_MAC_set_callback
                0x000058f4       0x70 ./MicroSemi_Code/drivers/mss_ethernet_mac/mss_ethernet_mac.o
                0x000058f4                MSS_MAC_set_callback
 .text.MSS_MAC_last_error
                0x00005964       0x54 ./MicroSemi_Code/drivers/mss_ethernet_mac/mss_ethernet_mac.o
                0x00005964                MSS_MAC_last_error
 .text.MSS_MAC_get_statistics
                0x000059b8      0x2b4 ./MicroSemi_Code/drivers/mss_ethernet_mac/mss_ethernet_mac.o
                0x000059b8                MSS_MAC_get_statistics
 .text.MSS_MAC_prepare_rx_descriptor
                0x00005c6c      0x428 ./MicroSemi_Code/drivers/mss_ethernet_mac/mss_ethernet_mac.o
                0x00005c6c                MSS_MAC_prepare_rx_descriptor
 .text.MAC_send_setup_frame
                0x00006094      0x36c ./MicroSemi_Code/drivers/mss_ethernet_mac/mss_ethernet_mac.o
 .text.MAC_stop_transmission
                0x00006400       0x60 ./MicroSemi_Code/drivers/mss_ethernet_mac/mss_ethernet_mac.o
 .text.MAC_start_transmission
                0x00006460       0x1c ./MicroSemi_Code/drivers/mss_ethernet_mac/mss_ethernet_mac.o
 .text.MAC_stop_receiving
                0x0000647c       0x60 ./MicroSemi_Code/drivers/mss_ethernet_mac/mss_ethernet_mac.o
 .text.MAC_start_receiving
                0x000064dc       0x1c ./MicroSemi_Code/drivers/mss_ethernet_mac/mss_ethernet_mac.o
 .text.MAC_dismiss_bad_frames
                0x000064f8       0xa4 ./MicroSemi_Code/drivers/mss_ethernet_mac/mss_ethernet_mac.o
 .text.MAC_set_time_out
                0x0000659c       0x50 ./MicroSemi_Code/drivers/mss_ethernet_mac/mss_ethernet_mac.o
 .text.MAC_get_time_out
                0x000065ec       0xf4 ./MicroSemi_Code/drivers/mss_ethernet_mac/mss_ethernet_mac.o
 .text.MAC_memset
                0x000066e0       0x38 ./MicroSemi_Code/drivers/mss_ethernet_mac/mss_ethernet_mac.o
 .text.MAC_memset_All
                0x00006718      0x448 ./MicroSemi_Code/drivers/mss_ethernet_mac/mss_ethernet_mac.o
 .text.MAC_memcpy
                0x00006b60       0x3c ./MicroSemi_Code/drivers/mss_ethernet_mac/mss_ethernet_mac.o
 .text.MSS_MAC_FreeTxBuffers
                0x00006b9c       0x88 ./MicroSemi_Code/drivers/mss_ethernet_mac/mss_ethernet_mac.o
                0x00006b9c                MSS_MAC_FreeTxBuffers
 .text.MAC_obtain_buffer
                0x00006c24      0x178 ./MicroSemi_Code/drivers/mss_ethernet_mac/mss_ethernet_mac.o
 .text.MAC_release_buffer
                0x00006d9c       0x70 ./MicroSemi_Code/drivers/mss_ethernet_mac/mss_ethernet_mac.o
 .text          0x00006e0c        0x0 ./MicroSemi_Code/drivers/mss_ethernet_mac/phy.o
 .text.MDIO_management_clock
                0x00006e0c       0x38 ./MicroSemi_Code/drivers/mss_ethernet_mac/phy.o
 .text.MDIO_send_cmd
                0x00006e44      0x100 ./MicroSemi_Code/drivers/mss_ethernet_mac/phy.o
 .text.MDIO_read
                0x00006f44       0x70 ./MicroSemi_Code/drivers/mss_ethernet_mac/phy.o
 .text.MDIO_write
                0x00006fb4       0x74 ./MicroSemi_Code/drivers/mss_ethernet_mac/phy.o
 .text.PHY_probe
                0x00007028       0x84 ./MicroSemi_Code/drivers/mss_ethernet_mac/phy.o
                0x00007028                PHY_probe
 .text.PHY_reset
                0x000070ac       0x20 ./MicroSemi_Code/drivers/mss_ethernet_mac/phy.o
                0x000070ac                PHY_reset
 .text.PHY_auto_negotiate
                0x000070cc       0x50 ./MicroSemi_Code/drivers/mss_ethernet_mac/phy.o
                0x000070cc                PHY_auto_negotiate
 .text.PHY_link_status
                0x0000711c       0x30 ./MicroSemi_Code/drivers/mss_ethernet_mac/phy.o
                0x0000711c                PHY_link_status
 .text.PHY_link_type
                0x0000714c       0x48 ./MicroSemi_Code/drivers/mss_ethernet_mac/phy.o
                0x0000714c                PHY_link_type
 .text.PHY_set_link_type
                0x00007194       0x58 ./MicroSemi_Code/drivers/mss_ethernet_mac/phy.o
                0x00007194                PHY_set_link_type
 .text.PHY_set_loopback
                0x000071ec       0x58 ./MicroSemi_Code/drivers/mss_ethernet_mac/phy.o
                0x000071ec                PHY_set_loopback
 .text          0x00007244        0x0 ./MicroSemi_Code/drivers/mss_ace/ace_convert.o
 .text.ACE_get_channel_type
                0x00007244       0x44 ./MicroSemi_Code/drivers/mss_ace/ace_convert.o
                0x00007244                ACE_get_channel_type
 .text.ACE_convert_adc_input_to_mV
                0x00007288       0x64 ./MicroSemi_Code/drivers/mss_ace/ace_convert.o
                0x00007288                ACE_convert_adc_input_to_mV
 .text.ace_init_convert
                0x000072ec      0x1b4 ./MicroSemi_Code/drivers/mss_ace/ace_convert.o
                0x000072ec                ace_init_convert
 .text.ACE_convert_to_mV
                0x000074a0      0x100 ./MicroSemi_Code/drivers/mss_ace/ace_convert.o
                0x000074a0                ACE_convert_to_mV
 .text.ACE_convert_to_mA
                0x000075a0       0xb4 ./MicroSemi_Code/drivers/mss_ace/ace_convert.o
                0x000075a0                ACE_convert_to_mA
 .text.ACE_convert_to_uA
                0x00007654       0xb0 ./MicroSemi_Code/drivers/mss_ace/ace_convert.o
                0x00007654                ACE_convert_to_uA
 .text.ACE_convert_to_Kelvin
                0x00007704       0x4c ./MicroSemi_Code/drivers/mss_ace/ace_convert.o
                0x00007704                ACE_convert_to_Kelvin
 .text.ACE_convert_to_Celsius
                0x00007750       0x3c ./MicroSemi_Code/drivers/mss_ace/ace_convert.o
                0x00007750                ACE_convert_to_Celsius
 .text.ACE_convert_to_Fahrenheit
                0x0000778c       0x58 ./MicroSemi_Code/drivers/mss_ace/ace_convert.o
                0x0000778c                ACE_convert_to_Fahrenheit
 .text.ACE_get_channel_name
                0x000077e4       0x38 ./MicroSemi_Code/drivers/mss_ace/ace_convert.o
                0x000077e4                ACE_get_channel_name
 .text.ACE_convert_mV_to_adc_value
                0x0000781c       0xa0 ./MicroSemi_Code/drivers/mss_ace/ace_convert.o
                0x0000781c                ACE_convert_mV_to_adc_value
 .text.convert_mV_to_ppe_value
                0x000078bc       0x7c ./MicroSemi_Code/drivers/mss_ace/ace_convert.o
 .text.ACE_convert_from_mV
                0x00007938      0x110 ./MicroSemi_Code/drivers/mss_ace/ace_convert.o
                0x00007938                ACE_convert_from_mV
 .text.ACE_convert_from_mA
                0x00007a48       0xc4 ./MicroSemi_Code/drivers/mss_ace/ace_convert.o
                0x00007a48                ACE_convert_from_mA
 .text.ACE_convert_from_uA
                0x00007b0c       0xc4 ./MicroSemi_Code/drivers/mss_ace/ace_convert.o
                0x00007b0c                ACE_convert_from_uA
 .text.ACE_convert_from_Kelvin
                0x00007bd0       0x58 ./MicroSemi_Code/drivers/mss_ace/ace_convert.o
                0x00007bd0                ACE_convert_from_Kelvin
 .text.ACE_convert_from_Celsius
                0x00007c28       0x4c ./MicroSemi_Code/drivers/mss_ace/ace_convert.o
                0x00007c28                ACE_convert_from_Celsius
 .text.ACE_convert_from_Fahrenheit
                0x00007c74       0x64 ./MicroSemi_Code/drivers/mss_ace/ace_convert.o
                0x00007c74                ACE_convert_from_Fahrenheit
 .text.ACE_translate_pdma_value
                0x00007cd8       0x34 ./MicroSemi_Code/drivers/mss_ace/ace_convert.o
                0x00007cd8                ACE_translate_pdma_value
 .text          0x00007d0c        0x0 ./MicroSemi_Code/drivers/mss_ace/ace_flags.o
 .text.NVIC_ClearPendingIRQ
                0x00007d0c       0x3c ./MicroSemi_Code/drivers/mss_ace/ace_flags.o
 .text.ace_init_flags
                0x00007d48        0xc ./MicroSemi_Code/drivers/mss_ace/ace_flags.o
                0x00007d48                ace_init_flags
 .text.ACE_is_hysteresis_flag
                0x00007d54       0x20 ./MicroSemi_Code/drivers/mss_ace/ace_flags.o
                0x00007d54                ACE_is_hysteresis_flag
 .text.ACE_is_under_flag
                0x00007d74       0x20 ./MicroSemi_Code/drivers/mss_ace/ace_flags.o
                0x00007d74                ACE_is_under_flag
 .text.ACE_set_flag_threshold
                0x00007d94       0x18 ./MicroSemi_Code/drivers/mss_ace/ace_flags.o
                0x00007d94                ACE_set_flag_threshold
 .text.ACE_set_flag_assertion
                0x00007dac       0x18 ./MicroSemi_Code/drivers/mss_ace/ace_flags.o
                0x00007dac                ACE_set_flag_assertion
 .text.ACE_set_flag_deassertion
                0x00007dc4       0x18 ./MicroSemi_Code/drivers/mss_ace/ace_flags.o
                0x00007dc4                ACE_set_flag_deassertion
 .text.ACE_set_flag_hysteresis
                0x00007ddc       0x18 ./MicroSemi_Code/drivers/mss_ace/ace_flags.o
                0x00007ddc                ACE_set_flag_hysteresis
 .text.ACE_set_channel_hysteresis
                0x00007df4       0x18 ./MicroSemi_Code/drivers/mss_ace/ace_flags.o
                0x00007df4                ACE_set_channel_hysteresis
 .text.ACE_get_flag_handle
                0x00007e0c       0x1c ./MicroSemi_Code/drivers/mss_ace/ace_flags.o
                0x00007e0c                ACE_get_flag_handle
 .text.ACE_get_flag_status
                0x00007e28       0x20 ./MicroSemi_Code/drivers/mss_ace/ace_flags.o
                0x00007e28                ACE_get_flag_status
 .text.ACE_get_flag_name
                0x00007e48       0x20 ./MicroSemi_Code/drivers/mss_ace/ace_flags.o
                0x00007e48                ACE_get_flag_name
 .text.ACE_get_flag_channel
                0x00007e68       0x20 ./MicroSemi_Code/drivers/mss_ace/ace_flags.o
                0x00007e68                ACE_get_flag_channel
 .text.ACE_get_channel_flag_count
                0x00007e88       0x20 ./MicroSemi_Code/drivers/mss_ace/ace_flags.o
                0x00007e88                ACE_get_channel_flag_count
 .text.ACE_get_channel_first_flag
                0x00007ea8       0x20 ./MicroSemi_Code/drivers/mss_ace/ace_flags.o
                0x00007ea8                ACE_get_channel_first_flag
 .text.ACE_get_channel_next_flag
                0x00007ec8       0x20 ./MicroSemi_Code/drivers/mss_ace/ace_flags.o
                0x00007ec8                ACE_get_channel_next_flag
 .text.ACE_enable_channel_flags_irq
                0x00007ee8       0x14 ./MicroSemi_Code/drivers/mss_ace/ace_flags.o
                0x00007ee8                ACE_enable_channel_flags_irq
 .text.ACE_disable_channel_flags_irq
                0x00007efc       0x14 ./MicroSemi_Code/drivers/mss_ace/ace_flags.o
                0x00007efc                ACE_disable_channel_flags_irq
 .text.ACE_clear_channel_flags_irq
                0x00007f10       0x14 ./MicroSemi_Code/drivers/mss_ace/ace_flags.o
                0x00007f10                ACE_clear_channel_flags_irq
 .text.ACE_enable_flag_irq
                0x00007f24       0x14 ./MicroSemi_Code/drivers/mss_ace/ace_flags.o
                0x00007f24                ACE_enable_flag_irq
 .text.ACE_disable_flag_irq
                0x00007f38       0x14 ./MicroSemi_Code/drivers/mss_ace/ace_flags.o
                0x00007f38                ACE_disable_flag_irq
 .text.ACE_clear_flag_irq
                0x00007f4c       0x14 ./MicroSemi_Code/drivers/mss_ace/ace_flags.o
                0x00007f4c                ACE_clear_flag_irq
 .text.ACE_register_flag_isr
                0x00007f60       0x18 ./MicroSemi_Code/drivers/mss_ace/ace_flags.o
                0x00007f60                ACE_register_flag_isr
 .text.ACE_register_channel_flags_isr
                0x00007f78       0x18 ./MicroSemi_Code/drivers/mss_ace/ace_flags.o
                0x00007f78                ACE_register_channel_flags_isr
 .text.ACE_register_global_flags_isr
                0x00007f90       0x14 ./MicroSemi_Code/drivers/mss_ace/ace_flags.o
                0x00007f90                ACE_register_global_flags_isr
 .text.process_flag_irq
                0x00007fa4       0x14 ./MicroSemi_Code/drivers/mss_ace/ace_flags.o
 .text.ACE_PPE_Flag0_IRQHandler
                0x00007fb8       0x28 ./MicroSemi_Code/drivers/mss_ace/ace_flags.o
                0x00007fb8                ACE_PPE_Flag0_IRQHandler
 .text.ACE_PPE_Flag1_IRQHandler
                0x00007fe0       0x28 ./MicroSemi_Code/drivers/mss_ace/ace_flags.o
                0x00007fe0                ACE_PPE_Flag1_IRQHandler
 .text.ACE_PPE_Flag2_IRQHandler
                0x00008008       0x28 ./MicroSemi_Code/drivers/mss_ace/ace_flags.o
                0x00008008                ACE_PPE_Flag2_IRQHandler
 .text.ACE_PPE_Flag3_IRQHandler
                0x00008030       0x28 ./MicroSemi_Code/drivers/mss_ace/ace_flags.o
                0x00008030                ACE_PPE_Flag3_IRQHandler
 .text.ACE_PPE_Flag4_IRQHandler
                0x00008058       0x28 ./MicroSemi_Code/drivers/mss_ace/ace_flags.o
                0x00008058                ACE_PPE_Flag4_IRQHandler
 .text.ACE_PPE_Flag5_IRQHandler
                0x00008080       0x28 ./MicroSemi_Code/drivers/mss_ace/ace_flags.o
                0x00008080                ACE_PPE_Flag5_IRQHandler
 .text.ACE_PPE_Flag6_IRQHandler
                0x000080a8       0x28 ./MicroSemi_Code/drivers/mss_ace/ace_flags.o
                0x000080a8                ACE_PPE_Flag6_IRQHandler
 .text.ACE_PPE_Flag7_IRQHandler
                0x000080d0       0x28 ./MicroSemi_Code/drivers/mss_ace/ace_flags.o
                0x000080d0                ACE_PPE_Flag7_IRQHandler
 .text.ACE_PPE_Flag8_IRQHandler
                0x000080f8       0x28 ./MicroSemi_Code/drivers/mss_ace/ace_flags.o
                0x000080f8                ACE_PPE_Flag8_IRQHandler
 .text.ACE_PPE_Flag9_IRQHandler
                0x00008120       0x28 ./MicroSemi_Code/drivers/mss_ace/ace_flags.o
                0x00008120                ACE_PPE_Flag9_IRQHandler
 .text.ACE_PPE_Flag10_IRQHandler
                0x00008148       0x28 ./MicroSemi_Code/drivers/mss_ace/ace_flags.o
                0x00008148                ACE_PPE_Flag10_IRQHandler
 .text.ACE_PPE_Flag11_IRQHandler
                0x00008170       0x28 ./MicroSemi_Code/drivers/mss_ace/ace_flags.o
                0x00008170                ACE_PPE_Flag11_IRQHandler
 .text.ACE_PPE_Flag12_IRQHandler
                0x00008198       0x28 ./MicroSemi_Code/drivers/mss_ace/ace_flags.o
                0x00008198                ACE_PPE_Flag12_IRQHandler
 .text.ACE_PPE_Flag13_IRQHandler
                0x000081c0       0x28 ./MicroSemi_Code/drivers/mss_ace/ace_flags.o
                0x000081c0                ACE_PPE_Flag13_IRQHandler
 .text.ACE_PPE_Flag14_IRQHandler
                0x000081e8       0x28 ./MicroSemi_Code/drivers/mss_ace/ace_flags.o
                0x000081e8                ACE_PPE_Flag14_IRQHandler
 .text.ACE_PPE_Flag15_IRQHandler
                0x00008210       0x28 ./MicroSemi_Code/drivers/mss_ace/ace_flags.o
                0x00008210                ACE_PPE_Flag15_IRQHandler
 .text.ACE_PPE_Flag16_IRQHandler
                0x00008238       0x28 ./MicroSemi_Code/drivers/mss_ace/ace_flags.o
                0x00008238                ACE_PPE_Flag16_IRQHandler
 .text.ACE_PPE_Flag17_IRQHandler
                0x00008260       0x28 ./MicroSemi_Code/drivers/mss_ace/ace_flags.o
                0x00008260                ACE_PPE_Flag17_IRQHandler
 .text.ACE_PPE_Flag18_IRQHandler
                0x00008288       0x28 ./MicroSemi_Code/drivers/mss_ace/ace_flags.o
                0x00008288                ACE_PPE_Flag18_IRQHandler
 .text.ACE_PPE_Flag19_IRQHandler
                0x000082b0       0x28 ./MicroSemi_Code/drivers/mss_ace/ace_flags.o
                0x000082b0                ACE_PPE_Flag19_IRQHandler
 .text.ACE_PPE_Flag20_IRQHandler
                0x000082d8       0x28 ./MicroSemi_Code/drivers/mss_ace/ace_flags.o
                0x000082d8                ACE_PPE_Flag20_IRQHandler
 .text.ACE_PPE_Flag21_IRQHandler
                0x00008300       0x28 ./MicroSemi_Code/drivers/mss_ace/ace_flags.o
                0x00008300                ACE_PPE_Flag21_IRQHandler
 .text.ACE_PPE_Flag22_IRQHandler
                0x00008328       0x28 ./MicroSemi_Code/drivers/mss_ace/ace_flags.o
                0x00008328                ACE_PPE_Flag22_IRQHandler
 .text.ACE_PPE_Flag23_IRQHandler
                0x00008350       0x28 ./MicroSemi_Code/drivers/mss_ace/ace_flags.o
                0x00008350                ACE_PPE_Flag23_IRQHandler
 .text.ACE_PPE_Flag24_IRQHandler
                0x00008378       0x28 ./MicroSemi_Code/drivers/mss_ace/ace_flags.o
                0x00008378                ACE_PPE_Flag24_IRQHandler
 .text.ACE_PPE_Flag25_IRQHandler
                0x000083a0       0x28 ./MicroSemi_Code/drivers/mss_ace/ace_flags.o
                0x000083a0                ACE_PPE_Flag25_IRQHandler
 .text.ACE_PPE_Flag26_IRQHandler
                0x000083c8       0x28 ./MicroSemi_Code/drivers/mss_ace/ace_flags.o
                0x000083c8                ACE_PPE_Flag26_IRQHandler
 .text.ACE_PPE_Flag27_IRQHandler
                0x000083f0       0x28 ./MicroSemi_Code/drivers/mss_ace/ace_flags.o
                0x000083f0                ACE_PPE_Flag27_IRQHandler
 .text.ACE_PPE_Flag28_IRQHandler
                0x00008418       0x28 ./MicroSemi_Code/drivers/mss_ace/ace_flags.o
                0x00008418                ACE_PPE_Flag28_IRQHandler
 .text.ACE_PPE_Flag29_IRQHandler
                0x00008440       0x28 ./MicroSemi_Code/drivers/mss_ace/ace_flags.o
                0x00008440                ACE_PPE_Flag29_IRQHandler
 .text.ACE_PPE_Flag30_IRQHandler
                0x00008468       0x28 ./MicroSemi_Code/drivers/mss_ace/ace_flags.o
                0x00008468                ACE_PPE_Flag30_IRQHandler
 .text.ACE_PPE_Flag31_IRQHandler
                0x00008490       0x28 ./MicroSemi_Code/drivers/mss_ace/ace_flags.o
                0x00008490                ACE_PPE_Flag31_IRQHandler
 .text          0x000084b8        0x0 ./MicroSemi_Code/drivers/mss_ace/ace_sse.o
 .text.ACE_get_sse_seq_handle
                0x000084b8       0x84 ./MicroSemi_Code/drivers/mss_ace/ace_sse.o
                0x000084b8                ACE_get_sse_seq_handle
 .text.ACE_load_sse
                0x0000853c      0x130 ./MicroSemi_Code/drivers/mss_ace/ace_sse.o
                0x0000853c                ACE_load_sse
 .text.ACE_start_sse
                0x0000866c      0x140 ./MicroSemi_Code/drivers/mss_ace/ace_sse.o
                0x0000866c                ACE_start_sse
 .text.ACE_restart_sse
                0x000087ac      0x124 ./MicroSemi_Code/drivers/mss_ace/ace_sse.o
                0x000087ac                ACE_restart_sse
 .text.ACE_stop_sse
                0x000088d0       0x54 ./MicroSemi_Code/drivers/mss_ace/ace_sse.o
                0x000088d0                ACE_stop_sse
 .text.ACE_resume_sse
                0x00008924       0x54 ./MicroSemi_Code/drivers/mss_ace/ace_sse.o
                0x00008924                ACE_resume_sse
 .text.ACE_enable_sse_irq
                0x00008978       0x48 ./MicroSemi_Code/drivers/mss_ace/ace_sse.o
                0x00008978                ACE_enable_sse_irq
 .text.ACE_disable_sse_irq
                0x000089c0       0x64 ./MicroSemi_Code/drivers/mss_ace/ace_sse.o
                0x000089c0                ACE_disable_sse_irq
 .text.ACE_clear_sse_irq
                0x00008a24       0x6c ./MicroSemi_Code/drivers/mss_ace/ace_sse.o
                0x00008a24                ACE_clear_sse_irq
 .text.ACE_clear_sample_pipeline
                0x00008a90      0x178 ./MicroSemi_Code/drivers/mss_ace/ace_sse.o
                0x00008a90                ACE_clear_sample_pipeline
 .text          0x00008c08        0x0 ./MicroSemi_Code/drivers/mss_ace/ace_transform.o
 .text.ACE_get_default_m_factor
                0x00008c08       0x30 ./MicroSemi_Code/drivers/mss_ace/ace_transform.o
                0x00008c08                ACE_get_default_m_factor
 .text.ACE_get_default_c_offset
                0x00008c38       0x34 ./MicroSemi_Code/drivers/mss_ace/ace_transform.o
                0x00008c38                ACE_get_default_c_offset
 .text.ACE_set_linear_transform
                0x00008c6c      0x17c ./MicroSemi_Code/drivers/mss_ace/ace_transform.o
                0x00008c6c                ACE_set_linear_transform
 .text.extend_sign
                0x00008de8       0x30 ./MicroSemi_Code/drivers/mss_ace/ace_transform.o
                0x00008de8                extend_sign
 .text.adjust_to_24bit_ace_format
                0x00008e18       0x80 ./MicroSemi_Code/drivers/mss_ace/ace_transform.o
                0x00008e18                adjust_to_24bit_ace_format
 .text.adjust_to_16bit_ace_format
                0x00008e98       0x80 ./MicroSemi_Code/drivers/mss_ace/ace_transform.o
                0x00008e98                adjust_to_16bit_ace_format
 .text.get_calibration
                0x00008f18      0x380 ./MicroSemi_Code/drivers/mss_ace/ace_transform.o
                0x00008f18                get_calibration
 .text.write_transform_coefficients
                0x00009298       0xac ./MicroSemi_Code/drivers/mss_ace/ace_transform.o
                0x00009298                write_transform_coefficients
 .text          0x00009344        0x0 ./MicroSemi_Code/drivers/mss_ace/mss_ace.o
 .text.ACE_init
                0x00009344       0x10 ./MicroSemi_Code/drivers/mss_ace/mss_ace.o
                0x00009344                ACE_init
 .text.ACE_start_adc
                0x00009354       0x2c ./MicroSemi_Code/drivers/mss_ace/mss_ace.o
                0x00009354                ACE_start_adc
 .text.ACE_get_adc_result
                0x00009380       0x64 ./MicroSemi_Code/drivers/mss_ace/mss_ace.o
                0x00009380                ACE_get_adc_result
 .text.ACE_configure_sdd
                0x000093e4      0x1a0 ./MicroSemi_Code/drivers/mss_ace/mss_ace.o
                0x000093e4                ACE_configure_sdd
 .text.ACE_enable_sdd
                0x00009584       0x48 ./MicroSemi_Code/drivers/mss_ace/mss_ace.o
                0x00009584                ACE_enable_sdd
 .text.ACE_disable_sdd
                0x000095cc       0x48 ./MicroSemi_Code/drivers/mss_ace/mss_ace.o
                0x000095cc                ACE_disable_sdd
 .text.ACE_set_sdd_value
                0x00009614       0x4c ./MicroSemi_Code/drivers/mss_ace/mss_ace.o
                0x00009614                ACE_set_sdd_value
 .text.ACE_set_sdd_value_sync
                0x00009660       0xd0 ./MicroSemi_Code/drivers/mss_ace/mss_ace.o
                0x00009660                ACE_set_sdd_value_sync
 .text.ACE_set_comp_reference
                0x00009730      0x1b4 ./MicroSemi_Code/drivers/mss_ace/mss_ace.o
                0x00009730                ACE_set_comp_reference
 .text.ACE_set_comp_hysteresis
                0x000098e4      0x128 ./MicroSemi_Code/drivers/mss_ace/mss_ace.o
                0x000098e4                ACE_set_comp_hysteresis
 .text.ACE_enable_comp
                0x00009a0c       0xfc ./MicroSemi_Code/drivers/mss_ace/mss_ace.o
                0x00009a0c                ACE_enable_comp
 .text.ACE_disable_comp
                0x00009b08       0xf8 ./MicroSemi_Code/drivers/mss_ace/mss_ace.o
                0x00009b08                ACE_disable_comp
 .text.ACE_enable_comp_rise_irq
                0x00009c00       0x50 ./MicroSemi_Code/drivers/mss_ace/mss_ace.o
                0x00009c00                ACE_enable_comp_rise_irq
 .text.ACE_disable_comp_rise_irq
                0x00009c50       0x70 ./MicroSemi_Code/drivers/mss_ace/mss_ace.o
                0x00009c50                ACE_disable_comp_rise_irq
 .text.ACE_clear_comp_rise_irq
                0x00009cc0       0x6c ./MicroSemi_Code/drivers/mss_ace/mss_ace.o
                0x00009cc0                ACE_clear_comp_rise_irq
 .text.ACE_enable_comp_fall_irq
                0x00009d2c       0x50 ./MicroSemi_Code/drivers/mss_ace/mss_ace.o
                0x00009d2c                ACE_enable_comp_fall_irq
 .text.ACE_disable_comp_fall_irq
                0x00009d7c       0x70 ./MicroSemi_Code/drivers/mss_ace/mss_ace.o
                0x00009d7c                ACE_disable_comp_fall_irq
 .text.ACE_clear_comp_fall_irq
                0x00009dec       0x6c ./MicroSemi_Code/drivers/mss_ace/mss_ace.o
                0x00009dec                ACE_clear_comp_fall_irq
 .text.ACE_get_comp_status
                0x00009e58       0x20 ./MicroSemi_Code/drivers/mss_ace/mss_ace.o
                0x00009e58                ACE_get_comp_status
 .text.ACE_get_channel_count
                0x00009e78       0x10 ./MicroSemi_Code/drivers/mss_ace/mss_ace.o
                0x00009e78                ACE_get_channel_count
 .text.ACE_get_first_channel
                0x00009e88       0x1c ./MicroSemi_Code/drivers/mss_ace/mss_ace.o
                0x00009e88                ACE_get_first_channel
 .text.ACE_get_next_channel
                0x00009ea4       0x2c ./MicroSemi_Code/drivers/mss_ace/mss_ace.o
                0x00009ea4                ACE_get_next_channel
 .text.ACE_get_channel_handle
                0x00009ed0       0x74 ./MicroSemi_Code/drivers/mss_ace/mss_ace.o
                0x00009ed0                ACE_get_channel_handle
 .text.ACE_get_input_channel_handle
                0x00009f44       0x54 ./MicroSemi_Code/drivers/mss_ace/mss_ace.o
                0x00009f44                ACE_get_input_channel_handle
 .text.ACE_get_ppe_sample
                0x00009f98       0x54 ./MicroSemi_Code/drivers/mss_ace/mss_ace.o
                0x00009f98                ACE_get_ppe_sample
 .text          0x00009fec        0x0 ./MicroSemi_Code/CMSIS/brownout_isr.o
 .text.BrownOut_1_5V_IRQHandler
                0x00009fec       0xb0 ./MicroSemi_Code/CMSIS/brownout_isr.o
                0x00009fec                BrownOut_1_5V_IRQHandler
 .text          0x0000a09c        0x0 ./MicroSemi_Code/CMSIS/core_cm3.o
 .text.__get_PSP
                0x0000a09c       0x10 ./MicroSemi_Code/CMSIS/core_cm3.o
                0x0000a09c                __get_PSP
 .text.__set_PSP
                0x0000a0ac        0x8 ./MicroSemi_Code/CMSIS/core_cm3.o
                0x0000a0ac                __set_PSP
 .text.__get_MSP
                0x0000a0b4       0x10 ./MicroSemi_Code/CMSIS/core_cm3.o
                0x0000a0b4                __get_MSP
 .text.__set_MSP
                0x0000a0c4        0x8 ./MicroSemi_Code/CMSIS/core_cm3.o
                0x0000a0c4                __set_MSP
 .text.__get_BASEPRI
                0x0000a0cc       0x20 ./MicroSemi_Code/CMSIS/core_cm3.o
                0x0000a0cc                __get_BASEPRI
 .text.__set_BASEPRI
                0x0000a0ec       0x18 ./MicroSemi_Code/CMSIS/core_cm3.o
                0x0000a0ec                __set_BASEPRI
 .text.__get_PRIMASK
                0x0000a104       0x20 ./MicroSemi_Code/CMSIS/core_cm3.o
                0x0000a104                __get_PRIMASK
 .text.__set_PRIMASK
                0x0000a124       0x18 ./MicroSemi_Code/CMSIS/core_cm3.o
                0x0000a124                __set_PRIMASK
 .text.__get_FAULTMASK
                0x0000a13c       0x20 ./MicroSemi_Code/CMSIS/core_cm3.o
                0x0000a13c                __get_FAULTMASK
 .text.__set_FAULTMASK
                0x0000a15c       0x18 ./MicroSemi_Code/CMSIS/core_cm3.o
                0x0000a15c                __set_FAULTMASK
 .text.__get_CONTROL
                0x0000a174       0x20 ./MicroSemi_Code/CMSIS/core_cm3.o
                0x0000a174                __get_CONTROL
 .text.__set_CONTROL
                0x0000a194       0x18 ./MicroSemi_Code/CMSIS/core_cm3.o
                0x0000a194                __set_CONTROL
 .text.__REV    0x0000a1ac       0x24 ./MicroSemi_Code/CMSIS/core_cm3.o
                0x0000a1ac                __REV
 .text.__REV16  0x0000a1d0       0x24 ./MicroSemi_Code/CMSIS/core_cm3.o
                0x0000a1d0                __REV16
 .text.__REVSH  0x0000a1f4       0x24 ./MicroSemi_Code/CMSIS/core_cm3.o
                0x0000a1f4                __REVSH
 .text.__RBIT   0x0000a218       0x24 ./MicroSemi_Code/CMSIS/core_cm3.o
                0x0000a218                __RBIT
 .text.__LDREXB
                0x0000a23c       0x24 ./MicroSemi_Code/CMSIS/core_cm3.o
                0x0000a23c                __LDREXB
 .text.__LDREXH
                0x0000a260       0x24 ./MicroSemi_Code/CMSIS/core_cm3.o
                0x0000a260                __LDREXH
 .text.__LDREXW
                0x0000a284       0x24 ./MicroSemi_Code/CMSIS/core_cm3.o
                0x0000a284                __LDREXW
 .text.__STREXB
                0x0000a2a8       0x2c ./MicroSemi_Code/CMSIS/core_cm3.o
                0x0000a2a8                __STREXB
 .text.__STREXH
                0x0000a2d4       0x2c ./MicroSemi_Code/CMSIS/core_cm3.o
                0x0000a2d4                __STREXH
 .text.__STREXW
                0x0000a300       0x28 ./MicroSemi_Code/CMSIS/core_cm3.o
                0x0000a300                __STREXW
 .text          0x0000a328        0x0 ./MicroSemi_Code/CMSIS/system_a2fxxxm3.o
 .text.SystemInit
                0x0000a328        0xc ./MicroSemi_Code/CMSIS/system_a2fxxxm3.o
                0x0000a328                SystemInit
 .text.SystemCoreClockUpdate
                0x0000a334      0x150 ./MicroSemi_Code/CMSIS/system_a2fxxxm3.o
                0x0000a334                SystemCoreClockUpdate
 .text.GetSystemClock
                0x0000a484       0xe8 ./MicroSemi_Code/CMSIS/system_a2fxxxm3.o
 .text          0x0000a56c        0x0 ./MicroSemi_Code/CMSIS/startup_gcc/newlib_stubs.o
 .text._close   0x0000a56c       0x18 ./MicroSemi_Code/CMSIS/startup_gcc/newlib_stubs.o
                0x0000a56c                _close
 .text._execve  0x0000a584       0x28 ./MicroSemi_Code/CMSIS/startup_gcc/newlib_stubs.o
                0x0000a584                _execve
 .text._exit    0x0000a5ac        0xc ./MicroSemi_Code/CMSIS/startup_gcc/newlib_stubs.o
                0x0000a5ac                _exit
 .text._fork    0x0000a5b8       0x18 ./MicroSemi_Code/CMSIS/startup_gcc/newlib_stubs.o
                0x0000a5b8                _fork
 .text._fstat   0x0000a5d0       0x24 ./MicroSemi_Code/CMSIS/startup_gcc/newlib_stubs.o
                0x0000a5d0                _fstat
 .text._getpid  0x0000a5f4       0x10 ./MicroSemi_Code/CMSIS/startup_gcc/newlib_stubs.o
                0x0000a5f4                _getpid
 .text._isatty  0x0000a604       0x18 ./MicroSemi_Code/CMSIS/startup_gcc/newlib_stubs.o
                0x0000a604                _isatty
 .text._kill    0x0000a61c       0x24 ./MicroSemi_Code/CMSIS/startup_gcc/newlib_stubs.o
                0x0000a61c                _kill
 .text._link    0x0000a640       0x24 ./MicroSemi_Code/CMSIS/startup_gcc/newlib_stubs.o
                0x0000a640                _link
 .text._lseek   0x0000a664       0x1c ./MicroSemi_Code/CMSIS/startup_gcc/newlib_stubs.o
                0x0000a664                _lseek
 .text._open    0x0000a680       0x1c ./MicroSemi_Code/CMSIS/startup_gcc/newlib_stubs.o
                0x0000a680                _open
 .text._read    0x0000a69c       0x1c ./MicroSemi_Code/CMSIS/startup_gcc/newlib_stubs.o
                0x0000a69c                _read
 .text._write_r
                0x0000a6b8       0x5c ./MicroSemi_Code/CMSIS/startup_gcc/newlib_stubs.o
                0x0000a6b8                _write_r
 .text._sbrk    0x0000a714       0x94 ./MicroSemi_Code/CMSIS/startup_gcc/newlib_stubs.o
                0x0000a714                _sbrk
 .text._stat    0x0000a7a8       0x24 ./MicroSemi_Code/CMSIS/startup_gcc/newlib_stubs.o
                0x0000a7a8                _stat
 .text._times   0x0000a7cc       0x18 ./MicroSemi_Code/CMSIS/startup_gcc/newlib_stubs.o
                0x0000a7cc                _times
 .text._unlink  0x0000a7e4       0x24 ./MicroSemi_Code/CMSIS/startup_gcc/newlib_stubs.o
                0x0000a7e4                _unlink
 .text._wait    0x0000a808       0x24 ./MicroSemi_Code/CMSIS/startup_gcc/newlib_stubs.o
                0x0000a808                _wait
 .text          0x0000a82c        0x0 ./MicroSemi_Code/CMSIS/startup_gcc/startup_a2fxxxm3.o
 .text          0x0000a82c        0x0 ./Helpers/uart_helper.o
 .text.uart_string_print
                0x0000a82c       0x24 ./Helpers/uart_helper.o
                0x0000a82c                uart_string_print
 .text          0x0000a850        0x0 ./FreeTCPIP/psock.o
 .text.buf_setup
                0x0000a850       0x24 ./FreeTCPIP/psock.o
 .text.buf_bufdata
                0x0000a874      0x11c ./FreeTCPIP/psock.o
 .text.buf_bufto
                0x0000a990       0xa8 ./FreeTCPIP/psock.o
 .text.send_data
                0x0000aa38       0x6c ./FreeTCPIP/psock.o
 .text.data_acked
                0x0000aaa4       0x88 ./FreeTCPIP/psock.o
 .text.psock_send
                0x0000ab2c       0x94 ./FreeTCPIP/psock.o
                0x0000ab2c                psock_send
 .text.psock_generator_send
                0x0000abc0       0xb8 ./FreeTCPIP/psock.o
                0x0000abc0                psock_generator_send
 .text.psock_datalen
                0x0000ac78       0x24 ./FreeTCPIP/psock.o
                0x0000ac78                psock_datalen
 .text.psock_newdata
                0x0000ac9c       0x58 ./FreeTCPIP/psock.o
                0x0000ac9c                psock_newdata
 .text.psock_readto
                0x0000acf4       0xc8 ./FreeTCPIP/psock.o
                0x0000acf4                psock_readto
 .text.psock_readbuf
                0x0000adbc       0xc4 ./FreeTCPIP/psock.o
                0x0000adbc                psock_readbuf
 .text.psock_init
                0x0000ae80       0x48 ./FreeTCPIP/psock.o
                0x0000ae80                psock_init
 .text          0x0000aec8        0x0 ./FreeTCPIP/timer.o
 .text.timer_set
                0x0000aec8       0x24 ./FreeTCPIP/timer.o
                0x0000aec8                timer_set
 .text.timer_reset
                0x0000aeec       0x20 ./FreeTCPIP/timer.o
                0x0000aeec                timer_reset
 .text.timer_restart
                0x0000af0c       0x1c ./FreeTCPIP/timer.o
                0x0000af0c                timer_restart
 .text.timer_expired
                0x0000af28       0x2c ./FreeTCPIP/timer.o
                0x0000af28                timer_expired
 .text.timer_remaining
                0x0000af54       0x28 ./FreeTCPIP/timer.o
                0x0000af54                timer_remaining
 .text          0x0000af7c        0x0 ./FreeTCPIP/uip.o
 .text.uip_setipid
                0x0000af7c       0x20 ./FreeTCPIP/uip.o
                0x0000af7c                uip_setipid
 .text.uip_add32
                0x0000af9c      0x14c ./FreeTCPIP/uip.o
                0x0000af9c                uip_add32
 .text.chksum   0x0000b0e8       0x98 ./FreeTCPIP/uip.o
 .text.uip_chksum
                0x0000b180       0x30 ./FreeTCPIP/uip.o
                0x0000b180                uip_chksum
 .text.uip_ipchksum
                0x0000b1b0       0x48 ./FreeTCPIP/uip.o
                0x0000b1b0                uip_ipchksum
 .text.upper_layer_chksum
                0x0000b1f8       0xa8 ./FreeTCPIP/uip.o
 .text.uip_tcpchksum
                0x0000b2a0       0x14 ./FreeTCPIP/uip.o
                0x0000b2a0                uip_tcpchksum
 .text.uip_udpchksum
                0x0000b2b4       0x14 ./FreeTCPIP/uip.o
                0x0000b2b4                uip_udpchksum
 .text.uip_init
                0x0000b2c8       0xcc ./FreeTCPIP/uip.o
                0x0000b2c8                uip_init
 .text.uip_connect
                0x0000b394      0x1e0 ./FreeTCPIP/uip.o
                0x0000b394                uip_connect
 .text.uip_unlisten
                0x0000b574       0x88 ./FreeTCPIP/uip.o
                0x0000b574                uip_unlisten
 .text.uip_listen
                0x0000b5fc       0x84 ./FreeTCPIP/uip.o
                0x0000b5fc                uip_listen
 .text.uip_add_rcv_nxt
                0x0000b680       0x84 ./FreeTCPIP/uip.o
 .text.uip_process
                0x0000b704     0x21b0 ./FreeTCPIP/uip.o
                0x0000b704                uip_process
 .text.htons    0x0000d8b4       0x30 ./FreeTCPIP/uip.o
                0x0000d8b4                htons
 .text.htonl    0x0000d8e4       0x5c ./FreeTCPIP/uip.o
                0x0000d8e4                htonl
 .text.uip_send
                0x0000d940       0x84 ./FreeTCPIP/uip.o
                0x0000d940                uip_send
 .text          0x0000d9c4        0x0 ./FreeTCPIP/uip_arp.o
 .text.uip_arp_init
                0x0000d9c4       0x70 ./FreeTCPIP/uip_arp.o
                0x0000d9c4                uip_arp_init
 .text.uip_arp_timer
                0x0000da34       0xd4 ./FreeTCPIP/uip_arp.o
                0x0000da34                uip_arp_timer
 .text.uip_arp_update
                0x0000db08      0x290 ./FreeTCPIP/uip_arp.o
 .text.uip_arp_arpin
                0x0000dd98      0x308 ./FreeTCPIP/uip_arp.o
                0x0000dd98                uip_arp_arpin
 .text.uip_arp_out
                0x0000e0a0      0x488 ./FreeTCPIP/uip_arp.o
                0x0000e0a0                uip_arp_out
 .text          0x0000e528        0x0 ./FreeTCPIP/http_Common/http-strings.o
 .text          0x0000e528        0x0 ./FreeTCPIP/http_Common/httpd-fs.o
 .text.httpd_fs_strcmp
                0x0000e528       0x6c ./FreeTCPIP/http_Common/httpd-fs.o
 .text.httpd_fs_open
                0x0000e594       0x88 ./FreeTCPIP/http_Common/httpd-fs.o
                0x0000e594                httpd_fs_open
 .text.httpd_fs_init
                0x0000e61c       0x38 ./FreeTCPIP/http_Common/httpd-fs.o
                0x0000e61c                httpd_fs_init
 .text.httpd_fs_count
                0x0000e654       0x60 ./FreeTCPIP/http_Common/httpd-fs.o
                0x0000e654                httpd_fs_count
 .text          0x0000e6b4        0x0 ./FreeTCPIP/http_Common/httpd.o
 .text.generate_part_of_file
                0x0000e6b4       0x78 ./FreeTCPIP/http_Common/httpd.o
 .text.send_file
                0x0000e72c       0x98 ./FreeTCPIP/http_Common/httpd.o
 .text.send_part_of_file
                0x0000e7c4       0x68 ./FreeTCPIP/http_Common/httpd.o
 .text.next_scriptstate
                0x0000e82c       0x54 ./FreeTCPIP/http_Common/httpd.o
 .text.handle_script
                0x0000e880      0x234 ./FreeTCPIP/http_Common/httpd.o
 .text.send_headers
                0x0000eab4      0x2d8 ./FreeTCPIP/http_Common/httpd.o
 .text.handle_output
                0x0000ed8c      0x18c ./FreeTCPIP/http_Common/httpd.o
 .text.handle_input
                0x0000ef18      0x1d0 ./FreeTCPIP/http_Common/httpd.o
 .text.handle_connection
                0x0000f0e8       0x28 ./FreeTCPIP/http_Common/httpd.o
 .text.httpd_appcall
                0x0000f110      0x118 ./FreeTCPIP/http_Common/httpd.o
                0x0000f110                httpd_appcall
 .text.httpd_init
                0x0000f228       0x10 ./FreeTCPIP/http_Common/httpd.o
                0x0000f228                httpd_init
 .text          0x0000f238        0x0 ./FreeRTOS_Source/list.o
 .text.vListInitialise
                0x0000f238       0x48 ./FreeRTOS_Source/list.o
                0x0000f238                vListInitialise
 .text.vListInitialiseItem
                0x0000f280       0x1c ./FreeRTOS_Source/list.o
                0x0000f280                vListInitialiseItem
 .text.vListInsertEnd
                0x0000f29c       0x48 ./FreeRTOS_Source/list.o
                0x0000f29c                vListInsertEnd
 .text.vListInsert
                0x0000f2e4       0x74 ./FreeRTOS_Source/list.o
                0x0000f2e4                vListInsert
 .text.uxListRemove
                0x0000f358       0x58 ./FreeRTOS_Source/list.o
                0x0000f358                uxListRemove
 .text          0x0000f3b0        0x0 ./FreeRTOS_Source/queue.o
 .text.xQueueGenericReset
                0x0000f3b0       0xec ./FreeRTOS_Source/queue.o
                0x0000f3b0                xQueueGenericReset
 .text.xQueueGenericCreate
                0x0000f49c       0x80 ./FreeRTOS_Source/queue.o
                0x0000f49c                xQueueGenericCreate
 .text.prvInitialiseNewQueue
                0x0000f51c       0x48 ./FreeRTOS_Source/queue.o
 .text.prvInitialiseMutex
                0x0000f564       0x40 ./FreeRTOS_Source/queue.o
 .text.xQueueCreateMutex
                0x0000f5a4       0x38 ./FreeRTOS_Source/queue.o
                0x0000f5a4                xQueueCreateMutex
 .text.xQueueGiveMutexRecursive
                0x0000f5dc       0x74 ./FreeRTOS_Source/queue.o
                0x0000f5dc                xQueueGiveMutexRecursive
 .text.xQueueTakeMutexRecursive
                0x0000f650       0x74 ./FreeRTOS_Source/queue.o
                0x0000f650                xQueueTakeMutexRecursive
 .text.xQueueGenericSend
                0x0000f6c4      0x230 ./FreeRTOS_Source/queue.o
                0x0000f6c4                xQueueGenericSend
 .text.xQueueGenericSendFromISR
                0x0000f8f4      0x144 ./FreeRTOS_Source/queue.o
                0x0000f8f4                xQueueGenericSendFromISR
 .text.xQueueGiveFromISR
                0x0000fa38      0x12c ./FreeRTOS_Source/queue.o
                0x0000fa38                xQueueGiveFromISR
 .text.xQueueReceive
                0x0000fb64      0x1ec ./FreeRTOS_Source/queue.o
                0x0000fb64                xQueueReceive
 .text.xQueueSemaphoreTake
                0x0000fd50      0x240 ./FreeRTOS_Source/queue.o
                0x0000fd50                xQueueSemaphoreTake
 .text.xQueuePeek
                0x0000ff90      0x1f0 ./FreeRTOS_Source/queue.o
                0x0000ff90                xQueuePeek
 .text.xQueueReceiveFromISR
                0x00010180      0x118 ./FreeRTOS_Source/queue.o
                0x00010180                xQueueReceiveFromISR
 .text.xQueuePeekFromISR
                0x00010298       0xd4 ./FreeRTOS_Source/queue.o
                0x00010298                xQueuePeekFromISR
 .text.uxQueueMessagesWaiting
                0x0001036c       0x3c ./FreeRTOS_Source/queue.o
                0x0001036c                uxQueueMessagesWaiting
 .text.uxQueueSpacesAvailable
                0x000103a8       0x48 ./FreeRTOS_Source/queue.o
                0x000103a8                uxQueueSpacesAvailable
 .text.uxQueueMessagesWaitingFromISR
                0x000103f0       0x3c ./FreeRTOS_Source/queue.o
                0x000103f0                uxQueueMessagesWaitingFromISR
 .text.vQueueDelete
                0x0001042c       0x34 ./FreeRTOS_Source/queue.o
                0x0001042c                vQueueDelete
 .text.uxQueueGetQueueNumber
                0x00010460       0x18 ./FreeRTOS_Source/queue.o
                0x00010460                uxQueueGetQueueNumber
 .text.vQueueSetQueueNumber
                0x00010478       0x1c ./FreeRTOS_Source/queue.o
                0x00010478                vQueueSetQueueNumber
 .text.ucQueueGetQueueType
                0x00010494       0x1c ./FreeRTOS_Source/queue.o
                0x00010494                ucQueueGetQueueType
 .text.prvGetDisinheritPriorityAfterTimeout
                0x000104b0       0x34 ./FreeRTOS_Source/queue.o
 .text.prvCopyDataToQueue
                0x000104e4       0xf0 ./FreeRTOS_Source/queue.o
 .text.prvCopyDataFromQueue
                0x000105d4       0x50 ./FreeRTOS_Source/queue.o
 .text.prvUnlockQueue
                0x00010624       0xac ./FreeRTOS_Source/queue.o
 .text.prvIsQueueEmpty
                0x000106d0       0x34 ./FreeRTOS_Source/queue.o
 .text.xQueueIsQueueEmptyFromISR
                0x00010704       0x4c ./FreeRTOS_Source/queue.o
                0x00010704                xQueueIsQueueEmptyFromISR
 .text.prvIsQueueFull
                0x00010750       0x38 ./FreeRTOS_Source/queue.o
 .text.xQueueIsQueueFullFromISR
                0x00010788       0x50 ./FreeRTOS_Source/queue.o
                0x00010788                xQueueIsQueueFullFromISR
 .text.vQueueWaitForMessageRestricted
                0x000107d8       0x74 ./FreeRTOS_Source/queue.o
                0x000107d8                vQueueWaitForMessageRestricted
 .text          0x0001084c        0x0 ./FreeRTOS_Source/tasks.o
 .text.xTaskCreate
                0x0001084c       0x94 ./FreeRTOS_Source/tasks.o
                0x0001084c                xTaskCreate
 .text.prvInitialiseNewTask
                0x000108e0      0x148 ./FreeRTOS_Source/tasks.o
 .text.prvAddNewTaskToReadyList
                0x00010a28      0x13c ./FreeRTOS_Source/tasks.o
 .text.vTaskDelete
                0x00010b64      0x16c ./FreeRTOS_Source/tasks.o
                0x00010b64                vTaskDelete
 .text.vTaskDelayUntil
                0x00010cd0      0x110 ./FreeRTOS_Source/tasks.o
                0x00010cd0                vTaskDelayUntil
 .text.vTaskDelay
                0x00010de0       0x70 ./FreeRTOS_Source/tasks.o
                0x00010de0                vTaskDelay
 .text.eTaskGetState
                0x00010e50       0xe4 ./FreeRTOS_Source/tasks.o
                0x00010e50                eTaskGetState
 .text.uxTaskPriorityGet
                0x00010f34       0x38 ./FreeRTOS_Source/tasks.o
                0x00010f34                uxTaskPriorityGet
 .text.uxTaskPriorityGetFromISR
                0x00010f6c       0x5c ./FreeRTOS_Source/tasks.o
                0x00010f6c                uxTaskPriorityGetFromISR
 .text.vTaskPrioritySet
                0x00010fc8      0x1b0 ./FreeRTOS_Source/tasks.o
                0x00010fc8                vTaskPrioritySet
 .text.vTaskSuspend
                0x00011178      0x168 ./FreeRTOS_Source/tasks.o
                0x00011178                vTaskSuspend
 .text.prvTaskIsTaskSuspended
                0x000112e0       0x68 ./FreeRTOS_Source/tasks.o
 .text.vTaskResume
                0x00011348       0xdc ./FreeRTOS_Source/tasks.o
                0x00011348                vTaskResume
 .text.xTaskResumeFromISR
                0x00011424      0x108 ./FreeRTOS_Source/tasks.o
                0x00011424                xTaskResumeFromISR
 .text.vTaskStartScheduler
                0x0001152c       0xb4 ./FreeRTOS_Source/tasks.o
                0x0001152c                vTaskStartScheduler
 .text.vTaskEndScheduler
                0x000115e0       0x34 ./FreeRTOS_Source/tasks.o
                0x000115e0                vTaskEndScheduler
 .text.vTaskSuspendAll
                0x00011614       0x24 ./FreeRTOS_Source/tasks.o
                0x00011614                vTaskSuspendAll
 .text.xTaskResumeAll
                0x00011638      0x1a0 ./FreeRTOS_Source/tasks.o
                0x00011638                xTaskResumeAll
 .text.xTaskGetTickCount
                0x000117d8       0x20 ./FreeRTOS_Source/tasks.o
                0x000117d8                xTaskGetTickCount
 .text.xTaskGetTickCountFromISR
                0x000117f8       0x28 ./FreeRTOS_Source/tasks.o
                0x000117f8                xTaskGetTickCountFromISR
 .text.uxTaskGetNumberOfTasks
                0x00011820       0x18 ./FreeRTOS_Source/tasks.o
                0x00011820                uxTaskGetNumberOfTasks
 .text.pcTaskGetName
                0x00011838       0x4c ./FreeRTOS_Source/tasks.o
                0x00011838                pcTaskGetName
 .text.uxTaskGetSystemState
                0x00011884      0x160 ./FreeRTOS_Source/tasks.o
                0x00011884                uxTaskGetSystemState
 .text.xTaskIncrementTick
                0x000119e4      0x204 ./FreeRTOS_Source/tasks.o
                0x000119e4                xTaskIncrementTick
 .text.vTaskSwitchContext
                0x00011be8      0x1a8 ./FreeRTOS_Source/tasks.o
                0x00011be8                vTaskSwitchContext
 .text.vTaskPlaceOnEventList
                0x00011d90       0x4c ./FreeRTOS_Source/tasks.o
                0x00011d90                vTaskPlaceOnEventList
 .text.vTaskPlaceOnUnorderedEventList
                0x00011ddc       0x84 ./FreeRTOS_Source/tasks.o
                0x00011ddc                vTaskPlaceOnUnorderedEventList
 .text.vTaskPlaceOnEventListRestricted
                0x00011e60       0x58 ./FreeRTOS_Source/tasks.o
                0x00011e60                vTaskPlaceOnEventListRestricted
 .text.xTaskRemoveFromEventList
                0x00011eb8       0xf0 ./FreeRTOS_Source/tasks.o
                0x00011eb8                xTaskRemoveFromEventList
 .text.vTaskRemoveFromUnorderedEventList
                0x00011fa8       0xe0 ./FreeRTOS_Source/tasks.o
                0x00011fa8                vTaskRemoveFromUnorderedEventList
 .text.vTaskSetTimeOutState
                0x00012088       0x50 ./FreeRTOS_Source/tasks.o
                0x00012088                vTaskSetTimeOutState
 .text.vTaskInternalSetTimeOutState
                0x000120d8       0x30 ./FreeRTOS_Source/tasks.o
                0x000120d8                vTaskInternalSetTimeOutState
 .text.xTaskCheckForTimeOut
                0x00012108       0xd4 ./FreeRTOS_Source/tasks.o
                0x00012108                xTaskCheckForTimeOut
 .text.vTaskMissedYield
                0x000121dc       0x18 ./FreeRTOS_Source/tasks.o
                0x000121dc                vTaskMissedYield
 .text.uxTaskGetTaskNumber
                0x000121f4       0x30 ./FreeRTOS_Source/tasks.o
                0x000121f4                uxTaskGetTaskNumber
 .text.vTaskSetTaskNumber
                0x00012224       0x24 ./FreeRTOS_Source/tasks.o
                0x00012224                vTaskSetTaskNumber
 .text.prvIdleTask
                0x00012248       0x38 ./FreeRTOS_Source/tasks.o
 .text.prvInitialiseTaskLists
                0x00012280       0xa4 ./FreeRTOS_Source/tasks.o
 .text.prvCheckTasksWaitingTermination
                0x00012324       0x78 ./FreeRTOS_Source/tasks.o
 .text.vTaskGetInfo
                0x0001239c       0xe0 ./FreeRTOS_Source/tasks.o
                0x0001239c                vTaskGetInfo
 .text.prvListTasksWithinSingleList
                0x0001247c       0xb8 ./FreeRTOS_Source/tasks.o
 .text.prvTaskCheckFreeStackSpace
                0x00012534       0x40 ./FreeRTOS_Source/tasks.o
 .text.prvDeleteTCB
                0x00012574       0x20 ./FreeRTOS_Source/tasks.o
 .text.prvResetNextTaskUnblockTime
                0x00012594       0x50 ./FreeRTOS_Source/tasks.o
 .text.xTaskGetCurrentTaskHandle
                0x000125e4       0x20 ./FreeRTOS_Source/tasks.o
                0x000125e4                xTaskGetCurrentTaskHandle
 .text.xTaskGetSchedulerState
                0x00012604       0x48 ./FreeRTOS_Source/tasks.o
                0x00012604                xTaskGetSchedulerState
 .text.xTaskPriorityInherit
                0x0001264c      0x16c ./FreeRTOS_Source/tasks.o
                0x0001264c                xTaskPriorityInherit
 .text.xTaskPriorityDisinherit
                0x000127b8      0x14c ./FreeRTOS_Source/tasks.o
                0x000127b8                xTaskPriorityDisinherit
 .text.vTaskPriorityDisinheritAfterTimeout
                0x00012904      0x17c ./FreeRTOS_Source/tasks.o
                0x00012904                vTaskPriorityDisinheritAfterTimeout
 .text.prvWriteNameToBuffer
                0x00012a80       0x54 ./FreeRTOS_Source/tasks.o
 .text.vTaskList
                0x00012ad4      0x170 ./FreeRTOS_Source/tasks.o
                0x00012ad4                vTaskList
 .text.vTaskGetRunTimeStats
                0x00012c44      0x138 ./FreeRTOS_Source/tasks.o
                0x00012c44                vTaskGetRunTimeStats
 .text.uxTaskResetEventItemValue
                0x00012d7c       0x40 ./FreeRTOS_Source/tasks.o
                0x00012d7c                uxTaskResetEventItemValue
 .text.pvTaskIncrementMutexHeldCount
                0x00012dbc       0x38 ./FreeRTOS_Source/tasks.o
                0x00012dbc                pvTaskIncrementMutexHeldCount
 .text.ulTaskNotifyTake
                0x00012df4       0xc0 ./FreeRTOS_Source/tasks.o
                0x00012df4                ulTaskNotifyTake
 .text.xTaskNotifyWait
                0x00012eb4       0xf0 ./FreeRTOS_Source/tasks.o
                0x00012eb4                xTaskNotifyWait
 .text.xTaskGenericNotify
                0x00012fa4      0x18c ./FreeRTOS_Source/tasks.o
                0x00012fa4                xTaskGenericNotify
 .text.xTaskGenericNotifyFromISR
                0x00013130      0x1d8 ./FreeRTOS_Source/tasks.o
                0x00013130                xTaskGenericNotifyFromISR
 .text.vTaskNotifyGiveFromISR
                0x00013308      0x148 ./FreeRTOS_Source/tasks.o
                0x00013308                vTaskNotifyGiveFromISR
 .text.xTaskNotifyStateClear
                0x00013450       0x58 ./FreeRTOS_Source/tasks.o
                0x00013450                xTaskNotifyStateClear
 .text.prvAddCurrentTaskToDelayedList
                0x000134a8      0x110 ./FreeRTOS_Source/tasks.o
 .text          0x000135b8        0x0 ./FreeRTOS_Source/timers.o
 .text.xTimerCreateTimerTask
                0x000135b8       0x74 ./FreeRTOS_Source/timers.o
                0x000135b8                xTimerCreateTimerTask
 .text.xTimerCreate
                0x0001362c       0x40 ./FreeRTOS_Source/timers.o
                0x0001362c                xTimerCreate
 .text.prvInitialiseNewTimer
                0x0001366c       0x64 ./FreeRTOS_Source/timers.o
 .text.xTimerGenericCommand
                0x000136d0       0xcc ./FreeRTOS_Source/timers.o
                0x000136d0                xTimerGenericCommand
 .text.xTimerGetTimerDaemonTaskHandle
                0x0001379c       0x40 ./FreeRTOS_Source/timers.o
                0x0001379c                xTimerGetTimerDaemonTaskHandle
 .text.xTimerGetPeriod
                0x000137dc       0x38 ./FreeRTOS_Source/timers.o
                0x000137dc                xTimerGetPeriod
 .text.xTimerGetExpiryTime
                0x00013814       0x3c ./FreeRTOS_Source/timers.o
                0x00013814                xTimerGetExpiryTime
 .text.pcTimerGetName
                0x00013850       0x38 ./FreeRTOS_Source/timers.o
                0x00013850                pcTimerGetName
 .text.prvProcessExpiredTimer
                0x00013888       0x8c ./FreeRTOS_Source/timers.o
 .text.prvTimerTask
                0x00013914       0x28 ./FreeRTOS_Source/timers.o
 .text.prvProcessTimerOrBlockTask
                0x0001393c       0xb0 ./FreeRTOS_Source/timers.o
 .text.prvGetNextExpireTime
                0x000139ec       0x54 ./FreeRTOS_Source/timers.o
 .text.prvSampleTimeNow
                0x00013a40       0x50 ./FreeRTOS_Source/timers.o
 .text.prvInsertTimerInActiveList
                0x00013a90       0x98 ./FreeRTOS_Source/timers.o
 .text.prvProcessReceivedCommands
                0x00013b28      0x148 ./FreeRTOS_Source/timers.o
 .text.prvSwitchTimerLists
                0x00013c70       0xf4 ./FreeRTOS_Source/timers.o
 .text.prvCheckForValidListAndQueue
                0x00013d64       0x74 ./FreeRTOS_Source/timers.o
 .text.xTimerIsTimerActive
                0x00013dd8       0x50 ./FreeRTOS_Source/timers.o
                0x00013dd8                xTimerIsTimerActive
 .text.pvTimerGetTimerID
                0x00013e28       0x40 ./FreeRTOS_Source/timers.o
                0x00013e28                pvTimerGetTimerID
 .text.vTimerSetTimerID
                0x00013e68       0x40 ./FreeRTOS_Source/timers.o
                0x00013e68                vTimerSetTimerID
 .text.uxTimerGetTimerNumber
                0x00013ea8       0x18 ./FreeRTOS_Source/timers.o
                0x00013ea8                uxTimerGetTimerNumber
 .text.vTimerSetTimerNumber
                0x00013ec0       0x1c ./FreeRTOS_Source/timers.o
                0x00013ec0                vTimerSetTimerNumber
 .text          0x00013edc        0x0 ./FreeRTOS_Source/portable/MemMang/heap_2.o
 .text.pvPortMalloc
                0x00013edc      0x16c ./FreeRTOS_Source/portable/MemMang/heap_2.o
                0x00013edc                pvPortMalloc
 .text.vPortFree
                0x00014048       0x88 ./FreeRTOS_Source/portable/MemMang/heap_2.o
                0x00014048                vPortFree
 .text.xPortGetFreeHeapSize
                0x000140d0       0x18 ./FreeRTOS_Source/portable/MemMang/heap_2.o
                0x000140d0                xPortGetFreeHeapSize
 .text.vPortInitialiseBlocks
                0x000140e8        0xc ./FreeRTOS_Source/portable/MemMang/heap_2.o
                0x000140e8                vPortInitialiseBlocks
 .text.prvHeapInit
                0x000140f4       0x6c ./FreeRTOS_Source/portable/MemMang/heap_2.o
 .text          0x00014160        0x0 ./FreeRTOS_Source/portable/GCC/ARM_CM3/port.o
 .text.pxPortInitialiseStack
                0x00014160       0x68 ./FreeRTOS_Source/portable/GCC/ARM_CM3/port.o
                0x00014160                pxPortInitialiseStack
 .text.prvTaskExitError
                0x000141c8       0x54 ./FreeRTOS_Source/portable/GCC/ARM_CM3/port.o
 *fill*         0x0001421c        0x4 00
 .text.SVC_Handler
                0x00014220       0x30 ./FreeRTOS_Source/portable/GCC/ARM_CM3/port.o
                0x00014220                SVC_Handler
 .text.prvPortStartFirstTask
                0x00014250       0x20 ./FreeRTOS_Source/portable/GCC/ARM_CM3/port.o
 .text.xPortStartScheduler
                0x00014270      0x134 ./FreeRTOS_Source/portable/GCC/ARM_CM3/port.o
                0x00014270                xPortStartScheduler
 .text.vPortEndScheduler
                0x000143a4       0x34 ./FreeRTOS_Source/portable/GCC/ARM_CM3/port.o
                0x000143a4                vPortEndScheduler
 .text.vPortEnterCritical
                0x000143d8       0x70 ./FreeRTOS_Source/portable/GCC/ARM_CM3/port.o
                0x000143d8                vPortEnterCritical
 .text.vPortExitCritical
                0x00014448       0x64 ./FreeRTOS_Source/portable/GCC/ARM_CM3/port.o
                0x00014448                vPortExitCritical
 *fill*         0x000144ac        0x4 00
 .text.PendSV_Handler
                0x000144b0       0x50 ./FreeRTOS_Source/portable/GCC/ARM_CM3/port.o
                0x000144b0                PendSV_Handler
 .text.SysTick_Handler
                0x00014500       0x44 ./FreeRTOS_Source/portable/GCC/ARM_CM3/port.o
                0x00014500                SysTick_Handler
 .text.vPortSetupTimerInterrupt
                0x00014544       0x5c ./FreeRTOS_Source/portable/GCC/ARM_CM3/port.o
                0x00014544                vPortSetupTimerInterrupt
 .text.vPortValidateInterruptPriority
                0x000145a0       0x84 ./FreeRTOS_Source/portable/GCC/ARM_CM3/port.o
                0x000145a0                vPortValidateInterruptPriority
 .text          0x00014624      0x370 c:/program files (x86)/microsemi/softconsole v3.4/sourcery-g++/bin/../lib/gcc/arm-none-eabi/4.4.1/thumb2\libgcc.a(_arm_addsubdf3.o)
                0x00014624                __aeabi_drsub
                0x0001462c                __aeabi_dsub
                0x0001462c                __subdf3
                0x00014630                __aeabi_dadd
                0x00014630                __adddf3
                0x000148a8                __floatunsidf
                0x000148a8                __aeabi_ui2d
                0x000148c8                __floatsidf
                0x000148c8                __aeabi_i2d
                0x000148ec                __aeabi_f2d