Archive member included because of file (symbol)

c:/program files (x86)/microsemi/softconsole v3.4/sourcery-g++/bin/../lib/gcc/arm-none-eabi/4.4.1/thumb2\libgcc.a(_arm_addsubdf3.o)
                              ./sensor_task.o (__aeabi_dsub)
c:/program files (x86)/microsemi/softconsole v3.4/sourcery-g++/bin/../lib/gcc/arm-none-eabi/4.4.1/thumb2\libgcc.a(_arm_muldivdf3.o)
                              ./sensor_task.o (__aeabi_dmul)
c:/program files (x86)/microsemi/softconsole v3.4/sourcery-g++/bin/../lib/gcc/arm-none-eabi/4.4.1/thumb2\libgcc.a(_arm_truncdfsf2.o)
                              ./sensor_task.o (__aeabi_d2f)
c:/program files (x86)/microsemi/softconsole v3.4/sourcery-g++/bin/../lib/gcc/arm-none-eabi/4.4.1/thumb2\libgcc.a(_arm_addsubsf3.o)
                              ./sensor_task.o (__aeabi_fsub)
c:/program files (x86)/microsemi/softconsole v3.4/sourcery-g++/bin/../lib/gcc/arm-none-eabi/4.4.1/thumb2\libgcc.a(_arm_muldivsf3.o)
                              ./sensor_task.o (__aeabi_fmul)
c:/program files (x86)/microsemi/softconsole v3.4/sourcery-g++/bin/../lib/gcc/arm-none-eabi/4.4.1/../../../../arm-none-eabi/lib/thumb2\libc.a(lib_a-efgcvt.o)
                              ./main-full.o (gcvt)
c:/program files (x86)/microsemi/softconsole v3.4/sourcery-g++/bin/../lib/gcc/arm-none-eabi/4.4.1/../../../../arm-none-eabi/lib/thumb2\libc.a(lib_a-errno.o)
                              ./MicroSemi_Code/CMSIS/startup_gcc/newlib_stubs.o (__errno)
c:/program files (x86)/microsemi/softconsole v3.4/sourcery-g++/bin/../lib/gcc/arm-none-eabi/4.4.1/../../../../arm-none-eabi/lib/thumb2\libc.a(lib_a-impure.o)
                              c:/program files (x86)/microsemi/softconsole v3.4/sourcery-g++/bin/../lib/gcc/arm-none-eabi/4.4.1/../../../../arm-none-eabi/lib/thumb2\libc.a(lib_a-efgcvt.o) (_impure_ptr)
c:/program files (x86)/microsemi/softconsole v3.4/sourcery-g++/bin/../lib/gcc/arm-none-eabi/4.4.1/../../../../arm-none-eabi/lib/thumb2\libc.a(lib_a-init.o)
                              ./MicroSemi_Code/CMSIS/startup_gcc/startup_a2fxxxm3.o (__libc_init_array)
c:/program files (x86)/microsemi/softconsole v3.4/sourcery-g++/bin/../lib/gcc/arm-none-eabi/4.4.1/../../../../arm-none-eabi/lib/thumb2\libc.a(lib_a-memcpy.o)
                              ./FreeTCPIP/psock.o (memcpy)
c:/program files (x86)/microsemi/softconsole v3.4/sourcery-g++/bin/../lib/gcc/arm-none-eabi/4.4.1/../../../../arm-none-eabi/lib/thumb2\libc.a(lib_a-memset.o)
                              ./MicroSemi_Code/drivers/mss_i2c/mss_i2c.o (memset)
c:/program files (x86)/microsemi/softconsole v3.4/sourcery-g++/bin/../lib/gcc/arm-none-eabi/4.4.1/../../../../arm-none-eabi/lib/thumb2\libc.a(lib_a-snprintf.o)
                              ./WebServer/httpd-cgi.o (snprintf)
c:/program files (x86)/microsemi/softconsole v3.4/sourcery-g++/bin/../lib/gcc/arm-none-eabi/4.4.1/../../../../arm-none-eabi/lib/thumb2\libc.a(lib_a-sprintf.o)
                              ./WebServer/httpd-cgi.o (sprintf)
c:/program files (x86)/microsemi/softconsole v3.4/sourcery-g++/bin/../lib/gcc/arm-none-eabi/4.4.1/../../../../arm-none-eabi/lib/thumb2\libc.a(lib_a-strchr.o)
                              ./uIP_Task.o (strchr)
c:/program files (x86)/microsemi/softconsole v3.4/sourcery-g++/bin/../lib/gcc/arm-none-eabi/4.4.1/../../../../arm-none-eabi/lib/thumb2\libc.a(lib_a-strcpy.o)
                              ./FreeTCPIP/http_Common/httpd.o (strcpy)
c:/program files (x86)/microsemi/softconsole v3.4/sourcery-g++/bin/../lib/gcc/arm-none-eabi/4.4.1/../../../../arm-none-eabi/lib/thumb2\libc.a(lib_a-strlen.o)
                              ./WebServer/httpd-cgi.o (strlen)
c:/program files (x86)/microsemi/softconsole v3.4/sourcery-g++/bin/../lib/gcc/arm-none-eabi/4.4.1/../../../../arm-none-eabi/lib/thumb2\libc.a(lib_a-strncmp.o)
                              ./WebServer/httpd-cgi.o (strncmp)
c:/program files (x86)/microsemi/softconsole v3.4/sourcery-g++/bin/../lib/gcc/arm-none-eabi/4.4.1/../../../../arm-none-eabi/lib/thumb2\libc.a(lib_a-strncpy.o)
                              ./FreeTCPIP/http_Common/httpd.o (strncpy)
c:/program files (x86)/microsemi/softconsole v3.4/sourcery-g++/bin/../lib/gcc/arm-none-eabi/4.4.1/../../../../arm-none-eabi/lib/thumb2\libc.a(lib_a-strrchr.o)
                              ./FreeTCPIP/http_Common/httpd.o (strrchr)
c:/program files (x86)/microsemi/softconsole v3.4/sourcery-g++/bin/../lib/gcc/arm-none-eabi/4.4.1/../../../../arm-none-eabi/lib/thumb2\libc.a(lib_a-strstr.o)
                              ./uIP_Task.o (strstr)
c:/program files (x86)/microsemi/softconsole v3.4/sourcery-g++/bin/../lib/gcc/arm-none-eabi/4.4.1/../../../../arm-none-eabi/lib/thumb2\libc.a(lib_a-svfprintf.o)
                              c:/program files (x86)/microsemi/softconsole v3.4/sourcery-g++/bin/../lib/gcc/arm-none-eabi/4.4.1/../../../../arm-none-eabi/lib/thumb2\libc.a(lib_a-snprintf.o) (_svfprintf_r)
[...]
Memory Configuration

Name             Origin             Length             Attributes
rom              0x60000000         0x00040000         xr
romMirror        0x00000000         0x00040000         xr
ram              0x20000000         0x00010000         xrw
*default*        0x00000000         0xffffffff

Linker script and memory map

LOAD c:/program files (x86)/microsemi/softconsole v3.4/sourcery-g++/bin/../lib/gcc/arm-none-eabi/4.4.1/thumb2/crti.o
LOAD c:/program files (x86)/microsemi/softconsole v3.4/sourcery-g++/bin/../lib/gcc/arm-none-eabi/4.4.1/thumb2/crtbegin.o
LOAD ./ParTest.o
LOAD ./main-full.o
LOAD ./sensor_task.o
LOAD ./uIP_Task.o
LOAD ./uart_task.o
LOAD ./WebServer/httpd-cgi.o
LOAD ./MicroSemi_Code/hal/CortexM3/cortex_nvic.o
LOAD ./MicroSemi_Code/hal/CortexM3/GNU/hal.o
LOAD ./MicroSemi_Code/hal/CortexM3/GNU/hal_assert.o
LOAD ./MicroSemi_Code/hal/CortexM3/GNU/hw_reg_access.o
LOAD ./MicroSemi_Code/drivers_config/mss_ace/ace_config.o
LOAD ./MicroSemi_Code/drivers/mss_uart/mss_uart.o
LOAD ./MicroSemi_Code/drivers/mss_i2c/mss_i2c.o
LOAD ./MicroSemi_Code/drivers/mss_gpio/mss_gpio.o
LOAD ./MicroSemi_Code/drivers/mss_ethernet_mac/crc32.o
LOAD ./MicroSemi_Code/drivers/mss_ethernet_mac/mss_ethernet_mac.o
LOAD ./MicroSemi_Code/drivers/mss_ethernet_mac/phy.o
LOAD ./MicroSemi_Code/drivers/mss_ace/ace_convert.o
LOAD ./MicroSemi_Code/drivers/mss_ace/ace_flags.o
LOAD ./MicroSemi_Code/drivers/mss_ace/ace_sse.o
LOAD ./MicroSemi_Code/drivers/mss_ace/ace_transform.o
LOAD ./MicroSemi_Code/drivers/mss_ace/mss_ace.o
LOAD ./MicroSemi_Code/CMSIS/brownout_isr.o
LOAD ./MicroSemi_Code/CMSIS/core_cm3.o
LOAD ./MicroSemi_Code/CMSIS/system_a2fxxxm3.o
LOAD ./MicroSemi_Code/CMSIS/startup_gcc/newlib_stubs.o
LOAD ./MicroSemi_Code/CMSIS/startup_gcc/startup_a2fxxxm3.o
LOAD ./Helpers/uart_helper.o
LOAD ./FreeTCPIP/psock.o
LOAD ./FreeTCPIP/timer.o
LOAD ./FreeTCPIP/uip.o
LOAD ./FreeTCPIP/uip_arp.o
LOAD ./FreeTCPIP/http_Common/http-strings.o
LOAD ./FreeTCPIP/http_Common/httpd-fs.o
LOAD ./FreeTCPIP/http_Common/httpd.o
LOAD ./FreeRTOS_Source/list.o
LOAD ./FreeRTOS_Source/queue.o
LOAD ./FreeRTOS_Source/tasks.o
LOAD ./FreeRTOS_Source/timers.o
LOAD ./FreeRTOS_Source/portable/MemMang/heap_2.o
LOAD ./FreeRTOS_Source/portable/GCC/ARM_CM3/port.o
START GROUP
LOAD c:/program files (x86)/microsemi/softconsole v3.4/sourcery-g++/bin/../lib/gcc/arm-none-eabi/4.4.1/thumb2\libgcc.a
LOAD c:/program files (x86)/microsemi/softconsole v3.4/sourcery-g++/bin/../lib/gcc/arm-none-eabi/4.4.1/../../../../arm-none-eabi/lib/thumb2\libc.a
LOAD c:/program files (x86)/microsemi/softconsole v3.4/sourcery-g++/bin/../lib/gcc/arm-none-eabi/4.4.1/thumb2\libgcc.a
END GROUP
LOAD c:/program files (x86)/microsemi/softconsole v3.4/sourcery-g++/bin/../lib/gcc/arm-none-eabi/4.4.1/thumb2/crtend.o
LOAD c:/program files (x86)/microsemi/softconsole v3.4/sourcery-g++/bin/../lib/gcc/arm-none-eabi/4.4.1/thumb2/crtn.o
START GROUP
LOAD c:/program files (x86)/microsemi/softconsole v3.4/sourcery-g++/bin/../lib/gcc/arm-none-eabi/4.4.1/../../../../arm-none-eabi/lib/thumb2\libc.a
LOAD c:/program files (x86)/microsemi/softconsole v3.4/sourcery-g++/bin/../lib/gcc/arm-none-eabi/4.4.1/thumb2\libgcc.a
LOAD c:/program files (x86)/microsemi/softconsole v3.4/sourcery-g++/bin/../lib/gcc/arm-none-eabi/4.4.1/../../../../arm-none-eabi/lib/thumb2\libm.a
END GROUP
                0x00000000                __DYNAMIC = 0x0
                0x20000000                RAM_START_ADDRESS = 0x20000000
                0x00010000                RAM_SIZE = 0x10000
                0x00002000                MAIN_STACK_SIZE = 0x2000
                0x00001000                PROCESS_STACK_SIZE = 0x1000
                0x20010000                PROVIDE (__main_stack_start, (RAM_START_ADDRESS + RAM_SIZE))
                0x2000e000                PROVIDE (__process_stack_start, (__main_stack_start - MAIN_STACK_SIZE))
                0x20010000                PROVIDE (_estack, __main_stack_start)
                0x00000001                PROVIDE (__mirrored_nvm, 0x1)

.init           0x00000000      0x470 load address 0x60000000
                0x00000000                __vector_table_vma_base_address = .
 *(.isr_vector)
 .isr_vector    0x00000000      0x470 ./MicroSemi_Code/CMSIS/startup_gcc/startup_a2fxxxm3.o
                0x00000000                g_pfnVectors
                0x00000298                Reset_Handler
                0x00000308                NMI_Handler
                0x0000030a                HardFault_Handler
                0x0000030c                MemManage_Handler
                0x0000030e                BusFault_Handler
                0x00000310                UsageFault_Handler
                0x00000314                DebugMon_Handler
                0x0000031a                WdogWakeup_IRQHandler
                0x0000031e                BrownOut_3_3V_IRQHandler
                0x00000320                RTC_Match_IRQHandler
                0x00000322                RTCIF_Pub_IRQHandler
                0x00000326                IAP_IRQHandler
                0x00000328                ENVM0_IRQHandler
                0x0000032a                ENVM1_IRQHandler
                0x0000032c                DMA_IRQHandler
                0x00000332                SPI0_IRQHandler
                0x00000334                SPI1_IRQHandler
                0x00000338                I2C0_SMBAlert_IRQHandler
                0x0000033a                I2C0_SMBus_IRQHandler
                0x0000033e                I2C1_SMBAlert_IRQHandler
                0x00000340                I2C1_SMBus_IRQHandler
                0x00000342                Timer1_IRQHandler
                0x00000344                Timer2_IRQHandler
                0x00000346                PLL_Lock_IRQHandler
                0x00000348                PLL_LockLost_IRQHandler
                0x0000034a                CommError_IRQHandler
                0x0000034c                Fabric_IRQHandler
                0x0000034e                GPIO0_IRQHandler
                0x00000350                GPIO1_IRQHandler
                0x00000352                GPIO2_IRQHandler
                0x00000354                GPIO3_IRQHandler
                0x00000356                GPIO4_IRQHandler
                0x00000358                GPIO5_IRQHandler
                0x0000035a                GPIO6_IRQHandler
                0x0000035c                GPIO7_IRQHandler
                0x00000360                GPIO9_IRQHandler
                0x00000362                GPIO10_IRQHandler
                0x00000364                GPIO11_IRQHandler
                0x00000366                GPIO12_IRQHandler
                0x00000368                GPIO13_IRQHandler
                0x0000036a                GPIO14_IRQHandler
                0x0000036c                GPIO15_IRQHandler
                0x0000036e                GPIO16_IRQHandler
                0x00000370                GPIO17_IRQHandler
                0x00000372                GPIO18_IRQHandler
                0x00000374                GPIO19_IRQHandler
                0x00000376                GPIO20_IRQHandler
                0x00000378                GPIO21_IRQHandler
                0x0000037a                GPIO22_IRQHandler
                0x0000037c                GPIO23_IRQHandler
                0x0000037e                GPIO24_IRQHandler
                0x00000380                GPIO25_IRQHandler
                0x00000382                GPIO26_IRQHandler
                0x00000384                GPIO27_IRQHandler
                0x00000386                GPIO28_IRQHandler
                0x00000388                GPIO29_IRQHandler
                0x0000038a                GPIO30_IRQHandler
                0x0000038c                GPIO31_IRQHandler
                0x0000038e                ACE_PC0_Flag0_IRQHandler
                0x00000390                ACE_PC0_Flag1_IRQHandler
                0x00000392                ACE_PC0_Flag2_IRQHandler
                0x00000394                ACE_PC0_Flag3_IRQHandler
                0x00000396                ACE_PC1_Flag0_IRQHandler
                0x00000398                ACE_PC1_Flag1_IRQHandler
                0x0000039a                ACE_PC1_Flag2_IRQHandler
                0x0000039c                ACE_PC1_Flag3_IRQHandler
                0x0000039e                ACE_PC2_Flag0_IRQHandler
                0x000003a0                ACE_PC2_Flag1_IRQHandler
                0x000003a2                ACE_PC2_Flag2_IRQHandler
                0x000003a4                ACE_PC2_Flag3_IRQHandler
                0x000003a6                ACE_ADC0_DataValid_IRQHandler
                0x000003a8                ACE_ADC1_DataValid_IRQHandler
                0x000003aa                ACE_ADC2_DataValid_IRQHandler
                0x000003ac                ACE_ADC0_CalDone_IRQHandler
                0x000003ae                ACE_ADC1_CalDone_IRQHandler
                0x000003b0                ACE_ADC2_CalDone_IRQHandler
                0x000003b2                ACE_ADC0_CalStart_IRQHandler
                0x000003b4                ACE_ADC1_CalStart_IRQHandler
                0x000003b6                ACE_ADC2_CalStart_IRQHandler
                0x000003b8                ACE_Comp0_Fall_IRQHandler
                0x000003ba                ACE_Comp1_Fall_IRQHandler
                0x000003bc                ACE_Comp2_Fall_IRQHandler
                0x000003be                ACE_Comp3_Fall_IRQHandler
                0x000003c0                ACE_Comp4_Fall_IRQHandler
                0x000003c2                ACE_Comp5_Fall_IRQHandler
                0x000003c4                ACE_Comp6_Fall_IRQHandler
                0x000003c6                ACE_Comp7_Fall_IRQHandler
                0x000003c8                ACE_Comp8_Fall_IRQHandler
                0x000003ca                ACE_Comp9_Fall_IRQHandler
                0x000003cc                ACE_Comp10_Fall_IRQHandler
                0x000003ce                ACE_Comp11_Fall_IRQHandler
                0x000003d0                ACE_Comp0_Rise_IRQHandler
                0x000003d2                ACE_Comp1_Rise_IRQHandler
                0x000003d4                ACE_Comp2_Rise_IRQHandler
                0x000003d6                ACE_Comp3_Rise_IRQHandler
                0x000003d8                ACE_Comp4_Rise_IRQHandler
                0x000003da                ACE_Comp5_Rise_IRQHandler
                0x000003dc                ACE_Comp6_Rise_IRQHandler
                0x000003de                ACE_Comp7_Rise_IRQHandler
                0x000003e0                ACE_Comp8_Rise_IRQHandler
                0x000003e2                ACE_Comp9_Rise_IRQHandler
                0x000003e4                ACE_Comp10_Rise_IRQHandler
                0x000003e6                ACE_Comp11_Rise_IRQHandler
                0x000003e8                ACE_ADC0_FifoFull_IRQHandler
                0x000003ea                ACE_ADC0_FifoAFull_IRQHandler
                0x000003ec                ACE_ADC0_FifoEmpty_IRQHandler
                0x000003ee                ACE_ADC1_FifoFull_IRQHandler
                0x000003f0                ACE_ADC1_FifoAFull_IRQHandler
                0x000003f2                ACE_ADC1_FifoEmpty_IRQHandler
                0x000003f4                ACE_ADC2_FifoFull_IRQHandler
                0x000003f6                ACE_ADC2_FifoAFull_IRQHandler
                0x000003f8                ACE_ADC2_FifoEmpty_IRQHandler
                0x00000470                . = ALIGN (0x4)

.text           0x00000470    0x2e210 load address 0x60000470
 CREATE_OBJECT_SYMBOLS
                0x60000470                __text_load = LOADADDR (.text)
                0x00000470                __text_start = .
 *(.text .text.* .gnu.linkonce.t.*)
 .text          0x00000470        0x0 c:/program files (x86)/microsemi/softconsole v3.4/sourcery-g++/bin/../lib/gcc/arm-none-eabi/4.4.1/thumb2/crti.o
 .text          0x00000470       0x30 c:/program files (x86)/microsemi/softconsole v3.4/sourcery-g++/bin/../lib/gcc/arm-none-eabi/4.4.1/thumb2/crtbegin.o
 .text          0x000004a0        0x0 ./ParTest.o
 .text.MSS_GPIO_set_outputs
                0x000004a0       0x20 ./ParTest.o
 .text.vParTestInitialise
                0x000004c0       0x54 ./ParTest.o
                0x000004c0                vParTestInitialise
 .text.vParTestSetLED
                0x00000514       0x80 ./ParTest.o
                0x00000514                vParTestSetLED
 .text.vParTestSetLEDFromISR
                0x00000594       0xa0 ./ParTest.o
                0x00000594                vParTestSetLEDFromISR
 .text.vParTestToggleLED
                0x00000634       0x94 ./ParTest.o
                0x00000634                vParTestToggleLED
 .text.lParTestGetLEDState
                0x000006c8       0x48 ./ParTest.o
                0x000006c8                lParTestGetLEDState
 .text          0x00000710        0x0 ./main-full.o
 .text.NVIC_EnableIRQ
                0x00000710       0x38 ./main-full.o
 .text.NVIC_DisableIRQ
                0x00000748       0x3c ./main-full.o
 .text.NVIC_ClearPendingIRQ
                0x00000784       0x3c ./main-full.o
 .text.NVIC_SetPriority
                0x000007c0       0x5c ./main-full.o
 .text.MSS_TIM64_init
                0x0000081c       0xa4 ./main-full.o
 .text.MSS_TIM64_start
                0x000008c0       0x1c ./main-full.o
 .text.MSS_TIM64_load_immediate
                0x000008dc       0x2c ./main-full.o
 .text.main     0x00000908      0x108 ./main-full.o
                0x00000908                main
 .text.prvCheckTimerCallback
                0x00000a10       0x40 ./main-full.o
 .text.GPIO8_IRQHandler
                0x00000a50       0x38 ./main-full.o
                0x00000a50                GPIO8_IRQHandler
 .text.prvQueueSendTask
                0x00000a88       0x6c ./main-full.o
 .text.prvQueueReceiveTask
                0x00000af4       0x38 ./main-full.o
 .text.prvSetupHardware
                0x00000b2c       0x50 ./main-full.o
 .text.vApplicationMallocFailedHook
                0x00000b7c        0x8 ./main-full.o
                0x00000b7c                vApplicationMallocFailedHook
 .text.vApplicationStackOverflowHook
                0x00000b84       0x20 ./main-full.o
                0x00000b84                vApplicationStackOverflowHook
 .text.vApplicationIdleHook
                0x00000ba4       0x18 ./main-full.o
                0x00000ba4                vApplicationIdleHook
 .text.pcGetTaskStatusMessage
                0x00000bbc       0x30 ./main-full.o
                0x00000bbc                pcGetTaskStatusMessage
 .text.vMainConfigureTimerForRunTimeStats
                0x00000bec       0x28 ./main-full.o
                0x00000bec                vMainConfigureTimerForRunTimeStats
 .text.ulGetRunTimeCounterValue
                0x00000c14       0x10 ./main-full.o
                0x00000c14                ulGetRunTimeCounterValue
 *fill*         0x00000c24        0x4 00
 .text.uart_task
                0x00000c28       0xf8 ./main-full.o
                0x00000c28                uart_task
 .text          0x00000d20        0x0 ./sensor_task.o
 .text.convert_lm35_result_to_temp
                0x00000d20       0x50 ./sensor_task.o
                0x00000d20                convert_lm35_result_to_temp
 .text.get_internal_temp
                0x00000d70       0x4c ./sensor_task.o
                0x00000d70                get_internal_temp
 .text.get_pot_voltage
                0x00000dbc       0x4c ./sensor_task.o
                0x00000dbc                get_pot_voltage
 .text.get_external_temp
                0x00000e08       0x34 ./sensor_task.o
                0x00000e08                get_external_temp
 .text.get_avg_external_temp
                0x00000e3c       0x50 ./sensor_task.o
                0x00000e3c                get_avg_external_temp
 *fill*         0x00000e8c        0x4 00
 .text.get_humidity
                0x00000e90       0x98 ./sensor_task.o
                0x00000e90                get_humidity
 .text.get_uv_index
                0x00000f28       0x98 ./sensor_task.o
                0x00000f28                get_uv_index
 .text.calc_lux_from_voltage
                0x00000fc0       0xa8 ./sensor_task.o
                0x00000fc0                calc_lux_from_voltage
 .text.get_avg_external_lux_volts
                0x00001068       0x50 ./sensor_task.o
                0x00001068                get_avg_external_lux_volts
 .text.get_avg_lux
                0x000010b8       0x18 ./sensor_task.o
                0x000010b8                get_avg_lux
 .text.get_lux_voltage
                0x000010d0       0x80 ./sensor_task.o
                0x000010d0                get_lux_voltage
 .text          0x00001150        0x0 ./uIP_Task.o
 .text.NVIC_EnableIRQ
                0x00001150       0x38 ./uIP_Task.o
 .text.NVIC_SetPriority
                0x00001188       0x5c ./uIP_Task.o
 .text.clock_time
                0x000011e4       0x10 ./uIP_Task.o
                0x000011e4                clock_time
 .text.vuIP_Task
                0x000011f4      0x198 ./uIP_Task.o
                0x000011f4                vuIP_Task
 .text.prvSetMACAddress
                0x0000138c       0x7c ./uIP_Task.o
 .text.prvInitialise_uIP
                0x00001408      0x180 ./uIP_Task.o
 .text.prvEMACEventListener
                0x00001588       0x94 ./uIP_Task.o
 .text.prvInitEmac
                0x0000161c       0x3c ./uIP_Task.o
 .text.vEMACWrite
                0x00001658       0x54 ./uIP_Task.o
                0x00001658                vEMACWrite
 .text.prvUIPTimerCallback
                0x000016ac       0x64 ./uIP_Task.o
 .text.vApplicationProcessFormInput
                0x00001710       0x9c ./uIP_Task.o
                0x00001710                vApplicationProcessFormInput
 .text          0x000017ac        0x0 ./uart_task.o
 .text          0x000017ac        0x0 ./WebServer/httpd-cgi.o
 .text.nullfunction
                0x000017ac       0x30 ./WebServer/httpd-cgi.o
 .text.httpd_cgi
                0x000017dc       0x64 ./WebServer/httpd-cgi.o
                0x000017dc                httpd_cgi
 .text.generate_tcp_stats
                0x00001840      0x120 ./WebServer/httpd-cgi.o
 .text.tcp_stats
                0x00001960       0xb4 ./WebServer/httpd-cgi.o
 .text.generate_net_stats
                0x00001a14       0x4c ./WebServer/httpd-cgi.o
 .text.net_stats
                0x00001a60       0x8c ./WebServer/httpd-cgi.o
 .text.generate_io_state
                0x00001aec       0x80 ./WebServer/httpd-cgi.o
 .text.led_io   0x00001b6c       0x68 ./WebServer/httpd-cgi.o
 .text.sensor_readings
                0x00001bd4       0xcc ./WebServer/httpd-cgi.o
 .text          0x00001ca0        0x0 ./MicroSemi_Code/hal/CortexM3/cortex_nvic.o
 .text.NVIC_init
                0x00001ca0        0xc ./MicroSemi_Code/hal/CortexM3/cortex_nvic.o
                0x00001ca0                NVIC_init
 .text.NVIC_set_handler
                0x00001cac       0x18 ./MicroSemi_Code/hal/CortexM3/cortex_nvic.o
                0x00001cac                NVIC_set_handler
 .text.NVIC_set_priority
                0x00001cc4       0x18 ./MicroSemi_Code/hal/CortexM3/cortex_nvic.o
                0x00001cc4                NVIC_set_priority
 .text.NVIC_enable_interrupt
                0x00001cdc       0x14 ./MicroSemi_Code/hal/CortexM3/cortex_nvic.o
                0x00001cdc                NVIC_enable_interrupt
 .text.NVIC_disable_interrupt
                0x00001cf0       0x14 ./MicroSemi_Code/hal/CortexM3/cortex_nvic.o
                0x00001cf0                NVIC_disable_interrupt
 .text.NVIC_clear_interrupt
                0x00001d04       0x14 ./MicroSemi_Code/hal/CortexM3/cortex_nvic.o
                0x00001d04                NVIC_clear_interrupt
 .text          0x00001d18        0xe ./MicroSemi_Code/hal/CortexM3/GNU/hal.o
                0x00001d18                HAL_disable_interrupts
                0x00001d20                HAL_restore_interrupts
 .text          0x00001d26        0x0 ./MicroSemi_Code/hal/CortexM3/GNU/hal_assert.o
 *fill*         0x00001d26        0x2 00
 .text.HAL_assert_fail
                0x00001d28       0x28 ./MicroSemi_Code/hal/CortexM3/GNU/hal_assert.o
                0x00001d28                HAL_assert_fail
 .text          0x00001d50       0x90 ./MicroSemi_Code/hal/CortexM3/GNU/hw_reg_access.o
                0x00001d50                HW_set_32bit_reg
                0x00001d54                HW_get_32bit_reg
                0x00001d58                HW_set_32bit_reg_field
                0x00001d74                HW_get_32bit_reg_field
                0x00001d80                HW_set_16bit_reg
                0x00001d84                HW_get_16bit_reg
                0x00001d88                HW_set_16bit_reg_field
                0x00001da4                HW_get_16bit_reg_field
                0x00001db0                HW_set_8bit_reg
                0x00001db4                HW_get_8bit_reg
                0x00001db8                HW_set_8bit_reg_field
                0x00001dd4                HW_get_8bit_reg_field
 .text          0x00001de0        0x0 ./MicroSemi_Code/drivers_config/mss_ace/ace_config.o
 .text          0x00001de0        0x0 ./MicroSemi_Code/drivers/mss_uart/mss_uart.o
 .text.NVIC_EnableIRQ
                0x00001de0       0x38 ./MicroSemi_Code/drivers/mss_uart/mss_uart.o
 .text.NVIC_DisableIRQ
                0x00001e18       0x3c ./MicroSemi_Code/drivers/mss_uart/mss_uart.o
 .text.NVIC_ClearPendingIRQ
                0x00001e54       0x3c ./MicroSemi_Code/drivers/mss_uart/mss_uart.o
 .text.MSS_UART_init
                0x00001e90      0x204 ./MicroSemi_Code/drivers/mss_uart/mss_uart.o
                0x00001e90                MSS_UART_init
 .text.MSS_UART_polled_tx
                0x00002094       0xe4 ./MicroSemi_Code/drivers/mss_uart/mss_uart.o
                0x00002094                MSS_UART_polled_tx
 .text.MSS_UART_polled_tx_string
                0x00002178       0xd0 ./MicroSemi_Code/drivers/mss_uart/mss_uart.o
                0x00002178                MSS_UART_polled_tx_string
 .text.MSS_UART_irq_tx
                0x00002248       0xb0 ./MicroSemi_Code/drivers/mss_uart/mss_uart.o
                0x00002248                MSS_UART_irq_tx
 .text.MSS_UART_tx_complete
                0x000022f8       0x90 ./MicroSemi_Code/drivers/mss_uart/mss_uart.o
                0x000022f8                MSS_UART_tx_complete
 .text.MSS_UART_get_rx
                0x00002388       0xdc ./MicroSemi_Code/drivers/mss_uart/mss_uart.o
                0x00002388                MSS_UART_get_rx
 .text.MSS_UART_enable_irq
                0x00002464       0x7c ./MicroSemi_Code/drivers/mss_uart/mss_uart.o
                0x00002464                MSS_UART_enable_irq
 .text.MSS_UART_disable_irq
                0x000024e0       0x88 ./MicroSemi_Code/drivers/mss_uart/mss_uart.o
                0x000024e0                MSS_UART_disable_irq
 .text.MSS_UART_isr
                0x00002568      0x11c ./MicroSemi_Code/drivers/mss_uart/mss_uart.o
 .text.default_tx_handler
                0x00002684      0x108 ./MicroSemi_Code/drivers/mss_uart/mss_uart.o
 .text.MSS_UART_set_rx_handler
                0x0000278c       0xa8 ./MicroSemi_Code/drivers/mss_uart/mss_uart.o
                0x0000278c                MSS_UART_set_rx_handler
 .text.MSS_UART_set_loopback
                0x00002834       0x70 ./MicroSemi_Code/drivers/mss_uart/mss_uart.o
                0x00002834                MSS_UART_set_loopback
 .text.UART0_IRQHandler
                0x000028a4       0x2c ./MicroSemi_Code/drivers/mss_uart/mss_uart.o
                0x000028a4                UART0_IRQHandler
 .text.UART1_IRQHandler
                0x000028d0       0x2c ./MicroSemi_Code/drivers/mss_uart/mss_uart.o
                0x000028d0                UART1_IRQHandler
 .text.MSS_UART_set_rxstatus_handler
                0x000028fc       0x84 ./MicroSemi_Code/drivers/mss_uart/mss_uart.o
                0x000028fc                MSS_UART_set_rxstatus_handler
 .text.MSS_UART_set_tx_handler
                0x00002980       0x94 ./MicroSemi_Code/drivers/mss_uart/mss_uart.o
                0x00002980                MSS_UART_set_tx_handler
 .text.MSS_UART_set_modemstatus_handler
                0x00002a14       0x84 ./MicroSemi_Code/drivers/mss_uart/mss_uart.o
                0x00002a14                MSS_UART_set_modemstatus_handler
 .text.MSS_UART_fill_tx_fifo
                0x00002a98       0xd4 ./MicroSemi_Code/drivers/mss_uart/mss_uart.o
                0x00002a98                MSS_UART_fill_tx_fifo
 .text.MSS_UART_get_rx_status
                0x00002b6c       0x80 ./MicroSemi_Code/drivers/mss_uart/mss_uart.o
                0x00002b6c                MSS_UART_get_rx_status
 .text.MSS_UART_get_modem_status
                0x00002bec       0x60 ./MicroSemi_Code/drivers/mss_uart/mss_uart.o
                0x00002bec                MSS_UART_get_modem_status
 .text.MSS_UART_get_tx_status
                0x00002c4c       0x78 ./MicroSemi_Code/drivers/mss_uart/mss_uart.o
                0x00002c4c                MSS_UART_get_tx_status
 .text          0x00002cc4        0x0 ./MicroSemi_Code/drivers/mss_i2c/mss_i2c.o
 .text.NVIC_EnableIRQ
                0x00002cc4       0x38 ./MicroSemi_Code/drivers/mss_i2c/mss_i2c.o
 .text.NVIC_DisableIRQ
                0x00002cfc       0x3c ./MicroSemi_Code/drivers/mss_i2c/mss_i2c.o
 .text.NVIC_ClearPendingIRQ
                0x00002d38       0x3c ./MicroSemi_Code/drivers/mss_i2c/mss_i2c.o
 .text.MSS_I2C_init
                0x00002d74      0x16c ./MicroSemi_Code/drivers/mss_i2c/mss_i2c.o
                0x00002d74                MSS_I2C_init
 .text.MSS_I2C_write
                0x00002ee0       0xf4 ./MicroSemi_Code/drivers/mss_i2c/mss_i2c.o
                0x00002ee0                MSS_I2C_write
 .text.MSS_I2C_read
                0x00002fd4       0xf4 ./MicroSemi_Code/drivers/mss_i2c/mss_i2c.o
                0x00002fd4                MSS_I2C_read
 .text.MSS_I2C_write_read
                0x000030c8      0x134 ./MicroSemi_Code/drivers/mss_i2c/mss_i2c.o
                0x000030c8                MSS_I2C_write_read
 .text.MSS_I2C_get_status
                0x000031fc       0x3c ./MicroSemi_Code/drivers/mss_i2c/mss_i2c.o
                0x000031fc                MSS_I2C_get_status
 .text.MSS_I2C_wait_complete
                0x00003238       0x4c ./MicroSemi_Code/drivers/mss_i2c/mss_i2c.o
                0x00003238                MSS_I2C_wait_complete
 .text.MSS_I2C_system_tick
                0x00003284       0x5c ./MicroSemi_Code/drivers/mss_i2c/mss_i2c.o
                0x00003284                MSS_I2C_system_tick
 .text.MSS_I2C_set_slave_tx_buffer
                0x000032e0       0x58 ./MicroSemi_Code/drivers/mss_i2c/mss_i2c.o
                0x000032e0                MSS_I2C_set_slave_tx_buffer
 .text.MSS_I2C_set_slave_rx_buffer
                0x00003338       0x58 ./MicroSemi_Code/drivers/mss_i2c/mss_i2c.o
                0x00003338                MSS_I2C_set_slave_rx_buffer
 .text.MSS_I2C_set_slave_mem_offset_length
                0x00003390       0x54 ./MicroSemi_Code/drivers/mss_i2c/mss_i2c.o
                0x00003390                MSS_I2C_set_slave_mem_offset_length
 .text.MSS_I2C_register_write_handler
                0x000033e4       0x38 ./MicroSemi_Code/drivers/mss_i2c/mss_i2c.o
                0x000033e4                MSS_I2C_register_write_handler
 .text.MSS_I2C_enable_slave
                0x0000341c       0x5c ./MicroSemi_Code/drivers/mss_i2c/mss_i2c.o
                0x0000341c                MSS_I2C_enable_slave
 .text.MSS_I2C_disable_slave
                0x00003478       0x50 ./MicroSemi_Code/drivers/mss_i2c/mss_i2c.o
                0x00003478                MSS_I2C_disable_slave
 .text.enable_slave_if_required
                0x000034c8       0x28 ./MicroSemi_Code/drivers/mss_i2c/mss_i2c.o
 .text.mss_i2c_isr
                0x000034f0      0x8f4 ./MicroSemi_Code/drivers/mss_i2c/mss_i2c.o
 .text.MSS_I2C_smbus_init
                0x00003de4       0x28 ./MicroSemi_Code/drivers/mss_i2c/mss_i2c.o
                0x00003de4                MSS_I2C_smbus_init
 .text.MSS_I2C_enable_smbus_irq
                0x00003e0c       0xe4 ./MicroSemi_Code/drivers/mss_i2c/mss_i2c.o
                0x00003e0c                MSS_I2C_enable_smbus_irq
 .text.MSS_I2C_disable_smbus_irq
                0x00003ef0       0xc4 ./MicroSemi_Code/drivers/mss_i2c/mss_i2c.o
                0x00003ef0                MSS_I2C_disable_smbus_irq
 .text.MSS_I2C_suspend_smbus_slave
                0x00003fb4       0x20 ./MicroSemi_Code/drivers/mss_i2c/mss_i2c.o
                0x00003fb4                MSS_I2C_suspend_smbus_slave
 .text.MSS_I2C_resume_smbus_slave
                0x00003fd4       0x20 ./MicroSemi_Code/drivers/mss_i2c/mss_i2c.o
                0x00003fd4                MSS_I2C_resume_smbus_slave
 .text.MSS_I2C_reset_smbus
                0x00003ff4       0x20 ./MicroSemi_Code/drivers/mss_i2c/mss_i2c.o
                0x00003ff4                MSS_I2C_reset_smbus
 .text.MSS_I2C_set_smbus_alert
                0x00004014       0x20 ./MicroSemi_Code/drivers/mss_i2c/mss_i2c.o
                0x00004014                MSS_I2C_set_smbus_alert
 .text.MSS_I2C_clear_smbus_alert
                0x00004034       0x20 ./MicroSemi_Code/drivers/mss_i2c/mss_i2c.o
                0x00004034                MSS_I2C_clear_smbus_alert
 .text.MSS_I2C_set_gca
                0x00004054       0x20 ./MicroSemi_Code/drivers/mss_i2c/mss_i2c.o
                0x00004054                MSS_I2C_set_gca
 .text.MSS_I2C_clear_gca
                0x00004074       0x20 ./MicroSemi_Code/drivers/mss_i2c/mss_i2c.o
                0x00004074                MSS_I2C_clear_gca
 .text.MSS_I2C_set_user_data
                0x00004094       0x1c ./MicroSemi_Code/drivers/mss_i2c/mss_i2c.o
                0x00004094                MSS_I2C_set_user_data
 .text.MSS_I2C_get_user_data
                0x000040b0       0x18 ./MicroSemi_Code/drivers/mss_i2c/mss_i2c.o
                0x000040b0                MSS_I2C_get_user_data
 .text.disable_interrupts
                0x000040c8       0x24 ./MicroSemi_Code/drivers/mss_i2c/mss_i2c.o
 .text.restore_interrupts
                0x000040ec       0x18 ./MicroSemi_Code/drivers/mss_i2c/mss_i2c.o
 .text.I2C0_IRQHandler
                0x00004104       0x2c ./MicroSemi_Code/drivers/mss_i2c/mss_i2c.o
                0x00004104                I2C0_IRQHandler
 .text.I2C1_IRQHandler
                0x00004130       0x2c ./MicroSemi_Code/drivers/mss_i2c/mss_i2c.o
                0x00004130                I2C1_IRQHandler
 .text          0x0000415c        0x0 ./MicroSemi_Code/drivers/mss_gpio/mss_gpio.o
 .text.NVIC_EnableIRQ
                0x0000415c       0x38 ./MicroSemi_Code/drivers/mss_gpio/mss_gpio.o
 .text.NVIC_ClearPendingIRQ
                0x00004194       0x3c ./MicroSemi_Code/drivers/mss_gpio/mss_gpio.o
 .text.MSS_GPIO_init
                0x000041d0       0x6c ./MicroSemi_Code/drivers/mss_gpio/mss_gpio.o
                0x000041d0                MSS_GPIO_init
 .text.MSS_GPIO_config
                0x0000423c       0x3c ./MicroSemi_Code/drivers/mss_gpio/mss_gpio.o
                0x0000423c                MSS_GPIO_config
 .text.MSS_GPIO_set_output
                0x00004278       0x40 ./MicroSemi_Code/drivers/mss_gpio/mss_gpio.o
                0x00004278                MSS_GPIO_set_output
 .text.MSS_GPIO_drive_inout
                0x000042b8      0x128 ./MicroSemi_Code/drivers/mss_gpio/mss_gpio.o
                0x000042b8                MSS_GPIO_drive_inout
 .text.MSS_GPIO_enable_irq
                0x000043e0       0x64 ./MicroSemi_Code/drivers/mss_gpio/mss_gpio.o
                0x000043e0                MSS_GPIO_enable_irq
 .text.MSS_GPIO_disable_irq
                0x00004444       0x50 ./MicroSemi_Code/drivers/mss_gpio/mss_gpio.o
                0x00004444                MSS_GPIO_disable_irq
 .text.MSS_GPIO_clear_irq
                0x00004494       0x50 ./MicroSemi_Code/drivers/mss_gpio/mss_gpio.o
                0x00004494                MSS_GPIO_clear_irq
 .text          0x000044e4        0x0 ./MicroSemi_Code/drivers/mss_ethernet_mac/crc32.o
 .text.mss_mac_crc32
                0x000044e4       0x60 ./MicroSemi_Code/drivers/mss_ethernet_mac/crc32.o
                0x000044e4                mss_mac_crc32
 .text.mss_ethernet_crc
                0x00004544       0x24 ./MicroSemi_Code/drivers/mss_ethernet_mac/crc32.o
                0x00004544                mss_ethernet_crc
 .text          0x00004568        0x0 ./MicroSemi_Code/drivers/mss_ethernet_mac/mss_ethernet_mac.o
 .text.MSS_MAC_init
                0x00004568      0x358 ./MicroSemi_Code/drivers/mss_ethernet_mac/mss_ethernet_mac.o
                0x00004568                MSS_MAC_init
 .text.MSS_MAC_configure
                0x000048c0      0x248 ./MicroSemi_Code/drivers/mss_ethernet_mac/mss_ethernet_mac.o
                0x000048c0                MSS_MAC_configure
 .text.MSS_MAC_get_configuration
                0x00004b08      0x144 ./MicroSemi_Code/drivers/mss_ethernet_mac/mss_ethernet_mac.o
                0x00004b08                MSS_MAC_get_configuration
 .text.MSS_MAC_tx_packet
                0x00004c4c      0x544 ./MicroSemi_Code/drivers/mss_ethernet_mac/mss_ethernet_mac.o
                0x00004c4c                MSS_MAC_tx_packet
 .text.MSS_MAC_rx_pckt_size
                0x00005190       0x74 ./MicroSemi_Code/drivers/mss_ethernet_mac/mss_ethernet_mac.o
                0x00005190                MSS_MAC_rx_pckt_size
 .text.MSS_MAC_rx_packet
                0x00005204       0xf0 ./MicroSemi_Code/drivers/mss_ethernet_mac/mss_ethernet_mac.o
                0x00005204                MSS_MAC_rx_packet
 .text.MSS_MAC_rx_packet_ptrset
                0x000052f4      0x134 ./MicroSemi_Code/drivers/mss_ethernet_mac/mss_ethernet_mac.o
                0x000052f4                MSS_MAC_rx_packet_ptrset
 .text.MSS_MAC_link_status
                0x00005428       0x30 ./MicroSemi_Code/drivers/mss_ethernet_mac/mss_ethernet_mac.o
                0x00005428                MSS_MAC_link_status
 .text.MSS_MAC_auto_setup_link
                0x00005458       0xd0 ./MicroSemi_Code/drivers/mss_ethernet_mac/mss_ethernet_mac.o
                0x00005458                MSS_MAC_auto_setup_link
 .text.MSS_MAC_set_mac_address
                0x00005528       0xa4 ./MicroSemi_Code/drivers/mss_ethernet_mac/mss_ethernet_mac.o
                0x00005528                MSS_MAC_set_mac_address
 .text.MSS_MAC_get_mac_address
                0x000055cc       0x20 ./MicroSemi_Code/drivers/mss_ethernet_mac/mss_ethernet_mac.o
                0x000055cc                MSS_MAC_get_mac_address
 .text.MSS_MAC_set_mac_filters
                0x000055ec      0x1b8 ./MicroSemi_Code/drivers/mss_ethernet_mac/mss_ethernet_mac.o
                0x000055ec                MSS_MAC_set_mac_filters
 .text.EthernetMAC_IRQHandler
                0x000057a4      0x13c ./MicroSemi_Code/drivers/mss_ethernet_mac/mss_ethernet_mac.o
                0x000057a4                EthernetMAC_IRQHandler
 .text.MSS_MAC_set_callback
                0x000058e0       0x70 ./MicroSemi_Code/drivers/mss_ethernet_mac/mss_ethernet_mac.o
                0x000058e0                MSS_MAC_set_callback
 .text.MSS_MAC_last_error
                0x00005950       0x54 ./MicroSemi_Code/drivers/mss_ethernet_mac/mss_ethernet_mac.o
                0x00005950                MSS_MAC_last_error
 .text.MSS_MAC_get_statistics
                0x000059a4      0x2b4 ./MicroSemi_Code/drivers/mss_ethernet_mac/mss_ethernet_mac.o
                0x000059a4                MSS_MAC_get_statistics
 .text.MSS_MAC_prepare_rx_descriptor
                0x00005c58      0x428 ./MicroSemi_Code/drivers/mss_ethernet_mac/mss_ethernet_mac.o
                0x00005c58                MSS_MAC_prepare_rx_descriptor
 .text.MAC_send_setup_frame
                0x00006080      0x36c ./MicroSemi_Code/drivers/mss_ethernet_mac/mss_ethernet_mac.o
 .text.MAC_stop_transmission
                0x000063ec       0x60 ./MicroSemi_Code/drivers/mss_ethernet_mac/mss_ethernet_mac.o
 .text.MAC_start_transmission
                0x0000644c       0x1c ./MicroSemi_Code/drivers/mss_ethernet_mac/mss_ethernet_mac.o
 .text.MAC_stop_receiving
                0x00006468       0x60 ./MicroSemi_Code/drivers/mss_ethernet_mac/mss_ethernet_mac.o
 .text.MAC_start_receiving
                0x000064c8       0x1c ./MicroSemi_Code/drivers/mss_ethernet_mac/mss_ethernet_mac.o
 .text.MAC_dismiss_bad_frames
                0x000064e4       0xa4 ./MicroSemi_Code/drivers/mss_ethernet_mac/mss_ethernet_mac.o
 .text.MAC_set_time_out
                0x00006588       0x50 ./MicroSemi_Code/drivers/mss_ethernet_mac/mss_ethernet_mac.o
 .text.MAC_get_time_out
                0x000065d8       0xf4 ./MicroSemi_Code/drivers/mss_ethernet_mac/mss_ethernet_mac.o
 .text.MAC_memset
                0x000066cc       0x38 ./MicroSemi_Code/drivers/mss_ethernet_mac/mss_ethernet_mac.o
 .text.MAC_memset_All
                0x00006704      0x448 ./MicroSemi_Code/drivers/mss_ethernet_mac/mss_ethernet_mac.o
 .text.MAC_memcpy
                0x00006b4c       0x3c ./MicroSemi_Code/drivers/mss_ethernet_mac/mss_ethernet_mac.o
 .text.MSS_MAC_FreeTxBuffers
                0x00006b88       0x88 ./MicroSemi_Code/drivers/mss_ethernet_mac/mss_ethernet_mac.o
                0x00006b88                MSS_MAC_FreeTxBuffers
 .text.MAC_obtain_buffer
                0x00006c10      0x178 ./MicroSemi_Code/drivers/mss_ethernet_mac/mss_ethernet_mac.o
 .text.MAC_release_buffer
                0x00006d88       0x70 ./MicroSemi_Code/drivers/mss_ethernet_mac/mss_ethernet_mac.o
 .text          0x00006df8        0x0 ./MicroSemi_Code/drivers/mss_ethernet_mac/phy.o
 .text.MDIO_management_clock
                0x00006df8       0x38 ./MicroSemi_Code/drivers/mss_ethernet_mac/phy.o
 .text.MDIO_send_cmd
                0x00006e30      0x100 ./MicroSemi_Code/drivers/mss_ethernet_mac/phy.o
 .text.MDIO_read
                0x00006f30       0x70 ./MicroSemi_Code/drivers/mss_ethernet_mac/phy.o
 .text.MDIO_write
                0x00006fa0       0x74 ./MicroSemi_Code/drivers/mss_ethernet_mac/phy.o
 .text.PHY_probe
                0x00007014       0x84 ./MicroSemi_Code/drivers/mss_ethernet_mac/phy.o
                0x00007014                PHY_probe
 .text.PHY_reset
                0x00007098       0x20 ./MicroSemi_Code/drivers/mss_ethernet_mac/phy.o
                0x00007098                PHY_reset
 .text.PHY_auto_negotiate
                0x000070b8       0x50 ./MicroSemi_Code/drivers/mss_ethernet_mac/phy.o
                0x000070b8                PHY_auto_negotiate
 .text.PHY_link_status
                0x00007108       0x30 ./MicroSemi_Code/drivers/mss_ethernet_mac/phy.o
                0x00007108                PHY_link_status
 .text.PHY_link_type
                0x00007138       0x48 ./MicroSemi_Code/drivers/mss_ethernet_mac/phy.o
                0x00007138                PHY_link_type
 .text.PHY_set_link_type
                0x00007180       0x58 ./MicroSemi_Code/drivers/mss_ethernet_mac/phy.o
                0x00007180                PHY_set_link_type
 .text.PHY_set_loopback
                0x000071d8       0x58 ./MicroSemi_Code/drivers/mss_ethernet_mac/phy.o
                0x000071d8                PHY_set_loopback
 .text          0x00007230        0x0 ./MicroSemi_Code/drivers/mss_ace/ace_convert.o
 .text.ACE_get_channel_type
                0x00007230       0x44 ./MicroSemi_Code/drivers/mss_ace/ace_convert.o
                0x00007230                ACE_get_channel_type
 .text.ACE_convert_adc_input_to_mV
                0x00007274       0x64 ./MicroSemi_Code/drivers/mss_ace/ace_convert.o
                0x00007274                ACE_convert_adc_input_to_mV
 .text.ace_init_convert
                0x000072d8      0x1b4 ./MicroSemi_Code/drivers/mss_ace/ace_convert.o
                0x000072d8                ace_init_convert
 .text.ACE_convert_to_mV
                0x0000748c      0x100 ./MicroSemi_Code/drivers/mss_ace/ace_convert.o
                0x0000748c                ACE_convert_to_mV
 .text.ACE_convert_to_mA
                0x0000758c       0xb4 ./MicroSemi_Code/drivers/mss_ace/ace_convert.o
                0x0000758c                ACE_convert_to_mA
 .text.ACE_convert_to_uA
                0x00007640       0xb0 ./MicroSemi_Code/drivers/mss_ace/ace_convert.o
                0x00007640                ACE_convert_to_uA
 .text.ACE_convert_to_Kelvin
                0x000076f0       0x4c ./MicroSemi_Code/drivers/mss_ace/ace_convert.o
                0x000076f0                ACE_convert_to_Kelvin
 .text.ACE_convert_to_Celsius
                0x0000773c       0x3c ./MicroSemi_Code/drivers/mss_ace/ace_convert.o
                0x0000773c                ACE_convert_to_Celsius
 .text.ACE_convert_to_Fahrenheit
                0x00007778       0x58 ./MicroSemi_Code/drivers/mss_ace/ace_convert.o
                0x00007778                ACE_convert_to_Fahrenheit
 .text.ACE_get_channel_name
                0x000077d0       0x38 ./MicroSemi_Code/drivers/mss_ace/ace_convert.o
                0x000077d0                ACE_get_channel_name
 .text.ACE_convert_mV_to_adc_value
                0x00007808       0xa0 ./MicroSemi_Code/drivers/mss_ace/ace_convert.o
                0x00007808                ACE_convert_mV_to_adc_value
 .text.convert_mV_to_ppe_value
                0x000078a8       0x7c ./MicroSemi_Code/drivers/mss_ace/ace_convert.o
 .text.ACE_convert_from_mV
                0x00007924      0x110 ./MicroSemi_Code/drivers/mss_ace/ace_convert.o
                0x00007924                ACE_convert_from_mV
 .text.ACE_convert_from_mA
                0x00007a34       0xc4 ./MicroSemi_Code/drivers/mss_ace/ace_convert.o
                0x00007a34                ACE_convert_from_mA
 .text.ACE_convert_from_uA
                0x00007af8       0xc4 ./MicroSemi_Code/drivers/mss_ace/ace_convert.o
                0x00007af8                ACE_convert_from_uA
 .text.ACE_convert_from_Kelvin
                0x00007bbc       0x58 ./MicroSemi_Code/drivers/mss_ace/ace_convert.o
                0x00007bbc                ACE_convert_from_Kelvin
 .text.ACE_convert_from_Celsius
                0x00007c14       0x4c ./MicroSemi_Code/drivers/mss_ace/ace_convert.o
                0x00007c14                ACE_convert_from_Celsius
 .text.ACE_convert_from_Fahrenheit
                0x00007c60       0x64 ./MicroSemi_Code/drivers/mss_ace/ace_convert.o
                0x00007c60                ACE_convert_from_Fahrenheit
 .text.ACE_translate_pdma_value
                0x00007cc4       0x34 ./MicroSemi_Code/drivers/mss_ace/ace_convert.o
                0x00007cc4                ACE_translate_pdma_value
 .text          0x00007cf8        0x0 ./MicroSemi_Code/drivers/mss_ace/ace_flags.o
 .text.NVIC_ClearPendingIRQ
                0x00007cf8       0x3c ./MicroSemi_Code/drivers/mss_ace/ace_flags.o
 .text.ace_init_flags
                0x00007d34        0xc ./MicroSemi_Code/drivers/mss_ace/ace_flags.o
                0x00007d34                ace_init_flags
 .text.ACE_is_hysteresis_flag
                0x00007d40       0x20 ./MicroSemi_Code/drivers/mss_ace/ace_flags.o
                0x00007d40                ACE_is_hysteresis_flag
 .text.ACE_is_under_flag
                0x00007d60       0x20 ./MicroSemi_Code/drivers/mss_ace/ace_flags.o
                0x00007d60                ACE_is_under_flag
 .text.ACE_set_flag_threshold
                0x00007d80       0x18 ./MicroSemi_Code/drivers/mss_ace/ace_flags.o
                0x00007d80                ACE_set_flag_threshold
 .text.ACE_set_flag_assertion
                0x00007d98       0x18 ./MicroSemi_Code/drivers/mss_ace/ace_flags.o
                0x00007d98                ACE_set_flag_assertion
 .text.ACE_set_flag_deassertion
                0x00007db0       0x18 ./MicroSemi_Code/drivers/mss_ace/ace_flags.o
                0x00007db0                ACE_set_flag_deassertion
 .text.ACE_set_flag_hysteresis
                0x00007dc8       0x18 ./MicroSemi_Code/drivers/mss_ace/ace_flags.o
                0x00007dc8                ACE_set_flag_hysteresis
 .text.ACE_set_channel_hysteresis
                0x00007de0       0x18 ./MicroSemi_Code/drivers/mss_ace/ace_flags.o
                0x00007de0                ACE_set_channel_hysteresis
 .text.ACE_get_flag_handle
                0x00007df8       0x1c ./MicroSemi_Code/drivers/mss_ace/ace_flags.o
                0x00007df8                ACE_get_flag_handle
 .text.ACE_get_flag_status
                0x00007e14       0x20 ./MicroSemi_Code/drivers/mss_ace/ace_flags.o
                0x00007e14                ACE_get_flag_status
 .text.ACE_get_flag_name
                0x00007e34       0x20 ./MicroSemi_Code/drivers/mss_ace/ace_flags.o
                0x00007e34                ACE_get_flag_name
 .text.ACE_get_flag_channel
                0x00007e54       0x20 ./MicroSemi_Code/drivers/mss_ace/ace_flags.o
                0x00007e54                ACE_get_flag_channel
 .text.ACE_get_channel_flag_count
                0x00007e74       0x20 ./MicroSemi_Code/drivers/mss_ace/ace_flags.o
                0x00007e74                ACE_get_channel_flag_count
 .text.ACE_get_channel_first_flag
                0x00007e94       0x20 ./MicroSemi_Code/drivers/mss_ace/ace_flags.o
                0x00007e94                ACE_get_channel_first_flag
 .text.ACE_get_channel_next_flag
                0x00007eb4       0x20 ./MicroSemi_Code/drivers/mss_ace/ace_flags.o
                0x00007eb4                ACE_get_channel_next_flag
 .text.ACE_enable_channel_flags_irq
                0x00007ed4       0x14 ./MicroSemi_Code/drivers/mss_ace/ace_flags.o
                0x00007ed4                ACE_enable_channel_flags_irq
 .text.ACE_disable_channel_flags_irq
                0x00007ee8       0x14 ./MicroSemi_Code/drivers/mss_ace/ace_flags.o
                0x00007ee8                ACE_disable_channel_flags_irq
 .text.ACE_clear_channel_flags_irq
                0x00007efc       0x14 ./MicroSemi_Code/drivers/mss_ace/ace_flags.o
                0x00007efc                ACE_clear_channel_flags_irq
 .text.ACE_enable_flag_irq
                0x00007f10       0x14 ./MicroSemi_Code/drivers/mss_ace/ace_flags.o
                0x00007f10                ACE_enable_flag_irq
 .text.ACE_disable_flag_irq
                0x00007f24       0x14 ./MicroSemi_Code/drivers/mss_ace/ace_flags.o
                0x00007f24                ACE_disable_flag_irq
 .text.ACE_clear_flag_irq
                0x00007f38       0x14 ./MicroSemi_Code/drivers/mss_ace/ace_flags.o
                0x00007f38                ACE_clear_flag_irq
 .text.ACE_register_flag_isr
                0x00007f4c       0x18 ./MicroSemi_Code/drivers/mss_ace/ace_flags.o
                0x00007f4c                ACE_register_flag_isr
 .text.ACE_register_channel_flags_isr
                0x00007f64       0x18 ./MicroSemi_Code/drivers/mss_ace/ace_flags.o
                0x00007f64                ACE_register_channel_flags_isr
 .text.ACE_register_global_flags_isr
                0x00007f7c       0x14 ./MicroSemi_Code/drivers/mss_ace/ace_flags.o
                0x00007f7c                ACE_register_global_flags_isr
 .text.process_flag_irq
                0x00007f90       0x14 ./MicroSemi_Code/drivers/mss_ace/ace_flags.o
 .text.ACE_PPE_Flag0_IRQHandler
                0x00007fa4       0x28 ./MicroSemi_Code/drivers/mss_ace/ace_flags.o
                0x00007fa4                ACE_PPE_Flag0_IRQHandler
 .text.ACE_PPE_Flag1_IRQHandler
                0x00007fcc       0x28 ./MicroSemi_Code/drivers/mss_ace/ace_flags.o
                0x00007fcc                ACE_PPE_Flag1_IRQHandler
 .text.ACE_PPE_Flag2_IRQHandler
                0x00007ff4       0x28 ./MicroSemi_Code/drivers/mss_ace/ace_flags.o
                0x00007ff4                ACE_PPE_Flag2_IRQHandler
 .text.ACE_PPE_Flag3_IRQHandler
                0x0000801c       0x28 ./MicroSemi_Code/drivers/mss_ace/ace_flags.o
                0x0000801c                ACE_PPE_Flag3_IRQHandler
 .text.ACE_PPE_Flag4_IRQHandler
                0x00008044       0x28 ./MicroSemi_Code/drivers/mss_ace/ace_flags.o
                0x00008044                ACE_PPE_Flag4_IRQHandler
 .text.ACE_PPE_Flag5_IRQHandler
                0x0000806c       0x28 ./MicroSemi_Code/drivers/mss_ace/ace_flags.o
                0x0000806c                ACE_PPE_Flag5_IRQHandler
 .text.ACE_PPE_Flag6_IRQHandler
                0x00008094       0x28 ./MicroSemi_Code/drivers/mss_ace/ace_flags.o
                0x00008094                ACE_PPE_Flag6_IRQHandler
 .text.ACE_PPE_Flag7_IRQHandler
                0x000080bc       0x28 ./MicroSemi_Code/drivers/mss_ace/ace_flags.o
                0x000080bc                ACE_PPE_Flag7_IRQHandler
 .text.ACE_PPE_Flag8_IRQHandler
                0x000080e4       0x28 ./MicroSemi_Code/drivers/mss_ace/ace_flags.o
                0x000080e4                ACE_PPE_Flag8_IRQHandler
 .text.ACE_PPE_Flag9_IRQHandler
                0x0000810c       0x28 ./MicroSemi_Code/drivers/mss_ace/ace_flags.o
                0x0000810c                ACE_PPE_Flag9_IRQHandler
 .text.ACE_PPE_Flag10_IRQHandler
                0x00008134       0x28 ./MicroSemi_Code/drivers/mss_ace/ace_flags.o
                0x00008134                ACE_PPE_Flag10_IRQHandler
 .text.ACE_PPE_Flag11_IRQHandler
                0x0000815c       0x28 ./MicroSemi_Code/drivers/mss_ace/ace_flags.o
                0x0000815c                ACE_PPE_Flag11_IRQHandler
 .text.ACE_PPE_Flag12_IRQHandler
                0x00008184       0x28 ./MicroSemi_Code/drivers/mss_ace/ace_flags.o
                0x00008184                ACE_PPE_Flag12_IRQHandler
 .text.ACE_PPE_Flag13_IRQHandler
                0x000081ac       0x28 ./MicroSemi_Code/drivers/mss_ace/ace_flags.o
                0x000081ac                ACE_PPE_Flag13_IRQHandler
 .text.ACE_PPE_Flag14_IRQHandler
                0x000081d4       0x28 ./MicroSemi_Code/drivers/mss_ace/ace_flags.o
                0x000081d4                ACE_PPE_Flag14_IRQHandler
 .text.ACE_PPE_Flag15_IRQHandler
                0x000081fc       0x28 ./MicroSemi_Code/drivers/mss_ace/ace_flags.o
                0x000081fc                ACE_PPE_Flag15_IRQHandler
 .text.ACE_PPE_Flag16_IRQHandler
                0x00008224       0x28 ./MicroSemi_Code/drivers/mss_ace/ace_flags.o
                0x00008224                ACE_PPE_Flag16_IRQHandler
 .text.ACE_PPE_Flag17_IRQHandler
                0x0000824c       0x28 ./MicroSemi_Code/drivers/mss_ace/ace_flags.o
                0x0000824c                ACE_PPE_Flag17_IRQHandler
 .text.ACE_PPE_Flag18_IRQHandler
                0x00008274       0x28 ./MicroSemi_Code/drivers/mss_ace/ace_flags.o
                0x00008274                ACE_PPE_Flag18_IRQHandler
 .text.ACE_PPE_Flag19_IRQHandler
                0x0000829c       0x28 ./MicroSemi_Code/drivers/mss_ace/ace_flags.o
                0x0000829c                ACE_PPE_Flag19_IRQHandler
 .text.ACE_PPE_Flag20_IRQHandler
                0x000082c4       0x28 ./MicroSemi_Code/drivers/mss_ace/ace_flags.o
                0x000082c4                ACE_PPE_Flag20_IRQHandler
 .text.ACE_PPE_Flag21_IRQHandler
                0x000082ec       0x28 ./MicroSemi_Code/drivers/mss_ace/ace_flags.o
                0x000082ec                ACE_PPE_Flag21_IRQHandler
 .text.ACE_PPE_Flag22_IRQHandler
                0x00008314       0x28 ./MicroSemi_Code/drivers/mss_ace/ace_flags.o
                0x00008314                ACE_PPE_Flag22_IRQHandler
 .text.ACE_PPE_Flag23_IRQHandler
                0x0000833c       0x28 ./MicroSemi_Code/drivers/mss_ace/ace_flags.o
                0x0000833c                ACE_PPE_Flag23_IRQHandler
 .text.ACE_PPE_Flag24_IRQHandler
                0x00008364       0x28 ./MicroSemi_Code/drivers/mss_ace/ace_flags.o
                0x00008364                ACE_PPE_Flag24_IRQHandler
 .text.ACE_PPE_Flag25_IRQHandler
                0x0000838c       0x28 ./MicroSemi_Code/drivers/mss_ace/ace_flags.o
                0x0000838c                ACE_PPE_Flag25_IRQHandler
 .text.ACE_PPE_Flag26_IRQHandler
                0x000083b4       0x28 ./MicroSemi_Code/drivers/mss_ace/ace_flags.o
                0x000083b4                ACE_PPE_Flag26_IRQHandler
 .text.ACE_PPE_Flag27_IRQHandler
                0x000083dc       0x28 ./MicroSemi_Code/drivers/mss_ace/ace_flags.o
                0x000083dc                ACE_PPE_Flag27_IRQHandler
 .text.ACE_PPE_Flag28_IRQHandler
                0x00008404       0x28 ./MicroSemi_Code/drivers/mss_ace/ace_flags.o
                0x00008404                ACE_PPE_Flag28_IRQHandler
 .text.ACE_PPE_Flag29_IRQHandler
                0x0000842c       0x28 ./MicroSemi_Code/drivers/mss_ace/ace_flags.o
                0x0000842c                ACE_PPE_Flag29_IRQHandler
 .text.ACE_PPE_Flag30_IRQHandler
                0x00008454       0x28 ./MicroSemi_Code/drivers/mss_ace/ace_flags.o
                0x00008454                ACE_PPE_Flag30_IRQHandler
 .text.ACE_PPE_Flag31_IRQHandler
                0x0000847c       0x28 ./MicroSemi_Code/drivers/mss_ace/ace_flags.o
                0x0000847c                ACE_PPE_Flag31_IRQHandler
 .text          0x000084a4        0x0 ./MicroSemi_Code/drivers/mss_ace/ace_sse.o
 .text.ACE_get_sse_seq_handle
                0x000084a4       0x84 ./MicroSemi_Code/drivers/mss_ace/ace_sse.o
                0x000084a4                ACE_get_sse_seq_handle
 .text.ACE_load_sse
                0x00008528      0x130 ./MicroSemi_Code/drivers/mss_ace/ace_sse.o
                0x00008528                ACE_load_sse
 .text.ACE_start_sse
                0x00008658      0x140 ./MicroSemi_Code/drivers/mss_ace/ace_sse.o
                0x00008658                ACE_start_sse
 .text.ACE_restart_sse
                0x00008798      0x124 ./MicroSemi_Code/drivers/mss_ace/ace_sse.o
                0x00008798                ACE_restart_sse
 .text.ACE_stop_sse
                0x000088bc       0x54 ./MicroSemi_Code/drivers/mss_ace/ace_sse.o
                0x000088bc                ACE_stop_sse
 .text.ACE_resume_sse
                0x00008910       0x54 ./MicroSemi_Code/drivers/mss_ace/ace_sse.o
                0x00008910                ACE_resume_sse
 .text.ACE_enable_sse_irq
                0x00008964       0x48 ./MicroSemi_Code/drivers/mss_ace/ace_sse.o
                0x00008964                ACE_enable_sse_irq
 .text.ACE_disable_sse_irq
                0x000089ac       0x64 ./MicroSemi_Code/drivers/mss_ace/ace_sse.o
                0x000089ac                ACE_disable_sse_irq
 .text.ACE_clear_sse_irq
                0x00008a10       0x6c ./MicroSemi_Code/drivers/mss_ace/ace_sse.o
                0x00008a10                ACE_clear_sse_irq
 .text.ACE_clear_sample_pipeline
                0x00008a7c      0x178 ./MicroSemi_Code/drivers/mss_ace/ace_sse.o
                0x00008a7c                ACE_clear_sample_pipeline
 .text          0x00008bf4        0x0 ./MicroSemi_Code/drivers/mss_ace/ace_transform.o
 .text.ACE_get_default_m_factor
                0x00008bf4       0x30 ./MicroSemi_Code/drivers/mss_ace/ace_transform.o
                0x00008bf4                ACE_get_default_m_factor
 .text.ACE_get_default_c_offset
                0x00008c24       0x34 ./MicroSemi_Code/drivers/mss_ace/ace_transform.o
                0x00008c24                ACE_get_default_c_offset
 .text.ACE_set_linear_transform
                0x00008c58      0x17c ./MicroSemi_Code/drivers/mss_ace/ace_transform.o
                0x00008c58                ACE_set_linear_transform
 .text.extend_sign
                0x00008dd4       0x30 ./MicroSemi_Code/drivers/mss_ace/ace_transform.o
                0x00008dd4                extend_sign
 .text.adjust_to_24bit_ace_format
                0x00008e04       0x80 ./MicroSemi_Code/drivers/mss_ace/ace_transform.o
                0x00008e04                adjust_to_24bit_ace_format
 .text.adjust_to_16bit_ace_format
                0x00008e84       0x80 ./MicroSemi_Code/drivers/mss_ace/ace_transform.o
                0x00008e84                adjust_to_16bit_ace_format
 .text.get_calibration
                0x00008f04      0x380 ./MicroSemi_Code/drivers/mss_ace/ace_transform.o
                0x00008f04                get_calibration
 .text.write_transform_coefficients
                0x00009284       0xac ./MicroSemi_Code/drivers/mss_ace/ace_transform.o
                0x00009284                write_transform_coefficients
 .text          0x00009330        0x0 ./MicroSemi_Code/drivers/mss_ace/mss_ace.o
 .text.ACE_init
                0x00009330       0x10 ./MicroSemi_Code/drivers/mss_ace/mss_ace.o
                0x00009330                ACE_init
 .text.ACE_start_adc
                0x00009340       0x2c ./MicroSemi_Code/drivers/mss_ace/mss_ace.o
                0x00009340                ACE_start_adc
 .text.ACE_get_adc_result
                0x0000936c       0x64 ./MicroSemi_Code/drivers/mss_ace/mss_ace.o
                0x0000936c                ACE_get_adc_result
 .text.ACE_configure_sdd
                0x000093d0      0x1a0 ./MicroSemi_Code/drivers/mss_ace/mss_ace.o
                0x000093d0                ACE_configure_sdd
 .text.ACE_enable_sdd
                0x00009570       0x48 ./MicroSemi_Code/drivers/mss_ace/mss_ace.o
                0x00009570                ACE_enable_sdd
 .text.ACE_disable_sdd
                0x000095b8       0x48 ./MicroSemi_Code/drivers/mss_ace/mss_ace.o
                0x000095b8                ACE_disable_sdd
 .text.ACE_set_sdd_value
                0x00009600       0x4c ./MicroSemi_Code/drivers/mss_ace/mss_ace.o
                0x00009600                ACE_set_sdd_value
 .text.ACE_set_sdd_value_sync
                0x0000964c       0xd0 ./MicroSemi_Code/drivers/mss_ace/mss_ace.o
                0x0000964c                ACE_set_sdd_value_sync
 .text.ACE_set_comp_reference
                0x0000971c      0x1b4 ./MicroSemi_Code/drivers/mss_ace/mss_ace.o
                0x0000971c                ACE_set_comp_reference
 .text.ACE_set_comp_hysteresis
                0x000098d0      0x128 ./MicroSemi_Code/drivers/mss_ace/mss_ace.o
                0x000098d0                ACE_set_comp_hysteresis
 .text.ACE_enable_comp
                0x000099f8       0xfc ./MicroSemi_Code/drivers/mss_ace/mss_ace.o
                0x000099f8                ACE_enable_comp
 .text.ACE_disable_comp
                0x00009af4       0xf8 ./MicroSemi_Code/drivers/mss_ace/mss_ace.o
                0x00009af4                ACE_disable_comp
 .text.ACE_enable_comp_rise_irq
                0x00009bec       0x50 ./MicroSemi_Code/drivers/mss_ace/mss_ace.o
                0x00009bec                ACE_enable_comp_rise_irq
 .text.ACE_disable_comp_rise_irq
                0x00009c3c       0x70 ./MicroSemi_Code/drivers/mss_ace/mss_ace.o
                0x00009c3c                ACE_disable_comp_rise_irq
 .text.ACE_clear_comp_rise_irq
                0x00009cac       0x6c ./MicroSemi_Code/drivers/mss_ace/mss_ace.o
                0x00009cac                ACE_clear_comp_rise_irq
 .text.ACE_enable_comp_fall_irq
                0x00009d18       0x50 ./MicroSemi_Code/drivers/mss_ace/mss_ace.o
                0x00009d18                ACE_enable_comp_fall_irq
 .text.ACE_disable_comp_fall_irq
                0x00009d68       0x70 ./MicroSemi_Code/drivers/mss_ace/mss_ace.o
                0x00009d68                ACE_disable_comp_fall_irq
 .text.ACE_clear_comp_fall_irq
                0x00009dd8       0x6c ./MicroSemi_Code/drivers/mss_ace/mss_ace.o
                0x00009dd8                ACE_clear_comp_fall_irq
 .text.ACE_get_comp_status
                0x00009e44       0x20 ./MicroSemi_Code/drivers/mss_ace/mss_ace.o
                0x00009e44                ACE_get_comp_status
 .text.ACE_get_channel_count
                0x00009e64       0x10 ./MicroSemi_Code/drivers/mss_ace/mss_ace.o
                0x00009e64                ACE_get_channel_count
 .text.ACE_get_first_channel
                0x00009e74       0x1c ./MicroSemi_Code/drivers/mss_ace/mss_ace.o
                0x00009e74                ACE_get_first_channel
 .text.ACE_get_next_channel
                0x00009e90       0x2c ./MicroSemi_Code/drivers/mss_ace/mss_ace.o
                0x00009e90                ACE_get_next_channel
 .text.ACE_get_channel_handle
                0x00009ebc       0x74 ./MicroSemi_Code/drivers/mss_ace/mss_ace.o
                0x00009ebc                ACE_get_channel_handle
 .text.ACE_get_input_channel_handle
                0x00009f30       0x54 ./MicroSemi_Code/drivers/mss_ace/mss_ace.o
                0x00009f30                ACE_get_input_channel_handle
 .text.ACE_get_ppe_sample
                0x00009f84       0x54 ./MicroSemi_Code/drivers/mss_ace/mss_ace.o
                0x00009f84                ACE_get_ppe_sample
 .text          0x00009fd8        0x0 ./MicroSemi_Code/CMSIS/brownout_isr.o
 .text.BrownOut_1_5V_IRQHandler
                0x00009fd8       0xb0 ./MicroSemi_Code/CMSIS/brownout_isr.o
                0x00009fd8                BrownOut_1_5V_IRQHandler
 .text          0x0000a088        0x0 ./MicroSemi_Code/CMSIS/core_cm3.o
 .text.__get_PSP
                0x0000a088       0x10 ./MicroSemi_Code/CMSIS/core_cm3.o
                0x0000a088                __get_PSP
 .text.__set_PSP
                0x0000a098        0x8 ./MicroSemi_Code/CMSIS/core_cm3.o
                0x0000a098                __set_PSP
 .text.__get_MSP
                0x0000a0a0       0x10 ./MicroSemi_Code/CMSIS/core_cm3.o
                0x0000a0a0                __get_MSP
 .text.__set_MSP
                0x0000a0b0        0x8 ./MicroSemi_Code/CMSIS/core_cm3.o
                0x0000a0b0                __set_MSP
 .text.__get_BASEPRI
                0x0000a0b8       0x20 ./MicroSemi_Code/CMSIS/core_cm3.o
                0x0000a0b8                __get_BASEPRI
 .text.__set_BASEPRI
                0x0000a0d8       0x18 ./MicroSemi_Code/CMSIS/core_cm3.o
                0x0000a0d8                __set_BASEPRI
 .text.__get_PRIMASK
                0x0000a0f0       0x20 ./MicroSemi_Code/CMSIS/core_cm3.o
                0x0000a0f0                __get_PRIMASK
 .text.__set_PRIMASK
                0x0000a110       0x18 ./MicroSemi_Code/CMSIS/core_cm3.o
                0x0000a110                __set_PRIMASK
 .text.__get_FAULTMASK
                0x0000a128       0x20 ./MicroSemi_Code/CMSIS/core_cm3.o
                0x0000a128                __get_FAULTMASK
 .text.__set_FAULTMASK
                0x0000a148       0x18 ./MicroSemi_Code/CMSIS/core_cm3.o
                0x0000a148                __set_FAULTMASK
 .text.__get_CONTROL
                0x0000a160       0x20 ./MicroSemi_Code/CMSIS/core_cm3.o
                0x0000a160                __get_CONTROL
 .text.__set_CONTROL
                0x0000a180       0x18 ./MicroSemi_Code/CMSIS/core_cm3.o
                0x0000a180                __set_CONTROL
 .text.__REV    0x0000a198       0x24 ./MicroSemi_Code/CMSIS/core_cm3.o
                0x0000a198                __REV
 .text.__REV16  0x0000a1bc       0x24 ./MicroSemi_Code/CMSIS/core_cm3.o
                0x0000a1bc                __REV16
 .text.__REVSH  0x0000a1e0       0x24 ./MicroSemi_Code/CMSIS/core_cm3.o
                0x0000a1e0                __REVSH
 .text.__RBIT   0x0000a204       0x24 ./MicroSemi_Code/CMSIS/core_cm3.o
                0x0000a204                __RBIT
 .text.__LDREXB
                0x0000a228       0x24 ./MicroSemi_Code/CMSIS/core_cm3.o
                0x0000a228                __LDREXB
 .text.__LDREXH
                0x0000a24c       0x24 ./MicroSemi_Code/CMSIS/core_cm3.o
                0x0000a24c                __LDREXH
 .text.__LDREXW
                0x0000a270       0x24 ./MicroSemi_Code/CMSIS/core_cm3.o
                0x0000a270                __LDREXW
 .text.__STREXB
                0x0000a294       0x2c ./MicroSemi_Code/CMSIS/core_cm3.o
                0x0000a294                __STREXB
 .text.__STREXH
                0x0000a2c0       0x2c ./MicroSemi_Code/CMSIS/core_cm3.o
                0x0000a2c0                __STREXH
 .text.__STREXW
                0x0000a2ec       0x28 ./MicroSemi_Code/CMSIS/core_cm3.o
                0x0000a2ec                __STREXW
 .text          0x0000a314        0x0 ./MicroSemi_Code/CMSIS/system_a2fxxxm3.o
 .text.SystemInit
                0x0000a314        0xc ./MicroSemi_Code/CMSIS/system_a2fxxxm3.o
                0x0000a314                SystemInit
 .text.SystemCoreClockUpdate
                0x0000a320      0x150 ./MicroSemi_Code/CMSIS/system_a2fxxxm3.o
                0x0000a320                SystemCoreClockUpdate
 .text.GetSystemClock
                0x0000a470       0xe8 ./MicroSemi_Code/CMSIS/system_a2fxxxm3.o
 .text          0x0000a558        0x0 ./MicroSemi_Code/CMSIS/startup_gcc/newlib_stubs.o
 .text._close   0x0000a558       0x18 ./MicroSemi_Code/CMSIS/startup_gcc/newlib_stubs.o
                0x0000a558                _close
 .text._execve  0x0000a570       0x28 ./MicroSemi_Code/CMSIS/startup_gcc/newlib_stubs.o
                0x0000a570                _execve
 .text._exit    0x0000a598        0xc ./MicroSemi_Code/CMSIS/startup_gcc/newlib_stubs.o
                0x0000a598                _exit
 .text._fork    0x0000a5a4       0x18 ./MicroSemi_Code/CMSIS/startup_gcc/newlib_stubs.o
                0x0000a5a4                _fork
 .text._fstat   0x0000a5bc       0x24 ./MicroSemi_Code/CMSIS/startup_gcc/newlib_stubs.o
                0x0000a5bc                _fstat
 .text._getpid  0x0000a5e0       0x10 ./MicroSemi_Code/CMSIS/startup_gcc/newlib_stubs.o
                0x0000a5e0                _getpid
 .text._isatty  0x0000a5f0       0x18 ./MicroSemi_Code/CMSIS/startup_gcc/newlib_stubs.o
                0x0000a5f0                _isatty
 .text._kill    0x0000a608       0x24 ./MicroSemi_Code/CMSIS/startup_gcc/newlib_stubs.o
                0x0000a608                _kill
 .text._link    0x0000a62c       0x24 ./MicroSemi_Code/CMSIS/startup_gcc/newlib_stubs.o
                0x0000a62c                _link
 .text._lseek   0x0000a650       0x1c ./MicroSemi_Code/CMSIS/startup_gcc/newlib_stubs.o
                0x0000a650                _lseek
 .text._open    0x0000a66c       0x1c ./MicroSemi_Code/CMSIS/startup_gcc/newlib_stubs.o
                0x0000a66c                _open
 .text._read    0x0000a688       0x1c ./MicroSemi_Code/CMSIS/startup_gcc/newlib_stubs.o
                0x0000a688                _read
 .text._write_r
                0x0000a6a4       0x5c ./MicroSemi_Code/CMSIS/startup_gcc/newlib_stubs.o
                0x0000a6a4                _write_r
 .text._sbrk    0x0000a700       0x94 ./MicroSemi_Code/CMSIS/startup_gcc/newlib_stubs.o
                0x0000a700                _sbrk
 .text._stat    0x0000a794       0x24 ./MicroSemi_Code/CMSIS/startup_gcc/newlib_stubs.o
                0x0000a794                _stat
 .text._times   0x0000a7b8       0x18 ./MicroSemi_Code/CMSIS/startup_gcc/newlib_stubs.o
                0x0000a7b8                _times
 .text._unlink  0x0000a7d0       0x24 ./MicroSemi_Code/CMSIS/startup_gcc/newlib_stubs.o
                0x0000a7d0                _unlink
 .text._wait    0x0000a7f4       0x24 ./MicroSemi_Code/CMSIS/startup_gcc/newlib_stubs.o
                0x0000a7f4                _wait
 .text          0x0000a818        0x0 ./MicroSemi_Code/CMSIS/startup_gcc/startup_a2fxxxm3.o
 .text          0x0000a818        0x0 ./Helpers/uart_helper.o
 .text.uart_string_print
                0x0000a818       0x24 ./Helpers/uart_helper.o
                0x0000a818                uart_string_print
 .text          0x0000a83c        0x0 ./FreeTCPIP/psock.o
 .text.buf_setup
                0x0000a83c       0x24 ./FreeTCPIP/psock.o
 .text.buf_bufdata
                0x0000a860      0x11c ./FreeTCPIP/psock.o
 .text.buf_bufto
                0x0000a97c       0xa8 ./FreeTCPIP/psock.o
 .text.send_data
                0x0000aa24       0x6c ./FreeTCPIP/psock.o
 .text.data_acked
                0x0000aa90       0x88 ./FreeTCPIP/psock.o
 .text.psock_send
                0x0000ab18       0x94 ./FreeTCPIP/psock.o
                0x0000ab18                psock_send
 .text.psock_generator_send
                0x0000abac       0xb8 ./FreeTCPIP/psock.o
                0x0000abac                psock_generator_send
 .text.psock_datalen
                0x0000ac64       0x24 ./FreeTCPIP/psock.o
                0x0000ac64                psock_datalen
 .text.psock_newdata
                0x0000ac88       0x58 ./FreeTCPIP/psock.o
                0x0000ac88                psock_newdata
 .text.psock_readto
                0x0000ace0       0xc8 ./FreeTCPIP/psock.o
                0x0000ace0                psock_readto
 .text.psock_readbuf
                0x0000ada8       0xc4 ./FreeTCPIP/psock.o
                0x0000ada8                psock_readbuf
 .text.psock_init
                0x0000ae6c       0x48 ./FreeTCPIP/psock.o
                0x0000ae6c                psock_init
 .text          0x0000aeb4        0x0 ./FreeTCPIP/timer.o
 .text.timer_set
                0x0000aeb4       0x24 ./FreeTCPIP/timer.o
                0x0000aeb4                timer_set
 .text.timer_reset
                0x0000aed8       0x20 ./FreeTCPIP/timer.o
                0x0000aed8                timer_reset
 .text.timer_restart
                0x0000aef8       0x1c ./FreeTCPIP/timer.o
                0x0000aef8                timer_restart
 .text.timer_expired
                0x0000af14       0x2c ./FreeTCPIP/timer.o
                0x0000af14                timer_expired
 .text.timer_remaining
                0x0000af40       0x28 ./FreeTCPIP/timer.o
                0x0000af40                timer_remaining
 .text          0x0000af68        0x0 ./FreeTCPIP/uip.o
 .text.uip_setipid
                0x0000af68       0x20 ./FreeTCPIP/uip.o
                0x0000af68                uip_setipid
 .text.uip_add32
                0x0000af88      0x14c ./FreeTCPIP/uip.o
                0x0000af88                uip_add32
 .text.chksum   0x0000b0d4       0x98 ./FreeTCPIP/uip.o
 .text.uip_chksum
                0x0000b16c       0x30 ./FreeTCPIP/uip.o
                0x0000b16c                uip_chksum
 .text.uip_ipchksum
                0x0000b19c       0x48 ./FreeTCPIP/uip.o
                0x0000b19c                uip_ipchksum
 .text.upper_layer_chksum
                0x0000b1e4       0xa8 ./FreeTCPIP/uip.o
 .text.uip_tcpchksum
                0x0000b28c       0x14 ./FreeTCPIP/uip.o
                0x0000b28c                uip_tcpchksum
 .text.uip_udpchksum
                0x0000b2a0       0x14 ./FreeTCPIP/uip.o
                0x0000b2a0                uip_udpchksum
 .text.uip_init
                0x0000b2b4       0xcc ./FreeTCPIP/uip.o
                0x0000b2b4                uip_init
 .text.uip_connect
                0x0000b380      0x1e0 ./FreeTCPIP/uip.o
                0x0000b380                uip_connect
 .text.uip_unlisten
                0x0000b560       0x88 ./FreeTCPIP/uip.o
                0x0000b560                uip_unlisten
 .text.uip_listen
                0x0000b5e8       0x84 ./FreeTCPIP/uip.o
                0x0000b5e8                uip_listen
 .text.uip_add_rcv_nxt
                0x0000b66c       0x84 ./FreeTCPIP/uip.o
 .text.uip_process
                0x0000b6f0     0x21b0 ./FreeTCPIP/uip.o
                0x0000b6f0                uip_process
 .text.htons    0x0000d8a0       0x30 ./FreeTCPIP/uip.o
                0x0000d8a0                htons
 .text.htonl    0x0000d8d0       0x5c ./FreeTCPIP/uip.o
                0x0000d8d0                htonl
 .text.uip_send
                0x0000d92c       0x84 ./FreeTCPIP/uip.o
                0x0000d92c                uip_send
 .text          0x0000d9b0        0x0 ./FreeTCPIP/uip_arp.o
 .text.uip_arp_init
                0x0000d9b0       0x70 ./FreeTCPIP/uip_arp.o
                0x0000d9b0                uip_arp_init
 .text.uip_arp_timer
                0x0000da20       0xd4 ./FreeTCPIP/uip_arp.o
                0x0000da20                uip_arp_timer
 .text.uip_arp_update
                0x0000daf4      0x290 ./FreeTCPIP/uip_arp.o
 .text.uip_arp_arpin
                0x0000dd84      0x308 ./FreeTCPIP/uip_arp.o
                0x0000dd84                uip_arp_arpin
 .text.uip_arp_out
                0x0000e08c      0x488 ./FreeTCPIP/uip_arp.o
                0x0000e08c                uip_arp_out
 .text          0x0000e514        0x0 ./FreeTCPIP/http_Common/http-strings.o
 .text          0x0000e514        0x0 ./FreeTCPIP/http_Common/httpd-fs.o
 .text.httpd_fs_strcmp
                0x0000e514       0x6c ./FreeTCPIP/http_Common/httpd-fs.o
 .text.httpd_fs_open
                0x0000e580       0x88 ./FreeTCPIP/http_Common/httpd-fs.o
                0x0000e580                httpd_fs_open
 .text.httpd_fs_init
                0x0000e608       0x38 ./FreeTCPIP/http_Common/httpd-fs.o
                0x0000e608                httpd_fs_init
 .text.httpd_fs_count
                0x0000e640       0x60 ./FreeTCPIP/http_Common/httpd-fs.o
                0x0000e640                httpd_fs_count
 .text          0x0000e6a0        0x0 ./FreeTCPIP/http_Common/httpd.o
 .text.generate_part_of_file
                0x0000e6a0       0x78 ./FreeTCPIP/http_Common/httpd.o
 .text.send_file
                0x0000e718       0x98 ./FreeTCPIP/http_Common/httpd.o
 .text.send_part_of_file
                0x0000e7b0       0x68 ./FreeTCPIP/http_Common/httpd.o
 .text.next_scriptstate
                0x0000e818       0x54 ./FreeTCPIP/http_Common/httpd.o
 .text.handle_script
                0x0000e86c      0x234 ./FreeTCPIP/http_Common/httpd.o
 .text.send_headers
                0x0000eaa0      0x2d8 ./FreeTCPIP/http_Common/httpd.o
 .text.handle_output
                0x0000ed78      0x18c ./FreeTCPIP/http_Common/httpd.o
 .text.handle_input
                0x0000ef04      0x1d0 ./FreeTCPIP/http_Common/httpd.o
 .text.handle_connection
                0x0000f0d4       0x28 ./FreeTCPIP/http_Common/httpd.o
 .text.httpd_appcall
                0x0000f0fc      0x118 ./FreeTCPIP/http_Common/httpd.o
                0x0000f0fc                httpd_appcall
 .text.httpd_init
                0x0000f214       0x10 ./FreeTCPIP/http_Common/httpd.o
                0x0000f214                httpd_init
 .text          0x0000f224        0x0 ./FreeRTOS_Source/list.o
 .text.vListInitialise
                0x0000f224       0x48 ./FreeRTOS_Source/list.o
                0x0000f224                vListInitialise
 .text.vListInitialiseItem
                0x0000f26c       0x1c ./FreeRTOS_Source/list.o
                0x0000f26c                vListInitialiseItem
 .text.vListInsertEnd
                0x0000f288       0x48 ./FreeRTOS_Source/list.o
                0x0000f288                vListInsertEnd
 .text.vListInsert
                0x0000f2d0       0x74 ./FreeRTOS_Source/list.o
                0x0000f2d0                vListInsert
 .text.uxListRemove
                0x0000f344       0x58 ./FreeRTOS_Source/list.o
                0x0000f344                uxListRemove
 .text          0x0000f39c        0x0 ./FreeRTOS_Source/queue.o
 .text.xQueueGenericReset
                0x0000f39c       0xec ./FreeRTOS_Source/queue.o
                0x0000f39c                xQueueGenericReset
 .text.xQueueGenericCreate
                0x0000f488       0x80 ./FreeRTOS_Source/queue.o
                0x0000f488                xQueueGenericCreate
 .text.prvInitialiseNewQueue
                0x0000f508       0x48 ./FreeRTOS_Source/queue.o
 .text.prvInitialiseMutex
                0x0000f550       0x40 ./FreeRTOS_Source/queue.o
 .text.xQueueCreateMutex
                0x0000f590       0x38 ./FreeRTOS_Source/queue.o
                0x0000f590                xQueueCreateMutex
 .text.xQueueGiveMutexRecursive
                0x0000f5c8       0x74 ./FreeRTOS_Source/queue.o
                0x0000f5c8                xQueueGiveMutexRecursive
 .text.xQueueTakeMutexRecursive
                0x0000f63c       0x74 ./FreeRTOS_Source/queue.o
                0x0000f63c                xQueueTakeMutexRecursive
 .text.xQueueGenericSend
                0x0000f6b0      0x230 ./FreeRTOS_Source/queue.o
                0x0000f6b0                xQueueGenericSend
 .text.xQueueGenericSendFromISR
                0x0000f8e0      0x144 ./FreeRTOS_Source/queue.o
                0x0000f8e0                xQueueGenericSendFromISR
 .text.xQueueGiveFromISR
                0x0000fa24      0x12c ./FreeRTOS_Source/queue.o
                0x0000fa24                xQueueGiveFromISR
 .text.xQueueReceive
                0x0000fb50      0x1ec ./FreeRTOS_Source/queue.o
                0x0000fb50                xQueueReceive
 .text.xQueueSemaphoreTake
                0x0000fd3c      0x240 ./FreeRTOS_Source/queue.o
                0x0000fd3c                xQueueSemaphoreTake
 .text.xQueuePeek
                0x0000ff7c      0x1f0 ./FreeRTOS_Source/queue.o
                0x0000ff7c                xQueuePeek
 .text.xQueueReceiveFromISR
                0x0001016c      0x118 ./FreeRTOS_Source/queue.o
                0x0001016c                xQueueReceiveFromISR
 .text.xQueuePeekFromISR
                0x00010284       0xd4 ./FreeRTOS_Source/queue.o
                0x00010284                xQueuePeekFromISR
 .text.uxQueueMessagesWaiting
                0x00010358       0x3c ./FreeRTOS_Source/queue.o
                0x00010358                uxQueueMessagesWaiting
 .text.uxQueueSpacesAvailable
                0x00010394       0x48 ./FreeRTOS_Source/queue.o
                0x00010394                uxQueueSpacesAvailable
 .text.uxQueueMessagesWaitingFromISR
                0x000103dc       0x3c ./FreeRTOS_Source/queue.o
                0x000103dc                uxQueueMessagesWaitingFromISR
 .text.vQueueDelete
                0x00010418       0x34 ./FreeRTOS_Source/queue.o
                0x00010418                vQueueDelete
 .text.uxQueueGetQueueNumber
                0x0001044c       0x18 ./FreeRTOS_Source/queue.o
                0x0001044c                uxQueueGetQueueNumber
 .text.vQueueSetQueueNumber
                0x00010464       0x1c ./FreeRTOS_Source/queue.o
                0x00010464                vQueueSetQueueNumber
 .text.ucQueueGetQueueType
                0x00010480       0x1c ./FreeRTOS_Source/queue.o
                0x00010480                ucQueueGetQueueType
 .text.prvGetDisinheritPriorityAfterTimeout
                0x0001049c       0x34 ./FreeRTOS_Source/queue.o
 .text.prvCopyDataToQueue
                0x000104d0       0xf0 ./FreeRTOS_Source/queue.o
 .text.prvCopyDataFromQueue
                0x000105c0       0x50 ./FreeRTOS_Source/queue.o
 .text.prvUnlockQueue
                0x00010610       0xac ./FreeRTOS_Source/queue.o
 .text.prvIsQueueEmpty
                0x000106bc       0x34 ./FreeRTOS_Source/queue.o
 .text.xQueueIsQueueEmptyFromISR
                0x000106f0       0x4c ./FreeRTOS_Source/queue.o
                0x000106f0                xQueueIsQueueEmptyFromISR
 .text.prvIsQueueFull
                0x0001073c       0x38 ./FreeRTOS_Source/queue.o
 .text.xQueueIsQueueFullFromISR
                0x00010774       0x50 ./FreeRTOS_Source/queue.o
                0x00010774                xQueueIsQueueFullFromISR
 .text.vQueueWaitForMessageRestricted
                0x000107c4       0x74 ./FreeRTOS_Source/queue.o
                0x000107c4                vQueueWaitForMessageRestricted
 .text          0x00010838        0x0 ./FreeRTOS_Source/tasks.o
 .text.xTaskCreate
                0x00010838       0x94 ./FreeRTOS_Source/tasks.o
                0x00010838                xTaskCreate
 .text.prvInitialiseNewTask
                0x000108cc      0x148 ./FreeRTOS_Source/tasks.o
 .text.prvAddNewTaskToReadyList
                0x00010a14      0x13c ./FreeRTOS_Source/tasks.o
 .text.vTaskDelete
                0x00010b50      0x16c ./FreeRTOS_Source/tasks.o
                0x00010b50                vTaskDelete
 .text.vTaskDelayUntil
                0x00010cbc      0x110 ./FreeRTOS_Source/tasks.o
                0x00010cbc                vTaskDelayUntil
 .text.vTaskDelay
                0x00010dcc       0x70 ./FreeRTOS_Source/tasks.o
                0x00010dcc                vTaskDelay
 .text.eTaskGetState
                0x00010e3c       0xe4 ./FreeRTOS_Source/tasks.o
                0x00010e3c                eTaskGetState
 .text.uxTaskPriorityGet
                0x00010f20       0x38 ./FreeRTOS_Source/tasks.o
                0x00010f20                uxTaskPriorityGet
 .text.uxTaskPriorityGetFromISR
                0x00010f58       0x5c ./FreeRTOS_Source/tasks.o
                0x00010f58                uxTaskPriorityGetFromISR
 .text.vTaskPrioritySet
                0x00010fb4      0x1b0 ./FreeRTOS_Source/tasks.o
                0x00010fb4                vTaskPrioritySet
 .text.vTaskSuspend
                0x00011164      0x168 ./FreeRTOS_Source/tasks.o
                0x00011164                vTaskSuspend
 .text.prvTaskIsTaskSuspended
                0x000112cc       0x68 ./FreeRTOS_Source/tasks.o
 .text.vTaskResume
                0x00011334       0xdc ./FreeRTOS_Source/tasks.o
                0x00011334                vTaskResume
 .text.xTaskResumeFromISR
                0x00011410      0x108 ./FreeRTOS_Source/tasks.o
                0x00011410                xTaskResumeFromISR
 .text.vTaskStartScheduler
                0x00011518       0xb4 ./FreeRTOS_Source/tasks.o
                0x00011518                vTaskStartScheduler
 .text.vTaskEndScheduler
                0x000115cc       0x34 ./FreeRTOS_Source/tasks.o
                0x000115cc                vTaskEndScheduler
 .text.vTaskSuspendAll
                0x00011600       0x24 ./FreeRTOS_Source/tasks.o
                0x00011600                vTaskSuspendAll
 .text.xTaskResumeAll
                0x00011624      0x1a0 ./FreeRTOS_Source/tasks.o
                0x00011624                xTaskResumeAll
 .text.xTaskGetTickCount
                0x000117c4       0x20 ./FreeRTOS_Source/tasks.o
                0x000117c4                xTaskGetTickCount
 .text.xTaskGetTickCountFromISR
                0x000117e4       0x28 ./FreeRTOS_Source/tasks.o
                0x000117e4                xTaskGetTickCountFromISR
 .text.uxTaskGetNumberOfTasks
                0x0001180c       0x18 ./FreeRTOS_Source/tasks.o
                0x0001180c                uxTaskGetNumberOfTasks
 .text.pcTaskGetName
                0x00011824       0x4c ./FreeRTOS_Source/tasks.o
                0x00011824                pcTaskGetName
 .text.uxTaskGetSystemState
                0x00011870      0x160 ./FreeRTOS_Source/tasks.o
                0x00011870                uxTaskGetSystemState
 .text.xTaskIncrementTick
                0x000119d0      0x204 ./FreeRTOS_Source/tasks.o
                0x000119d0                xTaskIncrementTick
 .text.vTaskSwitchContext
                0x00011bd4      0x1a8 ./FreeRTOS_Source/tasks.o
                0x00011bd4                vTaskSwitchContext
 .text.vTaskPlaceOnEventList
                0x00011d7c       0x4c ./FreeRTOS_Source/tasks.o
                0x00011d7c                vTaskPlaceOnEventList
 .text.vTaskPlaceOnUnorderedEventList
                0x00011dc8       0x84 ./FreeRTOS_Source/tasks.o
                0x00011dc8                vTaskPlaceOnUnorderedEventList
 .text.vTaskPlaceOnEventListRestricted
                0x00011e4c       0x58 ./FreeRTOS_Source/tasks.o
                0x00011e4c                vTaskPlaceOnEventListRestricted
 .text.xTaskRemoveFromEventList
                0x00011ea4       0xf0 ./FreeRTOS_Source/tasks.o
                0x00011ea4                xTaskRemoveFromEventList
 .text.vTaskRemoveFromUnorderedEventList
                0x00011f94       0xe0 ./FreeRTOS_Source/tasks.o
                0x00011f94                vTaskRemoveFromUnorderedEventList
 .text.vTaskSetTimeOutState
                0x00012074       0x50 ./FreeRTOS_Source/tasks.o
                0x00012074                vTaskSetTimeOutState
 .text.vTaskInternalSetTimeOutState
                0x000120c4       0x30 ./FreeRTOS_Source/tasks.o
                0x000120c4                vTaskInternalSetTimeOutState
 .text.xTaskCheckForTimeOut
                0x000120f4       0xd4 ./FreeRTOS_Source/tasks.o
                0x000120f4                xTaskCheckForTimeOut
 .text.vTaskMissedYield
                0x000121c8       0x18 ./FreeRTOS_Source/tasks.o
                0x000121c8                vTaskMissedYield
 .text.uxTaskGetTaskNumber
                0x000121e0       0x30 ./FreeRTOS_Source/tasks.o
                0x000121e0                uxTaskGetTaskNumber
 .text.vTaskSetTaskNumber
                0x00012210       0x24 ./FreeRTOS_Source/tasks.o
                0x00012210                vTaskSetTaskNumber
 .text.prvIdleTask
                0x00012234       0x38 ./FreeRTOS_Source/tasks.o
 .text.prvInitialiseTaskLists
                0x0001226c       0xa4 ./FreeRTOS_Source/tasks.o
 .text.prvCheckTasksWaitingTermination
                0x00012310       0x78 ./FreeRTOS_Source/tasks.o
 .text.vTaskGetInfo
                0x00012388       0xe0 ./FreeRTOS_Source/tasks.o
                0x00012388                vTaskGetInfo
 .text.prvListTasksWithinSingleList
                0x00012468       0xb8 ./FreeRTOS_Source/tasks.o
 .text.prvTaskCheckFreeStackSpace
                0x00012520       0x40 ./FreeRTOS_Source/tasks.o
 .text.prvDeleteTCB
                0x00012560       0x20 ./FreeRTOS_Source/tasks.o
 .text.prvResetNextTaskUnblockTime
                0x00012580       0x50 ./FreeRTOS_Source/tasks.o
 .text.xTaskGetCurrentTaskHandle
                0x000125d0       0x20 ./FreeRTOS_Source/tasks.o
                0x000125d0                xTaskGetCurrentTaskHandle
 .text.xTaskGetSchedulerState
                0x000125f0       0x48 ./FreeRTOS_Source/tasks.o
                0x000125f0                xTaskGetSchedulerState
 .text.xTaskPriorityInherit
                0x00012638      0x16c ./FreeRTOS_Source/tasks.o
                0x00012638                xTaskPriorityInherit
 .text.xTaskPriorityDisinherit
                0x000127a4      0x14c ./FreeRTOS_Source/tasks.o
                0x000127a4                xTaskPriorityDisinherit
 .text.vTaskPriorityDisinheritAfterTimeout
                0x000128f0      0x17c ./FreeRTOS_Source/tasks.o
                0x000128f0                vTaskPriorityDisinheritAfterTimeout
 .text.prvWriteNameToBuffer
                0x00012a6c       0x54 ./FreeRTOS_Source/tasks.o
 .text.vTaskList
                0x00012ac0      0x170 ./FreeRTOS_Source/tasks.o
                0x00012ac0                vTaskList
 .text.vTaskGetRunTimeStats
                0x00012c30      0x138 ./FreeRTOS_Source/tasks.o
                0x00012c30                vTaskGetRunTimeStats
 .text.uxTaskResetEventItemValue
                0x00012d68       0x40 ./FreeRTOS_Source/tasks.o
                0x00012d68                uxTaskResetEventItemValue
 .text.pvTaskIncrementMutexHeldCount
                0x00012da8       0x38 ./FreeRTOS_Source/tasks.o
                0x00012da8                pvTaskIncrementMutexHeldCount
 .text.ulTaskNotifyTake
                0x00012de0       0xc0 ./FreeRTOS_Source/tasks.o
                0x00012de0                ulTaskNotifyTake
 .text.xTaskNotifyWait
                0x00012ea0       0xf0 ./FreeRTOS_Source/tasks.o
                0x00012ea0                xTaskNotifyWait
 .text.xTaskGenericNotify
                0x00012f90      0x18c ./FreeRTOS_Source/tasks.o
                0x00012f90                xTaskGenericNotify
 .text.xTaskGenericNotifyFromISR
                0x0001311c      0x1d8 ./FreeRTOS_Source/tasks.o
                0x0001311c                xTaskGenericNotifyFromISR
 .text.vTaskNotifyGiveFromISR
                0x000132f4      0x148 ./FreeRTOS_Source/tasks.o
                0x000132f4                vTaskNotifyGiveFromISR
 .text.xTaskNotifyStateClear
                0x0001343c       0x58 ./FreeRTOS_Source/tasks.o
                0x0001343c                xTaskNotifyStateClear
 .text.prvAddCurrentTaskToDelayedList
                0x00013494      0x110 ./FreeRTOS_Source/tasks.o
 .text          0x000135a4        0x0 ./FreeRTOS_Source/timers.o
 .text.xTimerCreateTimerTask
                0x000135a4       0x74 ./FreeRTOS_Source/timers.o
                0x000135a4                xTimerCreateTimerTask
 .text.xTimerCreate
                0x00013618       0x40 ./FreeRTOS_Source/timers.o
                0x00013618                xTimerCreate
 .text.prvInitialiseNewTimer
                0x00013658       0x64 ./FreeRTOS_Source/timers.o
 .text.xTimerGenericCommand
                0x000136bc       0xcc ./FreeRTOS_Source/timers.o
                0x000136bc                xTimerGenericCommand
 .text.xTimerGetTimerDaemonTaskHandle
                0x00013788       0x40 ./FreeRTOS_Source/timers.o
                0x00013788                xTimerGetTimerDaemonTaskHandle
 .text.xTimerGetPeriod
                0x000137c8       0x38 ./FreeRTOS_Source/timers.o
                0x000137c8                xTimerGetPeriod
 .text.xTimerGetExpiryTime
                0x00013800       0x3c ./FreeRTOS_Source/timers.o
                0x00013800                xTimerGetExpiryTime
 .text.pcTimerGetName
                0x0001383c       0x38 ./FreeRTOS_Source/timers.o
                0x0001383c                pcTimerGetName
 .text.prvProcessExpiredTimer
                0x00013874       0x8c ./FreeRTOS_Source/timers.o
 .text.prvTimerTask
                0x00013900       0x28 ./FreeRTOS_Source/timers.o
 .text.prvProcessTimerOrBlockTask
                0x00013928       0xb0 ./FreeRTOS_Source/timers.o
 .text.prvGetNextExpireTime
                0x000139d8       0x54 ./FreeRTOS_Source/timers.o
 .text.prvSampleTimeNow
                0x00013a2c       0x50 ./FreeRTOS_Source/timers.o
 .text.prvInsertTimerInActiveList
                0x00013a7c       0x98 ./FreeRTOS_Source/timers.o
 .text.prvProcessReceivedCommands
                0x00013b14      0x148 ./FreeRTOS_Source/timers.o
 .text.prvSwitchTimerLists
                0x00013c5c       0xf4 ./FreeRTOS_Source/timers.o
 .text.prvCheckForValidListAndQueue
                0x00013d50       0x74 ./FreeRTOS_Source/timers.o
 .text.xTimerIsTimerActive
                0x00013dc4       0x50 ./FreeRTOS_Source/timers.o
                0x00013dc4                xTimerIsTimerActive
 .text.pvTimerGetTimerID
                0x00013e14       0x40 ./FreeRTOS_Source/timers.o
                0x00013e14                pvTimerGetTimerID
 .text.vTimerSetTimerID
                0x00013e54       0x40 ./FreeRTOS_Source/timers.o
                0x00013e54                vTimerSetTimerID
 .text.uxTimerGetTimerNumber
                0x00013e94       0x18 ./FreeRTOS_Source/timers.o
                0x00013e94                uxTimerGetTimerNumber
 .text.vTimerSetTimerNumber
                0x00013eac       0x1c ./FreeRTOS_Source/timers.o
                0x00013eac                vTimerSetTimerNumber
 .text          0x00013ec8        0x0 ./FreeRTOS_Source/portable/MemMang/heap_2.o
 .text.pvPortMalloc
                0x00013ec8      0x16c ./FreeRTOS_Source/portable/MemMang/heap_2.o
                0x00013ec8                pvPortMalloc
 .text.vPortFree
                0x00014034       0x88 ./FreeRTOS_Source/portable/MemMang/heap_2.o
                0x00014034                vPortFree
 .text.xPortGetFreeHeapSize
                0x000140bc       0x18 ./FreeRTOS_Source/portable/MemMang/heap_2.o
                0x000140bc                xPortGetFreeHeapSize
 .text.vPortInitialiseBlocks
                0x000140d4        0xc ./FreeRTOS_Source/portable/MemMang/heap_2.o
                0x000140d4                vPortInitialiseBlocks
 .text.prvHeapInit
                0x000140e0       0x6c ./FreeRTOS_Source/portable/MemMang/heap_2.o
 .text          0x0001414c        0x0 ./FreeRTOS_Source/portable/GCC/ARM_CM3/port.o
 .text.pxPortInitialiseStack
                0x0001414c       0x68 ./FreeRTOS_Source/portable/GCC/ARM_CM3/port.o
                0x0001414c                pxPortInitialiseStack
 .text.prvTaskExitError
                0x000141b4       0x54 ./FreeRTOS_Source/portable/GCC/ARM_CM3/port.o
 *fill*         0x00014208        0x8 00
 .text.SVC_Handler
                0x00014210       0x30 ./FreeRTOS_Source/portable/GCC/ARM_CM3/port.o
                0x00014210                SVC_Handler
 .text.prvPortStartFirstTask
                0x00014240       0x20 ./FreeRTOS_Source/portable/GCC/ARM_CM3/port.o
 .text.xPortStartScheduler
                0x00014260      0x134 ./FreeRTOS_Source/portable/GCC/ARM_CM3/port.o
                0x00014260                xPortStartScheduler
 .text.vPortEndScheduler
                0x00014394       0x34 ./FreeRTOS_Source/portable/GCC/ARM_CM3/port.o
                0x00014394                vPortEndScheduler
 .text.vPortEnterCritical
                0x000143c8       0x70 ./FreeRTOS_Source/portable/GCC/ARM_CM3/port.o
                0x000143c8                vPortEnterCritical
 .text.vPortExitCritical
                0x00014438       0x64 ./FreeRTOS_Source/portable/GCC/ARM_CM3/port.o
                0x00014438                vPortExitCritical
 *fill*         0x0001449c        0x4 00
 .text.PendSV_Handler
                0x000144a0       0x50 ./FreeRTOS_Source/portable/GCC/ARM_CM3/port.o
                0x000144a0                PendSV_Handler
 .text.SysTick_Handler
                0x000144f0       0x44 ./FreeRTOS_Source/portable/GCC/ARM_CM3/port.o
                0x000144f0                SysTick_Handler
 .text.vPortSetupTimerInterrupt
                0x00014534       0x5c ./FreeRTOS_Source/portable/GCC/ARM_CM3/port.o
                0x00014534                vPortSetupTimerInterrupt
 .text.vPortValidateInterruptPriority
                0x00014590       0x84 ./FreeRTOS_Source/portable/GCC/ARM_CM3/port.o
                0x00014590                vPortValidateInterruptPriority
 .text          0x00014614      0x370 c:/program files (x86)/microsemi/softconsole v3.4/sourcery-g++/bin/../lib/gcc/arm-none-eabi/4.4.1/thumb2\libgcc.a(_arm_addsubdf3.o)
                0x00014614                __aeabi_drsub
                0x0001461c                __aeabi_dsub
                0x0001461c                __subdf3
                0x00014620                __aeabi_dadd
                0x00014620                __adddf3
                0x00014898                __floatunsidf
                0x00014898                __aeabi_ui2d
                0x000148b8                __floatsidf
                0x000148b8                __aeabi_i2d
                0x000148dc                __aeabi_f2d