Archive member included because of file (symbol)

c:/program files (x86)/microsemi/softconsole v3.4/sourcery-g++/bin/../lib/gcc/arm-none-eabi/4.4.1/../../../../arm-none-eabi/lib/thumb2\libc.a(lib_a-efgcvt.o)
                              ./main-full.o (gcvt)
c:/program files (x86)/microsemi/softconsole v3.4/sourcery-g++/bin/../lib/gcc/arm-none-eabi/4.4.1/../../../../arm-none-eabi/lib/thumb2\libc.a(lib_a-errno.o)
                              ./MicroSemi_Code/CMSIS/startup_gcc/newlib_stubs.o (__errno)
c:/program files (x86)/microsemi/softconsole v3.4/sourcery-g++/bin/../lib/gcc/arm-none-eabi/4.4.1/../../../../arm-none-eabi/lib/thumb2\libc.a(lib_a-impure.o)
                              c:/program files (x86)/microsemi/softconsole v3.4/sourcery-g++/bin/../lib/gcc/arm-none-eabi/4.4.1/../../../../arm-none-eabi/lib/thumb2\libc.a(lib_a-efgcvt.o) (_impure_ptr)
c:/program files (x86)/microsemi/softconsole v3.4/sourcery-g++/bin/../lib/gcc/arm-none-eabi/4.4.1/../../../../arm-none-eabi/lib/thumb2\libc.a(lib_a-init.o)
                              ./MicroSemi_Code/CMSIS/startup_gcc/startup_a2fxxxm3.o (__libc_init_array)
c:/program files (x86)/microsemi/softconsole v3.4/sourcery-g++/bin/../lib/gcc/arm-none-eabi/4.4.1/../../../../arm-none-eabi/lib/thumb2\libc.a(lib_a-memcpy.o)
                              ./main-full.o (memcpy)
c:/program files (x86)/microsemi/softconsole v3.4/sourcery-g++/bin/../lib/gcc/arm-none-eabi/4.4.1/../../../../arm-none-eabi/lib/thumb2\libc.a(lib_a-memset.o)
                              ./MicroSemi_Code/drivers/mss_i2c/mss_i2c.o (memset)
c:/program files (x86)/microsemi/softconsole v3.4/sourcery-g++/bin/../lib/gcc/arm-none-eabi/4.4.1/../../../../arm-none-eabi/lib/thumb2\libc.a(lib_a-sprintf.o)
                              ./WebServer/httpd-cgi.o (sprintf)
c:/program files (x86)/microsemi/softconsole v3.4/sourcery-g++/bin/../lib/gcc/arm-none-eabi/4.4.1/../../../../arm-none-eabi/lib/thumb2\libc.a(lib_a-strcat.o)
                              ./WebServer/httpd-cgi.o (strcat)
c:/program files (x86)/microsemi/softconsole v3.4/sourcery-g++/bin/../lib/gcc/arm-none-eabi/4.4.1/../../../../arm-none-eabi/lib/thumb2\libc.a(lib_a-strchr.o)
                              ./uIP_Task.o (strchr)
c:/program files (x86)/microsemi/softconsole v3.4/sourcery-g++/bin/../lib/gcc/arm-none-eabi/4.4.1/../../../../arm-none-eabi/lib/thumb2\libc.a(lib_a-strcpy.o)
                              ./FreeTCPIP/http_Common/httpd.o (strcpy)
c:/program files (x86)/microsemi/softconsole v3.4/sourcery-g++/bin/../lib/gcc/arm-none-eabi/4.4.1/../../../../arm-none-eabi/lib/thumb2\libc.a(lib_a-strlen.o)
                              ./main-full.o (strlen)
c:/program files (x86)/microsemi/softconsole v3.4/sourcery-g++/bin/../lib/gcc/arm-none-eabi/4.4.1/../../../../arm-none-eabi/lib/thumb2\libc.a(lib_a-strncmp.o)
                              ./WebServer/httpd-cgi.o (strncmp)
c:/program files (x86)/microsemi/softconsole v3.4/sourcery-g++/bin/../lib/gcc/arm-none-eabi/4.4.1/../../../../arm-none-eabi/lib/thumb2\libc.a(lib_a-strncpy.o)
                              ./FreeTCPIP/http_Common/httpd.o (strncpy)
c:/program files (x86)/microsemi/softconsole v3.4/sourcery-g++/bin/../lib/gcc/arm-none-eabi/4.4.1/../../../../arm-none-eabi/lib/thumb2\libc.a(lib_a-strrchr.o)
                              ./FreeTCPIP/http_Common/httpd.o (strrchr)
c:/program files (x86)/microsemi/softconsole v3.4/sourcery-g++/bin/../lib/gcc/arm-none-eabi/4.4.1/../../../../arm-none-eabi/lib/thumb2\libc.a(lib_a-strstr.o)
                              ./uIP_Task.o (strstr)
c:/program files (x86)/microsemi/softconsole v3.4/sourcery-g++/bin/../lib/gcc/arm-none-eabi/4.4.1/../../../../arm-none-eabi/lib/thumb2\libc.a(lib_a-svfprintf.o)
                              c:/program files (x86)/microsemi/softconsole v3.4/sourcery-g++/bin/../lib/gcc/arm-none-eabi/4.4.1/../../../../arm-none-eabi/lib/thumb2\libc.a(lib_a-sprintf.o) (_svfprintf_r)
c:/program files (x86)/microsemi/softconsole v3.4/sourcery-g++/bin/../lib/gcc/arm-none-eabi/4.4.1/../../../../arm-none-eabi/lib/thumb2\libc.a(lib_a-dtoa.o)
                              c:/program files (x86)/microsemi/softconsole v3.4/sourcery-g++/bin/../lib/gcc/arm-none-eabi/4.4.1/../../../../arm-none-eabi/lib/thumb2\libc.a(lib_a-svfprintf.o) (_dtoa_r)
c:/program files (x86)/microsemi/softconsole v3.4/sourcery-g++/bin/../lib/gcc/arm-none-eabi/4.4.1/../../../../arm-none-eabi/lib/thumb2\libc.a(lib_a-ecvtbuf.o)
                              c:/program files (x86)/microsemi/softconsole v3.4/sourcery-g++/bin/../lib/gcc/arm-none-eabi/4.4.1/../../../../arm-none-eabi/lib/thumb2\libc.a(lib_a-efgcvt.o) (_gcvt)
c:/program files (x86)/microsemi/softconsole v3.4/sourcery-g++/bin/../lib/gcc/arm-none-eabi/4.4.1/../../../../arm-none-eabi/lib/thumb2\libc.a(lib_a-freer.o)
[...]
Memory Configuration

Name             Origin             Length             Attributes
rom              0x60000000         0x00040000         xr
romMirror        0x00000000         0x00040000         xr
ram              0x20000000         0x00010000         xrw
*default*        0x00000000         0xffffffff

Linker script and memory map

LOAD c:/program files (x86)/microsemi/softconsole v3.4/sourcery-g++/bin/../lib/gcc/arm-none-eabi/4.4.1/thumb2/crti.o
LOAD c:/program files (x86)/microsemi/softconsole v3.4/sourcery-g++/bin/../lib/gcc/arm-none-eabi/4.4.1/thumb2/crtbegin.o
LOAD ./ParTest.o
LOAD ./main-full.o
LOAD ./uIP_Task.o
LOAD ./uart_task.o
LOAD ./WebServer/httpd-cgi.o
LOAD ./MicroSemi_Code/hal/CortexM3/cortex_nvic.o
LOAD ./MicroSemi_Code/hal/CortexM3/GNU/hal.o
LOAD ./MicroSemi_Code/hal/CortexM3/GNU/hal_assert.o
LOAD ./MicroSemi_Code/hal/CortexM3/GNU/hw_reg_access.o
LOAD ./MicroSemi_Code/drivers_config/mss_ace/ace_config.o
LOAD ./MicroSemi_Code/drivers/mss_uart/mss_uart.o
LOAD ./MicroSemi_Code/drivers/mss_i2c/mss_i2c.o
LOAD ./MicroSemi_Code/drivers/mss_gpio/mss_gpio.o
LOAD ./MicroSemi_Code/drivers/mss_ethernet_mac/crc32.o
LOAD ./MicroSemi_Code/drivers/mss_ethernet_mac/mss_ethernet_mac.o
LOAD ./MicroSemi_Code/drivers/mss_ethernet_mac/phy.o
LOAD ./MicroSemi_Code/drivers/mss_ace/ace_convert.o
LOAD ./MicroSemi_Code/drivers/mss_ace/ace_flags.o
LOAD ./MicroSemi_Code/drivers/mss_ace/ace_sse.o
LOAD ./MicroSemi_Code/drivers/mss_ace/ace_transform.o
LOAD ./MicroSemi_Code/drivers/mss_ace/mss_ace.o
LOAD ./MicroSemi_Code/CMSIS/brownout_isr.o
LOAD ./MicroSemi_Code/CMSIS/core_cm3.o
LOAD ./MicroSemi_Code/CMSIS/system_a2fxxxm3.o
LOAD ./MicroSemi_Code/CMSIS/startup_gcc/newlib_stubs.o
LOAD ./MicroSemi_Code/CMSIS/startup_gcc/startup_a2fxxxm3.o
LOAD ./Helpers/uart_helper.o
LOAD ./FreeTCPIP/psock.o
LOAD ./FreeTCPIP/timer.o
LOAD ./FreeTCPIP/uip.o
LOAD ./FreeTCPIP/uip_arp.o
LOAD ./FreeTCPIP/http_Common/http-strings.o
LOAD ./FreeTCPIP/http_Common/httpd-fs.o
LOAD ./FreeTCPIP/http_Common/httpd.o
LOAD ./FreeRTOS_Source/list.o
LOAD ./FreeRTOS_Source/queue.o
LOAD ./FreeRTOS_Source/tasks.o
LOAD ./FreeRTOS_Source/timers.o
LOAD ./FreeRTOS_Source/portable/MemMang/heap_2.o
LOAD ./FreeRTOS_Source/portable/GCC/ARM_CM3/port.o
START GROUP
LOAD c:/program files (x86)/microsemi/softconsole v3.4/sourcery-g++/bin/../lib/gcc/arm-none-eabi/4.4.1/thumb2\libgcc.a
LOAD c:/program files (x86)/microsemi/softconsole v3.4/sourcery-g++/bin/../lib/gcc/arm-none-eabi/4.4.1/../../../../arm-none-eabi/lib/thumb2\libc.a
LOAD c:/program files (x86)/microsemi/softconsole v3.4/sourcery-g++/bin/../lib/gcc/arm-none-eabi/4.4.1/thumb2\libgcc.a
END GROUP
LOAD c:/program files (x86)/microsemi/softconsole v3.4/sourcery-g++/bin/../lib/gcc/arm-none-eabi/4.4.1/thumb2/crtend.o
LOAD c:/program files (x86)/microsemi/softconsole v3.4/sourcery-g++/bin/../lib/gcc/arm-none-eabi/4.4.1/thumb2/crtn.o
START GROUP
LOAD c:/program files (x86)/microsemi/softconsole v3.4/sourcery-g++/bin/../lib/gcc/arm-none-eabi/4.4.1/../../../../arm-none-eabi/lib/thumb2\libc.a
LOAD c:/program files (x86)/microsemi/softconsole v3.4/sourcery-g++/bin/../lib/gcc/arm-none-eabi/4.4.1/thumb2\libgcc.a
LOAD c:/program files (x86)/microsemi/softconsole v3.4/sourcery-g++/bin/../lib/gcc/arm-none-eabi/4.4.1/../../../../arm-none-eabi/lib/thumb2\libm.a
END GROUP
                0x00000000                __DYNAMIC = 0x0
                0x20000000                RAM_START_ADDRESS = 0x20000000
                0x00010000                RAM_SIZE = 0x10000
                0x00002000                MAIN_STACK_SIZE = 0x2000
                0x00001000                PROCESS_STACK_SIZE = 0x1000
                0x20010000                PROVIDE (__main_stack_start, (RAM_START_ADDRESS + RAM_SIZE))
                0x2000e000                PROVIDE (__process_stack_start, (__main_stack_start - MAIN_STACK_SIZE))
                0x20010000                PROVIDE (_estack, __main_stack_start)
                0x00000001                PROVIDE (__mirrored_nvm, 0x1)

.init           0x00000000      0x470 load address 0x60000000
                0x00000000                __vector_table_vma_base_address = .
 *(.isr_vector)
 .isr_vector    0x00000000      0x470 ./MicroSemi_Code/CMSIS/startup_gcc/startup_a2fxxxm3.o
                0x00000000                g_pfnVectors
                0x00000298                Reset_Handler
                0x00000308                NMI_Handler
                0x0000030a                HardFault_Handler
                0x0000030c                MemManage_Handler
                0x0000030e                BusFault_Handler
                0x00000310                UsageFault_Handler
                0x00000314                DebugMon_Handler
                0x0000031a                WdogWakeup_IRQHandler
                0x0000031e                BrownOut_3_3V_IRQHandler
                0x00000320                RTC_Match_IRQHandler
                0x00000322                RTCIF_Pub_IRQHandler
                0x00000326                IAP_IRQHandler
                0x00000328                ENVM0_IRQHandler
                0x0000032a                ENVM1_IRQHandler
                0x0000032c                DMA_IRQHandler
                0x00000332                SPI0_IRQHandler
                0x00000334                SPI1_IRQHandler
                0x00000338                I2C0_SMBAlert_IRQHandler
                0x0000033a                I2C0_SMBus_IRQHandler
                0x0000033e                I2C1_SMBAlert_IRQHandler
                0x00000340                I2C1_SMBus_IRQHandler
                0x00000342                Timer1_IRQHandler
                0x00000344                Timer2_IRQHandler
                0x00000346                PLL_Lock_IRQHandler
                0x00000348                PLL_LockLost_IRQHandler
                0x0000034a                CommError_IRQHandler
                0x0000034c                Fabric_IRQHandler
                0x0000034e                GPIO0_IRQHandler
                0x00000350                GPIO1_IRQHandler
                0x00000352                GPIO2_IRQHandler
                0x00000354                GPIO3_IRQHandler
                0x00000356                GPIO4_IRQHandler
                0x00000358                GPIO5_IRQHandler
                0x0000035a                GPIO6_IRQHandler
                0x0000035c                GPIO7_IRQHandler
                0x00000360                GPIO9_IRQHandler
                0x00000362                GPIO10_IRQHandler
                0x00000364                GPIO11_IRQHandler
                0x00000366                GPIO12_IRQHandler
                0x00000368                GPIO13_IRQHandler
                0x0000036a                GPIO14_IRQHandler
                0x0000036c                GPIO15_IRQHandler
                0x0000036e                GPIO16_IRQHandler
                0x00000370                GPIO17_IRQHandler
                0x00000372                GPIO18_IRQHandler
                0x00000374                GPIO19_IRQHandler
                0x00000376                GPIO20_IRQHandler
                0x00000378                GPIO21_IRQHandler
                0x0000037a                GPIO22_IRQHandler
                0x0000037c                GPIO23_IRQHandler
                0x0000037e                GPIO24_IRQHandler
                0x00000380                GPIO25_IRQHandler
                0x00000382                GPIO26_IRQHandler
                0x00000384                GPIO27_IRQHandler
                0x00000386                GPIO28_IRQHandler
                0x00000388                GPIO29_IRQHandler
                0x0000038a                GPIO30_IRQHandler
                0x0000038c                GPIO31_IRQHandler
                0x0000038e                ACE_PC0_Flag0_IRQHandler
                0x00000390                ACE_PC0_Flag1_IRQHandler
                0x00000392                ACE_PC0_Flag2_IRQHandler
                0x00000394                ACE_PC0_Flag3_IRQHandler
                0x00000396                ACE_PC1_Flag0_IRQHandler
                0x00000398                ACE_PC1_Flag1_IRQHandler
                0x0000039a                ACE_PC1_Flag2_IRQHandler
                0x0000039c                ACE_PC1_Flag3_IRQHandler
                0x0000039e                ACE_PC2_Flag0_IRQHandler
                0x000003a0                ACE_PC2_Flag1_IRQHandler
                0x000003a2                ACE_PC2_Flag2_IRQHandler
                0x000003a4                ACE_PC2_Flag3_IRQHandler
                0x000003a6                ACE_ADC0_DataValid_IRQHandler
                0x000003a8                ACE_ADC1_DataValid_IRQHandler
                0x000003aa                ACE_ADC2_DataValid_IRQHandler
                0x000003ac                ACE_ADC0_CalDone_IRQHandler
                0x000003ae                ACE_ADC1_CalDone_IRQHandler
                0x000003b0                ACE_ADC2_CalDone_IRQHandler
                0x000003b2                ACE_ADC0_CalStart_IRQHandler
                0x000003b4                ACE_ADC1_CalStart_IRQHandler
                0x000003b6                ACE_ADC2_CalStart_IRQHandler
                0x000003b8                ACE_Comp0_Fall_IRQHandler
                0x000003ba                ACE_Comp1_Fall_IRQHandler
                0x000003bc                ACE_Comp2_Fall_IRQHandler
                0x000003be                ACE_Comp3_Fall_IRQHandler
                0x000003c0                ACE_Comp4_Fall_IRQHandler
                0x000003c2                ACE_Comp5_Fall_IRQHandler
                0x000003c4                ACE_Comp6_Fall_IRQHandler
                0x000003c6                ACE_Comp7_Fall_IRQHandler
                0x000003c8                ACE_Comp8_Fall_IRQHandler
                0x000003ca                ACE_Comp9_Fall_IRQHandler
                0x000003cc                ACE_Comp10_Fall_IRQHandler
                0x000003ce                ACE_Comp11_Fall_IRQHandler
                0x000003d0                ACE_Comp0_Rise_IRQHandler
                0x000003d2                ACE_Comp1_Rise_IRQHandler
                0x000003d4                ACE_Comp2_Rise_IRQHandler
                0x000003d6                ACE_Comp3_Rise_IRQHandler
                0x000003d8                ACE_Comp4_Rise_IRQHandler
                0x000003da                ACE_Comp5_Rise_IRQHandler
                0x000003dc                ACE_Comp6_Rise_IRQHandler
                0x000003de                ACE_Comp7_Rise_IRQHandler
                0x000003e0                ACE_Comp8_Rise_IRQHandler
                0x000003e2                ACE_Comp9_Rise_IRQHandler
                0x000003e4                ACE_Comp10_Rise_IRQHandler
                0x000003e6                ACE_Comp11_Rise_IRQHandler
                0x000003e8                ACE_ADC0_FifoFull_IRQHandler
                0x000003ea                ACE_ADC0_FifoAFull_IRQHandler
                0x000003ec                ACE_ADC0_FifoEmpty_IRQHandler
                0x000003ee                ACE_ADC1_FifoFull_IRQHandler
                0x000003f0                ACE_ADC1_FifoAFull_IRQHandler
                0x000003f2                ACE_ADC1_FifoEmpty_IRQHandler
                0x000003f4                ACE_ADC2_FifoFull_IRQHandler
                0x000003f6                ACE_ADC2_FifoAFull_IRQHandler
                0x000003f8                ACE_ADC2_FifoEmpty_IRQHandler
                0x00000470                . = ALIGN (0x4)

.text           0x00000470    0x23b60 load address 0x60000470
 CREATE_OBJECT_SYMBOLS
                0x60000470                __text_load = LOADADDR (.text)
                0x00000470                __text_start = .
 *(.text .text.* .gnu.linkonce.t.*)
 .text          0x00000470        0x0 c:/program files (x86)/microsemi/softconsole v3.4/sourcery-g++/bin/../lib/gcc/arm-none-eabi/4.4.1/thumb2/crti.o
 .text          0x00000470       0x30 c:/program files (x86)/microsemi/softconsole v3.4/sourcery-g++/bin/../lib/gcc/arm-none-eabi/4.4.1/thumb2/crtbegin.o
 .text          0x000004a0        0x0 ./ParTest.o
 .text.MSS_GPIO_set_outputs
                0x000004a0       0x20 ./ParTest.o
 .text.vParTestInitialise
                0x000004c0       0x54 ./ParTest.o
                0x000004c0                vParTestInitialise
 .text.vParTestSetLED
                0x00000514       0x80 ./ParTest.o
                0x00000514                vParTestSetLED
 .text.vParTestSetLEDFromISR
                0x00000594       0xa0 ./ParTest.o
                0x00000594                vParTestSetLEDFromISR
 .text.vParTestToggleLED
                0x00000634       0x94 ./ParTest.o
                0x00000634                vParTestToggleLED
 .text.lParTestGetLEDState
                0x000006c8       0x48 ./ParTest.o
                0x000006c8                lParTestGetLEDState
 .text          0x00000710        0x0 ./main-full.o
 .text.NVIC_EnableIRQ
                0x00000710       0x38 ./main-full.o
 .text.NVIC_DisableIRQ
                0x00000748       0x3c ./main-full.o
 .text.NVIC_ClearPendingIRQ
                0x00000784       0x3c ./main-full.o
 .text.NVIC_SetPriority
                0x000007c0       0x5c ./main-full.o
 .text.MSS_TIM64_init
                0x0000081c       0xa4 ./main-full.o
 .text.MSS_TIM64_start
                0x000008c0       0x1c ./main-full.o
 .text.MSS_TIM64_load_immediate
                0x000008dc       0x2c ./main-full.o
 .text.main     0x00000908      0x108 ./main-full.o
                0x00000908                main
 .text.prvCheckTimerCallback
                0x00000a10       0x40 ./main-full.o
 .text.GPIO8_IRQHandler
                0x00000a50       0x38 ./main-full.o
                0x00000a50                GPIO8_IRQHandler
 .text.prvQueueSendTask
                0x00000a88       0x6c ./main-full.o
 .text.prvQueueReceiveTask
                0x00000af4       0x38 ./main-full.o
 .text.prvSetupHardware
                0x00000b2c       0x50 ./main-full.o
 .text.vApplicationMallocFailedHook
                0x00000b7c        0x8 ./main-full.o
                0x00000b7c                vApplicationMallocFailedHook
 .text.vApplicationStackOverflowHook
                0x00000b84       0x20 ./main-full.o
                0x00000b84                vApplicationStackOverflowHook
 .text.vApplicationIdleHook
                0x00000ba4       0x18 ./main-full.o
                0x00000ba4                vApplicationIdleHook
 .text.pcGetTaskStatusMessage
                0x00000bbc       0x30 ./main-full.o
                0x00000bbc                pcGetTaskStatusMessage
 .text.vMainConfigureTimerForRunTimeStats
                0x00000bec       0x28 ./main-full.o
                0x00000bec                vMainConfigureTimerForRunTimeStats
 .text.ulGetRunTimeCounterValue
                0x00000c14       0x10 ./main-full.o
                0x00000c14                ulGetRunTimeCounterValue
 *fill*         0x00000c24        0x4 00
 .text.uart_task
                0x00000c28      0x118 ./main-full.o
                0x00000c28                uart_task
 .text          0x00000d40        0x0 ./uIP_Task.o
 .text.NVIC_EnableIRQ
                0x00000d40       0x38 ./uIP_Task.o
 .text.NVIC_SetPriority
                0x00000d78       0x5c ./uIP_Task.o
 .text.clock_time
                0x00000dd4       0x10 ./uIP_Task.o
                0x00000dd4                clock_time
 .text.vuIP_Task
                0x00000de4      0x198 ./uIP_Task.o
                0x00000de4                vuIP_Task
 .text.prvSetMACAddress
                0x00000f7c       0x7c ./uIP_Task.o
 .text.prvInitialise_uIP
                0x00000ff8      0x180 ./uIP_Task.o
 .text.prvEMACEventListener
                0x00001178       0x94 ./uIP_Task.o
 .text.prvInitEmac
                0x0000120c       0x3c ./uIP_Task.o
 .text.vEMACWrite
                0x00001248       0x54 ./uIP_Task.o
                0x00001248                vEMACWrite
 .text.prvUIPTimerCallback
                0x0000129c       0x64 ./uIP_Task.o
 .text.vApplicationProcessFormInput
                0x00001300       0x9c ./uIP_Task.o
                0x00001300                vApplicationProcessFormInput
 .text          0x0000139c        0x0 ./uart_task.o
 .text          0x0000139c        0x0 ./WebServer/httpd-cgi.o
 .text.nullfunction
                0x0000139c       0x30 ./WebServer/httpd-cgi.o
 .text.httpd_cgi
                0x000013cc       0x64 ./WebServer/httpd-cgi.o
                0x000013cc                httpd_cgi
 .text.generate_file_stats
                0x00001430       0x40 ./WebServer/httpd-cgi.o
 .text.file_stats
                0x00001470       0x74 ./WebServer/httpd-cgi.o
 .text.generate_tcp_stats
                0x000014e4      0x120 ./WebServer/httpd-cgi.o
 .text.tcp_stats
                0x00001604       0xb4 ./WebServer/httpd-cgi.o
 .text.generate_net_stats
                0x000016b8       0x4c ./WebServer/httpd-cgi.o
 .text.net_stats
                0x00001704       0x8c ./WebServer/httpd-cgi.o
 .text.generate_rtos_stats
                0x00001790       0x8c ./WebServer/httpd-cgi.o
 .text.rtos_stats
                0x0000181c       0x68 ./WebServer/httpd-cgi.o
 .text.generate_io_state
                0x00001884       0x94 ./WebServer/httpd-cgi.o
 .text.generate_runtime_stats
                0x00001918       0x88 ./WebServer/httpd-cgi.o
 .text.run_time
                0x000019a0       0x68 ./WebServer/httpd-cgi.o
 .text.led_io   0x00001a08       0x6c ./WebServer/httpd-cgi.o
 .text          0x00001a74        0x0 ./MicroSemi_Code/hal/CortexM3/cortex_nvic.o
 .text.NVIC_init
                0x00001a74        0xc ./MicroSemi_Code/hal/CortexM3/cortex_nvic.o
                0x00001a74                NVIC_init
 .text.NVIC_set_handler
                0x00001a80       0x18 ./MicroSemi_Code/hal/CortexM3/cortex_nvic.o
                0x00001a80                NVIC_set_handler
 .text.NVIC_set_priority
                0x00001a98       0x18 ./MicroSemi_Code/hal/CortexM3/cortex_nvic.o
                0x00001a98                NVIC_set_priority
 .text.NVIC_enable_interrupt
                0x00001ab0       0x14 ./MicroSemi_Code/hal/CortexM3/cortex_nvic.o
                0x00001ab0                NVIC_enable_interrupt
 .text.NVIC_disable_interrupt
                0x00001ac4       0x14 ./MicroSemi_Code/hal/CortexM3/cortex_nvic.o
                0x00001ac4                NVIC_disable_interrupt
 .text.NVIC_clear_interrupt
                0x00001ad8       0x14 ./MicroSemi_Code/hal/CortexM3/cortex_nvic.o
                0x00001ad8                NVIC_clear_interrupt
 .text          0x00001aec        0xe ./MicroSemi_Code/hal/CortexM3/GNU/hal.o
                0x00001aec                HAL_disable_interrupts
                0x00001af4                HAL_restore_interrupts
 .text          0x00001afa        0x0 ./MicroSemi_Code/hal/CortexM3/GNU/hal_assert.o
 *fill*         0x00001afa        0x2 00
 .text.HAL_assert_fail
                0x00001afc       0x28 ./MicroSemi_Code/hal/CortexM3/GNU/hal_assert.o
                0x00001afc                HAL_assert_fail
 .text          0x00001b24       0x90 ./MicroSemi_Code/hal/CortexM3/GNU/hw_reg_access.o
                0x00001b24                HW_set_32bit_reg
                0x00001b28                HW_get_32bit_reg
                0x00001b2c                HW_set_32bit_reg_field
                0x00001b48                HW_get_32bit_reg_field
                0x00001b54                HW_set_16bit_reg
                0x00001b58                HW_get_16bit_reg
                0x00001b5c                HW_set_16bit_reg_field
                0x00001b78                HW_get_16bit_reg_field
                0x00001b84                HW_set_8bit_reg
                0x00001b88                HW_get_8bit_reg
                0x00001b8c                HW_set_8bit_reg_field
                0x00001ba8                HW_get_8bit_reg_field
 .text          0x00001bb4        0x0 ./MicroSemi_Code/drivers_config/mss_ace/ace_config.o
 .text          0x00001bb4        0x0 ./MicroSemi_Code/drivers/mss_uart/mss_uart.o
 .text.NVIC_EnableIRQ
                0x00001bb4       0x38 ./MicroSemi_Code/drivers/mss_uart/mss_uart.o
 .text.NVIC_DisableIRQ
                0x00001bec       0x3c ./MicroSemi_Code/drivers/mss_uart/mss_uart.o
 .text.NVIC_ClearPendingIRQ
                0x00001c28       0x3c ./MicroSemi_Code/drivers/mss_uart/mss_uart.o
 .text.MSS_UART_init
                0x00001c64      0x204 ./MicroSemi_Code/drivers/mss_uart/mss_uart.o
                0x00001c64                MSS_UART_init
 .text.MSS_UART_polled_tx
                0x00001e68       0xe4 ./MicroSemi_Code/drivers/mss_uart/mss_uart.o
                0x00001e68                MSS_UART_polled_tx
 .text.MSS_UART_polled_tx_string
                0x00001f4c       0xd0 ./MicroSemi_Code/drivers/mss_uart/mss_uart.o
                0x00001f4c                MSS_UART_polled_tx_string
 .text.MSS_UART_irq_tx
                0x0000201c       0xb0 ./MicroSemi_Code/drivers/mss_uart/mss_uart.o
                0x0000201c                MSS_UART_irq_tx
 .text.MSS_UART_tx_complete
                0x000020cc       0x90 ./MicroSemi_Code/drivers/mss_uart/mss_uart.o
                0x000020cc                MSS_UART_tx_complete
 .text.MSS_UART_get_rx
                0x0000215c       0xdc ./MicroSemi_Code/drivers/mss_uart/mss_uart.o
                0x0000215c                MSS_UART_get_rx
 .text.MSS_UART_enable_irq
                0x00002238       0x7c ./MicroSemi_Code/drivers/mss_uart/mss_uart.o
                0x00002238                MSS_UART_enable_irq
 .text.MSS_UART_disable_irq
                0x000022b4       0x88 ./MicroSemi_Code/drivers/mss_uart/mss_uart.o
                0x000022b4                MSS_UART_disable_irq
 .text.MSS_UART_isr
                0x0000233c      0x11c ./MicroSemi_Code/drivers/mss_uart/mss_uart.o
 .text.default_tx_handler
                0x00002458      0x108 ./MicroSemi_Code/drivers/mss_uart/mss_uart.o
 .text.MSS_UART_set_rx_handler
                0x00002560       0xa8 ./MicroSemi_Code/drivers/mss_uart/mss_uart.o
                0x00002560                MSS_UART_set_rx_handler
 .text.MSS_UART_set_loopback
                0x00002608       0x70 ./MicroSemi_Code/drivers/mss_uart/mss_uart.o
                0x00002608                MSS_UART_set_loopback
 .text.UART0_IRQHandler
                0x00002678       0x2c ./MicroSemi_Code/drivers/mss_uart/mss_uart.o
                0x00002678                UART0_IRQHandler
 .text.UART1_IRQHandler
                0x000026a4       0x2c ./MicroSemi_Code/drivers/mss_uart/mss_uart.o
                0x000026a4                UART1_IRQHandler
 .text.MSS_UART_set_rxstatus_handler
                0x000026d0       0x84 ./MicroSemi_Code/drivers/mss_uart/mss_uart.o
                0x000026d0                MSS_UART_set_rxstatus_handler
 .text.MSS_UART_set_tx_handler
                0x00002754       0x94 ./MicroSemi_Code/drivers/mss_uart/mss_uart.o
                0x00002754                MSS_UART_set_tx_handler
 .text.MSS_UART_set_modemstatus_handler
                0x000027e8       0x84 ./MicroSemi_Code/drivers/mss_uart/mss_uart.o
                0x000027e8                MSS_UART_set_modemstatus_handler
 .text.MSS_UART_fill_tx_fifo
                0x0000286c       0xd4 ./MicroSemi_Code/drivers/mss_uart/mss_uart.o
                0x0000286c                MSS_UART_fill_tx_fifo
 .text.MSS_UART_get_rx_status
                0x00002940       0x80 ./MicroSemi_Code/drivers/mss_uart/mss_uart.o
                0x00002940                MSS_UART_get_rx_status
 .text.MSS_UART_get_modem_status
                0x000029c0       0x60 ./MicroSemi_Code/drivers/mss_uart/mss_uart.o
                0x000029c0                MSS_UART_get_modem_status
 .text.MSS_UART_get_tx_status
                0x00002a20       0x78 ./MicroSemi_Code/drivers/mss_uart/mss_uart.o
                0x00002a20                MSS_UART_get_tx_status
 .text          0x00002a98        0x0 ./MicroSemi_Code/drivers/mss_i2c/mss_i2c.o
 .text.NVIC_EnableIRQ
                0x00002a98       0x38 ./MicroSemi_Code/drivers/mss_i2c/mss_i2c.o
 .text.NVIC_DisableIRQ
                0x00002ad0       0x3c ./MicroSemi_Code/drivers/mss_i2c/mss_i2c.o
 .text.NVIC_ClearPendingIRQ
                0x00002b0c       0x3c ./MicroSemi_Code/drivers/mss_i2c/mss_i2c.o
 .text.MSS_I2C_init
                0x00002b48      0x16c ./MicroSemi_Code/drivers/mss_i2c/mss_i2c.o
                0x00002b48                MSS_I2C_init
 .text.MSS_I2C_write
                0x00002cb4       0xf4 ./MicroSemi_Code/drivers/mss_i2c/mss_i2c.o
                0x00002cb4                MSS_I2C_write
 .text.MSS_I2C_read
                0x00002da8       0xf4 ./MicroSemi_Code/drivers/mss_i2c/mss_i2c.o
                0x00002da8                MSS_I2C_read
 .text.MSS_I2C_write_read
                0x00002e9c      0x134 ./MicroSemi_Code/drivers/mss_i2c/mss_i2c.o
                0x00002e9c                MSS_I2C_write_read
 .text.MSS_I2C_get_status
                0x00002fd0       0x3c ./MicroSemi_Code/drivers/mss_i2c/mss_i2c.o
                0x00002fd0                MSS_I2C_get_status
 .text.MSS_I2C_wait_complete
                0x0000300c       0x4c ./MicroSemi_Code/drivers/mss_i2c/mss_i2c.o
                0x0000300c                MSS_I2C_wait_complete
 .text.MSS_I2C_system_tick
                0x00003058       0x5c ./MicroSemi_Code/drivers/mss_i2c/mss_i2c.o
                0x00003058                MSS_I2C_system_tick
 .text.MSS_I2C_set_slave_tx_buffer
                0x000030b4       0x58 ./MicroSemi_Code/drivers/mss_i2c/mss_i2c.o
                0x000030b4                MSS_I2C_set_slave_tx_buffer
 .text.MSS_I2C_set_slave_rx_buffer
                0x0000310c       0x58 ./MicroSemi_Code/drivers/mss_i2c/mss_i2c.o
                0x0000310c                MSS_I2C_set_slave_rx_buffer
 .text.MSS_I2C_set_slave_mem_offset_length
                0x00003164       0x54 ./MicroSemi_Code/drivers/mss_i2c/mss_i2c.o
                0x00003164                MSS_I2C_set_slave_mem_offset_length
 .text.MSS_I2C_register_write_handler
                0x000031b8       0x38 ./MicroSemi_Code/drivers/mss_i2c/mss_i2c.o
                0x000031b8                MSS_I2C_register_write_handler
 .text.MSS_I2C_enable_slave
                0x000031f0       0x5c ./MicroSemi_Code/drivers/mss_i2c/mss_i2c.o
                0x000031f0                MSS_I2C_enable_slave
 .text.MSS_I2C_disable_slave
                0x0000324c       0x50 ./MicroSemi_Code/drivers/mss_i2c/mss_i2c.o
                0x0000324c                MSS_I2C_disable_slave
 .text.enable_slave_if_required
                0x0000329c       0x28 ./MicroSemi_Code/drivers/mss_i2c/mss_i2c.o
 .text.mss_i2c_isr
                0x000032c4      0x8f4 ./MicroSemi_Code/drivers/mss_i2c/mss_i2c.o
 .text.MSS_I2C_smbus_init
                0x00003bb8       0x28 ./MicroSemi_Code/drivers/mss_i2c/mss_i2c.o
                0x00003bb8                MSS_I2C_smbus_init
 .text.MSS_I2C_enable_smbus_irq
                0x00003be0       0xe4 ./MicroSemi_Code/drivers/mss_i2c/mss_i2c.o
                0x00003be0                MSS_I2C_enable_smbus_irq
 .text.MSS_I2C_disable_smbus_irq
                0x00003cc4       0xc4 ./MicroSemi_Code/drivers/mss_i2c/mss_i2c.o
                0x00003cc4                MSS_I2C_disable_smbus_irq
 .text.MSS_I2C_suspend_smbus_slave
                0x00003d88       0x20 ./MicroSemi_Code/drivers/mss_i2c/mss_i2c.o
                0x00003d88                MSS_I2C_suspend_smbus_slave
 .text.MSS_I2C_resume_smbus_slave
                0x00003da8       0x20 ./MicroSemi_Code/drivers/mss_i2c/mss_i2c.o
                0x00003da8                MSS_I2C_resume_smbus_slave
 .text.MSS_I2C_reset_smbus
                0x00003dc8       0x20 ./MicroSemi_Code/drivers/mss_i2c/mss_i2c.o
                0x00003dc8                MSS_I2C_reset_smbus
 .text.MSS_I2C_set_smbus_alert
                0x00003de8       0x20 ./MicroSemi_Code/drivers/mss_i2c/mss_i2c.o
                0x00003de8                MSS_I2C_set_smbus_alert
 .text.MSS_I2C_clear_smbus_alert
                0x00003e08       0x20 ./MicroSemi_Code/drivers/mss_i2c/mss_i2c.o
                0x00003e08                MSS_I2C_clear_smbus_alert
 .text.MSS_I2C_set_gca
                0x00003e28       0x20 ./MicroSemi_Code/drivers/mss_i2c/mss_i2c.o
                0x00003e28                MSS_I2C_set_gca
 .text.MSS_I2C_clear_gca
                0x00003e48       0x20 ./MicroSemi_Code/drivers/mss_i2c/mss_i2c.o
                0x00003e48                MSS_I2C_clear_gca
 .text.MSS_I2C_set_user_data
                0x00003e68       0x1c ./MicroSemi_Code/drivers/mss_i2c/mss_i2c.o
                0x00003e68                MSS_I2C_set_user_data
 .text.MSS_I2C_get_user_data
                0x00003e84       0x18 ./MicroSemi_Code/drivers/mss_i2c/mss_i2c.o
                0x00003e84                MSS_I2C_get_user_data
 .text.disable_interrupts
                0x00003e9c       0x24 ./MicroSemi_Code/drivers/mss_i2c/mss_i2c.o
 .text.restore_interrupts
                0x00003ec0       0x18 ./MicroSemi_Code/drivers/mss_i2c/mss_i2c.o
 .text.I2C0_IRQHandler
                0x00003ed8       0x2c ./MicroSemi_Code/drivers/mss_i2c/mss_i2c.o
                0x00003ed8                I2C0_IRQHandler
 .text.I2C1_IRQHandler
                0x00003f04       0x2c ./MicroSemi_Code/drivers/mss_i2c/mss_i2c.o
                0x00003f04                I2C1_IRQHandler
 .text          0x00003f30        0x0 ./MicroSemi_Code/drivers/mss_gpio/mss_gpio.o
 .text.NVIC_EnableIRQ
                0x00003f30       0x38 ./MicroSemi_Code/drivers/mss_gpio/mss_gpio.o
 .text.NVIC_ClearPendingIRQ
                0x00003f68       0x3c ./MicroSemi_Code/drivers/mss_gpio/mss_gpio.o
 .text.MSS_GPIO_init
                0x00003fa4       0x6c ./MicroSemi_Code/drivers/mss_gpio/mss_gpio.o
                0x00003fa4                MSS_GPIO_init
 .text.MSS_GPIO_config
                0x00004010       0x3c ./MicroSemi_Code/drivers/mss_gpio/mss_gpio.o
                0x00004010                MSS_GPIO_config
 .text.MSS_GPIO_set_output
                0x0000404c       0x40 ./MicroSemi_Code/drivers/mss_gpio/mss_gpio.o
                0x0000404c                MSS_GPIO_set_output
 .text.MSS_GPIO_drive_inout
                0x0000408c      0x128 ./MicroSemi_Code/drivers/mss_gpio/mss_gpio.o
                0x0000408c                MSS_GPIO_drive_inout
 .text.MSS_GPIO_enable_irq
                0x000041b4       0x64 ./MicroSemi_Code/drivers/mss_gpio/mss_gpio.o
                0x000041b4                MSS_GPIO_enable_irq
 .text.MSS_GPIO_disable_irq
                0x00004218       0x50 ./MicroSemi_Code/drivers/mss_gpio/mss_gpio.o
                0x00004218                MSS_GPIO_disable_irq
 .text.MSS_GPIO_clear_irq
                0x00004268       0x50 ./MicroSemi_Code/drivers/mss_gpio/mss_gpio.o
                0x00004268                MSS_GPIO_clear_irq
 .text          0x000042b8        0x0 ./MicroSemi_Code/drivers/mss_ethernet_mac/crc32.o
 .text.mss_mac_crc32
                0x000042b8       0x60 ./MicroSemi_Code/drivers/mss_ethernet_mac/crc32.o
                0x000042b8                mss_mac_crc32
 .text.mss_ethernet_crc
                0x00004318       0x24 ./MicroSemi_Code/drivers/mss_ethernet_mac/crc32.o
                0x00004318                mss_ethernet_crc
 .text          0x0000433c        0x0 ./MicroSemi_Code/drivers/mss_ethernet_mac/mss_ethernet_mac.o
 .text.MSS_MAC_init
                0x0000433c      0x358 ./MicroSemi_Code/drivers/mss_ethernet_mac/mss_ethernet_mac.o
                0x0000433c                MSS_MAC_init
 .text.MSS_MAC_configure
                0x00004694      0x248 ./MicroSemi_Code/drivers/mss_ethernet_mac/mss_ethernet_mac.o
                0x00004694                MSS_MAC_configure
 .text.MSS_MAC_get_configuration
                0x000048dc      0x144 ./MicroSemi_Code/drivers/mss_ethernet_mac/mss_ethernet_mac.o
                0x000048dc                MSS_MAC_get_configuration
 .text.MSS_MAC_tx_packet
                0x00004a20      0x544 ./MicroSemi_Code/drivers/mss_ethernet_mac/mss_ethernet_mac.o
                0x00004a20                MSS_MAC_tx_packet
 .text.MSS_MAC_rx_pckt_size
                0x00004f64       0x74 ./MicroSemi_Code/drivers/mss_ethernet_mac/mss_ethernet_mac.o
                0x00004f64                MSS_MAC_rx_pckt_size
 .text.MSS_MAC_rx_packet
                0x00004fd8       0xf0 ./MicroSemi_Code/drivers/mss_ethernet_mac/mss_ethernet_mac.o
                0x00004fd8                MSS_MAC_rx_packet
 .text.MSS_MAC_rx_packet_ptrset
                0x000050c8      0x134 ./MicroSemi_Code/drivers/mss_ethernet_mac/mss_ethernet_mac.o
                0x000050c8                MSS_MAC_rx_packet_ptrset
 .text.MSS_MAC_link_status
                0x000051fc       0x30 ./MicroSemi_Code/drivers/mss_ethernet_mac/mss_ethernet_mac.o
                0x000051fc                MSS_MAC_link_status
 .text.MSS_MAC_auto_setup_link
                0x0000522c       0xd0 ./MicroSemi_Code/drivers/mss_ethernet_mac/mss_ethernet_mac.o
                0x0000522c                MSS_MAC_auto_setup_link
 .text.MSS_MAC_set_mac_address
                0x000052fc       0xa4 ./MicroSemi_Code/drivers/mss_ethernet_mac/mss_ethernet_mac.o
                0x000052fc                MSS_MAC_set_mac_address
 .text.MSS_MAC_get_mac_address
                0x000053a0       0x20 ./MicroSemi_Code/drivers/mss_ethernet_mac/mss_ethernet_mac.o
                0x000053a0                MSS_MAC_get_mac_address
 .text.MSS_MAC_set_mac_filters
                0x000053c0      0x1b8 ./MicroSemi_Code/drivers/mss_ethernet_mac/mss_ethernet_mac.o
                0x000053c0                MSS_MAC_set_mac_filters
 .text.EthernetMAC_IRQHandler
                0x00005578      0x13c ./MicroSemi_Code/drivers/mss_ethernet_mac/mss_ethernet_mac.o
                0x00005578                EthernetMAC_IRQHandler
 .text.MSS_MAC_set_callback
                0x000056b4       0x70 ./MicroSemi_Code/drivers/mss_ethernet_mac/mss_ethernet_mac.o
                0x000056b4                MSS_MAC_set_callback
 .text.MSS_MAC_last_error
                0x00005724       0x54 ./MicroSemi_Code/drivers/mss_ethernet_mac/mss_ethernet_mac.o
                0x00005724                MSS_MAC_last_error
 .text.MSS_MAC_get_statistics
                0x00005778      0x2b4 ./MicroSemi_Code/drivers/mss_ethernet_mac/mss_ethernet_mac.o
                0x00005778                MSS_MAC_get_statistics
 .text.MSS_MAC_prepare_rx_descriptor
                0x00005a2c      0x428 ./MicroSemi_Code/drivers/mss_ethernet_mac/mss_ethernet_mac.o
                0x00005a2c                MSS_MAC_prepare_rx_descriptor
 .text.MAC_send_setup_frame
                0x00005e54      0x36c ./MicroSemi_Code/drivers/mss_ethernet_mac/mss_ethernet_mac.o
 .text.MAC_stop_transmission
                0x000061c0       0x60 ./MicroSemi_Code/drivers/mss_ethernet_mac/mss_ethernet_mac.o
 .text.MAC_start_transmission
                0x00006220       0x1c ./MicroSemi_Code/drivers/mss_ethernet_mac/mss_ethernet_mac.o
 .text.MAC_stop_receiving
                0x0000623c       0x60 ./MicroSemi_Code/drivers/mss_ethernet_mac/mss_ethernet_mac.o
 .text.MAC_start_receiving
                0x0000629c       0x1c ./MicroSemi_Code/drivers/mss_ethernet_mac/mss_ethernet_mac.o
 .text.MAC_dismiss_bad_frames
                0x000062b8       0xa4 ./MicroSemi_Code/drivers/mss_ethernet_mac/mss_ethernet_mac.o
 .text.MAC_set_time_out
                0x0000635c       0x50 ./MicroSemi_Code/drivers/mss_ethernet_mac/mss_ethernet_mac.o
 .text.MAC_get_time_out
                0x000063ac       0xf4 ./MicroSemi_Code/drivers/mss_ethernet_mac/mss_ethernet_mac.o
 .text.MAC_memset
                0x000064a0       0x38 ./MicroSemi_Code/drivers/mss_ethernet_mac/mss_ethernet_mac.o
 .text.MAC_memset_All
                0x000064d8      0x448 ./MicroSemi_Code/drivers/mss_ethernet_mac/mss_ethernet_mac.o
 .text.MAC_memcpy
                0x00006920       0x3c ./MicroSemi_Code/drivers/mss_ethernet_mac/mss_ethernet_mac.o
 .text.MSS_MAC_FreeTxBuffers
                0x0000695c       0x88 ./MicroSemi_Code/drivers/mss_ethernet_mac/mss_ethernet_mac.o
                0x0000695c                MSS_MAC_FreeTxBuffers
 .text.MAC_obtain_buffer
                0x000069e4      0x178 ./MicroSemi_Code/drivers/mss_ethernet_mac/mss_ethernet_mac.o
 .text.MAC_release_buffer
                0x00006b5c       0x70 ./MicroSemi_Code/drivers/mss_ethernet_mac/mss_ethernet_mac.o
 .text          0x00006bcc        0x0 ./MicroSemi_Code/drivers/mss_ethernet_mac/phy.o
 .text.MDIO_management_clock
                0x00006bcc       0x38 ./MicroSemi_Code/drivers/mss_ethernet_mac/phy.o
 .text.MDIO_send_cmd
                0x00006c04      0x100 ./MicroSemi_Code/drivers/mss_ethernet_mac/phy.o
 .text.MDIO_read
                0x00006d04       0x70 ./MicroSemi_Code/drivers/mss_ethernet_mac/phy.o
 .text.MDIO_write
                0x00006d74       0x74 ./MicroSemi_Code/drivers/mss_ethernet_mac/phy.o
 .text.PHY_probe
                0x00006de8       0x84 ./MicroSemi_Code/drivers/mss_ethernet_mac/phy.o
                0x00006de8                PHY_probe
 .text.PHY_reset
                0x00006e6c       0x20 ./MicroSemi_Code/drivers/mss_ethernet_mac/phy.o
                0x00006e6c                PHY_reset
 .text.PHY_auto_negotiate
                0x00006e8c       0x50 ./MicroSemi_Code/drivers/mss_ethernet_mac/phy.o
                0x00006e8c                PHY_auto_negotiate
 .text.PHY_link_status
                0x00006edc       0x30 ./MicroSemi_Code/drivers/mss_ethernet_mac/phy.o
                0x00006edc                PHY_link_status
 .text.PHY_link_type
                0x00006f0c       0x48 ./MicroSemi_Code/drivers/mss_ethernet_mac/phy.o
                0x00006f0c                PHY_link_type
 .text.PHY_set_link_type
                0x00006f54       0x58 ./MicroSemi_Code/drivers/mss_ethernet_mac/phy.o
                0x00006f54                PHY_set_link_type
 .text.PHY_set_loopback
                0x00006fac       0x58 ./MicroSemi_Code/drivers/mss_ethernet_mac/phy.o
                0x00006fac                PHY_set_loopback
 .text          0x00007004        0x0 ./MicroSemi_Code/drivers/mss_ace/ace_convert.o
 .text.ACE_get_channel_type
                0x00007004       0x44 ./MicroSemi_Code/drivers/mss_ace/ace_convert.o
                0x00007004                ACE_get_channel_type
 .text.ACE_convert_adc_input_to_mV
                0x00007048       0x64 ./MicroSemi_Code/drivers/mss_ace/ace_convert.o
                0x00007048                ACE_convert_adc_input_to_mV
 .text.ace_init_convert
                0x000070ac      0x1b4 ./MicroSemi_Code/drivers/mss_ace/ace_convert.o
                0x000070ac                ace_init_convert
 .text.ACE_convert_to_mV
                0x00007260      0x100 ./MicroSemi_Code/drivers/mss_ace/ace_convert.o
                0x00007260                ACE_convert_to_mV
 .text.ACE_convert_to_mA
                0x00007360       0xb4 ./MicroSemi_Code/drivers/mss_ace/ace_convert.o
                0x00007360                ACE_convert_to_mA
 .text.ACE_convert_to_uA
                0x00007414       0xb0 ./MicroSemi_Code/drivers/mss_ace/ace_convert.o
                0x00007414                ACE_convert_to_uA
 .text.ACE_convert_to_Kelvin
                0x000074c4       0x4c ./MicroSemi_Code/drivers/mss_ace/ace_convert.o
                0x000074c4                ACE_convert_to_Kelvin
 .text.ACE_convert_to_Celsius
                0x00007510       0x3c ./MicroSemi_Code/drivers/mss_ace/ace_convert.o
                0x00007510                ACE_convert_to_Celsius
 .text.ACE_convert_to_Fahrenheit
                0x0000754c       0x58 ./MicroSemi_Code/drivers/mss_ace/ace_convert.o
                0x0000754c                ACE_convert_to_Fahrenheit
 .text.ACE_get_channel_name
                0x000075a4       0x38 ./MicroSemi_Code/drivers/mss_ace/ace_convert.o
                0x000075a4                ACE_get_channel_name
 .text.ACE_convert_mV_to_adc_value
                0x000075dc       0xa0 ./MicroSemi_Code/drivers/mss_ace/ace_convert.o
                0x000075dc                ACE_convert_mV_to_adc_value
 .text.convert_mV_to_ppe_value
                0x0000767c       0x7c ./MicroSemi_Code/drivers/mss_ace/ace_convert.o
 .text.ACE_convert_from_mV
                0x000076f8      0x110 ./MicroSemi_Code/drivers/mss_ace/ace_convert.o
                0x000076f8                ACE_convert_from_mV
 .text.ACE_convert_from_mA
                0x00007808       0xc4 ./MicroSemi_Code/drivers/mss_ace/ace_convert.o
                0x00007808                ACE_convert_from_mA
 .text.ACE_convert_from_uA
                0x000078cc       0xc4 ./MicroSemi_Code/drivers/mss_ace/ace_convert.o
                0x000078cc                ACE_convert_from_uA
 .text.ACE_convert_from_Kelvin
                0x00007990       0x58 ./MicroSemi_Code/drivers/mss_ace/ace_convert.o
                0x00007990                ACE_convert_from_Kelvin
 .text.ACE_convert_from_Celsius
                0x000079e8       0x4c ./MicroSemi_Code/drivers/mss_ace/ace_convert.o
                0x000079e8                ACE_convert_from_Celsius
 .text.ACE_convert_from_Fahrenheit
                0x00007a34       0x64 ./MicroSemi_Code/drivers/mss_ace/ace_convert.o
                0x00007a34                ACE_convert_from_Fahrenheit
 .text.ACE_translate_pdma_value
                0x00007a98       0x34 ./MicroSemi_Code/drivers/mss_ace/ace_convert.o
                0x00007a98                ACE_translate_pdma_value
 .text          0x00007acc        0x0 ./MicroSemi_Code/drivers/mss_ace/ace_flags.o
 .text.NVIC_ClearPendingIRQ
                0x00007acc       0x3c ./MicroSemi_Code/drivers/mss_ace/ace_flags.o
 .text.ace_init_flags
                0x00007b08        0xc ./MicroSemi_Code/drivers/mss_ace/ace_flags.o
                0x00007b08                ace_init_flags
 .text.ACE_is_hysteresis_flag
                0x00007b14       0x20 ./MicroSemi_Code/drivers/mss_ace/ace_flags.o
                0x00007b14                ACE_is_hysteresis_flag
 .text.ACE_is_under_flag
                0x00007b34       0x20 ./MicroSemi_Code/drivers/mss_ace/ace_flags.o
                0x00007b34                ACE_is_under_flag
 .text.ACE_set_flag_threshold
                0x00007b54       0x18 ./MicroSemi_Code/drivers/mss_ace/ace_flags.o
                0x00007b54                ACE_set_flag_threshold
 .text.ACE_set_flag_assertion
                0x00007b6c       0x18 ./MicroSemi_Code/drivers/mss_ace/ace_flags.o
                0x00007b6c                ACE_set_flag_assertion
 .text.ACE_set_flag_deassertion
                0x00007b84       0x18 ./MicroSemi_Code/drivers/mss_ace/ace_flags.o
                0x00007b84                ACE_set_flag_deassertion
 .text.ACE_set_flag_hysteresis
                0x00007b9c       0x18 ./MicroSemi_Code/drivers/mss_ace/ace_flags.o
                0x00007b9c                ACE_set_flag_hysteresis
 .text.ACE_set_channel_hysteresis
                0x00007bb4       0x18 ./MicroSemi_Code/drivers/mss_ace/ace_flags.o
                0x00007bb4                ACE_set_channel_hysteresis
 .text.ACE_get_flag_handle
                0x00007bcc       0x1c ./MicroSemi_Code/drivers/mss_ace/ace_flags.o
                0x00007bcc                ACE_get_flag_handle
 .text.ACE_get_flag_status
                0x00007be8       0x20 ./MicroSemi_Code/drivers/mss_ace/ace_flags.o
                0x00007be8                ACE_get_flag_status
 .text.ACE_get_flag_name
                0x00007c08       0x20 ./MicroSemi_Code/drivers/mss_ace/ace_flags.o
                0x00007c08                ACE_get_flag_name
 .text.ACE_get_flag_channel
                0x00007c28       0x20 ./MicroSemi_Code/drivers/mss_ace/ace_flags.o
                0x00007c28                ACE_get_flag_channel
 .text.ACE_get_channel_flag_count
                0x00007c48       0x20 ./MicroSemi_Code/drivers/mss_ace/ace_flags.o
                0x00007c48                ACE_get_channel_flag_count
 .text.ACE_get_channel_first_flag
                0x00007c68       0x20 ./MicroSemi_Code/drivers/mss_ace/ace_flags.o
                0x00007c68                ACE_get_channel_first_flag
 .text.ACE_get_channel_next_flag
                0x00007c88       0x20 ./MicroSemi_Code/drivers/mss_ace/ace_flags.o
                0x00007c88                ACE_get_channel_next_flag
 .text.ACE_enable_channel_flags_irq
                0x00007ca8       0x14 ./MicroSemi_Code/drivers/mss_ace/ace_flags.o
                0x00007ca8                ACE_enable_channel_flags_irq
 .text.ACE_disable_channel_flags_irq
                0x00007cbc       0x14 ./MicroSemi_Code/drivers/mss_ace/ace_flags.o
                0x00007cbc                ACE_disable_channel_flags_irq
 .text.ACE_clear_channel_flags_irq
                0x00007cd0       0x14 ./MicroSemi_Code/drivers/mss_ace/ace_flags.o
                0x00007cd0                ACE_clear_channel_flags_irq
 .text.ACE_enable_flag_irq
                0x00007ce4       0x14 ./MicroSemi_Code/drivers/mss_ace/ace_flags.o
                0x00007ce4                ACE_enable_flag_irq
 .text.ACE_disable_flag_irq
                0x00007cf8       0x14 ./MicroSemi_Code/drivers/mss_ace/ace_flags.o
                0x00007cf8                ACE_disable_flag_irq
 .text.ACE_clear_flag_irq
                0x00007d0c       0x14 ./MicroSemi_Code/drivers/mss_ace/ace_flags.o
                0x00007d0c                ACE_clear_flag_irq
 .text.ACE_register_flag_isr
                0x00007d20       0x18 ./MicroSemi_Code/drivers/mss_ace/ace_flags.o
                0x00007d20                ACE_register_flag_isr
 .text.ACE_register_channel_flags_isr
                0x00007d38       0x18 ./MicroSemi_Code/drivers/mss_ace/ace_flags.o
                0x00007d38                ACE_register_channel_flags_isr
 .text.ACE_register_global_flags_isr
                0x00007d50       0x14 ./MicroSemi_Code/drivers/mss_ace/ace_flags.o
                0x00007d50                ACE_register_global_flags_isr
 .text.process_flag_irq
                0x00007d64       0x14 ./MicroSemi_Code/drivers/mss_ace/ace_flags.o
 .text.ACE_PPE_Flag0_IRQHandler
                0x00007d78       0x28 ./MicroSemi_Code/drivers/mss_ace/ace_flags.o
                0x00007d78                ACE_PPE_Flag0_IRQHandler
 .text.ACE_PPE_Flag1_IRQHandler
                0x00007da0       0x28 ./MicroSemi_Code/drivers/mss_ace/ace_flags.o
                0x00007da0                ACE_PPE_Flag1_IRQHandler
 .text.ACE_PPE_Flag2_IRQHandler
                0x00007dc8       0x28 ./MicroSemi_Code/drivers/mss_ace/ace_flags.o
                0x00007dc8                ACE_PPE_Flag2_IRQHandler
 .text.ACE_PPE_Flag3_IRQHandler
                0x00007df0       0x28 ./MicroSemi_Code/drivers/mss_ace/ace_flags.o
                0x00007df0                ACE_PPE_Flag3_IRQHandler
 .text.ACE_PPE_Flag4_IRQHandler
                0x00007e18       0x28 ./MicroSemi_Code/drivers/mss_ace/ace_flags.o
                0x00007e18                ACE_PPE_Flag4_IRQHandler
 .text.ACE_PPE_Flag5_IRQHandler
                0x00007e40       0x28 ./MicroSemi_Code/drivers/mss_ace/ace_flags.o
                0x00007e40                ACE_PPE_Flag5_IRQHandler
 .text.ACE_PPE_Flag6_IRQHandler
                0x00007e68       0x28 ./MicroSemi_Code/drivers/mss_ace/ace_flags.o
                0x00007e68                ACE_PPE_Flag6_IRQHandler
 .text.ACE_PPE_Flag7_IRQHandler
                0x00007e90       0x28 ./MicroSemi_Code/drivers/mss_ace/ace_flags.o
                0x00007e90                ACE_PPE_Flag7_IRQHandler
 .text.ACE_PPE_Flag8_IRQHandler
                0x00007eb8       0x28 ./MicroSemi_Code/drivers/mss_ace/ace_flags.o
                0x00007eb8                ACE_PPE_Flag8_IRQHandler
 .text.ACE_PPE_Flag9_IRQHandler
                0x00007ee0       0x28 ./MicroSemi_Code/drivers/mss_ace/ace_flags.o
                0x00007ee0                ACE_PPE_Flag9_IRQHandler
 .text.ACE_PPE_Flag10_IRQHandler
                0x00007f08       0x28 ./MicroSemi_Code/drivers/mss_ace/ace_flags.o
                0x00007f08                ACE_PPE_Flag10_IRQHandler
 .text.ACE_PPE_Flag11_IRQHandler
                0x00007f30       0x28 ./MicroSemi_Code/drivers/mss_ace/ace_flags.o
                0x00007f30                ACE_PPE_Flag11_IRQHandler
 .text.ACE_PPE_Flag12_IRQHandler
                0x00007f58       0x28 ./MicroSemi_Code/drivers/mss_ace/ace_flags.o
                0x00007f58                ACE_PPE_Flag12_IRQHandler
 .text.ACE_PPE_Flag13_IRQHandler
                0x00007f80       0x28 ./MicroSemi_Code/drivers/mss_ace/ace_flags.o
                0x00007f80                ACE_PPE_Flag13_IRQHandler
 .text.ACE_PPE_Flag14_IRQHandler
                0x00007fa8       0x28 ./MicroSemi_Code/drivers/mss_ace/ace_flags.o
                0x00007fa8                ACE_PPE_Flag14_IRQHandler
 .text.ACE_PPE_Flag15_IRQHandler
                0x00007fd0       0x28 ./MicroSemi_Code/drivers/mss_ace/ace_flags.o
                0x00007fd0                ACE_PPE_Flag15_IRQHandler
 .text.ACE_PPE_Flag16_IRQHandler
                0x00007ff8       0x28 ./MicroSemi_Code/drivers/mss_ace/ace_flags.o
                0x00007ff8                ACE_PPE_Flag16_IRQHandler
 .text.ACE_PPE_Flag17_IRQHandler
                0x00008020       0x28 ./MicroSemi_Code/drivers/mss_ace/ace_flags.o
                0x00008020                ACE_PPE_Flag17_IRQHandler
 .text.ACE_PPE_Flag18_IRQHandler
                0x00008048       0x28 ./MicroSemi_Code/drivers/mss_ace/ace_flags.o
                0x00008048                ACE_PPE_Flag18_IRQHandler
 .text.ACE_PPE_Flag19_IRQHandler
                0x00008070       0x28 ./MicroSemi_Code/drivers/mss_ace/ace_flags.o
                0x00008070                ACE_PPE_Flag19_IRQHandler
 .text.ACE_PPE_Flag20_IRQHandler
                0x00008098       0x28 ./MicroSemi_Code/drivers/mss_ace/ace_flags.o
                0x00008098                ACE_PPE_Flag20_IRQHandler
 .text.ACE_PPE_Flag21_IRQHandler
                0x000080c0       0x28 ./MicroSemi_Code/drivers/mss_ace/ace_flags.o
                0x000080c0                ACE_PPE_Flag21_IRQHandler
 .text.ACE_PPE_Flag22_IRQHandler
                0x000080e8       0x28 ./MicroSemi_Code/drivers/mss_ace/ace_flags.o
                0x000080e8                ACE_PPE_Flag22_IRQHandler
 .text.ACE_PPE_Flag23_IRQHandler
                0x00008110       0x28 ./MicroSemi_Code/drivers/mss_ace/ace_flags.o
                0x00008110                ACE_PPE_Flag23_IRQHandler
 .text.ACE_PPE_Flag24_IRQHandler
                0x00008138       0x28 ./MicroSemi_Code/drivers/mss_ace/ace_flags.o
                0x00008138                ACE_PPE_Flag24_IRQHandler
 .text.ACE_PPE_Flag25_IRQHandler
                0x00008160       0x28 ./MicroSemi_Code/drivers/mss_ace/ace_flags.o
                0x00008160                ACE_PPE_Flag25_IRQHandler
 .text.ACE_PPE_Flag26_IRQHandler
                0x00008188       0x28 ./MicroSemi_Code/drivers/mss_ace/ace_flags.o
                0x00008188                ACE_PPE_Flag26_IRQHandler
 .text.ACE_PPE_Flag27_IRQHandler
                0x000081b0       0x28 ./MicroSemi_Code/drivers/mss_ace/ace_flags.o
                0x000081b0                ACE_PPE_Flag27_IRQHandler
 .text.ACE_PPE_Flag28_IRQHandler
                0x000081d8       0x28 ./MicroSemi_Code/drivers/mss_ace/ace_flags.o
                0x000081d8                ACE_PPE_Flag28_IRQHandler
 .text.ACE_PPE_Flag29_IRQHandler
                0x00008200       0x28 ./MicroSemi_Code/drivers/mss_ace/ace_flags.o
                0x00008200                ACE_PPE_Flag29_IRQHandler
 .text.ACE_PPE_Flag30_IRQHandler
                0x00008228       0x28 ./MicroSemi_Code/drivers/mss_ace/ace_flags.o
                0x00008228                ACE_PPE_Flag30_IRQHandler
 .text.ACE_PPE_Flag31_IRQHandler
                0x00008250       0x28 ./MicroSemi_Code/drivers/mss_ace/ace_flags.o
                0x00008250                ACE_PPE_Flag31_IRQHandler
 .text          0x00008278        0x0 ./MicroSemi_Code/drivers/mss_ace/ace_sse.o
 .text.ACE_get_sse_seq_handle
                0x00008278       0x84 ./MicroSemi_Code/drivers/mss_ace/ace_sse.o
                0x00008278                ACE_get_sse_seq_handle
 .text.ACE_load_sse
                0x000082fc      0x130 ./MicroSemi_Code/drivers/mss_ace/ace_sse.o
                0x000082fc                ACE_load_sse
 .text.ACE_start_sse
                0x0000842c      0x140 ./MicroSemi_Code/drivers/mss_ace/ace_sse.o
                0x0000842c                ACE_start_sse
 .text.ACE_restart_sse
                0x0000856c      0x124 ./MicroSemi_Code/drivers/mss_ace/ace_sse.o
                0x0000856c                ACE_restart_sse
 .text.ACE_stop_sse
                0x00008690       0x54 ./MicroSemi_Code/drivers/mss_ace/ace_sse.o
                0x00008690                ACE_stop_sse
 .text.ACE_resume_sse
                0x000086e4       0x54 ./MicroSemi_Code/drivers/mss_ace/ace_sse.o
                0x000086e4                ACE_resume_sse
 .text.ACE_enable_sse_irq
                0x00008738       0x48 ./MicroSemi_Code/drivers/mss_ace/ace_sse.o
                0x00008738                ACE_enable_sse_irq
 .text.ACE_disable_sse_irq
                0x00008780       0x64 ./MicroSemi_Code/drivers/mss_ace/ace_sse.o
                0x00008780                ACE_disable_sse_irq
 .text.ACE_clear_sse_irq
                0x000087e4       0x6c ./MicroSemi_Code/drivers/mss_ace/ace_sse.o
                0x000087e4                ACE_clear_sse_irq
 .text.ACE_clear_sample_pipeline
                0x00008850      0x178 ./MicroSemi_Code/drivers/mss_ace/ace_sse.o
                0x00008850                ACE_clear_sample_pipeline
 .text          0x000089c8        0x0 ./MicroSemi_Code/drivers/mss_ace/ace_transform.o
 .text.ACE_get_default_m_factor
                0x000089c8       0x30 ./MicroSemi_Code/drivers/mss_ace/ace_transform.o
                0x000089c8                ACE_get_default_m_factor
 .text.ACE_get_default_c_offset
                0x000089f8       0x34 ./MicroSemi_Code/drivers/mss_ace/ace_transform.o
                0x000089f8                ACE_get_default_c_offset
 .text.ACE_set_linear_transform
                0x00008a2c      0x17c ./MicroSemi_Code/drivers/mss_ace/ace_transform.o
                0x00008a2c                ACE_set_linear_transform
 .text.extend_sign
                0x00008ba8       0x30 ./MicroSemi_Code/drivers/mss_ace/ace_transform.o
                0x00008ba8                extend_sign
 .text.adjust_to_24bit_ace_format
                0x00008bd8       0x80 ./MicroSemi_Code/drivers/mss_ace/ace_transform.o
                0x00008bd8                adjust_to_24bit_ace_format
 .text.adjust_to_16bit_ace_format
                0x00008c58       0x80 ./MicroSemi_Code/drivers/mss_ace/ace_transform.o
                0x00008c58                adjust_to_16bit_ace_format
 .text.get_calibration
                0x00008cd8      0x380 ./MicroSemi_Code/drivers/mss_ace/ace_transform.o
                0x00008cd8                get_calibration
 .text.write_transform_coefficients
                0x00009058       0xac ./MicroSemi_Code/drivers/mss_ace/ace_transform.o
                0x00009058                write_transform_coefficients
 .text          0x00009104        0x0 ./MicroSemi_Code/drivers/mss_ace/mss_ace.o
 .text.ACE_init
                0x00009104       0x10 ./MicroSemi_Code/drivers/mss_ace/mss_ace.o
                0x00009104                ACE_init
 .text.ACE_start_adc
                0x00009114       0x2c ./MicroSemi_Code/drivers/mss_ace/mss_ace.o
                0x00009114                ACE_start_adc
 .text.ACE_get_adc_result
                0x00009140       0x64 ./MicroSemi_Code/drivers/mss_ace/mss_ace.o
                0x00009140                ACE_get_adc_result
 .text.ACE_configure_sdd
                0x000091a4      0x1a0 ./MicroSemi_Code/drivers/mss_ace/mss_ace.o
                0x000091a4                ACE_configure_sdd
 .text.ACE_enable_sdd
                0x00009344       0x48 ./MicroSemi_Code/drivers/mss_ace/mss_ace.o
                0x00009344                ACE_enable_sdd
 .text.ACE_disable_sdd
                0x0000938c       0x48 ./MicroSemi_Code/drivers/mss_ace/mss_ace.o
                0x0000938c                ACE_disable_sdd
 .text.ACE_set_sdd_value
                0x000093d4       0x4c ./MicroSemi_Code/drivers/mss_ace/mss_ace.o
                0x000093d4                ACE_set_sdd_value
 .text.ACE_set_sdd_value_sync
                0x00009420       0xd0 ./MicroSemi_Code/drivers/mss_ace/mss_ace.o
                0x00009420                ACE_set_sdd_value_sync
 .text.ACE_set_comp_reference
                0x000094f0      0x1b4 ./MicroSemi_Code/drivers/mss_ace/mss_ace.o
                0x000094f0                ACE_set_comp_reference
 .text.ACE_set_comp_hysteresis
                0x000096a4      0x128 ./MicroSemi_Code/drivers/mss_ace/mss_ace.o
                0x000096a4                ACE_set_comp_hysteresis
 .text.ACE_enable_comp
                0x000097cc       0xfc ./MicroSemi_Code/drivers/mss_ace/mss_ace.o
                0x000097cc                ACE_enable_comp
 .text.ACE_disable_comp
                0x000098c8       0xf8 ./MicroSemi_Code/drivers/mss_ace/mss_ace.o
                0x000098c8                ACE_disable_comp
 .text.ACE_enable_comp_rise_irq
                0x000099c0       0x50 ./MicroSemi_Code/drivers/mss_ace/mss_ace.o
                0x000099c0                ACE_enable_comp_rise_irq
 .text.ACE_disable_comp_rise_irq
                0x00009a10       0x70 ./MicroSemi_Code/drivers/mss_ace/mss_ace.o
                0x00009a10                ACE_disable_comp_rise_irq
 .text.ACE_clear_comp_rise_irq
                0x00009a80       0x6c ./MicroSemi_Code/drivers/mss_ace/mss_ace.o
                0x00009a80                ACE_clear_comp_rise_irq
 .text.ACE_enable_comp_fall_irq
                0x00009aec       0x50 ./MicroSemi_Code/drivers/mss_ace/mss_ace.o
                0x00009aec                ACE_enable_comp_fall_irq
 .text.ACE_disable_comp_fall_irq
                0x00009b3c       0x70 ./MicroSemi_Code/drivers/mss_ace/mss_ace.o
                0x00009b3c                ACE_disable_comp_fall_irq
 .text.ACE_clear_comp_fall_irq
                0x00009bac       0x6c ./MicroSemi_Code/drivers/mss_ace/mss_ace.o
                0x00009bac                ACE_clear_comp_fall_irq
 .text.ACE_get_comp_status
                0x00009c18       0x20 ./MicroSemi_Code/drivers/mss_ace/mss_ace.o
                0x00009c18                ACE_get_comp_status
 .text.ACE_get_channel_count
                0x00009c38       0x10 ./MicroSemi_Code/drivers/mss_ace/mss_ace.o
                0x00009c38                ACE_get_channel_count
 .text.ACE_get_first_channel
                0x00009c48       0x1c ./MicroSemi_Code/drivers/mss_ace/mss_ace.o
                0x00009c48                ACE_get_first_channel
 .text.ACE_get_next_channel
                0x00009c64       0x2c ./MicroSemi_Code/drivers/mss_ace/mss_ace.o
                0x00009c64                ACE_get_next_channel
 .text.ACE_get_channel_handle
                0x00009c90       0x74 ./MicroSemi_Code/drivers/mss_ace/mss_ace.o
                0x00009c90                ACE_get_channel_handle
 .text.ACE_get_input_channel_handle
                0x00009d04       0x54 ./MicroSemi_Code/drivers/mss_ace/mss_ace.o
                0x00009d04                ACE_get_input_channel_handle
 .text.ACE_get_ppe_sample
                0x00009d58       0x54 ./MicroSemi_Code/drivers/mss_ace/mss_ace.o
                0x00009d58                ACE_get_ppe_sample
 .text          0x00009dac        0x0 ./MicroSemi_Code/CMSIS/brownout_isr.o
 .text.BrownOut_1_5V_IRQHandler
                0x00009dac       0xb0 ./MicroSemi_Code/CMSIS/brownout_isr.o
                0x00009dac                BrownOut_1_5V_IRQHandler
 .text          0x00009e5c        0x0 ./MicroSemi_Code/CMSIS/core_cm3.o
 .text.__get_PSP
                0x00009e5c       0x10 ./MicroSemi_Code/CMSIS/core_cm3.o
                0x00009e5c                __get_PSP
 .text.__set_PSP
                0x00009e6c        0x8 ./MicroSemi_Code/CMSIS/core_cm3.o
                0x00009e6c                __set_PSP
 .text.__get_MSP
                0x00009e74       0x10 ./MicroSemi_Code/CMSIS/core_cm3.o
                0x00009e74                __get_MSP
 .text.__set_MSP
                0x00009e84        0x8 ./MicroSemi_Code/CMSIS/core_cm3.o
                0x00009e84                __set_MSP
 .text.__get_BASEPRI
                0x00009e8c       0x20 ./MicroSemi_Code/CMSIS/core_cm3.o
                0x00009e8c                __get_BASEPRI
 .text.__set_BASEPRI
                0x00009eac       0x18 ./MicroSemi_Code/CMSIS/core_cm3.o
                0x00009eac                __set_BASEPRI
 .text.__get_PRIMASK
                0x00009ec4       0x20 ./MicroSemi_Code/CMSIS/core_cm3.o
                0x00009ec4                __get_PRIMASK
 .text.__set_PRIMASK
                0x00009ee4       0x18 ./MicroSemi_Code/CMSIS/core_cm3.o
                0x00009ee4                __set_PRIMASK
 .text.__get_FAULTMASK
                0x00009efc       0x20 ./MicroSemi_Code/CMSIS/core_cm3.o
                0x00009efc                __get_FAULTMASK
 .text.__set_FAULTMASK
                0x00009f1c       0x18 ./MicroSemi_Code/CMSIS/core_cm3.o
                0x00009f1c                __set_FAULTMASK
 .text.__get_CONTROL
                0x00009f34       0x20 ./MicroSemi_Code/CMSIS/core_cm3.o
                0x00009f34                __get_CONTROL
 .text.__set_CONTROL
                0x00009f54       0x18 ./MicroSemi_Code/CMSIS/core_cm3.o
                0x00009f54                __set_CONTROL
 .text.__REV    0x00009f6c       0x24 ./MicroSemi_Code/CMSIS/core_cm3.o
                0x00009f6c                __REV
 .text.__REV16  0x00009f90       0x24 ./MicroSemi_Code/CMSIS/core_cm3.o
                0x00009f90                __REV16
 .text.__REVSH  0x00009fb4       0x24 ./MicroSemi_Code/CMSIS/core_cm3.o
                0x00009fb4                __REVSH
 .text.__RBIT   0x00009fd8       0x24 ./MicroSemi_Code/CMSIS/core_cm3.o
                0x00009fd8                __RBIT
 .text.__LDREXB
                0x00009ffc       0x24 ./MicroSemi_Code/CMSIS/core_cm3.o
                0x00009ffc                __LDREXB
 .text.__LDREXH
                0x0000a020       0x24 ./MicroSemi_Code/CMSIS/core_cm3.o
                0x0000a020                __LDREXH
 .text.__LDREXW
                0x0000a044       0x24 ./MicroSemi_Code/CMSIS/core_cm3.o
                0x0000a044                __LDREXW
 .text.__STREXB
                0x0000a068       0x2c ./MicroSemi_Code/CMSIS/core_cm3.o
                0x0000a068                __STREXB
 .text.__STREXH
                0x0000a094       0x2c ./MicroSemi_Code/CMSIS/core_cm3.o
                0x0000a094                __STREXH
 .text.__STREXW
                0x0000a0c0       0x28 ./MicroSemi_Code/CMSIS/core_cm3.o
                0x0000a0c0                __STREXW
 .text          0x0000a0e8        0x0 ./MicroSemi_Code/CMSIS/system_a2fxxxm3.o
 .text.SystemInit
                0x0000a0e8        0xc ./MicroSemi_Code/CMSIS/system_a2fxxxm3.o
                0x0000a0e8                SystemInit
 .text.SystemCoreClockUpdate
                0x0000a0f4      0x150 ./MicroSemi_Code/CMSIS/system_a2fxxxm3.o
                0x0000a0f4                SystemCoreClockUpdate
 .text.GetSystemClock
                0x0000a244       0xe8 ./MicroSemi_Code/CMSIS/system_a2fxxxm3.o
 .text          0x0000a32c        0x0 ./MicroSemi_Code/CMSIS/startup_gcc/newlib_stubs.o
 .text._close   0x0000a32c       0x18 ./MicroSemi_Code/CMSIS/startup_gcc/newlib_stubs.o
                0x0000a32c                _close
 .text._execve  0x0000a344       0x28 ./MicroSemi_Code/CMSIS/startup_gcc/newlib_stubs.o
                0x0000a344                _execve
 .text._exit    0x0000a36c        0xc ./MicroSemi_Code/CMSIS/startup_gcc/newlib_stubs.o
                0x0000a36c                _exit
 .text._fork    0x0000a378       0x18 ./MicroSemi_Code/CMSIS/startup_gcc/newlib_stubs.o
                0x0000a378                _fork
 .text._fstat   0x0000a390       0x24 ./MicroSemi_Code/CMSIS/startup_gcc/newlib_stubs.o
                0x0000a390                _fstat
 .text._getpid  0x0000a3b4       0x10 ./MicroSemi_Code/CMSIS/startup_gcc/newlib_stubs.o
                0x0000a3b4                _getpid
 .text._isatty  0x0000a3c4       0x18 ./MicroSemi_Code/CMSIS/startup_gcc/newlib_stubs.o
                0x0000a3c4                _isatty
 .text._kill    0x0000a3dc       0x24 ./MicroSemi_Code/CMSIS/startup_gcc/newlib_stubs.o
                0x0000a3dc                _kill
 .text._link    0x0000a400       0x24 ./MicroSemi_Code/CMSIS/startup_gcc/newlib_stubs.o
                0x0000a400                _link
 .text._lseek   0x0000a424       0x1c ./MicroSemi_Code/CMSIS/startup_gcc/newlib_stubs.o
                0x0000a424                _lseek
 .text._open    0x0000a440       0x1c ./MicroSemi_Code/CMSIS/startup_gcc/newlib_stubs.o
                0x0000a440                _open
 .text._read    0x0000a45c       0x1c ./MicroSemi_Code/CMSIS/startup_gcc/newlib_stubs.o
                0x0000a45c                _read
 .text._write_r
                0x0000a478       0x5c ./MicroSemi_Code/CMSIS/startup_gcc/newlib_stubs.o
                0x0000a478                _write_r
 .text._sbrk    0x0000a4d4       0x94 ./MicroSemi_Code/CMSIS/startup_gcc/newlib_stubs.o
                0x0000a4d4                _sbrk
 .text._stat    0x0000a568       0x24 ./MicroSemi_Code/CMSIS/startup_gcc/newlib_stubs.o
                0x0000a568                _stat
 .text._times   0x0000a58c       0x18 ./MicroSemi_Code/CMSIS/startup_gcc/newlib_stubs.o
                0x0000a58c                _times
 .text._unlink  0x0000a5a4       0x24 ./MicroSemi_Code/CMSIS/startup_gcc/newlib_stubs.o
                0x0000a5a4                _unlink
 .text._wait    0x0000a5c8       0x24 ./MicroSemi_Code/CMSIS/startup_gcc/newlib_stubs.o
                0x0000a5c8                _wait
 .text          0x0000a5ec        0x0 ./MicroSemi_Code/CMSIS/startup_gcc/startup_a2fxxxm3.o
 .text          0x0000a5ec        0x0 ./Helpers/uart_helper.o
 .text.uart_string_print
                0x0000a5ec       0x24 ./Helpers/uart_helper.o
                0x0000a5ec                uart_string_print
 .text          0x0000a610        0x0 ./FreeTCPIP/psock.o
 .text.buf_setup
                0x0000a610       0x24 ./FreeTCPIP/psock.o
 .text.buf_bufdata
                0x0000a634      0x11c ./FreeTCPIP/psock.o
 .text.buf_bufto
                0x0000a750       0xa8 ./FreeTCPIP/psock.o
 .text.send_data
                0x0000a7f8       0x6c ./FreeTCPIP/psock.o
 .text.data_acked
                0x0000a864       0x88 ./FreeTCPIP/psock.o
 .text.psock_send
                0x0000a8ec       0x94 ./FreeTCPIP/psock.o
                0x0000a8ec                psock_send
 .text.psock_generator_send
                0x0000a980       0xb8 ./FreeTCPIP/psock.o
                0x0000a980                psock_generator_send
 .text.psock_datalen
                0x0000aa38       0x24 ./FreeTCPIP/psock.o
                0x0000aa38                psock_datalen
 .text.psock_newdata
                0x0000aa5c       0x58 ./FreeTCPIP/psock.o
                0x0000aa5c                psock_newdata
 .text.psock_readto
                0x0000aab4       0xc8 ./FreeTCPIP/psock.o
                0x0000aab4                psock_readto
 .text.psock_readbuf
                0x0000ab7c       0xc4 ./FreeTCPIP/psock.o
                0x0000ab7c                psock_readbuf
 .text.psock_init
                0x0000ac40       0x48 ./FreeTCPIP/psock.o
                0x0000ac40                psock_init
 .text          0x0000ac88        0x0 ./FreeTCPIP/timer.o
 .text.timer_set
                0x0000ac88       0x24 ./FreeTCPIP/timer.o
                0x0000ac88                timer_set
 .text.timer_reset
                0x0000acac       0x20 ./FreeTCPIP/timer.o
                0x0000acac                timer_reset
 .text.timer_restart
                0x0000accc       0x1c ./FreeTCPIP/timer.o
                0x0000accc                timer_restart
 .text.timer_expired
                0x0000ace8       0x2c ./FreeTCPIP/timer.o
                0x0000ace8                timer_expired
 .text.timer_remaining
                0x0000ad14       0x28 ./FreeTCPIP/timer.o
                0x0000ad14                timer_remaining
 .text          0x0000ad3c        0x0 ./FreeTCPIP/uip.o
 .text.uip_setipid
                0x0000ad3c       0x20 ./FreeTCPIP/uip.o
                0x0000ad3c                uip_setipid
 .text.uip_add32
                0x0000ad5c      0x14c ./FreeTCPIP/uip.o
                0x0000ad5c                uip_add32
 .text.chksum   0x0000aea8       0x98 ./FreeTCPIP/uip.o
 .text.uip_chksum
                0x0000af40       0x30 ./FreeTCPIP/uip.o
                0x0000af40                uip_chksum
 .text.uip_ipchksum
                0x0000af70       0x48 ./FreeTCPIP/uip.o
                0x0000af70                uip_ipchksum
 .text.upper_layer_chksum
                0x0000afb8       0xa8 ./FreeTCPIP/uip.o
 .text.uip_tcpchksum
                0x0000b060       0x14 ./FreeTCPIP/uip.o
                0x0000b060                uip_tcpchksum
 .text.uip_udpchksum
                0x0000b074       0x14 ./FreeTCPIP/uip.o
                0x0000b074                uip_udpchksum
 .text.uip_init
                0x0000b088       0xcc ./FreeTCPIP/uip.o
                0x0000b088                uip_init
 .text.uip_connect
                0x0000b154      0x1e0 ./FreeTCPIP/uip.o
                0x0000b154                uip_connect
 .text.uip_unlisten
                0x0000b334       0x88 ./FreeTCPIP/uip.o
                0x0000b334                uip_unlisten
 .text.uip_listen
                0x0000b3bc       0x84 ./FreeTCPIP/uip.o
                0x0000b3bc                uip_listen
 .text.uip_add_rcv_nxt
                0x0000b440       0x84 ./FreeTCPIP/uip.o
 .text.uip_process
                0x0000b4c4     0x21b0 ./FreeTCPIP/uip.o
                0x0000b4c4                uip_process
 .text.htons    0x0000d674       0x30 ./FreeTCPIP/uip.o
                0x0000d674                htons
 .text.htonl    0x0000d6a4       0x5c ./FreeTCPIP/uip.o
                0x0000d6a4                htonl
 .text.uip_send
                0x0000d700       0x84 ./FreeTCPIP/uip.o
                0x0000d700                uip_send
 .text          0x0000d784        0x0 ./FreeTCPIP/uip_arp.o
 .text.uip_arp_init
                0x0000d784       0x70 ./FreeTCPIP/uip_arp.o
                0x0000d784                uip_arp_init
 .text.uip_arp_timer
                0x0000d7f4       0xd4 ./FreeTCPIP/uip_arp.o
                0x0000d7f4                uip_arp_timer
 .text.uip_arp_update
                0x0000d8c8      0x290 ./FreeTCPIP/uip_arp.o
 .text.uip_arp_arpin
                0x0000db58      0x308 ./FreeTCPIP/uip_arp.o
                0x0000db58                uip_arp_arpin
 .text.uip_arp_out
                0x0000de60      0x488 ./FreeTCPIP/uip_arp.o
                0x0000de60                uip_arp_out
 .text          0x0000e2e8        0x0 ./FreeTCPIP/http_Common/http-strings.o
 .text          0x0000e2e8        0x0 ./FreeTCPIP/http_Common/httpd-fs.o
 .text.httpd_fs_strcmp
                0x0000e2e8       0x6c ./FreeTCPIP/http_Common/httpd-fs.o
 .text.httpd_fs_open
                0x0000e354       0x88 ./FreeTCPIP/http_Common/httpd-fs.o
                0x0000e354                httpd_fs_open
 .text.httpd_fs_init
                0x0000e3dc       0x38 ./FreeTCPIP/http_Common/httpd-fs.o
                0x0000e3dc                httpd_fs_init
 .text.httpd_fs_count
                0x0000e414       0x60 ./FreeTCPIP/http_Common/httpd-fs.o
                0x0000e414                httpd_fs_count
 .text          0x0000e474        0x0 ./FreeTCPIP/http_Common/httpd.o
 .text.generate_part_of_file
                0x0000e474       0x78 ./FreeTCPIP/http_Common/httpd.o
 .text.send_file
                0x0000e4ec       0x98 ./FreeTCPIP/http_Common/httpd.o
 .text.send_part_of_file
                0x0000e584       0x68 ./FreeTCPIP/http_Common/httpd.o
 .text.next_scriptstate
                0x0000e5ec       0x54 ./FreeTCPIP/http_Common/httpd.o
 .text.handle_script
                0x0000e640      0x234 ./FreeTCPIP/http_Common/httpd.o
 .text.send_headers
                0x0000e874      0x2d8 ./FreeTCPIP/http_Common/httpd.o
 .text.handle_output
                0x0000eb4c      0x18c ./FreeTCPIP/http_Common/httpd.o
 .text.handle_input
                0x0000ecd8      0x1d0 ./FreeTCPIP/http_Common/httpd.o
 .text.handle_connection
                0x0000eea8       0x28 ./FreeTCPIP/http_Common/httpd.o
 .text.httpd_appcall
                0x0000eed0      0x118 ./FreeTCPIP/http_Common/httpd.o
                0x0000eed0                httpd_appcall
 .text.httpd_init
                0x0000efe8       0x10 ./FreeTCPIP/http_Common/httpd.o
                0x0000efe8                httpd_init
 .text          0x0000eff8        0x0 ./FreeRTOS_Source/list.o
 .text.vListInitialise
                0x0000eff8       0x48 ./FreeRTOS_Source/list.o
                0x0000eff8                vListInitialise
 .text.vListInitialiseItem
                0x0000f040       0x1c ./FreeRTOS_Source/list.o
                0x0000f040                vListInitialiseItem
 .text.vListInsertEnd
                0x0000f05c       0x48 ./FreeRTOS_Source/list.o
                0x0000f05c                vListInsertEnd
 .text.vListInsert
                0x0000f0a4       0x74 ./FreeRTOS_Source/list.o
                0x0000f0a4                vListInsert
 .text.uxListRemove
                0x0000f118       0x58 ./FreeRTOS_Source/list.o
                0x0000f118                uxListRemove
 .text          0x0000f170        0x0 ./FreeRTOS_Source/queue.o
 .text.xQueueGenericReset
                0x0000f170       0xec ./FreeRTOS_Source/queue.o
                0x0000f170                xQueueGenericReset
 .text.xQueueGenericCreate
                0x0000f25c       0x80 ./FreeRTOS_Source/queue.o
                0x0000f25c                xQueueGenericCreate
 .text.prvInitialiseNewQueue
                0x0000f2dc       0x48 ./FreeRTOS_Source/queue.o
 .text.prvInitialiseMutex
                0x0000f324       0x40 ./FreeRTOS_Source/queue.o
 .text.xQueueCreateMutex
                0x0000f364       0x38 ./FreeRTOS_Source/queue.o
                0x0000f364                xQueueCreateMutex
 .text.xQueueGiveMutexRecursive
                0x0000f39c       0x74 ./FreeRTOS_Source/queue.o
                0x0000f39c                xQueueGiveMutexRecursive
 .text.xQueueTakeMutexRecursive
                0x0000f410       0x74 ./FreeRTOS_Source/queue.o
                0x0000f410                xQueueTakeMutexRecursive
 .text.xQueueGenericSend
                0x0000f484      0x230 ./FreeRTOS_Source/queue.o
                0x0000f484                xQueueGenericSend
 .text.xQueueGenericSendFromISR
                0x0000f6b4      0x144 ./FreeRTOS_Source/queue.o
                0x0000f6b4                xQueueGenericSendFromISR
 .text.xQueueGiveFromISR
                0x0000f7f8      0x12c ./FreeRTOS_Source/queue.o
                0x0000f7f8                xQueueGiveFromISR
 .text.xQueueReceive
                0x0000f924      0x1ec ./FreeRTOS_Source/queue.o
                0x0000f924                xQueueReceive
 .text.xQueueSemaphoreTake
                0x0000fb10      0x240 ./FreeRTOS_Source/queue.o
                0x0000fb10                xQueueSemaphoreTake
 .text.xQueuePeek
                0x0000fd50      0x1f0 ./FreeRTOS_Source/queue.o
                0x0000fd50                xQueuePeek
 .text.xQueueReceiveFromISR
                0x0000ff40      0x118 ./FreeRTOS_Source/queue.o
                0x0000ff40                xQueueReceiveFromISR
 .text.xQueuePeekFromISR
                0x00010058       0xd4 ./FreeRTOS_Source/queue.o
                0x00010058                xQueuePeekFromISR
 .text.uxQueueMessagesWaiting
                0x0001012c       0x3c ./FreeRTOS_Source/queue.o
                0x0001012c                uxQueueMessagesWaiting
 .text.uxQueueSpacesAvailable
                0x00010168       0x48 ./FreeRTOS_Source/queue.o
                0x00010168                uxQueueSpacesAvailable
 .text.uxQueueMessagesWaitingFromISR
                0x000101b0       0x3c ./FreeRTOS_Source/queue.o
                0x000101b0                uxQueueMessagesWaitingFromISR
 .text.vQueueDelete
                0x000101ec       0x34 ./FreeRTOS_Source/queue.o
                0x000101ec                vQueueDelete
 .text.uxQueueGetQueueNumber
                0x00010220       0x18 ./FreeRTOS_Source/queue.o
                0x00010220                uxQueueGetQueueNumber
 .text.vQueueSetQueueNumber
                0x00010238       0x1c ./FreeRTOS_Source/queue.o
                0x00010238                vQueueSetQueueNumber
 .text.ucQueueGetQueueType
                0x00010254       0x1c ./FreeRTOS_Source/queue.o
                0x00010254                ucQueueGetQueueType
 .text.prvGetDisinheritPriorityAfterTimeout
                0x00010270       0x34 ./FreeRTOS_Source/queue.o
 .text.prvCopyDataToQueue
                0x000102a4       0xf0 ./FreeRTOS_Source/queue.o
 .text.prvCopyDataFromQueue
                0x00010394       0x50 ./FreeRTOS_Source/queue.o
 .text.prvUnlockQueue
                0x000103e4       0xac ./FreeRTOS_Source/queue.o
 .text.prvIsQueueEmpty
                0x00010490       0x34 ./FreeRTOS_Source/queue.o
 .text.xQueueIsQueueEmptyFromISR
                0x000104c4       0x4c ./FreeRTOS_Source/queue.o
                0x000104c4                xQueueIsQueueEmptyFromISR
 .text.prvIsQueueFull
                0x00010510       0x38 ./FreeRTOS_Source/queue.o
 .text.xQueueIsQueueFullFromISR
                0x00010548       0x50 ./FreeRTOS_Source/queue.o
                0x00010548                xQueueIsQueueFullFromISR
 .text.vQueueWaitForMessageRestricted
                0x00010598       0x74 ./FreeRTOS_Source/queue.o
                0x00010598                vQueueWaitForMessageRestricted
 .text          0x0001060c        0x0 ./FreeRTOS_Source/tasks.o
 .text.xTaskCreate
                0x0001060c       0x94 ./FreeRTOS_Source/tasks.o
                0x0001060c                xTaskCreate
 .text.prvInitialiseNewTask
                0x000106a0      0x148 ./FreeRTOS_Source/tasks.o
 .text.prvAddNewTaskToReadyList
                0x000107e8      0x13c ./FreeRTOS_Source/tasks.o
 .text.vTaskDelete
                0x00010924      0x16c ./FreeRTOS_Source/tasks.o
                0x00010924                vTaskDelete
 .text.vTaskDelayUntil
                0x00010a90      0x110 ./FreeRTOS_Source/tasks.o
                0x00010a90                vTaskDelayUntil
 .text.vTaskDelay
                0x00010ba0       0x70 ./FreeRTOS_Source/tasks.o
                0x00010ba0                vTaskDelay
 .text.eTaskGetState
                0x00010c10       0xe4 ./FreeRTOS_Source/tasks.o
                0x00010c10                eTaskGetState
 .text.uxTaskPriorityGet
                0x00010cf4       0x38 ./FreeRTOS_Source/tasks.o
                0x00010cf4                uxTaskPriorityGet
 .text.uxTaskPriorityGetFromISR
                0x00010d2c       0x5c ./FreeRTOS_Source/tasks.o
                0x00010d2c                uxTaskPriorityGetFromISR
 .text.vTaskPrioritySet
                0x00010d88      0x1b0 ./FreeRTOS_Source/tasks.o
                0x00010d88                vTaskPrioritySet
 .text.vTaskSuspend
                0x00010f38      0x168 ./FreeRTOS_Source/tasks.o
                0x00010f38                vTaskSuspend
 .text.prvTaskIsTaskSuspended
                0x000110a0       0x68 ./FreeRTOS_Source/tasks.o
 .text.vTaskResume
                0x00011108       0xdc ./FreeRTOS_Source/tasks.o
                0x00011108                vTaskResume
 .text.xTaskResumeFromISR
                0x000111e4      0x108 ./FreeRTOS_Source/tasks.o
                0x000111e4                xTaskResumeFromISR
 .text.vTaskStartScheduler
                0x000112ec       0xb4 ./FreeRTOS_Source/tasks.o
                0x000112ec                vTaskStartScheduler
 .text.vTaskEndScheduler
                0x000113a0       0x34 ./FreeRTOS_Source/tasks.o
                0x000113a0                vTaskEndScheduler
 .text.vTaskSuspendAll
                0x000113d4       0x24 ./FreeRTOS_Source/tasks.o
                0x000113d4                vTaskSuspendAll
 .text.xTaskResumeAll
                0x000113f8      0x1a0 ./FreeRTOS_Source/tasks.o
                0x000113f8                xTaskResumeAll
 .text.xTaskGetTickCount
                0x00011598       0x20 ./FreeRTOS_Source/tasks.o
                0x00011598                xTaskGetTickCount
 .text.xTaskGetTickCountFromISR
                0x000115b8       0x28 ./FreeRTOS_Source/tasks.o
                0x000115b8                xTaskGetTickCountFromISR
 .text.uxTaskGetNumberOfTasks
                0x000115e0       0x18 ./FreeRTOS_Source/tasks.o
                0x000115e0                uxTaskGetNumberOfTasks
 .text.pcTaskGetName
                0x000115f8       0x4c ./FreeRTOS_Source/tasks.o
                0x000115f8                pcTaskGetName
 .text.uxTaskGetSystemState
                0x00011644      0x160 ./FreeRTOS_Source/tasks.o
                0x00011644                uxTaskGetSystemState
 .text.xTaskIncrementTick
                0x000117a4      0x204 ./FreeRTOS_Source/tasks.o
                0x000117a4                xTaskIncrementTick
 .text.vTaskSwitchContext
                0x000119a8      0x1a8 ./FreeRTOS_Source/tasks.o
                0x000119a8                vTaskSwitchContext
 .text.vTaskPlaceOnEventList
                0x00011b50       0x4c ./FreeRTOS_Source/tasks.o
                0x00011b50                vTaskPlaceOnEventList
 .text.vTaskPlaceOnUnorderedEventList
                0x00011b9c       0x84 ./FreeRTOS_Source/tasks.o
                0x00011b9c                vTaskPlaceOnUnorderedEventList
 .text.vTaskPlaceOnEventListRestricted
                0x00011c20       0x58 ./FreeRTOS_Source/tasks.o
                0x00011c20                vTaskPlaceOnEventListRestricted
 .text.xTaskRemoveFromEventList
                0x00011c78       0xf0 ./FreeRTOS_Source/tasks.o
                0x00011c78                xTaskRemoveFromEventList
 .text.vTaskRemoveFromUnorderedEventList
                0x00011d68       0xe0 ./FreeRTOS_Source/tasks.o
                0x00011d68                vTaskRemoveFromUnorderedEventList
 .text.vTaskSetTimeOutState
                0x00011e48       0x50 ./FreeRTOS_Source/tasks.o
                0x00011e48                vTaskSetTimeOutState
 .text.vTaskInternalSetTimeOutState
                0x00011e98       0x30 ./FreeRTOS_Source/tasks.o
                0x00011e98                vTaskInternalSetTimeOutState
 .text.xTaskCheckForTimeOut
                0x00011ec8       0xd4 ./FreeRTOS_Source/tasks.o
                0x00011ec8                xTaskCheckForTimeOut
 .text.vTaskMissedYield
                0x00011f9c       0x18 ./FreeRTOS_Source/tasks.o
                0x00011f9c                vTaskMissedYield
 .text.uxTaskGetTaskNumber
                0x00011fb4       0x30 ./FreeRTOS_Source/tasks.o
                0x00011fb4                uxTaskGetTaskNumber
 .text.vTaskSetTaskNumber
                0x00011fe4       0x24 ./FreeRTOS_Source/tasks.o
                0x00011fe4                vTaskSetTaskNumber
 .text.prvIdleTask
                0x00012008       0x38 ./FreeRTOS_Source/tasks.o
 .text.prvInitialiseTaskLists
                0x00012040       0xa4 ./FreeRTOS_Source/tasks.o
 .text.prvCheckTasksWaitingTermination
                0x000120e4       0x78 ./FreeRTOS_Source/tasks.o
 .text.vTaskGetInfo
                0x0001215c       0xe0 ./FreeRTOS_Source/tasks.o
                0x0001215c                vTaskGetInfo
 .text.prvListTasksWithinSingleList
                0x0001223c       0xb8 ./FreeRTOS_Source/tasks.o
 .text.prvTaskCheckFreeStackSpace
                0x000122f4       0x40 ./FreeRTOS_Source/tasks.o
 .text.prvDeleteTCB
                0x00012334       0x20 ./FreeRTOS_Source/tasks.o
 .text.prvResetNextTaskUnblockTime
                0x00012354       0x50 ./FreeRTOS_Source/tasks.o
 .text.xTaskGetCurrentTaskHandle
                0x000123a4       0x20 ./FreeRTOS_Source/tasks.o
                0x000123a4                xTaskGetCurrentTaskHandle
 .text.xTaskGetSchedulerState
                0x000123c4       0x48 ./FreeRTOS_Source/tasks.o
                0x000123c4                xTaskGetSchedulerState
 .text.xTaskPriorityInherit
                0x0001240c      0x16c ./FreeRTOS_Source/tasks.o
                0x0001240c                xTaskPriorityInherit
 .text.xTaskPriorityDisinherit
                0x00012578      0x14c ./FreeRTOS_Source/tasks.o
                0x00012578                xTaskPriorityDisinherit
 .text.vTaskPriorityDisinheritAfterTimeout
                0x000126c4      0x17c ./FreeRTOS_Source/tasks.o
                0x000126c4                vTaskPriorityDisinheritAfterTimeout
 .text.prvWriteNameToBuffer
                0x00012840       0x54 ./FreeRTOS_Source/tasks.o
 .text.vTaskList
                0x00012894      0x170 ./FreeRTOS_Source/tasks.o
                0x00012894                vTaskList
 .text.vTaskGetRunTimeStats
                0x00012a04      0x138 ./FreeRTOS_Source/tasks.o
                0x00012a04                vTaskGetRunTimeStats
 .text.uxTaskResetEventItemValue
                0x00012b3c       0x40 ./FreeRTOS_Source/tasks.o
                0x00012b3c                uxTaskResetEventItemValue
 .text.pvTaskIncrementMutexHeldCount
                0x00012b7c       0x38 ./FreeRTOS_Source/tasks.o
                0x00012b7c                pvTaskIncrementMutexHeldCount
 .text.ulTaskNotifyTake
                0x00012bb4       0xc0 ./FreeRTOS_Source/tasks.o
                0x00012bb4                ulTaskNotifyTake
 .text.xTaskNotifyWait
                0x00012c74       0xf0 ./FreeRTOS_Source/tasks.o
                0x00012c74                xTaskNotifyWait
 .text.xTaskGenericNotify
                0x00012d64      0x18c ./FreeRTOS_Source/tasks.o
                0x00012d64                xTaskGenericNotify
 .text.xTaskGenericNotifyFromISR
                0x00012ef0      0x1d8 ./FreeRTOS_Source/tasks.o
                0x00012ef0                xTaskGenericNotifyFromISR
 .text.vTaskNotifyGiveFromISR
                0x000130c8      0x148 ./FreeRTOS_Source/tasks.o
                0x000130c8                vTaskNotifyGiveFromISR
 .text.xTaskNotifyStateClear
                0x00013210       0x58 ./FreeRTOS_Source/tasks.o
                0x00013210                xTaskNotifyStateClear
 .text.prvAddCurrentTaskToDelayedList
                0x00013268      0x110 ./FreeRTOS_Source/tasks.o
 .text          0x00013378        0x0 ./FreeRTOS_Source/timers.o
 .text.xTimerCreateTimerTask
                0x00013378       0x74 ./FreeRTOS_Source/timers.o
                0x00013378                xTimerCreateTimerTask
 .text.xTimerCreate
                0x000133ec       0x40 ./FreeRTOS_Source/timers.o
                0x000133ec                xTimerCreate
 .text.prvInitialiseNewTimer
                0x0001342c       0x64 ./FreeRTOS_Source/timers.o
 .text.xTimerGenericCommand
                0x00013490       0xcc ./FreeRTOS_Source/timers.o
                0x00013490                xTimerGenericCommand
 .text.xTimerGetTimerDaemonTaskHandle
                0x0001355c       0x40 ./FreeRTOS_Source/timers.o
                0x0001355c                xTimerGetTimerDaemonTaskHandle
 .text.xTimerGetPeriod
                0x0001359c       0x38 ./FreeRTOS_Source/timers.o
                0x0001359c                xTimerGetPeriod
 .text.xTimerGetExpiryTime
                0x000135d4       0x3c ./FreeRTOS_Source/timers.o
                0x000135d4                xTimerGetExpiryTime
 .text.pcTimerGetName
                0x00013610       0x38 ./FreeRTOS_Source/timers.o
                0x00013610                pcTimerGetName
 .text.prvProcessExpiredTimer
                0x00013648       0x8c ./FreeRTOS_Source/timers.o
 .text.prvTimerTask
                0x000136d4       0x28 ./FreeRTOS_Source/timers.o
 .text.prvProcessTimerOrBlockTask
                0x000136fc       0xb0 ./FreeRTOS_Source/timers.o
 .text.prvGetNextExpireTime
                0x000137ac       0x54 ./FreeRTOS_Source/timers.o
 .text.prvSampleTimeNow
                0x00013800       0x50 ./FreeRTOS_Source/timers.o
 .text.prvInsertTimerInActiveList
                0x00013850       0x98 ./FreeRTOS_Source/timers.o
 .text.prvProcessReceivedCommands
                0x000138e8      0x148 ./FreeRTOS_Source/timers.o
 .text.prvSwitchTimerLists
                0x00013a30       0xf4 ./FreeRTOS_Source/timers.o
 .text.prvCheckForValidListAndQueue
                0x00013b24       0x74 ./FreeRTOS_Source/timers.o
 .text.xTimerIsTimerActive
                0x00013b98       0x50 ./FreeRTOS_Source/timers.o
                0x00013b98                xTimerIsTimerActive
 .text.pvTimerGetTimerID
                0x00013be8       0x40 ./FreeRTOS_Source/timers.o
                0x00013be8                pvTimerGetTimerID
 .text.vTimerSetTimerID
                0x00013c28       0x40 ./FreeRTOS_Source/timers.o
                0x00013c28                vTimerSetTimerID
 .text.uxTimerGetTimerNumber
                0x00013c68       0x18 ./FreeRTOS_Source/timers.o
                0x00013c68                uxTimerGetTimerNumber
 .text.vTimerSetTimerNumber
                0x00013c80       0x1c ./FreeRTOS_Source/timers.o
                0x00013c80                vTimerSetTimerNumber
 .text          0x00013c9c        0x0 ./FreeRTOS_Source/portable/MemMang/heap_2.o
 .text.pvPortMalloc
                0x00013c9c      0x16c ./FreeRTOS_Source/portable/MemMang/heap_2.o
                0x00013c9c                pvPortMalloc
 .text.vPortFree
                0x00013e08       0x88 ./FreeRTOS_Source/portable/MemMang/heap_2.o
                0x00013e08                vPortFree
 .text.xPortGetFreeHeapSize
                0x00013e90       0x18 ./FreeRTOS_Source/portable/MemMang/heap_2.o
                0x00013e90                xPortGetFreeHeapSize
 .text.vPortInitialiseBlocks
                0x00013ea8        0xc ./FreeRTOS_Source/portable/MemMang/heap_2.o
                0x00013ea8                vPortInitialiseBlocks
 .text.prvHeapInit
                0x00013eb4       0x6c ./FreeRTOS_Source/portable/MemMang/heap_2.o
 .text          0x00013f20        0x0 ./FreeRTOS_Source/portable/GCC/ARM_CM3/port.o
 .text.pxPortInitialiseStack
                0x00013f20       0x68 ./FreeRTOS_Source/portable/GCC/ARM_CM3/port.o
                0x00013f20                pxPortInitialiseStack
 .text.prvTaskExitError
                0x00013f88       0x54 ./FreeRTOS_Source/portable/GCC/ARM_CM3/port.o
 *fill*         0x00013fdc        0x4 00
 .text.SVC_Handler
                0x00013fe0       0x30 ./FreeRTOS_Source/portable/GCC/ARM_CM3/port.o
                0x00013fe0                SVC_Handler
 .text.prvPortStartFirstTask
                0x00014010       0x20 ./FreeRTOS_Source/portable/GCC/ARM_CM3/port.o
 .text.xPortStartScheduler
                0x00014030      0x134 ./FreeRTOS_Source/portable/GCC/ARM_CM3/port.o
                0x00014030                xPortStartScheduler
 .text.vPortEndScheduler
                0x00014164       0x34 ./FreeRTOS_Source/portable/GCC/ARM_CM3/port.o
                0x00014164                vPortEndScheduler
 .text.vPortEnterCritical
                0x00014198       0x70 ./FreeRTOS_Source/portable/GCC/ARM_CM3/port.o
                0x00014198                vPortEnterCritical
 .text.vPortExitCritical
                0x00014208       0x64 ./FreeRTOS_Source/portable/GCC/ARM_CM3/port.o
                0x00014208                vPortExitCritical
 *fill*         0x0001426c        0x4 00
 .text.PendSV_Handler
                0x00014270       0x50 ./FreeRTOS_Source/portable/GCC/ARM_CM3/port.o
                0x00014270                PendSV_Handler
 .text.SysTick_Handler
                0x000142c0       0x44 ./FreeRTOS_Source/portable/GCC/ARM_CM3/port.o
                0x000142c0                SysTick_Handler
 .text.vPortSetupTimerInterrupt
                0x00014304       0x5c ./FreeRTOS_Source/portable/GCC/ARM_CM3/port.o
                0x00014304                vPortSetupTimerInterrupt
 .text.vPortValidateInterruptPriority
                0x00014360       0x84 ./FreeRTOS_Source/portable/GCC/ARM_CM3/port.o
                0x00014360                vPortValidateInterruptPriority
 .text          0x000143e4       0xc4 c:/program files (x86)/microsemi/softconsole v3.4/sourcery-g++/bin/../lib/gcc/arm-none-eabi/4.4.1/../../../../arm-none-eabi/lib/thumb2\libc.a(lib_a-efgcvt.o)
                0x000143e4                gcvt
                0x00014434                gcvtf
                0x00014448                ecvt
                0x0001445c                ecvtf
                0x00014478                fcvt
                0x0001448c                fcvtf
 .text          0x000144a8        0xc c:/program files (x86)/microsemi/softconsole v3.4/sourcery-g++/bin/../lib/gcc/arm-none-eabi/4.4.1/../../../../arm-none-eabi/lib/thumb2\libc.a(lib_a-errno.o)
                0x000144a8                __errno
 .text          0x000144b4        0x0 c:/program files (x86)/microsemi/softconsole v3.4/sourcery-g++/bin/../lib/gcc/arm-none-eabi/4.4.1/../../../../arm-none-eabi/lib/thumb2\libc.a(lib_a-impure.o)
 .text          0x000144b4       0x50 c:/program files (x86)/microsemi/softconsole v3.4/sourcery-g++/bin/../lib/gcc/arm-none-eabi/4.4.1/../../../../arm-none-eabi/lib/thumb2\libc.a(lib_a-init.o)
                0x000144b4                __libc_init_array
 .text          0x00014504      0x190 c:/program files (x86)/microsemi/softconsole v3.4/sourcery-g++/bin/../lib/gcc/arm-none-eabi/4.4.1/../../../../arm-none-eabi/lib/thumb2\libc.a(lib_a-memcpy.o)
                0x00014504                memcpy
 .text          0x00014694       0xd4 c:/program files (x86)/microsemi/softconsole v3.4/sourcery-g++/bin/../lib/gcc/arm-none-eabi/4.4.1/../../../../arm-none-eabi/lib/thumb2\libc.a(lib_a-memset.o)
                0x00014694                memset
 .text          0x00014768       0x94 c:/program files (x86)/microsemi/softconsole v3.4/sourcery-g++/bin/../lib/gcc/arm-none-eabi/4.4.1/../../../../arm-none-eabi/lib/thumb2\libc.a(lib_a-sprintf.o)
                0x00014768                sprintf
                0x000147b8                _sprintf_r