Archive member included because of file (symbol)

c:/program files (x86)/microsemi/softconsole v3.4/sourcery-g++/bin/../lib/gcc/arm-none-eabi/4.4.1/thumb2\libgcc.a(_arm_addsubdf3.o)
                              ./WebServer/httpd-cgi.o (__aeabi_f2d)
c:/program files (x86)/microsemi/softconsole v3.4/sourcery-g++/bin/../lib/gcc/arm-none-eabi/4.4.1/thumb2\libgcc.a(_arm_addsubsf3.o)
                              ./sensor_task.o (__aeabi_i2f)
c:/program files (x86)/microsemi/softconsole v3.4/sourcery-g++/bin/../lib/gcc/arm-none-eabi/4.4.1/thumb2\libgcc.a(_arm_muldivsf3.o)
                              ./sensor_task.o (__aeabi_fdiv)
c:/program files (x86)/microsemi/softconsole v3.4/sourcery-g++/bin/../lib/gcc/arm-none-eabi/4.4.1/../../../../arm-none-eabi/lib/thumb2\libc.a(lib_a-efgcvt.o)
                              ./main-full.o (gcvt)
c:/program files (x86)/microsemi/softconsole v3.4/sourcery-g++/bin/../lib/gcc/arm-none-eabi/4.4.1/../../../../arm-none-eabi/lib/thumb2\libc.a(lib_a-errno.o)
                              ./MicroSemi_Code/CMSIS/startup_gcc/newlib_stubs.o (__errno)
c:/program files (x86)/microsemi/softconsole v3.4/sourcery-g++/bin/../lib/gcc/arm-none-eabi/4.4.1/../../../../arm-none-eabi/lib/thumb2\libc.a(lib_a-impure.o)
                              c:/program files (x86)/microsemi/softconsole v3.4/sourcery-g++/bin/../lib/gcc/arm-none-eabi/4.4.1/../../../../arm-none-eabi/lib/thumb2\libc.a(lib_a-efgcvt.o) (_impure_ptr)
c:/program files (x86)/microsemi/softconsole v3.4/sourcery-g++/bin/../lib/gcc/arm-none-eabi/4.4.1/../../../../arm-none-eabi/lib/thumb2\libc.a(lib_a-init.o)
                              ./MicroSemi_Code/CMSIS/startup_gcc/startup_a2fxxxm3.o (__libc_init_array)
c:/program files (x86)/microsemi/softconsole v3.4/sourcery-g++/bin/../lib/gcc/arm-none-eabi/4.4.1/../../../../arm-none-eabi/lib/thumb2\libc.a(lib_a-memcpy.o)
                              ./FreeTCPIP/psock.o (memcpy)
c:/program files (x86)/microsemi/softconsole v3.4/sourcery-g++/bin/../lib/gcc/arm-none-eabi/4.4.1/../../../../arm-none-eabi/lib/thumb2\libc.a(lib_a-memset.o)
                              ./MicroSemi_Code/drivers/mss_i2c/mss_i2c.o (memset)
c:/program files (x86)/microsemi/softconsole v3.4/sourcery-g++/bin/../lib/gcc/arm-none-eabi/4.4.1/../../../../arm-none-eabi/lib/thumb2\libc.a(lib_a-snprintf.o)
                              ./WebServer/httpd-cgi.o (snprintf)
c:/program files (x86)/microsemi/softconsole v3.4/sourcery-g++/bin/../lib/gcc/arm-none-eabi/4.4.1/../../../../arm-none-eabi/lib/thumb2\libc.a(lib_a-sprintf.o)
                              ./WebServer/httpd-cgi.o (sprintf)
c:/program files (x86)/microsemi/softconsole v3.4/sourcery-g++/bin/../lib/gcc/arm-none-eabi/4.4.1/../../../../arm-none-eabi/lib/thumb2\libc.a(lib_a-strchr.o)
                              ./uIP_Task.o (strchr)
c:/program files (x86)/microsemi/softconsole v3.4/sourcery-g++/bin/../lib/gcc/arm-none-eabi/4.4.1/../../../../arm-none-eabi/lib/thumb2\libc.a(lib_a-strcpy.o)
                              ./FreeTCPIP/http_Common/httpd.o (strcpy)
c:/program files (x86)/microsemi/softconsole v3.4/sourcery-g++/bin/../lib/gcc/arm-none-eabi/4.4.1/../../../../arm-none-eabi/lib/thumb2\libc.a(lib_a-strlen.o)
                              ./WebServer/httpd-cgi.o (strlen)
c:/program files (x86)/microsemi/softconsole v3.4/sourcery-g++/bin/../lib/gcc/arm-none-eabi/4.4.1/../../../../arm-none-eabi/lib/thumb2\libc.a(lib_a-strncmp.o)
                              ./WebServer/httpd-cgi.o (strncmp)
c:/program files (x86)/microsemi/softconsole v3.4/sourcery-g++/bin/../lib/gcc/arm-none-eabi/4.4.1/../../../../arm-none-eabi/lib/thumb2\libc.a(lib_a-strncpy.o)
                              ./FreeTCPIP/http_Common/httpd.o (strncpy)
c:/program files (x86)/microsemi/softconsole v3.4/sourcery-g++/bin/../lib/gcc/arm-none-eabi/4.4.1/../../../../arm-none-eabi/lib/thumb2\libc.a(lib_a-strrchr.o)
                              ./FreeTCPIP/http_Common/httpd.o (strrchr)
c:/program files (x86)/microsemi/softconsole v3.4/sourcery-g++/bin/../lib/gcc/arm-none-eabi/4.4.1/../../../../arm-none-eabi/lib/thumb2\libc.a(lib_a-strstr.o)
                              ./uIP_Task.o (strstr)
c:/program files (x86)/microsemi/softconsole v3.4/sourcery-g++/bin/../lib/gcc/arm-none-eabi/4.4.1/../../../../arm-none-eabi/lib/thumb2\libc.a(lib_a-svfprintf.o)
                              c:/program files (x86)/microsemi/softconsole v3.4/sourcery-g++/bin/../lib/gcc/arm-none-eabi/4.4.1/../../../../arm-none-eabi/lib/thumb2\libc.a(lib_a-snprintf.o) (_svfprintf_r)
c:/program files (x86)/microsemi/softconsole v3.4/sourcery-g++/bin/../lib/gcc/arm-none-eabi/4.4.1/../../../../arm-none-eabi/lib/thumb2\libc.a(lib_a-dtoa.o)
                              c:/program files (x86)/microsemi/softconsole v3.4/sourcery-g++/bin/../lib/gcc/arm-none-eabi/4.4.1/../../../../arm-none-eabi/lib/thumb2\libc.a(lib_a-svfprintf.o) (_dtoa_r)
[...]
Memory Configuration

Name             Origin             Length             Attributes
rom              0x60000000         0x00040000         xr
romMirror        0x00000000         0x00040000         xr
ram              0x20000000         0x00010000         xrw
*default*        0x00000000         0xffffffff

Linker script and memory map

LOAD c:/program files (x86)/microsemi/softconsole v3.4/sourcery-g++/bin/../lib/gcc/arm-none-eabi/4.4.1/thumb2/crti.o
LOAD c:/program files (x86)/microsemi/softconsole v3.4/sourcery-g++/bin/../lib/gcc/arm-none-eabi/4.4.1/thumb2/crtbegin.o
LOAD ./ParTest.o
LOAD ./main-full.o
LOAD ./sensor_task.o
LOAD ./uIP_Task.o
LOAD ./uart_task.o
LOAD ./WebServer/httpd-cgi.o
LOAD ./MicroSemi_Code/hal/CortexM3/cortex_nvic.o
LOAD ./MicroSemi_Code/hal/CortexM3/GNU/hal.o
LOAD ./MicroSemi_Code/hal/CortexM3/GNU/hal_assert.o
LOAD ./MicroSemi_Code/hal/CortexM3/GNU/hw_reg_access.o
LOAD ./MicroSemi_Code/drivers_config/mss_ace/ace_config.o
LOAD ./MicroSemi_Code/drivers/mss_uart/mss_uart.o
LOAD ./MicroSemi_Code/drivers/mss_i2c/mss_i2c.o
LOAD ./MicroSemi_Code/drivers/mss_gpio/mss_gpio.o
LOAD ./MicroSemi_Code/drivers/mss_ethernet_mac/crc32.o
LOAD ./MicroSemi_Code/drivers/mss_ethernet_mac/mss_ethernet_mac.o
LOAD ./MicroSemi_Code/drivers/mss_ethernet_mac/phy.o
LOAD ./MicroSemi_Code/drivers/mss_ace/ace_convert.o
LOAD ./MicroSemi_Code/drivers/mss_ace/ace_flags.o
LOAD ./MicroSemi_Code/drivers/mss_ace/ace_sse.o
LOAD ./MicroSemi_Code/drivers/mss_ace/ace_transform.o
LOAD ./MicroSemi_Code/drivers/mss_ace/mss_ace.o
LOAD ./MicroSemi_Code/CMSIS/brownout_isr.o
LOAD ./MicroSemi_Code/CMSIS/core_cm3.o
LOAD ./MicroSemi_Code/CMSIS/system_a2fxxxm3.o
LOAD ./MicroSemi_Code/CMSIS/startup_gcc/newlib_stubs.o
LOAD ./MicroSemi_Code/CMSIS/startup_gcc/startup_a2fxxxm3.o
LOAD ./Helpers/uart_helper.o
LOAD ./FreeTCPIP/psock.o
LOAD ./FreeTCPIP/timer.o
LOAD ./FreeTCPIP/uip.o
LOAD ./FreeTCPIP/uip_arp.o
LOAD ./FreeTCPIP/http_Common/http-strings.o
LOAD ./FreeTCPIP/http_Common/httpd-fs.o
LOAD ./FreeTCPIP/http_Common/httpd.o
LOAD ./FreeRTOS_Source/list.o
LOAD ./FreeRTOS_Source/queue.o
LOAD ./FreeRTOS_Source/tasks.o
LOAD ./FreeRTOS_Source/timers.o
LOAD ./FreeRTOS_Source/portable/MemMang/heap_2.o
LOAD ./FreeRTOS_Source/portable/GCC/ARM_CM3/port.o
START GROUP
LOAD c:/program files (x86)/microsemi/softconsole v3.4/sourcery-g++/bin/../lib/gcc/arm-none-eabi/4.4.1/thumb2\libgcc.a
LOAD c:/program files (x86)/microsemi/softconsole v3.4/sourcery-g++/bin/../lib/gcc/arm-none-eabi/4.4.1/../../../../arm-none-eabi/lib/thumb2\libc.a
LOAD c:/program files (x86)/microsemi/softconsole v3.4/sourcery-g++/bin/../lib/gcc/arm-none-eabi/4.4.1/thumb2\libgcc.a
END GROUP
LOAD c:/program files (x86)/microsemi/softconsole v3.4/sourcery-g++/bin/../lib/gcc/arm-none-eabi/4.4.1/thumb2/crtend.o
LOAD c:/program files (x86)/microsemi/softconsole v3.4/sourcery-g++/bin/../lib/gcc/arm-none-eabi/4.4.1/thumb2/crtn.o
START GROUP
LOAD c:/program files (x86)/microsemi/softconsole v3.4/sourcery-g++/bin/../lib/gcc/arm-none-eabi/4.4.1/../../../../arm-none-eabi/lib/thumb2\libc.a
LOAD c:/program files (x86)/microsemi/softconsole v3.4/sourcery-g++/bin/../lib/gcc/arm-none-eabi/4.4.1/thumb2\libgcc.a
LOAD c:/program files (x86)/microsemi/softconsole v3.4/sourcery-g++/bin/../lib/gcc/arm-none-eabi/4.4.1/../../../../arm-none-eabi/lib/thumb2\libm.a
END GROUP
                0x00000000                __DYNAMIC = 0x0
                0x20000000                RAM_START_ADDRESS = 0x20000000
                0x00010000                RAM_SIZE = 0x10000
                0x00002000                MAIN_STACK_SIZE = 0x2000
                0x00001000                PROCESS_STACK_SIZE = 0x1000
                0x20010000                PROVIDE (__main_stack_start, (RAM_START_ADDRESS + RAM_SIZE))
                0x2000e000                PROVIDE (__process_stack_start, (__main_stack_start - MAIN_STACK_SIZE))
                0x20010000                PROVIDE (_estack, __main_stack_start)
                0x00000001                PROVIDE (__mirrored_nvm, 0x1)

.init           0x00000000      0x470 load address 0x60000000
                0x00000000                __vector_table_vma_base_address = .
 *(.isr_vector)
 .isr_vector    0x00000000      0x470 ./MicroSemi_Code/CMSIS/startup_gcc/startup_a2fxxxm3.o
                0x00000000                g_pfnVectors
                0x00000298                Reset_Handler
                0x00000308                NMI_Handler
                0x0000030a                HardFault_Handler
                0x0000030c                MemManage_Handler
                0x0000030e                BusFault_Handler
                0x00000310                UsageFault_Handler
                0x00000314                DebugMon_Handler
                0x0000031a                WdogWakeup_IRQHandler
                0x0000031e                BrownOut_3_3V_IRQHandler
                0x00000320                RTC_Match_IRQHandler
                0x00000322                RTCIF_Pub_IRQHandler
                0x00000326                IAP_IRQHandler
                0x00000328                ENVM0_IRQHandler
                0x0000032a                ENVM1_IRQHandler
                0x0000032c                DMA_IRQHandler
                0x00000332                SPI0_IRQHandler
                0x00000334                SPI1_IRQHandler
                0x00000338                I2C0_SMBAlert_IRQHandler
                0x0000033a                I2C0_SMBus_IRQHandler
                0x0000033e                I2C1_SMBAlert_IRQHandler
                0x00000340                I2C1_SMBus_IRQHandler
                0x00000342                Timer1_IRQHandler
                0x00000344                Timer2_IRQHandler
                0x00000346                PLL_Lock_IRQHandler
                0x00000348                PLL_LockLost_IRQHandler
                0x0000034a                CommError_IRQHandler
                0x0000034c                Fabric_IRQHandler
                0x0000034e                GPIO0_IRQHandler
                0x00000350                GPIO1_IRQHandler
                0x00000352                GPIO2_IRQHandler
                0x00000354                GPIO3_IRQHandler
                0x00000356                GPIO4_IRQHandler
                0x00000358                GPIO5_IRQHandler
                0x0000035a                GPIO6_IRQHandler
                0x0000035c                GPIO7_IRQHandler
                0x00000360                GPIO9_IRQHandler
                0x00000362                GPIO10_IRQHandler
                0x00000364                GPIO11_IRQHandler
                0x00000366                GPIO12_IRQHandler
                0x00000368                GPIO13_IRQHandler
                0x0000036a                GPIO14_IRQHandler
                0x0000036c                GPIO15_IRQHandler
                0x0000036e                GPIO16_IRQHandler
                0x00000370                GPIO17_IRQHandler
                0x00000372                GPIO18_IRQHandler
                0x00000374                GPIO19_IRQHandler
                0x00000376                GPIO20_IRQHandler
                0x00000378                GPIO21_IRQHandler
                0x0000037a                GPIO22_IRQHandler
                0x0000037c                GPIO23_IRQHandler
                0x0000037e                GPIO24_IRQHandler
                0x00000380                GPIO25_IRQHandler
                0x00000382                GPIO26_IRQHandler
                0x00000384                GPIO27_IRQHandler
                0x00000386                GPIO28_IRQHandler
                0x00000388                GPIO29_IRQHandler
                0x0000038a                GPIO30_IRQHandler
                0x0000038c                GPIO31_IRQHandler
                0x0000038e                ACE_PC0_Flag0_IRQHandler
                0x00000390                ACE_PC0_Flag1_IRQHandler
                0x00000392                ACE_PC0_Flag2_IRQHandler
                0x00000394                ACE_PC0_Flag3_IRQHandler
                0x00000396                ACE_PC1_Flag0_IRQHandler
                0x00000398                ACE_PC1_Flag1_IRQHandler
                0x0000039a                ACE_PC1_Flag2_IRQHandler
                0x0000039c                ACE_PC1_Flag3_IRQHandler
                0x0000039e                ACE_PC2_Flag0_IRQHandler
                0x000003a0                ACE_PC2_Flag1_IRQHandler
                0x000003a2                ACE_PC2_Flag2_IRQHandler
                0x000003a4                ACE_PC2_Flag3_IRQHandler
                0x000003a6                ACE_ADC0_DataValid_IRQHandler
                0x000003a8                ACE_ADC1_DataValid_IRQHandler
                0x000003aa                ACE_ADC2_DataValid_IRQHandler
                0x000003ac                ACE_ADC0_CalDone_IRQHandler
                0x000003ae                ACE_ADC1_CalDone_IRQHandler
                0x000003b0                ACE_ADC2_CalDone_IRQHandler
                0x000003b2                ACE_ADC0_CalStart_IRQHandler
                0x000003b4                ACE_ADC1_CalStart_IRQHandler
                0x000003b6                ACE_ADC2_CalStart_IRQHandler
                0x000003b8                ACE_Comp0_Fall_IRQHandler
                0x000003ba                ACE_Comp1_Fall_IRQHandler
                0x000003bc                ACE_Comp2_Fall_IRQHandler
                0x000003be                ACE_Comp3_Fall_IRQHandler
                0x000003c0                ACE_Comp4_Fall_IRQHandler
                0x000003c2                ACE_Comp5_Fall_IRQHandler
                0x000003c4                ACE_Comp6_Fall_IRQHandler
                0x000003c6                ACE_Comp7_Fall_IRQHandler
                0x000003c8                ACE_Comp8_Fall_IRQHandler
                0x000003ca                ACE_Comp9_Fall_IRQHandler
                0x000003cc                ACE_Comp10_Fall_IRQHandler
                0x000003ce                ACE_Comp11_Fall_IRQHandler
                0x000003d0                ACE_Comp0_Rise_IRQHandler
                0x000003d2                ACE_Comp1_Rise_IRQHandler
                0x000003d4                ACE_Comp2_Rise_IRQHandler
                0x000003d6                ACE_Comp3_Rise_IRQHandler
                0x000003d8                ACE_Comp4_Rise_IRQHandler
                0x000003da                ACE_Comp5_Rise_IRQHandler
                0x000003dc                ACE_Comp6_Rise_IRQHandler
                0x000003de                ACE_Comp7_Rise_IRQHandler
                0x000003e0                ACE_Comp8_Rise_IRQHandler
                0x000003e2                ACE_Comp9_Rise_IRQHandler
                0x000003e4                ACE_Comp10_Rise_IRQHandler
                0x000003e6                ACE_Comp11_Rise_IRQHandler
                0x000003e8                ACE_ADC0_FifoFull_IRQHandler
                0x000003ea                ACE_ADC0_FifoAFull_IRQHandler
                0x000003ec                ACE_ADC0_FifoEmpty_IRQHandler
                0x000003ee                ACE_ADC1_FifoFull_IRQHandler
                0x000003f0                ACE_ADC1_FifoAFull_IRQHandler
                0x000003f2                ACE_ADC1_FifoEmpty_IRQHandler
                0x000003f4                ACE_ADC2_FifoFull_IRQHandler
                0x000003f6                ACE_ADC2_FifoAFull_IRQHandler
                0x000003f8                ACE_ADC2_FifoEmpty_IRQHandler
                0x00000470                . = ALIGN (0x4)

.text           0x00000470    0x26fb0 load address 0x60000470
 CREATE_OBJECT_SYMBOLS
                0x60000470                __text_load = LOADADDR (.text)
                0x00000470                __text_start = .
 *(.text .text.* .gnu.linkonce.t.*)
 .text          0x00000470        0x0 c:/program files (x86)/microsemi/softconsole v3.4/sourcery-g++/bin/../lib/gcc/arm-none-eabi/4.4.1/thumb2/crti.o
 .text          0x00000470       0x30 c:/program files (x86)/microsemi/softconsole v3.4/sourcery-g++/bin/../lib/gcc/arm-none-eabi/4.4.1/thumb2/crtbegin.o
 .text          0x000004a0        0x0 ./ParTest.o
 .text.MSS_GPIO_set_outputs
                0x000004a0       0x20 ./ParTest.o
 .text.vParTestInitialise
                0x000004c0       0x54 ./ParTest.o
                0x000004c0                vParTestInitialise
 .text.vParTestSetLED
                0x00000514       0x80 ./ParTest.o
                0x00000514                vParTestSetLED
 .text.vParTestSetLEDFromISR
                0x00000594       0xa0 ./ParTest.o
                0x00000594                vParTestSetLEDFromISR
 .text.vParTestToggleLED
                0x00000634       0x94 ./ParTest.o
                0x00000634                vParTestToggleLED
 .text.lParTestGetLEDState
                0x000006c8       0x48 ./ParTest.o
                0x000006c8                lParTestGetLEDState
 .text          0x00000710        0x0 ./main-full.o
 .text.NVIC_EnableIRQ
                0x00000710       0x38 ./main-full.o
 .text.NVIC_DisableIRQ
                0x00000748       0x3c ./main-full.o
 .text.NVIC_ClearPendingIRQ
                0x00000784       0x3c ./main-full.o
 .text.NVIC_SetPriority
                0x000007c0       0x5c ./main-full.o
 .text.MSS_TIM64_init
                0x0000081c       0xa4 ./main-full.o
 .text.MSS_TIM64_start
                0x000008c0       0x1c ./main-full.o
 .text.MSS_TIM64_load_immediate
                0x000008dc       0x2c ./main-full.o
 .text.main     0x00000908      0x108 ./main-full.o
                0x00000908                main
 .text.prvCheckTimerCallback
                0x00000a10       0x40 ./main-full.o
 .text.GPIO8_IRQHandler
                0x00000a50       0x38 ./main-full.o
                0x00000a50                GPIO8_IRQHandler
 .text.prvQueueSendTask
                0x00000a88       0x6c ./main-full.o
 .text.prvQueueReceiveTask
                0x00000af4       0x38 ./main-full.o
 .text.prvSetupHardware
                0x00000b2c       0x50 ./main-full.o
 .text.vApplicationMallocFailedHook
                0x00000b7c        0x8 ./main-full.o
                0x00000b7c                vApplicationMallocFailedHook
 .text.vApplicationStackOverflowHook
                0x00000b84       0x20 ./main-full.o
                0x00000b84                vApplicationStackOverflowHook
 .text.vApplicationIdleHook
                0x00000ba4       0x18 ./main-full.o
                0x00000ba4                vApplicationIdleHook
 .text.pcGetTaskStatusMessage
                0x00000bbc       0x30 ./main-full.o
                0x00000bbc                pcGetTaskStatusMessage
 .text.vMainConfigureTimerForRunTimeStats
                0x00000bec       0x28 ./main-full.o
                0x00000bec                vMainConfigureTimerForRunTimeStats
 .text.ulGetRunTimeCounterValue
                0x00000c14       0x10 ./main-full.o
                0x00000c14                ulGetRunTimeCounterValue
 *fill*         0x00000c24        0x4 00
 .text.uart_task
                0x00000c28       0xf8 ./main-full.o
                0x00000c28                uart_task
 .text          0x00000d20        0x0 ./sensor_task.o
 .text.get_internal_temp
                0x00000d20       0x4c ./sensor_task.o
                0x00000d20                get_internal_temp
 .text.get_pot_voltage
                0x00000d6c       0x4c ./sensor_task.o
                0x00000d6c                get_pot_voltage
 .text          0x00000db8        0x0 ./uIP_Task.o
 .text.NVIC_EnableIRQ
                0x00000db8       0x38 ./uIP_Task.o
 .text.NVIC_SetPriority
                0x00000df0       0x5c ./uIP_Task.o
 .text.clock_time
                0x00000e4c       0x10 ./uIP_Task.o
                0x00000e4c                clock_time
 .text.vuIP_Task
                0x00000e5c      0x198 ./uIP_Task.o
                0x00000e5c                vuIP_Task
 .text.prvSetMACAddress
                0x00000ff4       0x7c ./uIP_Task.o
 .text.prvInitialise_uIP
                0x00001070      0x180 ./uIP_Task.o
 .text.prvEMACEventListener
                0x000011f0       0x94 ./uIP_Task.o
 .text.prvInitEmac
                0x00001284       0x3c ./uIP_Task.o
 .text.vEMACWrite
                0x000012c0       0x54 ./uIP_Task.o
                0x000012c0                vEMACWrite
 .text.prvUIPTimerCallback
                0x00001314       0x64 ./uIP_Task.o
 .text.vApplicationProcessFormInput
                0x00001378       0x9c ./uIP_Task.o
                0x00001378                vApplicationProcessFormInput
 .text          0x00001414        0x0 ./uart_task.o
 .text          0x00001414        0x0 ./WebServer/httpd-cgi.o
 .text.nullfunction
                0x00001414       0x30 ./WebServer/httpd-cgi.o
 .text.httpd_cgi
                0x00001444       0x64 ./WebServer/httpd-cgi.o
                0x00001444                httpd_cgi
 .text.generate_tcp_stats
                0x000014a8      0x120 ./WebServer/httpd-cgi.o
 .text.tcp_stats
                0x000015c8       0xb4 ./WebServer/httpd-cgi.o
 .text.generate_net_stats
                0x0000167c       0x4c ./WebServer/httpd-cgi.o
 .text.net_stats
                0x000016c8       0x8c ./WebServer/httpd-cgi.o
 .text.generate_io_state
                0x00001754       0x80 ./WebServer/httpd-cgi.o
 .text.led_io   0x000017d4       0x68 ./WebServer/httpd-cgi.o
 .text.sensor_readings
                0x0000183c       0xb4 ./WebServer/httpd-cgi.o
 .text          0x000018f0        0x0 ./MicroSemi_Code/hal/CortexM3/cortex_nvic.o
 .text.NVIC_init
                0x000018f0        0xc ./MicroSemi_Code/hal/CortexM3/cortex_nvic.o
                0x000018f0                NVIC_init
 .text.NVIC_set_handler
                0x000018fc       0x18 ./MicroSemi_Code/hal/CortexM3/cortex_nvic.o
                0x000018fc                NVIC_set_handler
 .text.NVIC_set_priority
                0x00001914       0x18 ./MicroSemi_Code/hal/CortexM3/cortex_nvic.o
                0x00001914                NVIC_set_priority
 .text.NVIC_enable_interrupt
                0x0000192c       0x14 ./MicroSemi_Code/hal/CortexM3/cortex_nvic.o
                0x0000192c                NVIC_enable_interrupt
 .text.NVIC_disable_interrupt
                0x00001940       0x14 ./MicroSemi_Code/hal/CortexM3/cortex_nvic.o
                0x00001940                NVIC_disable_interrupt
 .text.NVIC_clear_interrupt
                0x00001954       0x14 ./MicroSemi_Code/hal/CortexM3/cortex_nvic.o
                0x00001954                NVIC_clear_interrupt
 .text          0x00001968        0xe ./MicroSemi_Code/hal/CortexM3/GNU/hal.o
                0x00001968                HAL_disable_interrupts
                0x00001970                HAL_restore_interrupts
 .text          0x00001976        0x0 ./MicroSemi_Code/hal/CortexM3/GNU/hal_assert.o
 *fill*         0x00001976        0x2 00
 .text.HAL_assert_fail
                0x00001978       0x28 ./MicroSemi_Code/hal/CortexM3/GNU/hal_assert.o
                0x00001978                HAL_assert_fail
 .text          0x000019a0       0x90 ./MicroSemi_Code/hal/CortexM3/GNU/hw_reg_access.o
                0x000019a0                HW_set_32bit_reg
                0x000019a4                HW_get_32bit_reg
                0x000019a8                HW_set_32bit_reg_field
                0x000019c4                HW_get_32bit_reg_field
                0x000019d0                HW_set_16bit_reg
                0x000019d4                HW_get_16bit_reg
                0x000019d8                HW_set_16bit_reg_field
                0x000019f4                HW_get_16bit_reg_field
                0x00001a00                HW_set_8bit_reg
                0x00001a04                HW_get_8bit_reg
                0x00001a08                HW_set_8bit_reg_field
                0x00001a24                HW_get_8bit_reg_field
 .text          0x00001a30        0x0 ./MicroSemi_Code/drivers_config/mss_ace/ace_config.o
 .text          0x00001a30        0x0 ./MicroSemi_Code/drivers/mss_uart/mss_uart.o
 .text.NVIC_EnableIRQ
                0x00001a30       0x38 ./MicroSemi_Code/drivers/mss_uart/mss_uart.o
 .text.NVIC_DisableIRQ
                0x00001a68       0x3c ./MicroSemi_Code/drivers/mss_uart/mss_uart.o
 .text.NVIC_ClearPendingIRQ
                0x00001aa4       0x3c ./MicroSemi_Code/drivers/mss_uart/mss_uart.o
 .text.MSS_UART_init
                0x00001ae0      0x204 ./MicroSemi_Code/drivers/mss_uart/mss_uart.o
                0x00001ae0                MSS_UART_init
 .text.MSS_UART_polled_tx
                0x00001ce4       0xe4 ./MicroSemi_Code/drivers/mss_uart/mss_uart.o
                0x00001ce4                MSS_UART_polled_tx
 .text.MSS_UART_polled_tx_string
                0x00001dc8       0xd0 ./MicroSemi_Code/drivers/mss_uart/mss_uart.o
                0x00001dc8                MSS_UART_polled_tx_string
 .text.MSS_UART_irq_tx
                0x00001e98       0xb0 ./MicroSemi_Code/drivers/mss_uart/mss_uart.o
                0x00001e98                MSS_UART_irq_tx
 .text.MSS_UART_tx_complete
                0x00001f48       0x90 ./MicroSemi_Code/drivers/mss_uart/mss_uart.o
                0x00001f48                MSS_UART_tx_complete
 .text.MSS_UART_get_rx
                0x00001fd8       0xdc ./MicroSemi_Code/drivers/mss_uart/mss_uart.o
                0x00001fd8                MSS_UART_get_rx
 .text.MSS_UART_enable_irq
                0x000020b4       0x7c ./MicroSemi_Code/drivers/mss_uart/mss_uart.o
                0x000020b4                MSS_UART_enable_irq
 .text.MSS_UART_disable_irq
                0x00002130       0x88 ./MicroSemi_Code/drivers/mss_uart/mss_uart.o
                0x00002130                MSS_UART_disable_irq
 .text.MSS_UART_isr
                0x000021b8      0x11c ./MicroSemi_Code/drivers/mss_uart/mss_uart.o
 .text.default_tx_handler
                0x000022d4      0x108 ./MicroSemi_Code/drivers/mss_uart/mss_uart.o
 .text.MSS_UART_set_rx_handler
                0x000023dc       0xa8 ./MicroSemi_Code/drivers/mss_uart/mss_uart.o
                0x000023dc                MSS_UART_set_rx_handler
 .text.MSS_UART_set_loopback
                0x00002484       0x70 ./MicroSemi_Code/drivers/mss_uart/mss_uart.o
                0x00002484                MSS_UART_set_loopback
 .text.UART0_IRQHandler
                0x000024f4       0x2c ./MicroSemi_Code/drivers/mss_uart/mss_uart.o
                0x000024f4                UART0_IRQHandler
 .text.UART1_IRQHandler
                0x00002520       0x2c ./MicroSemi_Code/drivers/mss_uart/mss_uart.o
                0x00002520                UART1_IRQHandler
 .text.MSS_UART_set_rxstatus_handler
                0x0000254c       0x84 ./MicroSemi_Code/drivers/mss_uart/mss_uart.o
                0x0000254c                MSS_UART_set_rxstatus_handler
 .text.MSS_UART_set_tx_handler
                0x000025d0       0x94 ./MicroSemi_Code/drivers/mss_uart/mss_uart.o
                0x000025d0                MSS_UART_set_tx_handler
 .text.MSS_UART_set_modemstatus_handler
                0x00002664       0x84 ./MicroSemi_Code/drivers/mss_uart/mss_uart.o
                0x00002664                MSS_UART_set_modemstatus_handler
 .text.MSS_UART_fill_tx_fifo
                0x000026e8       0xd4 ./MicroSemi_Code/drivers/mss_uart/mss_uart.o
                0x000026e8                MSS_UART_fill_tx_fifo
 .text.MSS_UART_get_rx_status
                0x000027bc       0x80 ./MicroSemi_Code/drivers/mss_uart/mss_uart.o
                0x000027bc                MSS_UART_get_rx_status
 .text.MSS_UART_get_modem_status
                0x0000283c       0x60 ./MicroSemi_Code/drivers/mss_uart/mss_uart.o
                0x0000283c                MSS_UART_get_modem_status
 .text.MSS_UART_get_tx_status
                0x0000289c       0x78 ./MicroSemi_Code/drivers/mss_uart/mss_uart.o
                0x0000289c                MSS_UART_get_tx_status
 .text          0x00002914        0x0 ./MicroSemi_Code/drivers/mss_i2c/mss_i2c.o
 .text.NVIC_EnableIRQ
                0x00002914       0x38 ./MicroSemi_Code/drivers/mss_i2c/mss_i2c.o
 .text.NVIC_DisableIRQ
                0x0000294c       0x3c ./MicroSemi_Code/drivers/mss_i2c/mss_i2c.o
 .text.NVIC_ClearPendingIRQ
                0x00002988       0x3c ./MicroSemi_Code/drivers/mss_i2c/mss_i2c.o
 .text.MSS_I2C_init
                0x000029c4      0x16c ./MicroSemi_Code/drivers/mss_i2c/mss_i2c.o
                0x000029c4                MSS_I2C_init
 .text.MSS_I2C_write
                0x00002b30       0xf4 ./MicroSemi_Code/drivers/mss_i2c/mss_i2c.o
                0x00002b30                MSS_I2C_write
 .text.MSS_I2C_read
                0x00002c24       0xf4 ./MicroSemi_Code/drivers/mss_i2c/mss_i2c.o
                0x00002c24                MSS_I2C_read
 .text.MSS_I2C_write_read
                0x00002d18      0x134 ./MicroSemi_Code/drivers/mss_i2c/mss_i2c.o
                0x00002d18                MSS_I2C_write_read
 .text.MSS_I2C_get_status
                0x00002e4c       0x3c ./MicroSemi_Code/drivers/mss_i2c/mss_i2c.o
                0x00002e4c                MSS_I2C_get_status
 .text.MSS_I2C_wait_complete
                0x00002e88       0x4c ./MicroSemi_Code/drivers/mss_i2c/mss_i2c.o
                0x00002e88                MSS_I2C_wait_complete
 .text.MSS_I2C_system_tick
                0x00002ed4       0x5c ./MicroSemi_Code/drivers/mss_i2c/mss_i2c.o
                0x00002ed4                MSS_I2C_system_tick
 .text.MSS_I2C_set_slave_tx_buffer
                0x00002f30       0x58 ./MicroSemi_Code/drivers/mss_i2c/mss_i2c.o
                0x00002f30                MSS_I2C_set_slave_tx_buffer
 .text.MSS_I2C_set_slave_rx_buffer
                0x00002f88       0x58 ./MicroSemi_Code/drivers/mss_i2c/mss_i2c.o
                0x00002f88                MSS_I2C_set_slave_rx_buffer
 .text.MSS_I2C_set_slave_mem_offset_length
                0x00002fe0       0x54 ./MicroSemi_Code/drivers/mss_i2c/mss_i2c.o
                0x00002fe0                MSS_I2C_set_slave_mem_offset_length
 .text.MSS_I2C_register_write_handler
                0x00003034       0x38 ./MicroSemi_Code/drivers/mss_i2c/mss_i2c.o
                0x00003034                MSS_I2C_register_write_handler
 .text.MSS_I2C_enable_slave
                0x0000306c       0x5c ./MicroSemi_Code/drivers/mss_i2c/mss_i2c.o
                0x0000306c                MSS_I2C_enable_slave
 .text.MSS_I2C_disable_slave
                0x000030c8       0x50 ./MicroSemi_Code/drivers/mss_i2c/mss_i2c.o
                0x000030c8                MSS_I2C_disable_slave
 .text.enable_slave_if_required
                0x00003118       0x28 ./MicroSemi_Code/drivers/mss_i2c/mss_i2c.o
 .text.mss_i2c_isr
                0x00003140      0x8f4 ./MicroSemi_Code/drivers/mss_i2c/mss_i2c.o
 .text.MSS_I2C_smbus_init
                0x00003a34       0x28 ./MicroSemi_Code/drivers/mss_i2c/mss_i2c.o
                0x00003a34                MSS_I2C_smbus_init
 .text.MSS_I2C_enable_smbus_irq
                0x00003a5c       0xe4 ./MicroSemi_Code/drivers/mss_i2c/mss_i2c.o
                0x00003a5c                MSS_I2C_enable_smbus_irq
 .text.MSS_I2C_disable_smbus_irq
                0x00003b40       0xc4 ./MicroSemi_Code/drivers/mss_i2c/mss_i2c.o
                0x00003b40                MSS_I2C_disable_smbus_irq
 .text.MSS_I2C_suspend_smbus_slave
                0x00003c04       0x20 ./MicroSemi_Code/drivers/mss_i2c/mss_i2c.o
                0x00003c04                MSS_I2C_suspend_smbus_slave
 .text.MSS_I2C_resume_smbus_slave
                0x00003c24       0x20 ./MicroSemi_Code/drivers/mss_i2c/mss_i2c.o
                0x00003c24                MSS_I2C_resume_smbus_slave
 .text.MSS_I2C_reset_smbus
                0x00003c44       0x20 ./MicroSemi_Code/drivers/mss_i2c/mss_i2c.o
                0x00003c44                MSS_I2C_reset_smbus
 .text.MSS_I2C_set_smbus_alert
                0x00003c64       0x20 ./MicroSemi_Code/drivers/mss_i2c/mss_i2c.o
                0x00003c64                MSS_I2C_set_smbus_alert
 .text.MSS_I2C_clear_smbus_alert
                0x00003c84       0x20 ./MicroSemi_Code/drivers/mss_i2c/mss_i2c.o
                0x00003c84                MSS_I2C_clear_smbus_alert
 .text.MSS_I2C_set_gca
                0x00003ca4       0x20 ./MicroSemi_Code/drivers/mss_i2c/mss_i2c.o
                0x00003ca4                MSS_I2C_set_gca
 .text.MSS_I2C_clear_gca
                0x00003cc4       0x20 ./MicroSemi_Code/drivers/mss_i2c/mss_i2c.o
                0x00003cc4                MSS_I2C_clear_gca
 .text.MSS_I2C_set_user_data
                0x00003ce4       0x1c ./MicroSemi_Code/drivers/mss_i2c/mss_i2c.o
                0x00003ce4                MSS_I2C_set_user_data
 .text.MSS_I2C_get_user_data
                0x00003d00       0x18 ./MicroSemi_Code/drivers/mss_i2c/mss_i2c.o
                0x00003d00                MSS_I2C_get_user_data
 .text.disable_interrupts
                0x00003d18       0x24 ./MicroSemi_Code/drivers/mss_i2c/mss_i2c.o
 .text.restore_interrupts
                0x00003d3c       0x18 ./MicroSemi_Code/drivers/mss_i2c/mss_i2c.o
 .text.I2C0_IRQHandler
                0x00003d54       0x2c ./MicroSemi_Code/drivers/mss_i2c/mss_i2c.o
                0x00003d54                I2C0_IRQHandler
 .text.I2C1_IRQHandler
                0x00003d80       0x2c ./MicroSemi_Code/drivers/mss_i2c/mss_i2c.o
                0x00003d80                I2C1_IRQHandler
 .text          0x00003dac        0x0 ./MicroSemi_Code/drivers/mss_gpio/mss_gpio.o
 .text.NVIC_EnableIRQ
                0x00003dac       0x38 ./MicroSemi_Code/drivers/mss_gpio/mss_gpio.o
 .text.NVIC_ClearPendingIRQ
                0x00003de4       0x3c ./MicroSemi_Code/drivers/mss_gpio/mss_gpio.o
 .text.MSS_GPIO_init
                0x00003e20       0x6c ./MicroSemi_Code/drivers/mss_gpio/mss_gpio.o
                0x00003e20                MSS_GPIO_init
 .text.MSS_GPIO_config
                0x00003e8c       0x3c ./MicroSemi_Code/drivers/mss_gpio/mss_gpio.o
                0x00003e8c                MSS_GPIO_config
 .text.MSS_GPIO_set_output
                0x00003ec8       0x40 ./MicroSemi_Code/drivers/mss_gpio/mss_gpio.o
                0x00003ec8                MSS_GPIO_set_output
 .text.MSS_GPIO_drive_inout
                0x00003f08      0x128 ./MicroSemi_Code/drivers/mss_gpio/mss_gpio.o
                0x00003f08                MSS_GPIO_drive_inout
 .text.MSS_GPIO_enable_irq
                0x00004030       0x64 ./MicroSemi_Code/drivers/mss_gpio/mss_gpio.o
                0x00004030                MSS_GPIO_enable_irq
 .text.MSS_GPIO_disable_irq
                0x00004094       0x50 ./MicroSemi_Code/drivers/mss_gpio/mss_gpio.o
                0x00004094                MSS_GPIO_disable_irq
 .text.MSS_GPIO_clear_irq
                0x000040e4       0x50 ./MicroSemi_Code/drivers/mss_gpio/mss_gpio.o
                0x000040e4                MSS_GPIO_clear_irq
 .text          0x00004134        0x0 ./MicroSemi_Code/drivers/mss_ethernet_mac/crc32.o
 .text.mss_mac_crc32
                0x00004134       0x60 ./MicroSemi_Code/drivers/mss_ethernet_mac/crc32.o
                0x00004134                mss_mac_crc32
 .text.mss_ethernet_crc
                0x00004194       0x24 ./MicroSemi_Code/drivers/mss_ethernet_mac/crc32.o
                0x00004194                mss_ethernet_crc
 .text          0x000041b8        0x0 ./MicroSemi_Code/drivers/mss_ethernet_mac/mss_ethernet_mac.o
 .text.MSS_MAC_init
                0x000041b8      0x358 ./MicroSemi_Code/drivers/mss_ethernet_mac/mss_ethernet_mac.o
                0x000041b8                MSS_MAC_init
 .text.MSS_MAC_configure
                0x00004510      0x248 ./MicroSemi_Code/drivers/mss_ethernet_mac/mss_ethernet_mac.o
                0x00004510                MSS_MAC_configure
 .text.MSS_MAC_get_configuration
                0x00004758      0x144 ./MicroSemi_Code/drivers/mss_ethernet_mac/mss_ethernet_mac.o
                0x00004758                MSS_MAC_get_configuration
 .text.MSS_MAC_tx_packet
                0x0000489c      0x544 ./MicroSemi_Code/drivers/mss_ethernet_mac/mss_ethernet_mac.o
                0x0000489c                MSS_MAC_tx_packet
 .text.MSS_MAC_rx_pckt_size
                0x00004de0       0x74 ./MicroSemi_Code/drivers/mss_ethernet_mac/mss_ethernet_mac.o
                0x00004de0                MSS_MAC_rx_pckt_size
 .text.MSS_MAC_rx_packet
                0x00004e54       0xf0 ./MicroSemi_Code/drivers/mss_ethernet_mac/mss_ethernet_mac.o
                0x00004e54                MSS_MAC_rx_packet
 .text.MSS_MAC_rx_packet_ptrset
                0x00004f44      0x134 ./MicroSemi_Code/drivers/mss_ethernet_mac/mss_ethernet_mac.o
                0x00004f44                MSS_MAC_rx_packet_ptrset
 .text.MSS_MAC_link_status
                0x00005078       0x30 ./MicroSemi_Code/drivers/mss_ethernet_mac/mss_ethernet_mac.o
                0x00005078                MSS_MAC_link_status
 .text.MSS_MAC_auto_setup_link
                0x000050a8       0xd0 ./MicroSemi_Code/drivers/mss_ethernet_mac/mss_ethernet_mac.o
                0x000050a8                MSS_MAC_auto_setup_link
 .text.MSS_MAC_set_mac_address
                0x00005178       0xa4 ./MicroSemi_Code/drivers/mss_ethernet_mac/mss_ethernet_mac.o
                0x00005178                MSS_MAC_set_mac_address
 .text.MSS_MAC_get_mac_address
                0x0000521c       0x20 ./MicroSemi_Code/drivers/mss_ethernet_mac/mss_ethernet_mac.o
                0x0000521c                MSS_MAC_get_mac_address
 .text.MSS_MAC_set_mac_filters
                0x0000523c      0x1b8 ./MicroSemi_Code/drivers/mss_ethernet_mac/mss_ethernet_mac.o
                0x0000523c                MSS_MAC_set_mac_filters
 .text.EthernetMAC_IRQHandler
                0x000053f4      0x13c ./MicroSemi_Code/drivers/mss_ethernet_mac/mss_ethernet_mac.o
                0x000053f4                EthernetMAC_IRQHandler
 .text.MSS_MAC_set_callback
                0x00005530       0x70 ./MicroSemi_Code/drivers/mss_ethernet_mac/mss_ethernet_mac.o
                0x00005530                MSS_MAC_set_callback
 .text.MSS_MAC_last_error
                0x000055a0       0x54 ./MicroSemi_Code/drivers/mss_ethernet_mac/mss_ethernet_mac.o
                0x000055a0                MSS_MAC_last_error
 .text.MSS_MAC_get_statistics
                0x000055f4      0x2b4 ./MicroSemi_Code/drivers/mss_ethernet_mac/mss_ethernet_mac.o
                0x000055f4                MSS_MAC_get_statistics
 .text.MSS_MAC_prepare_rx_descriptor
                0x000058a8      0x428 ./MicroSemi_Code/drivers/mss_ethernet_mac/mss_ethernet_mac.o
                0x000058a8                MSS_MAC_prepare_rx_descriptor
 .text.MAC_send_setup_frame
                0x00005cd0      0x36c ./MicroSemi_Code/drivers/mss_ethernet_mac/mss_ethernet_mac.o
 .text.MAC_stop_transmission
                0x0000603c       0x60 ./MicroSemi_Code/drivers/mss_ethernet_mac/mss_ethernet_mac.o
 .text.MAC_start_transmission
                0x0000609c       0x1c ./MicroSemi_Code/drivers/mss_ethernet_mac/mss_ethernet_mac.o
 .text.MAC_stop_receiving
                0x000060b8       0x60 ./MicroSemi_Code/drivers/mss_ethernet_mac/mss_ethernet_mac.o
 .text.MAC_start_receiving
                0x00006118       0x1c ./MicroSemi_Code/drivers/mss_ethernet_mac/mss_ethernet_mac.o
 .text.MAC_dismiss_bad_frames
                0x00006134       0xa4 ./MicroSemi_Code/drivers/mss_ethernet_mac/mss_ethernet_mac.o
 .text.MAC_set_time_out
                0x000061d8       0x50 ./MicroSemi_Code/drivers/mss_ethernet_mac/mss_ethernet_mac.o
 .text.MAC_get_time_out
                0x00006228       0xf4 ./MicroSemi_Code/drivers/mss_ethernet_mac/mss_ethernet_mac.o
 .text.MAC_memset
                0x0000631c       0x38 ./MicroSemi_Code/drivers/mss_ethernet_mac/mss_ethernet_mac.o
 .text.MAC_memset_All
                0x00006354      0x448 ./MicroSemi_Code/drivers/mss_ethernet_mac/mss_ethernet_mac.o
 .text.MAC_memcpy
                0x0000679c       0x3c ./MicroSemi_Code/drivers/mss_ethernet_mac/mss_ethernet_mac.o
 .text.MSS_MAC_FreeTxBuffers
                0x000067d8       0x88 ./MicroSemi_Code/drivers/mss_ethernet_mac/mss_ethernet_mac.o
                0x000067d8                MSS_MAC_FreeTxBuffers
 .text.MAC_obtain_buffer
                0x00006860      0x178 ./MicroSemi_Code/drivers/mss_ethernet_mac/mss_ethernet_mac.o
 .text.MAC_release_buffer
                0x000069d8       0x70 ./MicroSemi_Code/drivers/mss_ethernet_mac/mss_ethernet_mac.o
 .text          0x00006a48        0x0 ./MicroSemi_Code/drivers/mss_ethernet_mac/phy.o
 .text.MDIO_management_clock
                0x00006a48       0x38 ./MicroSemi_Code/drivers/mss_ethernet_mac/phy.o
 .text.MDIO_send_cmd
                0x00006a80      0x100 ./MicroSemi_Code/drivers/mss_ethernet_mac/phy.o
 .text.MDIO_read
                0x00006b80       0x70 ./MicroSemi_Code/drivers/mss_ethernet_mac/phy.o
 .text.MDIO_write
                0x00006bf0       0x74 ./MicroSemi_Code/drivers/mss_ethernet_mac/phy.o
 .text.PHY_probe
                0x00006c64       0x84 ./MicroSemi_Code/drivers/mss_ethernet_mac/phy.o
                0x00006c64                PHY_probe
 .text.PHY_reset
                0x00006ce8       0x20 ./MicroSemi_Code/drivers/mss_ethernet_mac/phy.o
                0x00006ce8                PHY_reset
 .text.PHY_auto_negotiate
                0x00006d08       0x50 ./MicroSemi_Code/drivers/mss_ethernet_mac/phy.o
                0x00006d08                PHY_auto_negotiate
 .text.PHY_link_status
                0x00006d58       0x30 ./MicroSemi_Code/drivers/mss_ethernet_mac/phy.o
                0x00006d58                PHY_link_status
 .text.PHY_link_type
                0x00006d88       0x48 ./MicroSemi_Code/drivers/mss_ethernet_mac/phy.o
                0x00006d88                PHY_link_type
 .text.PHY_set_link_type
                0x00006dd0       0x58 ./MicroSemi_Code/drivers/mss_ethernet_mac/phy.o
                0x00006dd0                PHY_set_link_type
 .text.PHY_set_loopback
                0x00006e28       0x58 ./MicroSemi_Code/drivers/mss_ethernet_mac/phy.o
                0x00006e28                PHY_set_loopback
 .text          0x00006e80        0x0 ./MicroSemi_Code/drivers/mss_ace/ace_convert.o
 .text.ACE_get_channel_type
                0x00006e80       0x44 ./MicroSemi_Code/drivers/mss_ace/ace_convert.o
                0x00006e80                ACE_get_channel_type
 .text.ACE_convert_adc_input_to_mV
                0x00006ec4       0x64 ./MicroSemi_Code/drivers/mss_ace/ace_convert.o
                0x00006ec4                ACE_convert_adc_input_to_mV
 .text.ace_init_convert
                0x00006f28      0x1b4 ./MicroSemi_Code/drivers/mss_ace/ace_convert.o
                0x00006f28                ace_init_convert
 .text.ACE_convert_to_mV
                0x000070dc      0x100 ./MicroSemi_Code/drivers/mss_ace/ace_convert.o
                0x000070dc                ACE_convert_to_mV
 .text.ACE_convert_to_mA
                0x000071dc       0xb4 ./MicroSemi_Code/drivers/mss_ace/ace_convert.o
                0x000071dc                ACE_convert_to_mA
 .text.ACE_convert_to_uA
                0x00007290       0xb0 ./MicroSemi_Code/drivers/mss_ace/ace_convert.o
                0x00007290                ACE_convert_to_uA
 .text.ACE_convert_to_Kelvin
                0x00007340       0x4c ./MicroSemi_Code/drivers/mss_ace/ace_convert.o
                0x00007340                ACE_convert_to_Kelvin
 .text.ACE_convert_to_Celsius
                0x0000738c       0x3c ./MicroSemi_Code/drivers/mss_ace/ace_convert.o
                0x0000738c                ACE_convert_to_Celsius
 .text.ACE_convert_to_Fahrenheit
                0x000073c8       0x58 ./MicroSemi_Code/drivers/mss_ace/ace_convert.o
                0x000073c8                ACE_convert_to_Fahrenheit
 .text.ACE_get_channel_name
                0x00007420       0x38 ./MicroSemi_Code/drivers/mss_ace/ace_convert.o
                0x00007420                ACE_get_channel_name
 .text.ACE_convert_mV_to_adc_value
                0x00007458       0xa0 ./MicroSemi_Code/drivers/mss_ace/ace_convert.o
                0x00007458                ACE_convert_mV_to_adc_value
 .text.convert_mV_to_ppe_value
                0x000074f8       0x7c ./MicroSemi_Code/drivers/mss_ace/ace_convert.o
 .text.ACE_convert_from_mV
                0x00007574      0x110 ./MicroSemi_Code/drivers/mss_ace/ace_convert.o
                0x00007574                ACE_convert_from_mV
 .text.ACE_convert_from_mA
                0x00007684       0xc4 ./MicroSemi_Code/drivers/mss_ace/ace_convert.o
                0x00007684                ACE_convert_from_mA
 .text.ACE_convert_from_uA
                0x00007748       0xc4 ./MicroSemi_Code/drivers/mss_ace/ace_convert.o
                0x00007748                ACE_convert_from_uA
 .text.ACE_convert_from_Kelvin
                0x0000780c       0x58 ./MicroSemi_Code/drivers/mss_ace/ace_convert.o
                0x0000780c                ACE_convert_from_Kelvin
 .text.ACE_convert_from_Celsius
                0x00007864       0x4c ./MicroSemi_Code/drivers/mss_ace/ace_convert.o
                0x00007864                ACE_convert_from_Celsius
 .text.ACE_convert_from_Fahrenheit
                0x000078b0       0x64 ./MicroSemi_Code/drivers/mss_ace/ace_convert.o
                0x000078b0                ACE_convert_from_Fahrenheit
 .text.ACE_translate_pdma_value
                0x00007914       0x34 ./MicroSemi_Code/drivers/mss_ace/ace_convert.o
                0x00007914                ACE_translate_pdma_value
 .text          0x00007948        0x0 ./MicroSemi_Code/drivers/mss_ace/ace_flags.o
 .text.NVIC_ClearPendingIRQ
                0x00007948       0x3c ./MicroSemi_Code/drivers/mss_ace/ace_flags.o
 .text.ace_init_flags
                0x00007984        0xc ./MicroSemi_Code/drivers/mss_ace/ace_flags.o
                0x00007984                ace_init_flags
 .text.ACE_is_hysteresis_flag
                0x00007990       0x20 ./MicroSemi_Code/drivers/mss_ace/ace_flags.o
                0x00007990                ACE_is_hysteresis_flag
 .text.ACE_is_under_flag
                0x000079b0       0x20 ./MicroSemi_Code/drivers/mss_ace/ace_flags.o
                0x000079b0                ACE_is_under_flag
 .text.ACE_set_flag_threshold
                0x000079d0       0x18 ./MicroSemi_Code/drivers/mss_ace/ace_flags.o
                0x000079d0                ACE_set_flag_threshold
 .text.ACE_set_flag_assertion
                0x000079e8       0x18 ./MicroSemi_Code/drivers/mss_ace/ace_flags.o
                0x000079e8                ACE_set_flag_assertion
 .text.ACE_set_flag_deassertion
                0x00007a00       0x18 ./MicroSemi_Code/drivers/mss_ace/ace_flags.o
                0x00007a00                ACE_set_flag_deassertion
 .text.ACE_set_flag_hysteresis
                0x00007a18       0x18 ./MicroSemi_Code/drivers/mss_ace/ace_flags.o
                0x00007a18                ACE_set_flag_hysteresis
 .text.ACE_set_channel_hysteresis
                0x00007a30       0x18 ./MicroSemi_Code/drivers/mss_ace/ace_flags.o
                0x00007a30                ACE_set_channel_hysteresis
 .text.ACE_get_flag_handle
                0x00007a48       0x1c ./MicroSemi_Code/drivers/mss_ace/ace_flags.o
                0x00007a48                ACE_get_flag_handle
 .text.ACE_get_flag_status
                0x00007a64       0x20 ./MicroSemi_Code/drivers/mss_ace/ace_flags.o
                0x00007a64                ACE_get_flag_status
 .text.ACE_get_flag_name
                0x00007a84       0x20 ./MicroSemi_Code/drivers/mss_ace/ace_flags.o
                0x00007a84                ACE_get_flag_name
 .text.ACE_get_flag_channel
                0x00007aa4       0x20 ./MicroSemi_Code/drivers/mss_ace/ace_flags.o
                0x00007aa4                ACE_get_flag_channel
 .text.ACE_get_channel_flag_count
                0x00007ac4       0x20 ./MicroSemi_Code/drivers/mss_ace/ace_flags.o
                0x00007ac4                ACE_get_channel_flag_count
 .text.ACE_get_channel_first_flag
                0x00007ae4       0x20 ./MicroSemi_Code/drivers/mss_ace/ace_flags.o
                0x00007ae4                ACE_get_channel_first_flag
 .text.ACE_get_channel_next_flag
                0x00007b04       0x20 ./MicroSemi_Code/drivers/mss_ace/ace_flags.o
                0x00007b04                ACE_get_channel_next_flag
 .text.ACE_enable_channel_flags_irq
                0x00007b24       0x14 ./MicroSemi_Code/drivers/mss_ace/ace_flags.o
                0x00007b24                ACE_enable_channel_flags_irq
 .text.ACE_disable_channel_flags_irq
                0x00007b38       0x14 ./MicroSemi_Code/drivers/mss_ace/ace_flags.o
                0x00007b38                ACE_disable_channel_flags_irq
 .text.ACE_clear_channel_flags_irq
                0x00007b4c       0x14 ./MicroSemi_Code/drivers/mss_ace/ace_flags.o
                0x00007b4c                ACE_clear_channel_flags_irq
 .text.ACE_enable_flag_irq
                0x00007b60       0x14 ./MicroSemi_Code/drivers/mss_ace/ace_flags.o
                0x00007b60                ACE_enable_flag_irq
 .text.ACE_disable_flag_irq
                0x00007b74       0x14 ./MicroSemi_Code/drivers/mss_ace/ace_flags.o
                0x00007b74                ACE_disable_flag_irq
 .text.ACE_clear_flag_irq
                0x00007b88       0x14 ./MicroSemi_Code/drivers/mss_ace/ace_flags.o
                0x00007b88                ACE_clear_flag_irq
 .text.ACE_register_flag_isr
                0x00007b9c       0x18 ./MicroSemi_Code/drivers/mss_ace/ace_flags.o
                0x00007b9c                ACE_register_flag_isr
 .text.ACE_register_channel_flags_isr
                0x00007bb4       0x18 ./MicroSemi_Code/drivers/mss_ace/ace_flags.o
                0x00007bb4                ACE_register_channel_flags_isr
 .text.ACE_register_global_flags_isr
                0x00007bcc       0x14 ./MicroSemi_Code/drivers/mss_ace/ace_flags.o
                0x00007bcc                ACE_register_global_flags_isr
 .text.process_flag_irq
                0x00007be0       0x14 ./MicroSemi_Code/drivers/mss_ace/ace_flags.o
 .text.ACE_PPE_Flag0_IRQHandler
                0x00007bf4       0x28 ./MicroSemi_Code/drivers/mss_ace/ace_flags.o
                0x00007bf4                ACE_PPE_Flag0_IRQHandler
 .text.ACE_PPE_Flag1_IRQHandler
                0x00007c1c       0x28 ./MicroSemi_Code/drivers/mss_ace/ace_flags.o
                0x00007c1c                ACE_PPE_Flag1_IRQHandler
 .text.ACE_PPE_Flag2_IRQHandler
                0x00007c44       0x28 ./MicroSemi_Code/drivers/mss_ace/ace_flags.o
                0x00007c44                ACE_PPE_Flag2_IRQHandler
 .text.ACE_PPE_Flag3_IRQHandler
                0x00007c6c       0x28 ./MicroSemi_Code/drivers/mss_ace/ace_flags.o
                0x00007c6c                ACE_PPE_Flag3_IRQHandler
 .text.ACE_PPE_Flag4_IRQHandler
                0x00007c94       0x28 ./MicroSemi_Code/drivers/mss_ace/ace_flags.o
                0x00007c94                ACE_PPE_Flag4_IRQHandler
 .text.ACE_PPE_Flag5_IRQHandler
                0x00007cbc       0x28 ./MicroSemi_Code/drivers/mss_ace/ace_flags.o
                0x00007cbc                ACE_PPE_Flag5_IRQHandler
 .text.ACE_PPE_Flag6_IRQHandler
                0x00007ce4       0x28 ./MicroSemi_Code/drivers/mss_ace/ace_flags.o
                0x00007ce4                ACE_PPE_Flag6_IRQHandler
 .text.ACE_PPE_Flag7_IRQHandler
                0x00007d0c       0x28 ./MicroSemi_Code/drivers/mss_ace/ace_flags.o
                0x00007d0c                ACE_PPE_Flag7_IRQHandler
 .text.ACE_PPE_Flag8_IRQHandler
                0x00007d34       0x28 ./MicroSemi_Code/drivers/mss_ace/ace_flags.o
                0x00007d34                ACE_PPE_Flag8_IRQHandler
 .text.ACE_PPE_Flag9_IRQHandler
                0x00007d5c       0x28 ./MicroSemi_Code/drivers/mss_ace/ace_flags.o
                0x00007d5c                ACE_PPE_Flag9_IRQHandler
 .text.ACE_PPE_Flag10_IRQHandler
                0x00007d84       0x28 ./MicroSemi_Code/drivers/mss_ace/ace_flags.o
                0x00007d84                ACE_PPE_Flag10_IRQHandler
 .text.ACE_PPE_Flag11_IRQHandler
                0x00007dac       0x28 ./MicroSemi_Code/drivers/mss_ace/ace_flags.o
                0x00007dac                ACE_PPE_Flag11_IRQHandler
 .text.ACE_PPE_Flag12_IRQHandler
                0x00007dd4       0x28 ./MicroSemi_Code/drivers/mss_ace/ace_flags.o
                0x00007dd4                ACE_PPE_Flag12_IRQHandler
 .text.ACE_PPE_Flag13_IRQHandler
                0x00007dfc       0x28 ./MicroSemi_Code/drivers/mss_ace/ace_flags.o
                0x00007dfc                ACE_PPE_Flag13_IRQHandler
 .text.ACE_PPE_Flag14_IRQHandler
                0x00007e24       0x28 ./MicroSemi_Code/drivers/mss_ace/ace_flags.o
                0x00007e24                ACE_PPE_Flag14_IRQHandler
 .text.ACE_PPE_Flag15_IRQHandler
                0x00007e4c       0x28 ./MicroSemi_Code/drivers/mss_ace/ace_flags.o
                0x00007e4c                ACE_PPE_Flag15_IRQHandler
 .text.ACE_PPE_Flag16_IRQHandler
                0x00007e74       0x28 ./MicroSemi_Code/drivers/mss_ace/ace_flags.o
                0x00007e74                ACE_PPE_Flag16_IRQHandler
 .text.ACE_PPE_Flag17_IRQHandler
                0x00007e9c       0x28 ./MicroSemi_Code/drivers/mss_ace/ace_flags.o
                0x00007e9c                ACE_PPE_Flag17_IRQHandler
 .text.ACE_PPE_Flag18_IRQHandler
                0x00007ec4       0x28 ./MicroSemi_Code/drivers/mss_ace/ace_flags.o
                0x00007ec4                ACE_PPE_Flag18_IRQHandler
 .text.ACE_PPE_Flag19_IRQHandler
                0x00007eec       0x28 ./MicroSemi_Code/drivers/mss_ace/ace_flags.o
                0x00007eec                ACE_PPE_Flag19_IRQHandler
 .text.ACE_PPE_Flag20_IRQHandler
                0x00007f14       0x28 ./MicroSemi_Code/drivers/mss_ace/ace_flags.o
                0x00007f14                ACE_PPE_Flag20_IRQHandler
 .text.ACE_PPE_Flag21_IRQHandler
                0x00007f3c       0x28 ./MicroSemi_Code/drivers/mss_ace/ace_flags.o
                0x00007f3c                ACE_PPE_Flag21_IRQHandler
 .text.ACE_PPE_Flag22_IRQHandler
                0x00007f64       0x28 ./MicroSemi_Code/drivers/mss_ace/ace_flags.o
                0x00007f64                ACE_PPE_Flag22_IRQHandler
 .text.ACE_PPE_Flag23_IRQHandler
                0x00007f8c       0x28 ./MicroSemi_Code/drivers/mss_ace/ace_flags.o
                0x00007f8c                ACE_PPE_Flag23_IRQHandler
 .text.ACE_PPE_Flag24_IRQHandler
                0x00007fb4       0x28 ./MicroSemi_Code/drivers/mss_ace/ace_flags.o
                0x00007fb4                ACE_PPE_Flag24_IRQHandler
 .text.ACE_PPE_Flag25_IRQHandler
                0x00007fdc       0x28 ./MicroSemi_Code/drivers/mss_ace/ace_flags.o
                0x00007fdc                ACE_PPE_Flag25_IRQHandler
 .text.ACE_PPE_Flag26_IRQHandler
                0x00008004       0x28 ./MicroSemi_Code/drivers/mss_ace/ace_flags.o
                0x00008004                ACE_PPE_Flag26_IRQHandler
 .text.ACE_PPE_Flag27_IRQHandler
                0x0000802c       0x28 ./MicroSemi_Code/drivers/mss_ace/ace_flags.o
                0x0000802c                ACE_PPE_Flag27_IRQHandler
 .text.ACE_PPE_Flag28_IRQHandler
                0x00008054       0x28 ./MicroSemi_Code/drivers/mss_ace/ace_flags.o
                0x00008054                ACE_PPE_Flag28_IRQHandler
 .text.ACE_PPE_Flag29_IRQHandler
                0x0000807c       0x28 ./MicroSemi_Code/drivers/mss_ace/ace_flags.o
                0x0000807c                ACE_PPE_Flag29_IRQHandler
 .text.ACE_PPE_Flag30_IRQHandler
                0x000080a4       0x28 ./MicroSemi_Code/drivers/mss_ace/ace_flags.o
                0x000080a4                ACE_PPE_Flag30_IRQHandler
 .text.ACE_PPE_Flag31_IRQHandler
                0x000080cc       0x28 ./MicroSemi_Code/drivers/mss_ace/ace_flags.o
                0x000080cc                ACE_PPE_Flag31_IRQHandler
 .text          0x000080f4        0x0 ./MicroSemi_Code/drivers/mss_ace/ace_sse.o
 .text.ACE_get_sse_seq_handle
                0x000080f4       0x84 ./MicroSemi_Code/drivers/mss_ace/ace_sse.o
                0x000080f4                ACE_get_sse_seq_handle
 .text.ACE_load_sse
                0x00008178      0x130 ./MicroSemi_Code/drivers/mss_ace/ace_sse.o
                0x00008178                ACE_load_sse
 .text.ACE_start_sse
                0x000082a8      0x140 ./MicroSemi_Code/drivers/mss_ace/ace_sse.o
                0x000082a8                ACE_start_sse
 .text.ACE_restart_sse
                0x000083e8      0x124 ./MicroSemi_Code/drivers/mss_ace/ace_sse.o
                0x000083e8                ACE_restart_sse
 .text.ACE_stop_sse
                0x0000850c       0x54 ./MicroSemi_Code/drivers/mss_ace/ace_sse.o
                0x0000850c                ACE_stop_sse
 .text.ACE_resume_sse
                0x00008560       0x54 ./MicroSemi_Code/drivers/mss_ace/ace_sse.o
                0x00008560                ACE_resume_sse
 .text.ACE_enable_sse_irq
                0x000085b4       0x48 ./MicroSemi_Code/drivers/mss_ace/ace_sse.o
                0x000085b4                ACE_enable_sse_irq
 .text.ACE_disable_sse_irq
                0x000085fc       0x64 ./MicroSemi_Code/drivers/mss_ace/ace_sse.o
                0x000085fc                ACE_disable_sse_irq
 .text.ACE_clear_sse_irq
                0x00008660       0x6c ./MicroSemi_Code/drivers/mss_ace/ace_sse.o
                0x00008660                ACE_clear_sse_irq
 .text.ACE_clear_sample_pipeline
                0x000086cc      0x178 ./MicroSemi_Code/drivers/mss_ace/ace_sse.o
                0x000086cc                ACE_clear_sample_pipeline
 .text          0x00008844        0x0 ./MicroSemi_Code/drivers/mss_ace/ace_transform.o
 .text.ACE_get_default_m_factor
                0x00008844       0x30 ./MicroSemi_Code/drivers/mss_ace/ace_transform.o
                0x00008844                ACE_get_default_m_factor
 .text.ACE_get_default_c_offset
                0x00008874       0x34 ./MicroSemi_Code/drivers/mss_ace/ace_transform.o
                0x00008874                ACE_get_default_c_offset
 .text.ACE_set_linear_transform
                0x000088a8      0x17c ./MicroSemi_Code/drivers/mss_ace/ace_transform.o
                0x000088a8                ACE_set_linear_transform
 .text.extend_sign
                0x00008a24       0x30 ./MicroSemi_Code/drivers/mss_ace/ace_transform.o
                0x00008a24                extend_sign
 .text.adjust_to_24bit_ace_format
                0x00008a54       0x80 ./MicroSemi_Code/drivers/mss_ace/ace_transform.o
                0x00008a54                adjust_to_24bit_ace_format
 .text.adjust_to_16bit_ace_format
                0x00008ad4       0x80 ./MicroSemi_Code/drivers/mss_ace/ace_transform.o
                0x00008ad4                adjust_to_16bit_ace_format
 .text.get_calibration
                0x00008b54      0x380 ./MicroSemi_Code/drivers/mss_ace/ace_transform.o
                0x00008b54                get_calibration
 .text.write_transform_coefficients
                0x00008ed4       0xac ./MicroSemi_Code/drivers/mss_ace/ace_transform.o
                0x00008ed4                write_transform_coefficients
 .text          0x00008f80        0x0 ./MicroSemi_Code/drivers/mss_ace/mss_ace.o
 .text.ACE_init
                0x00008f80       0x10 ./MicroSemi_Code/drivers/mss_ace/mss_ace.o
                0x00008f80                ACE_init
 .text.ACE_start_adc
                0x00008f90       0x2c ./MicroSemi_Code/drivers/mss_ace/mss_ace.o
                0x00008f90                ACE_start_adc
 .text.ACE_get_adc_result
                0x00008fbc       0x64 ./MicroSemi_Code/drivers/mss_ace/mss_ace.o
                0x00008fbc                ACE_get_adc_result
 .text.ACE_configure_sdd
                0x00009020      0x1a0 ./MicroSemi_Code/drivers/mss_ace/mss_ace.o
                0x00009020                ACE_configure_sdd
 .text.ACE_enable_sdd
                0x000091c0       0x48 ./MicroSemi_Code/drivers/mss_ace/mss_ace.o
                0x000091c0                ACE_enable_sdd
 .text.ACE_disable_sdd
                0x00009208       0x48 ./MicroSemi_Code/drivers/mss_ace/mss_ace.o
                0x00009208                ACE_disable_sdd
 .text.ACE_set_sdd_value
                0x00009250       0x4c ./MicroSemi_Code/drivers/mss_ace/mss_ace.o
                0x00009250                ACE_set_sdd_value
 .text.ACE_set_sdd_value_sync
                0x0000929c       0xd0 ./MicroSemi_Code/drivers/mss_ace/mss_ace.o
                0x0000929c                ACE_set_sdd_value_sync
 .text.ACE_set_comp_reference
                0x0000936c      0x1b4 ./MicroSemi_Code/drivers/mss_ace/mss_ace.o
                0x0000936c                ACE_set_comp_reference
 .text.ACE_set_comp_hysteresis
                0x00009520      0x128 ./MicroSemi_Code/drivers/mss_ace/mss_ace.o
                0x00009520                ACE_set_comp_hysteresis
 .text.ACE_enable_comp
                0x00009648       0xfc ./MicroSemi_Code/drivers/mss_ace/mss_ace.o
                0x00009648                ACE_enable_comp
 .text.ACE_disable_comp
                0x00009744       0xf8 ./MicroSemi_Code/drivers/mss_ace/mss_ace.o
                0x00009744                ACE_disable_comp
 .text.ACE_enable_comp_rise_irq
                0x0000983c       0x50 ./MicroSemi_Code/drivers/mss_ace/mss_ace.o
                0x0000983c                ACE_enable_comp_rise_irq
 .text.ACE_disable_comp_rise_irq
                0x0000988c       0x70 ./MicroSemi_Code/drivers/mss_ace/mss_ace.o
                0x0000988c                ACE_disable_comp_rise_irq
 .text.ACE_clear_comp_rise_irq
                0x000098fc       0x6c ./MicroSemi_Code/drivers/mss_ace/mss_ace.o
                0x000098fc                ACE_clear_comp_rise_irq
 .text.ACE_enable_comp_fall_irq
                0x00009968       0x50 ./MicroSemi_Code/drivers/mss_ace/mss_ace.o
                0x00009968                ACE_enable_comp_fall_irq
 .text.ACE_disable_comp_fall_irq
                0x000099b8       0x70 ./MicroSemi_Code/drivers/mss_ace/mss_ace.o
                0x000099b8                ACE_disable_comp_fall_irq
 .text.ACE_clear_comp_fall_irq
                0x00009a28       0x6c ./MicroSemi_Code/drivers/mss_ace/mss_ace.o
                0x00009a28                ACE_clear_comp_fall_irq
 .text.ACE_get_comp_status
                0x00009a94       0x20 ./MicroSemi_Code/drivers/mss_ace/mss_ace.o
                0x00009a94                ACE_get_comp_status
 .text.ACE_get_channel_count
                0x00009ab4       0x10 ./MicroSemi_Code/drivers/mss_ace/mss_ace.o
                0x00009ab4                ACE_get_channel_count
 .text.ACE_get_first_channel
                0x00009ac4       0x1c ./MicroSemi_Code/drivers/mss_ace/mss_ace.o
                0x00009ac4                ACE_get_first_channel
 .text.ACE_get_next_channel
                0x00009ae0       0x2c ./MicroSemi_Code/drivers/mss_ace/mss_ace.o
                0x00009ae0                ACE_get_next_channel
 .text.ACE_get_channel_handle
                0x00009b0c       0x74 ./MicroSemi_Code/drivers/mss_ace/mss_ace.o
                0x00009b0c                ACE_get_channel_handle
 .text.ACE_get_input_channel_handle
                0x00009b80       0x54 ./MicroSemi_Code/drivers/mss_ace/mss_ace.o
                0x00009b80                ACE_get_input_channel_handle
 .text.ACE_get_ppe_sample
                0x00009bd4       0x54 ./MicroSemi_Code/drivers/mss_ace/mss_ace.o
                0x00009bd4                ACE_get_ppe_sample
 .text          0x00009c28        0x0 ./MicroSemi_Code/CMSIS/brownout_isr.o
 .text.BrownOut_1_5V_IRQHandler
                0x00009c28       0xb0 ./MicroSemi_Code/CMSIS/brownout_isr.o
                0x00009c28                BrownOut_1_5V_IRQHandler
 .text          0x00009cd8        0x0 ./MicroSemi_Code/CMSIS/core_cm3.o
 .text.__get_PSP
                0x00009cd8       0x10 ./MicroSemi_Code/CMSIS/core_cm3.o
                0x00009cd8                __get_PSP
 .text.__set_PSP
                0x00009ce8        0x8 ./MicroSemi_Code/CMSIS/core_cm3.o
                0x00009ce8                __set_PSP
 .text.__get_MSP
                0x00009cf0       0x10 ./MicroSemi_Code/CMSIS/core_cm3.o
                0x00009cf0                __get_MSP
 .text.__set_MSP
                0x00009d00        0x8 ./MicroSemi_Code/CMSIS/core_cm3.o
                0x00009d00                __set_MSP
 .text.__get_BASEPRI
                0x00009d08       0x20 ./MicroSemi_Code/CMSIS/core_cm3.o
                0x00009d08                __get_BASEPRI
 .text.__set_BASEPRI
                0x00009d28       0x18 ./MicroSemi_Code/CMSIS/core_cm3.o
                0x00009d28                __set_BASEPRI
 .text.__get_PRIMASK
                0x00009d40       0x20 ./MicroSemi_Code/CMSIS/core_cm3.o
                0x00009d40                __get_PRIMASK
 .text.__set_PRIMASK
                0x00009d60       0x18 ./MicroSemi_Code/CMSIS/core_cm3.o
                0x00009d60                __set_PRIMASK
 .text.__get_FAULTMASK
                0x00009d78       0x20 ./MicroSemi_Code/CMSIS/core_cm3.o
                0x00009d78                __get_FAULTMASK
 .text.__set_FAULTMASK
                0x00009d98       0x18 ./MicroSemi_Code/CMSIS/core_cm3.o
                0x00009d98                __set_FAULTMASK
 .text.__get_CONTROL
                0x00009db0       0x20 ./MicroSemi_Code/CMSIS/core_cm3.o
                0x00009db0                __get_CONTROL
 .text.__set_CONTROL
                0x00009dd0       0x18 ./MicroSemi_Code/CMSIS/core_cm3.o
                0x00009dd0                __set_CONTROL
 .text.__REV    0x00009de8       0x24 ./MicroSemi_Code/CMSIS/core_cm3.o
                0x00009de8                __REV
 .text.__REV16  0x00009e0c       0x24 ./MicroSemi_Code/CMSIS/core_cm3.o
                0x00009e0c                __REV16
 .text.__REVSH  0x00009e30       0x24 ./MicroSemi_Code/CMSIS/core_cm3.o
                0x00009e30                __REVSH
 .text.__RBIT   0x00009e54       0x24 ./MicroSemi_Code/CMSIS/core_cm3.o
                0x00009e54                __RBIT
 .text.__LDREXB
                0x00009e78       0x24 ./MicroSemi_Code/CMSIS/core_cm3.o
                0x00009e78                __LDREXB
 .text.__LDREXH
                0x00009e9c       0x24 ./MicroSemi_Code/CMSIS/core_cm3.o
                0x00009e9c                __LDREXH
 .text.__LDREXW
                0x00009ec0       0x24 ./MicroSemi_Code/CMSIS/core_cm3.o
                0x00009ec0                __LDREXW
 .text.__STREXB
                0x00009ee4       0x2c ./MicroSemi_Code/CMSIS/core_cm3.o
                0x00009ee4                __STREXB
 .text.__STREXH
                0x00009f10       0x2c ./MicroSemi_Code/CMSIS/core_cm3.o
                0x00009f10                __STREXH
 .text.__STREXW
                0x00009f3c       0x28 ./MicroSemi_Code/CMSIS/core_cm3.o
                0x00009f3c                __STREXW
 .text          0x00009f64        0x0 ./MicroSemi_Code/CMSIS/system_a2fxxxm3.o
 .text.SystemInit
                0x00009f64        0xc ./MicroSemi_Code/CMSIS/system_a2fxxxm3.o
                0x00009f64                SystemInit
 .text.SystemCoreClockUpdate
                0x00009f70      0x150 ./MicroSemi_Code/CMSIS/system_a2fxxxm3.o
                0x00009f70                SystemCoreClockUpdate
 .text.GetSystemClock
                0x0000a0c0       0xe8 ./MicroSemi_Code/CMSIS/system_a2fxxxm3.o
 .text          0x0000a1a8        0x0 ./MicroSemi_Code/CMSIS/startup_gcc/newlib_stubs.o
 .text._close   0x0000a1a8       0x18 ./MicroSemi_Code/CMSIS/startup_gcc/newlib_stubs.o
                0x0000a1a8                _close
 .text._execve  0x0000a1c0       0x28 ./MicroSemi_Code/CMSIS/startup_gcc/newlib_stubs.o
                0x0000a1c0                _execve
 .text._exit    0x0000a1e8        0xc ./MicroSemi_Code/CMSIS/startup_gcc/newlib_stubs.o
                0x0000a1e8                _exit
 .text._fork    0x0000a1f4       0x18 ./MicroSemi_Code/CMSIS/startup_gcc/newlib_stubs.o
                0x0000a1f4                _fork
 .text._fstat   0x0000a20c       0x24 ./MicroSemi_Code/CMSIS/startup_gcc/newlib_stubs.o
                0x0000a20c                _fstat
 .text._getpid  0x0000a230       0x10 ./MicroSemi_Code/CMSIS/startup_gcc/newlib_stubs.o
                0x0000a230                _getpid
 .text._isatty  0x0000a240       0x18 ./MicroSemi_Code/CMSIS/startup_gcc/newlib_stubs.o
                0x0000a240                _isatty
 .text._kill    0x0000a258       0x24 ./MicroSemi_Code/CMSIS/startup_gcc/newlib_stubs.o
                0x0000a258                _kill
 .text._link    0x0000a27c       0x24 ./MicroSemi_Code/CMSIS/startup_gcc/newlib_stubs.o
                0x0000a27c                _link
 .text._lseek   0x0000a2a0       0x1c ./MicroSemi_Code/CMSIS/startup_gcc/newlib_stubs.o
                0x0000a2a0                _lseek
 .text._open    0x0000a2bc       0x1c ./MicroSemi_Code/CMSIS/startup_gcc/newlib_stubs.o
                0x0000a2bc                _open
 .text._read    0x0000a2d8       0x1c ./MicroSemi_Code/CMSIS/startup_gcc/newlib_stubs.o
                0x0000a2d8                _read
 .text._write_r
                0x0000a2f4       0x5c ./MicroSemi_Code/CMSIS/startup_gcc/newlib_stubs.o
                0x0000a2f4                _write_r
 .text._sbrk    0x0000a350       0x94 ./MicroSemi_Code/CMSIS/startup_gcc/newlib_stubs.o
                0x0000a350                _sbrk
 .text._stat    0x0000a3e4       0x24 ./MicroSemi_Code/CMSIS/startup_gcc/newlib_stubs.o
                0x0000a3e4                _stat
 .text._times   0x0000a408       0x18 ./MicroSemi_Code/CMSIS/startup_gcc/newlib_stubs.o
                0x0000a408                _times
 .text._unlink  0x0000a420       0x24 ./MicroSemi_Code/CMSIS/startup_gcc/newlib_stubs.o
                0x0000a420                _unlink
 .text._wait    0x0000a444       0x24 ./MicroSemi_Code/CMSIS/startup_gcc/newlib_stubs.o
                0x0000a444                _wait
 .text          0x0000a468        0x0 ./MicroSemi_Code/CMSIS/startup_gcc/startup_a2fxxxm3.o
 .text          0x0000a468        0x0 ./Helpers/uart_helper.o
 .text.uart_string_print
                0x0000a468       0x24 ./Helpers/uart_helper.o
                0x0000a468                uart_string_print
 .text          0x0000a48c        0x0 ./FreeTCPIP/psock.o
 .text.buf_setup
                0x0000a48c       0x24 ./FreeTCPIP/psock.o
 .text.buf_bufdata
                0x0000a4b0      0x11c ./FreeTCPIP/psock.o
 .text.buf_bufto
                0x0000a5cc       0xa8 ./FreeTCPIP/psock.o
 .text.send_data
                0x0000a674       0x6c ./FreeTCPIP/psock.o
 .text.data_acked
                0x0000a6e0       0x88 ./FreeTCPIP/psock.o
 .text.psock_send
                0x0000a768       0x94 ./FreeTCPIP/psock.o
                0x0000a768                psock_send
 .text.psock_generator_send
                0x0000a7fc       0xb8 ./FreeTCPIP/psock.o
                0x0000a7fc                psock_generator_send
 .text.psock_datalen
                0x0000a8b4       0x24 ./FreeTCPIP/psock.o
                0x0000a8b4                psock_datalen
 .text.psock_newdata
                0x0000a8d8       0x58 ./FreeTCPIP/psock.o
                0x0000a8d8                psock_newdata
 .text.psock_readto
                0x0000a930       0xc8 ./FreeTCPIP/psock.o
                0x0000a930                psock_readto
 .text.psock_readbuf
                0x0000a9f8       0xc4 ./FreeTCPIP/psock.o
                0x0000a9f8                psock_readbuf
 .text.psock_init
                0x0000aabc       0x48 ./FreeTCPIP/psock.o
                0x0000aabc                psock_init
 .text          0x0000ab04        0x0 ./FreeTCPIP/timer.o
 .text.timer_set
                0x0000ab04       0x24 ./FreeTCPIP/timer.o
                0x0000ab04                timer_set
 .text.timer_reset
                0x0000ab28       0x20 ./FreeTCPIP/timer.o
                0x0000ab28                timer_reset
 .text.timer_restart
                0x0000ab48       0x1c ./FreeTCPIP/timer.o
                0x0000ab48                timer_restart
 .text.timer_expired
                0x0000ab64       0x2c ./FreeTCPIP/timer.o
                0x0000ab64                timer_expired
 .text.timer_remaining
                0x0000ab90       0x28 ./FreeTCPIP/timer.o
                0x0000ab90                timer_remaining
 .text          0x0000abb8        0x0 ./FreeTCPIP/uip.o
 .text.uip_setipid
                0x0000abb8       0x20 ./FreeTCPIP/uip.o
                0x0000abb8                uip_setipid
 .text.uip_add32
                0x0000abd8      0x14c ./FreeTCPIP/uip.o
                0x0000abd8                uip_add32
 .text.chksum   0x0000ad24       0x98 ./FreeTCPIP/uip.o
 .text.uip_chksum
                0x0000adbc       0x30 ./FreeTCPIP/uip.o
                0x0000adbc                uip_chksum
 .text.uip_ipchksum
                0x0000adec       0x48 ./FreeTCPIP/uip.o
                0x0000adec                uip_ipchksum
 .text.upper_layer_chksum
                0x0000ae34       0xa8 ./FreeTCPIP/uip.o
 .text.uip_tcpchksum
                0x0000aedc       0x14 ./FreeTCPIP/uip.o
                0x0000aedc                uip_tcpchksum
 .text.uip_udpchksum
                0x0000aef0       0x14 ./FreeTCPIP/uip.o
                0x0000aef0                uip_udpchksum
 .text.uip_init
                0x0000af04       0xcc ./FreeTCPIP/uip.o
                0x0000af04                uip_init
 .text.uip_connect
                0x0000afd0      0x1e0 ./FreeTCPIP/uip.o
                0x0000afd0                uip_connect
 .text.uip_unlisten
                0x0000b1b0       0x88 ./FreeTCPIP/uip.o
                0x0000b1b0                uip_unlisten
 .text.uip_listen
                0x0000b238       0x84 ./FreeTCPIP/uip.o
                0x0000b238                uip_listen
 .text.uip_add_rcv_nxt
                0x0000b2bc       0x84 ./FreeTCPIP/uip.o
 .text.uip_process
                0x0000b340     0x21b0 ./FreeTCPIP/uip.o
                0x0000b340                uip_process
 .text.htons    0x0000d4f0       0x30 ./FreeTCPIP/uip.o
                0x0000d4f0                htons
 .text.htonl    0x0000d520       0x5c ./FreeTCPIP/uip.o
                0x0000d520                htonl
 .text.uip_send
                0x0000d57c       0x84 ./FreeTCPIP/uip.o
                0x0000d57c                uip_send
 .text          0x0000d600        0x0 ./FreeTCPIP/uip_arp.o
 .text.uip_arp_init
                0x0000d600       0x70 ./FreeTCPIP/uip_arp.o
                0x0000d600                uip_arp_init
 .text.uip_arp_timer
                0x0000d670       0xd4 ./FreeTCPIP/uip_arp.o
                0x0000d670                uip_arp_timer
 .text.uip_arp_update
                0x0000d744      0x290 ./FreeTCPIP/uip_arp.o
 .text.uip_arp_arpin
                0x0000d9d4      0x308 ./FreeTCPIP/uip_arp.o
                0x0000d9d4                uip_arp_arpin
 .text.uip_arp_out
                0x0000dcdc      0x488 ./FreeTCPIP/uip_arp.o
                0x0000dcdc                uip_arp_out
 .text          0x0000e164        0x0 ./FreeTCPIP/http_Common/http-strings.o
 .text          0x0000e164        0x0 ./FreeTCPIP/http_Common/httpd-fs.o
 .text.httpd_fs_strcmp
                0x0000e164       0x6c ./FreeTCPIP/http_Common/httpd-fs.o
 .text.httpd_fs_open
                0x0000e1d0       0x88 ./FreeTCPIP/http_Common/httpd-fs.o
                0x0000e1d0                httpd_fs_open
 .text.httpd_fs_init
                0x0000e258       0x38 ./FreeTCPIP/http_Common/httpd-fs.o
                0x0000e258                httpd_fs_init
 .text.httpd_fs_count
                0x0000e290       0x60 ./FreeTCPIP/http_Common/httpd-fs.o
                0x0000e290                httpd_fs_count
 .text          0x0000e2f0        0x0 ./FreeTCPIP/http_Common/httpd.o
 .text.generate_part_of_file
                0x0000e2f0       0x78 ./FreeTCPIP/http_Common/httpd.o
 .text.send_file
                0x0000e368       0x98 ./FreeTCPIP/http_Common/httpd.o
 .text.send_part_of_file
                0x0000e400       0x68 ./FreeTCPIP/http_Common/httpd.o
 .text.next_scriptstate
                0x0000e468       0x54 ./FreeTCPIP/http_Common/httpd.o
 .text.handle_script
                0x0000e4bc      0x234 ./FreeTCPIP/http_Common/httpd.o
 .text.send_headers
                0x0000e6f0      0x2d8 ./FreeTCPIP/http_Common/httpd.o
 .text.handle_output
                0x0000e9c8      0x18c ./FreeTCPIP/http_Common/httpd.o
 .text.handle_input
                0x0000eb54      0x1d0 ./FreeTCPIP/http_Common/httpd.o
 .text.handle_connection
                0x0000ed24       0x28 ./FreeTCPIP/http_Common/httpd.o
 .text.httpd_appcall
                0x0000ed4c      0x118 ./FreeTCPIP/http_Common/httpd.o
                0x0000ed4c                httpd_appcall
 .text.httpd_init
                0x0000ee64       0x10 ./FreeTCPIP/http_Common/httpd.o
                0x0000ee64                httpd_init
 .text          0x0000ee74        0x0 ./FreeRTOS_Source/list.o
 .text.vListInitialise
                0x0000ee74       0x48 ./FreeRTOS_Source/list.o
                0x0000ee74                vListInitialise
 .text.vListInitialiseItem
                0x0000eebc       0x1c ./FreeRTOS_Source/list.o
                0x0000eebc                vListInitialiseItem
 .text.vListInsertEnd
                0x0000eed8       0x48 ./FreeRTOS_Source/list.o
                0x0000eed8                vListInsertEnd
 .text.vListInsert
                0x0000ef20       0x74 ./FreeRTOS_Source/list.o
                0x0000ef20                vListInsert
 .text.uxListRemove
                0x0000ef94       0x58 ./FreeRTOS_Source/list.o
                0x0000ef94                uxListRemove
 .text          0x0000efec        0x0 ./FreeRTOS_Source/queue.o
 .text.xQueueGenericReset
                0x0000efec       0xec ./FreeRTOS_Source/queue.o
                0x0000efec                xQueueGenericReset
 .text.xQueueGenericCreate
                0x0000f0d8       0x80 ./FreeRTOS_Source/queue.o
                0x0000f0d8                xQueueGenericCreate
 .text.prvInitialiseNewQueue
                0x0000f158       0x48 ./FreeRTOS_Source/queue.o
 .text.prvInitialiseMutex
                0x0000f1a0       0x40 ./FreeRTOS_Source/queue.o
 .text.xQueueCreateMutex
                0x0000f1e0       0x38 ./FreeRTOS_Source/queue.o
                0x0000f1e0                xQueueCreateMutex
 .text.xQueueGiveMutexRecursive
                0x0000f218       0x74 ./FreeRTOS_Source/queue.o
                0x0000f218                xQueueGiveMutexRecursive
 .text.xQueueTakeMutexRecursive
                0x0000f28c       0x74 ./FreeRTOS_Source/queue.o
                0x0000f28c                xQueueTakeMutexRecursive
 .text.xQueueGenericSend
                0x0000f300      0x230 ./FreeRTOS_Source/queue.o
                0x0000f300                xQueueGenericSend
 .text.xQueueGenericSendFromISR
                0x0000f530      0x144 ./FreeRTOS_Source/queue.o
                0x0000f530                xQueueGenericSendFromISR
 .text.xQueueGiveFromISR
                0x0000f674      0x12c ./FreeRTOS_Source/queue.o
                0x0000f674                xQueueGiveFromISR
 .text.xQueueReceive
                0x0000f7a0      0x1ec ./FreeRTOS_Source/queue.o
                0x0000f7a0                xQueueReceive
 .text.xQueueSemaphoreTake
                0x0000f98c      0x240 ./FreeRTOS_Source/queue.o
                0x0000f98c                xQueueSemaphoreTake
 .text.xQueuePeek
                0x0000fbcc      0x1f0 ./FreeRTOS_Source/queue.o
                0x0000fbcc                xQueuePeek
 .text.xQueueReceiveFromISR
                0x0000fdbc      0x118 ./FreeRTOS_Source/queue.o
                0x0000fdbc                xQueueReceiveFromISR
 .text.xQueuePeekFromISR
                0x0000fed4       0xd4 ./FreeRTOS_Source/queue.o
                0x0000fed4                xQueuePeekFromISR
 .text.uxQueueMessagesWaiting
                0x0000ffa8       0x3c ./FreeRTOS_Source/queue.o
                0x0000ffa8                uxQueueMessagesWaiting
 .text.uxQueueSpacesAvailable
                0x0000ffe4       0x48 ./FreeRTOS_Source/queue.o
                0x0000ffe4                uxQueueSpacesAvailable
 .text.uxQueueMessagesWaitingFromISR
                0x0001002c       0x3c ./FreeRTOS_Source/queue.o
                0x0001002c                uxQueueMessagesWaitingFromISR
 .text.vQueueDelete
                0x00010068       0x34 ./FreeRTOS_Source/queue.o
                0x00010068                vQueueDelete
 .text.uxQueueGetQueueNumber
                0x0001009c       0x18 ./FreeRTOS_Source/queue.o
                0x0001009c                uxQueueGetQueueNumber
 .text.vQueueSetQueueNumber
                0x000100b4       0x1c ./FreeRTOS_Source/queue.o
                0x000100b4                vQueueSetQueueNumber
 .text.ucQueueGetQueueType
                0x000100d0       0x1c ./FreeRTOS_Source/queue.o
                0x000100d0                ucQueueGetQueueType
 .text.prvGetDisinheritPriorityAfterTimeout
                0x000100ec       0x34 ./FreeRTOS_Source/queue.o
 .text.prvCopyDataToQueue
                0x00010120       0xf0 ./FreeRTOS_Source/queue.o
 .text.prvCopyDataFromQueue
                0x00010210       0x50 ./FreeRTOS_Source/queue.o
 .text.prvUnlockQueue
                0x00010260       0xac ./FreeRTOS_Source/queue.o
 .text.prvIsQueueEmpty
                0x0001030c       0x34 ./FreeRTOS_Source/queue.o
 .text.xQueueIsQueueEmptyFromISR
                0x00010340       0x4c ./FreeRTOS_Source/queue.o
                0x00010340                xQueueIsQueueEmptyFromISR
 .text.prvIsQueueFull
                0x0001038c       0x38 ./FreeRTOS_Source/queue.o
 .text.xQueueIsQueueFullFromISR
                0x000103c4       0x50 ./FreeRTOS_Source/queue.o
                0x000103c4                xQueueIsQueueFullFromISR
 .text.vQueueWaitForMessageRestricted
                0x00010414       0x74 ./FreeRTOS_Source/queue.o
                0x00010414                vQueueWaitForMessageRestricted
 .text          0x00010488        0x0 ./FreeRTOS_Source/tasks.o
 .text.xTaskCreate
                0x00010488       0x94 ./FreeRTOS_Source/tasks.o
                0x00010488                xTaskCreate
 .text.prvInitialiseNewTask
                0x0001051c      0x148 ./FreeRTOS_Source/tasks.o
 .text.prvAddNewTaskToReadyList
                0x00010664      0x13c ./FreeRTOS_Source/tasks.o
 .text.vTaskDelete
                0x000107a0      0x16c ./FreeRTOS_Source/tasks.o
                0x000107a0                vTaskDelete
 .text.vTaskDelayUntil
                0x0001090c      0x110 ./FreeRTOS_Source/tasks.o
                0x0001090c                vTaskDelayUntil
 .text.vTaskDelay
                0x00010a1c       0x70 ./FreeRTOS_Source/tasks.o
                0x00010a1c                vTaskDelay
 .text.eTaskGetState
                0x00010a8c       0xe4 ./FreeRTOS_Source/tasks.o
                0x00010a8c                eTaskGetState
 .text.uxTaskPriorityGet
                0x00010b70       0x38 ./FreeRTOS_Source/tasks.o
                0x00010b70                uxTaskPriorityGet
 .text.uxTaskPriorityGetFromISR
                0x00010ba8       0x5c ./FreeRTOS_Source/tasks.o
                0x00010ba8                uxTaskPriorityGetFromISR
 .text.vTaskPrioritySet
                0x00010c04      0x1b0 ./FreeRTOS_Source/tasks.o
                0x00010c04                vTaskPrioritySet
 .text.vTaskSuspend
                0x00010db4      0x168 ./FreeRTOS_Source/tasks.o
                0x00010db4                vTaskSuspend
 .text.prvTaskIsTaskSuspended
                0x00010f1c       0x68 ./FreeRTOS_Source/tasks.o
 .text.vTaskResume
                0x00010f84       0xdc ./FreeRTOS_Source/tasks.o
                0x00010f84                vTaskResume
 .text.xTaskResumeFromISR
                0x00011060      0x108 ./FreeRTOS_Source/tasks.o
                0x00011060                xTaskResumeFromISR
 .text.vTaskStartScheduler
                0x00011168       0xb4 ./FreeRTOS_Source/tasks.o
                0x00011168                vTaskStartScheduler
 .text.vTaskEndScheduler
                0x0001121c       0x34 ./FreeRTOS_Source/tasks.o
                0x0001121c                vTaskEndScheduler
 .text.vTaskSuspendAll
                0x00011250       0x24 ./FreeRTOS_Source/tasks.o
                0x00011250                vTaskSuspendAll
 .text.xTaskResumeAll
                0x00011274      0x1a0 ./FreeRTOS_Source/tasks.o
                0x00011274                xTaskResumeAll
 .text.xTaskGetTickCount
                0x00011414       0x20 ./FreeRTOS_Source/tasks.o
                0x00011414                xTaskGetTickCount
 .text.xTaskGetTickCountFromISR
                0x00011434       0x28 ./FreeRTOS_Source/tasks.o
                0x00011434                xTaskGetTickCountFromISR
 .text.uxTaskGetNumberOfTasks
                0x0001145c       0x18 ./FreeRTOS_Source/tasks.o
                0x0001145c                uxTaskGetNumberOfTasks
 .text.pcTaskGetName
                0x00011474       0x4c ./FreeRTOS_Source/tasks.o
                0x00011474                pcTaskGetName
 .text.uxTaskGetSystemState
                0x000114c0      0x160 ./FreeRTOS_Source/tasks.o
                0x000114c0                uxTaskGetSystemState
 .text.xTaskIncrementTick
                0x00011620      0x204 ./FreeRTOS_Source/tasks.o
                0x00011620                xTaskIncrementTick
 .text.vTaskSwitchContext
                0x00011824      0x1a8 ./FreeRTOS_Source/tasks.o
                0x00011824                vTaskSwitchContext
 .text.vTaskPlaceOnEventList
                0x000119cc       0x4c ./FreeRTOS_Source/tasks.o
                0x000119cc                vTaskPlaceOnEventList
 .text.vTaskPlaceOnUnorderedEventList
                0x00011a18       0x84 ./FreeRTOS_Source/tasks.o
                0x00011a18                vTaskPlaceOnUnorderedEventList
 .text.vTaskPlaceOnEventListRestricted
                0x00011a9c       0x58 ./FreeRTOS_Source/tasks.o
                0x00011a9c                vTaskPlaceOnEventListRestricted
 .text.xTaskRemoveFromEventList
                0x00011af4       0xf0 ./FreeRTOS_Source/tasks.o
                0x00011af4                xTaskRemoveFromEventList
 .text.vTaskRemoveFromUnorderedEventList
                0x00011be4       0xe0 ./FreeRTOS_Source/tasks.o
                0x00011be4                vTaskRemoveFromUnorderedEventList
 .text.vTaskSetTimeOutState
                0x00011cc4       0x50 ./FreeRTOS_Source/tasks.o
                0x00011cc4                vTaskSetTimeOutState
 .text.vTaskInternalSetTimeOutState
                0x00011d14       0x30 ./FreeRTOS_Source/tasks.o
                0x00011d14                vTaskInternalSetTimeOutState
 .text.xTaskCheckForTimeOut
                0x00011d44       0xd4 ./FreeRTOS_Source/tasks.o
                0x00011d44                xTaskCheckForTimeOut
 .text.vTaskMissedYield
                0x00011e18       0x18 ./FreeRTOS_Source/tasks.o
                0x00011e18                vTaskMissedYield
 .text.uxTaskGetTaskNumber
                0x00011e30       0x30 ./FreeRTOS_Source/tasks.o
                0x00011e30                uxTaskGetTaskNumber
 .text.vTaskSetTaskNumber
                0x00011e60       0x24 ./FreeRTOS_Source/tasks.o
                0x00011e60                vTaskSetTaskNumber
 .text.prvIdleTask
                0x00011e84       0x38 ./FreeRTOS_Source/tasks.o
 .text.prvInitialiseTaskLists
                0x00011ebc       0xa4 ./FreeRTOS_Source/tasks.o
 .text.prvCheckTasksWaitingTermination
                0x00011f60       0x78 ./FreeRTOS_Source/tasks.o
 .text.vTaskGetInfo
                0x00011fd8       0xe0 ./FreeRTOS_Source/tasks.o
                0x00011fd8                vTaskGetInfo
 .text.prvListTasksWithinSingleList
                0x000120b8       0xb8 ./FreeRTOS_Source/tasks.o
 .text.prvTaskCheckFreeStackSpace
                0x00012170       0x40 ./FreeRTOS_Source/tasks.o
 .text.prvDeleteTCB
                0x000121b0       0x20 ./FreeRTOS_Source/tasks.o
 .text.prvResetNextTaskUnblockTime
                0x000121d0       0x50 ./FreeRTOS_Source/tasks.o
 .text.xTaskGetCurrentTaskHandle
                0x00012220       0x20 ./FreeRTOS_Source/tasks.o
                0x00012220                xTaskGetCurrentTaskHandle
 .text.xTaskGetSchedulerState
                0x00012240       0x48 ./FreeRTOS_Source/tasks.o
                0x00012240                xTaskGetSchedulerState
 .text.xTaskPriorityInherit
                0x00012288      0x16c ./FreeRTOS_Source/tasks.o
                0x00012288                xTaskPriorityInherit
 .text.xTaskPriorityDisinherit
                0x000123f4      0x14c ./FreeRTOS_Source/tasks.o
                0x000123f4                xTaskPriorityDisinherit
 .text.vTaskPriorityDisinheritAfterTimeout
                0x00012540      0x17c ./FreeRTOS_Source/tasks.o
                0x00012540                vTaskPriorityDisinheritAfterTimeout
 .text.prvWriteNameToBuffer
                0x000126bc       0x54 ./FreeRTOS_Source/tasks.o
 .text.vTaskList
                0x00012710      0x170 ./FreeRTOS_Source/tasks.o
                0x00012710                vTaskList
 .text.vTaskGetRunTimeStats
                0x00012880      0x138 ./FreeRTOS_Source/tasks.o
                0x00012880                vTaskGetRunTimeStats
 .text.uxTaskResetEventItemValue
                0x000129b8       0x40 ./FreeRTOS_Source/tasks.o
                0x000129b8                uxTaskResetEventItemValue
 .text.pvTaskIncrementMutexHeldCount
                0x000129f8       0x38 ./FreeRTOS_Source/tasks.o
                0x000129f8                pvTaskIncrementMutexHeldCount
 .text.ulTaskNotifyTake
                0x00012a30       0xc0 ./FreeRTOS_Source/tasks.o
                0x00012a30                ulTaskNotifyTake
 .text.xTaskNotifyWait
                0x00012af0       0xf0 ./FreeRTOS_Source/tasks.o
                0x00012af0                xTaskNotifyWait
 .text.xTaskGenericNotify
                0x00012be0      0x18c ./FreeRTOS_Source/tasks.o
                0x00012be0                xTaskGenericNotify
 .text.xTaskGenericNotifyFromISR
                0x00012d6c      0x1d8 ./FreeRTOS_Source/tasks.o
                0x00012d6c                xTaskGenericNotifyFromISR
 .text.vTaskNotifyGiveFromISR
                0x00012f44      0x148 ./FreeRTOS_Source/tasks.o
                0x00012f44                vTaskNotifyGiveFromISR
 .text.xTaskNotifyStateClear
                0x0001308c       0x58 ./FreeRTOS_Source/tasks.o
                0x0001308c                xTaskNotifyStateClear
 .text.prvAddCurrentTaskToDelayedList
                0x000130e4      0x110 ./FreeRTOS_Source/tasks.o
 .text          0x000131f4        0x0 ./FreeRTOS_Source/timers.o
 .text.xTimerCreateTimerTask
                0x000131f4       0x74 ./FreeRTOS_Source/timers.o
                0x000131f4                xTimerCreateTimerTask
 .text.xTimerCreate
                0x00013268       0x40 ./FreeRTOS_Source/timers.o
                0x00013268                xTimerCreate
 .text.prvInitialiseNewTimer
                0x000132a8       0x64 ./FreeRTOS_Source/timers.o
 .text.xTimerGenericCommand
                0x0001330c       0xcc ./FreeRTOS_Source/timers.o
                0x0001330c                xTimerGenericCommand
 .text.xTimerGetTimerDaemonTaskHandle
                0x000133d8       0x40 ./FreeRTOS_Source/timers.o
                0x000133d8                xTimerGetTimerDaemonTaskHandle
 .text.xTimerGetPeriod
                0x00013418       0x38 ./FreeRTOS_Source/timers.o
                0x00013418                xTimerGetPeriod
 .text.xTimerGetExpiryTime
                0x00013450       0x3c ./FreeRTOS_Source/timers.o
                0x00013450                xTimerGetExpiryTime
 .text.pcTimerGetName
                0x0001348c       0x38 ./FreeRTOS_Source/timers.o
                0x0001348c                pcTimerGetName
 .text.prvProcessExpiredTimer
                0x000134c4       0x8c ./FreeRTOS_Source/timers.o
 .text.prvTimerTask
                0x00013550       0x28 ./FreeRTOS_Source/timers.o
 .text.prvProcessTimerOrBlockTask
                0x00013578       0xb0 ./FreeRTOS_Source/timers.o
 .text.prvGetNextExpireTime
                0x00013628       0x54 ./FreeRTOS_Source/timers.o
 .text.prvSampleTimeNow
                0x0001367c       0x50 ./FreeRTOS_Source/timers.o
 .text.prvInsertTimerInActiveList
                0x000136cc       0x98 ./FreeRTOS_Source/timers.o
 .text.prvProcessReceivedCommands
                0x00013764      0x148 ./FreeRTOS_Source/timers.o
 .text.prvSwitchTimerLists
                0x000138ac       0xf4 ./FreeRTOS_Source/timers.o
 .text.prvCheckForValidListAndQueue
                0x000139a0       0x74 ./FreeRTOS_Source/timers.o
 .text.xTimerIsTimerActive
                0x00013a14       0x50 ./FreeRTOS_Source/timers.o
                0x00013a14                xTimerIsTimerActive
 .text.pvTimerGetTimerID
                0x00013a64       0x40 ./FreeRTOS_Source/timers.o
                0x00013a64                pvTimerGetTimerID
 .text.vTimerSetTimerID
                0x00013aa4       0x40 ./FreeRTOS_Source/timers.o
                0x00013aa4                vTimerSetTimerID
 .text.uxTimerGetTimerNumber
                0x00013ae4       0x18 ./FreeRTOS_Source/timers.o
                0x00013ae4                uxTimerGetTimerNumber
 .text.vTimerSetTimerNumber
                0x00013afc       0x1c ./FreeRTOS_Source/timers.o
                0x00013afc                vTimerSetTimerNumber
 .text          0x00013b18        0x0 ./FreeRTOS_Source/portable/MemMang/heap_2.o
 .text.pvPortMalloc
                0x00013b18      0x16c ./FreeRTOS_Source/portable/MemMang/heap_2.o
                0x00013b18                pvPortMalloc
 .text.vPortFree
                0x00013c84       0x88 ./FreeRTOS_Source/portable/MemMang/heap_2.o
                0x00013c84                vPortFree
 .text.xPortGetFreeHeapSize
                0x00013d0c       0x18 ./FreeRTOS_Source/portable/MemMang/heap_2.o
                0x00013d0c                xPortGetFreeHeapSize
 .text.vPortInitialiseBlocks
                0x00013d24        0xc ./FreeRTOS_Source/portable/MemMang/heap_2.o
                0x00013d24                vPortInitialiseBlocks
 .text.prvHeapInit
                0x00013d30       0x6c ./FreeRTOS_Source/portable/MemMang/heap_2.o
 .text          0x00013d9c        0x0 ./FreeRTOS_Source/portable/GCC/ARM_CM3/port.o
 .text.pxPortInitialiseStack
                0x00013d9c       0x68 ./FreeRTOS_Source/portable/GCC/ARM_CM3/port.o
                0x00013d9c                pxPortInitialiseStack
 .text.prvTaskExitError
                0x00013e04       0x54 ./FreeRTOS_Source/portable/GCC/ARM_CM3/port.o
 *fill*         0x00013e58        0x8 00
 .text.SVC_Handler
                0x00013e60       0x30 ./FreeRTOS_Source/portable/GCC/ARM_CM3/port.o
                0x00013e60                SVC_Handler
 .text.prvPortStartFirstTask
                0x00013e90       0x20 ./FreeRTOS_Source/portable/GCC/ARM_CM3/port.o
 .text.xPortStartScheduler
                0x00013eb0      0x134 ./FreeRTOS_Source/portable/GCC/ARM_CM3/port.o
                0x00013eb0                xPortStartScheduler
 .text.vPortEndScheduler
                0x00013fe4       0x34 ./FreeRTOS_Source/portable/GCC/ARM_CM3/port.o
                0x00013fe4                vPortEndScheduler
 .text.vPortEnterCritical
                0x00014018       0x70 ./FreeRTOS_Source/portable/GCC/ARM_CM3/port.o
                0x00014018                vPortEnterCritical
 .text.vPortExitCritical
                0x00014088       0x64 ./FreeRTOS_Source/portable/GCC/ARM_CM3/port.o
                0x00014088                vPortExitCritical
 *fill*         0x000140ec        0x4 00
 .text.PendSV_Handler
                0x000140f0       0x50 ./FreeRTOS_Source/portable/GCC/ARM_CM3/port.o
                0x000140f0                PendSV_Handler
 .text.SysTick_Handler
                0x00014140       0x44 ./FreeRTOS_Source/portable/GCC/ARM_CM3/port.o
                0x00014140                SysTick_Handler
 .text.vPortSetupTimerInterrupt
                0x00014184       0x5c ./FreeRTOS_Source/portable/GCC/ARM_CM3/port.o
                0x00014184                vPortSetupTimerInterrupt
 .text.vPortValidateInterruptPriority
                0x000141e0       0x84 ./FreeRTOS_Source/portable/GCC/ARM_CM3/port.o
                0x000141e0                vPortValidateInterruptPriority
 .text          0x00014264      0x370 c:/program files (x86)/microsemi/softconsole v3.4/sourcery-g++/bin/../lib/gcc/arm-none-eabi/4.4.1/thumb2\libgcc.a(_arm_addsubdf3.o)
                0x00014264                __aeabi_drsub
                0x0001426c                __aeabi_dsub
                0x0001426c                __subdf3
                0x00014270                __aeabi_dadd
                0x00014270                __adddf3
                0x000144e8                __floatunsidf
                0x000144e8                __aeabi_ui2d
                0x00014508                __floatsidf
                0x00014508                __aeabi_i2d
                0x0001452c                __aeabi_f2d
                0x0001452c                __extendsfdf2
                0x00014568                __floatundidf
                0x00014568                __aeabi_ul2d
                0x00014578                __floatdidf
                0x00014578                __aeabi_l2d
 .text          0x000145d4      0x21c c:/program files (x86)/microsemi/softconsole v3.4/sourcery-g++/bin/../lib/gcc/arm-none-eabi/4.4.1/thumb2\libgcc.a(_arm_addsubsf3.o)
                0x000145d4                __aeabi_frsub
                0x000145dc                __subsf3
                0x000145dc                __aeabi_fsub
                0x000145e0                __aeabi_fadd
                0x000145e0                __addsf3
                0x00014740                __aeabi_ui2f
                0x00014740                __floatunsisf
                0x00014748                __aeabi_i2f
                0x00014748                __floatsisf
                0x00014764                __aeabi_ul2f
                0x00014764                __floatundisf
                0x00014774                __aeabi_l2f
                0x00014774                __floatdisf
 .text          0x000147f0      0x2a0 c:/program files (x86)/microsemi/softconsole v3.4/sourcery-g++/bin/../lib/gcc/arm-none-eabi/4.4.1/thumb2\libgcc.a(_arm_muldivsf3.o)