Archive member included because of file (symbol)

c:/program files (x86)/microsemi/softconsole v3.4/sourcery-g++/bin/../lib/gcc/arm-none-eabi/4.4.1/thumb2\libgcc.a(_arm_addsubdf3.o)
                              ./WebServer/httpd-cgi.o (__aeabi_i2d)
c:/program files (x86)/microsemi/softconsole v3.4/sourcery-g++/bin/../lib/gcc/arm-none-eabi/4.4.1/thumb2\libgcc.a(_arm_muldivdf3.o)
                              ./WebServer/httpd-cgi.o (__aeabi_ddiv)
c:/program files (x86)/microsemi/softconsole v3.4/sourcery-g++/bin/../lib/gcc/arm-none-eabi/4.4.1/../../../../arm-none-eabi/lib/thumb2\libc.a(lib_a-clock.o)
                              ./WebServer/httpd-cgi.o (clock)
c:/program files (x86)/microsemi/softconsole v3.4/sourcery-g++/bin/../lib/gcc/arm-none-eabi/4.4.1/../../../../arm-none-eabi/lib/thumb2\libc.a(lib_a-efgcvt.o)
                              ./main-full.o (gcvt)
c:/program files (x86)/microsemi/softconsole v3.4/sourcery-g++/bin/../lib/gcc/arm-none-eabi/4.4.1/../../../../arm-none-eabi/lib/thumb2\libc.a(lib_a-errno.o)
                              ./MicroSemi_Code/CMSIS/startup_gcc/newlib_stubs.o (__errno)
c:/program files (x86)/microsemi/softconsole v3.4/sourcery-g++/bin/../lib/gcc/arm-none-eabi/4.4.1/../../../../arm-none-eabi/lib/thumb2\libc.a(lib_a-impure.o)
                              c:/program files (x86)/microsemi/softconsole v3.4/sourcery-g++/bin/../lib/gcc/arm-none-eabi/4.4.1/../../../../arm-none-eabi/lib/thumb2\libc.a(lib_a-clock.o) (_impure_ptr)
c:/program files (x86)/microsemi/softconsole v3.4/sourcery-g++/bin/../lib/gcc/arm-none-eabi/4.4.1/../../../../arm-none-eabi/lib/thumb2\libc.a(lib_a-init.o)
                              ./MicroSemi_Code/CMSIS/startup_gcc/startup_a2fxxxm3.o (__libc_init_array)
c:/program files (x86)/microsemi/softconsole v3.4/sourcery-g++/bin/../lib/gcc/arm-none-eabi/4.4.1/../../../../arm-none-eabi/lib/thumb2\libc.a(lib_a-memcpy.o)
                              ./FreeTCPIP/psock.o (memcpy)
c:/program files (x86)/microsemi/softconsole v3.4/sourcery-g++/bin/../lib/gcc/arm-none-eabi/4.4.1/../../../../arm-none-eabi/lib/thumb2\libc.a(lib_a-memset.o)
                              ./MicroSemi_Code/drivers/mss_i2c/mss_i2c.o (memset)
c:/program files (x86)/microsemi/softconsole v3.4/sourcery-g++/bin/../lib/gcc/arm-none-eabi/4.4.1/../../../../arm-none-eabi/lib/thumb2\libc.a(lib_a-snprintf.o)
                              ./WebServer/httpd-cgi.o (snprintf)
c:/program files (x86)/microsemi/softconsole v3.4/sourcery-g++/bin/../lib/gcc/arm-none-eabi/4.4.1/../../../../arm-none-eabi/lib/thumb2\libc.a(lib_a-sprintf.o)
                              ./WebServer/httpd-cgi.o (sprintf)
c:/program files (x86)/microsemi/softconsole v3.4/sourcery-g++/bin/../lib/gcc/arm-none-eabi/4.4.1/../../../../arm-none-eabi/lib/thumb2\libc.a(lib_a-strcat.o)
                              ./WebServer/httpd-cgi.o (strcat)
c:/program files (x86)/microsemi/softconsole v3.4/sourcery-g++/bin/../lib/gcc/arm-none-eabi/4.4.1/../../../../arm-none-eabi/lib/thumb2\libc.a(lib_a-strchr.o)
                              ./uIP_Task.o (strchr)
c:/program files (x86)/microsemi/softconsole v3.4/sourcery-g++/bin/../lib/gcc/arm-none-eabi/4.4.1/../../../../arm-none-eabi/lib/thumb2\libc.a(lib_a-strcpy.o)
                              ./FreeTCPIP/http_Common/httpd.o (strcpy)
c:/program files (x86)/microsemi/softconsole v3.4/sourcery-g++/bin/../lib/gcc/arm-none-eabi/4.4.1/../../../../arm-none-eabi/lib/thumb2\libc.a(lib_a-strlen.o)
                              ./WebServer/httpd-cgi.o (strlen)
c:/program files (x86)/microsemi/softconsole v3.4/sourcery-g++/bin/../lib/gcc/arm-none-eabi/4.4.1/../../../../arm-none-eabi/lib/thumb2\libc.a(lib_a-strncmp.o)
                              ./WebServer/httpd-cgi.o (strncmp)
c:/program files (x86)/microsemi/softconsole v3.4/sourcery-g++/bin/../lib/gcc/arm-none-eabi/4.4.1/../../../../arm-none-eabi/lib/thumb2\libc.a(lib_a-strncpy.o)
                              ./FreeTCPIP/http_Common/httpd.o (strncpy)
c:/program files (x86)/microsemi/softconsole v3.4/sourcery-g++/bin/../lib/gcc/arm-none-eabi/4.4.1/../../../../arm-none-eabi/lib/thumb2\libc.a(lib_a-strrchr.o)
                              ./FreeTCPIP/http_Common/httpd.o (strrchr)
c:/program files (x86)/microsemi/softconsole v3.4/sourcery-g++/bin/../lib/gcc/arm-none-eabi/4.4.1/../../../../arm-none-eabi/lib/thumb2\libc.a(lib_a-strstr.o)
                              ./uIP_Task.o (strstr)
c:/program files (x86)/microsemi/softconsole v3.4/sourcery-g++/bin/../lib/gcc/arm-none-eabi/4.4.1/../../../../arm-none-eabi/lib/thumb2\libc.a(lib_a-svfprintf.o)
                              c:/program files (x86)/microsemi/softconsole v3.4/sourcery-g++/bin/../lib/gcc/arm-none-eabi/4.4.1/../../../../arm-none-eabi/lib/thumb2\libc.a(lib_a-snprintf.o) (_svfprintf_r)
c:/program files (x86)/microsemi/softconsole v3.4/sourcery-g++/bin/../lib/gcc/arm-none-eabi/4.4.1/../../../../arm-none-eabi/lib/thumb2\libc.a(lib_a-timesr.o)
[...]
Memory Configuration

Name             Origin             Length             Attributes
rom              0x60000000         0x00040000         xr
romMirror        0x00000000         0x00040000         xr
ram              0x20000000         0x00010000         xrw
*default*        0x00000000         0xffffffff

Linker script and memory map

LOAD c:/program files (x86)/microsemi/softconsole v3.4/sourcery-g++/bin/../lib/gcc/arm-none-eabi/4.4.1/thumb2/crti.o
LOAD c:/program files (x86)/microsemi/softconsole v3.4/sourcery-g++/bin/../lib/gcc/arm-none-eabi/4.4.1/thumb2/crtbegin.o
LOAD ./ParTest.o
LOAD ./main-full.o
LOAD ./uIP_Task.o
LOAD ./uart_task.o
LOAD ./WebServer/httpd-cgi.o
LOAD ./MicroSemi_Code/hal/CortexM3/cortex_nvic.o
LOAD ./MicroSemi_Code/hal/CortexM3/GNU/hal.o
LOAD ./MicroSemi_Code/hal/CortexM3/GNU/hal_assert.o
LOAD ./MicroSemi_Code/hal/CortexM3/GNU/hw_reg_access.o
LOAD ./MicroSemi_Code/drivers_config/mss_ace/ace_config.o
LOAD ./MicroSemi_Code/drivers/mss_uart/mss_uart.o
LOAD ./MicroSemi_Code/drivers/mss_i2c/mss_i2c.o
LOAD ./MicroSemi_Code/drivers/mss_gpio/mss_gpio.o
LOAD ./MicroSemi_Code/drivers/mss_ethernet_mac/crc32.o
LOAD ./MicroSemi_Code/drivers/mss_ethernet_mac/mss_ethernet_mac.o
LOAD ./MicroSemi_Code/drivers/mss_ethernet_mac/phy.o
LOAD ./MicroSemi_Code/drivers/mss_ace/ace_convert.o
LOAD ./MicroSemi_Code/drivers/mss_ace/ace_flags.o
LOAD ./MicroSemi_Code/drivers/mss_ace/ace_sse.o
LOAD ./MicroSemi_Code/drivers/mss_ace/ace_transform.o
LOAD ./MicroSemi_Code/drivers/mss_ace/mss_ace.o
LOAD ./MicroSemi_Code/CMSIS/brownout_isr.o
LOAD ./MicroSemi_Code/CMSIS/core_cm3.o
LOAD ./MicroSemi_Code/CMSIS/system_a2fxxxm3.o
LOAD ./MicroSemi_Code/CMSIS/startup_gcc/newlib_stubs.o
LOAD ./MicroSemi_Code/CMSIS/startup_gcc/startup_a2fxxxm3.o
LOAD ./Helpers/uart_helper.o
LOAD ./FreeTCPIP/psock.o
LOAD ./FreeTCPIP/timer.o
LOAD ./FreeTCPIP/uip.o
LOAD ./FreeTCPIP/uip_arp.o
LOAD ./FreeTCPIP/http_Common/http-strings.o
LOAD ./FreeTCPIP/http_Common/httpd-fs.o
LOAD ./FreeTCPIP/http_Common/httpd.o
LOAD ./FreeRTOS_Source/list.o
LOAD ./FreeRTOS_Source/queue.o
LOAD ./FreeRTOS_Source/tasks.o
LOAD ./FreeRTOS_Source/timers.o
LOAD ./FreeRTOS_Source/portable/MemMang/heap_2.o
LOAD ./FreeRTOS_Source/portable/GCC/ARM_CM3/port.o
START GROUP
LOAD c:/program files (x86)/microsemi/softconsole v3.4/sourcery-g++/bin/../lib/gcc/arm-none-eabi/4.4.1/thumb2\libgcc.a
LOAD c:/program files (x86)/microsemi/softconsole v3.4/sourcery-g++/bin/../lib/gcc/arm-none-eabi/4.4.1/../../../../arm-none-eabi/lib/thumb2\libc.a
LOAD c:/program files (x86)/microsemi/softconsole v3.4/sourcery-g++/bin/../lib/gcc/arm-none-eabi/4.4.1/thumb2\libgcc.a
END GROUP
LOAD c:/program files (x86)/microsemi/softconsole v3.4/sourcery-g++/bin/../lib/gcc/arm-none-eabi/4.4.1/thumb2/crtend.o
LOAD c:/program files (x86)/microsemi/softconsole v3.4/sourcery-g++/bin/../lib/gcc/arm-none-eabi/4.4.1/thumb2/crtn.o
START GROUP
LOAD c:/program files (x86)/microsemi/softconsole v3.4/sourcery-g++/bin/../lib/gcc/arm-none-eabi/4.4.1/../../../../arm-none-eabi/lib/thumb2\libc.a
LOAD c:/program files (x86)/microsemi/softconsole v3.4/sourcery-g++/bin/../lib/gcc/arm-none-eabi/4.4.1/thumb2\libgcc.a
LOAD c:/program files (x86)/microsemi/softconsole v3.4/sourcery-g++/bin/../lib/gcc/arm-none-eabi/4.4.1/../../../../arm-none-eabi/lib/thumb2\libm.a
END GROUP
                0x00000000                __DYNAMIC = 0x0
                0x20000000                RAM_START_ADDRESS = 0x20000000
                0x00010000                RAM_SIZE = 0x10000
                0x00002000                MAIN_STACK_SIZE = 0x2000
                0x00001000                PROCESS_STACK_SIZE = 0x1000
                0x20010000                PROVIDE (__main_stack_start, (RAM_START_ADDRESS + RAM_SIZE))
                0x2000e000                PROVIDE (__process_stack_start, (__main_stack_start - MAIN_STACK_SIZE))
                0x20010000                PROVIDE (_estack, __main_stack_start)
                0x00000001                PROVIDE (__mirrored_nvm, 0x1)

.init           0x00000000      0x470 load address 0x60000000
                0x00000000                __vector_table_vma_base_address = .
 *(.isr_vector)
 .isr_vector    0x00000000      0x470 ./MicroSemi_Code/CMSIS/startup_gcc/startup_a2fxxxm3.o
                0x00000000                g_pfnVectors
                0x00000298                Reset_Handler
                0x00000308                NMI_Handler
                0x0000030a                HardFault_Handler
                0x0000030c                MemManage_Handler
                0x0000030e                BusFault_Handler
                0x00000310                UsageFault_Handler
                0x00000314                DebugMon_Handler
                0x0000031a                WdogWakeup_IRQHandler
                0x0000031e                BrownOut_3_3V_IRQHandler
                0x00000320                RTC_Match_IRQHandler
                0x00000322                RTCIF_Pub_IRQHandler
                0x00000326                IAP_IRQHandler
                0x00000328                ENVM0_IRQHandler
                0x0000032a                ENVM1_IRQHandler
                0x0000032c                DMA_IRQHandler
                0x00000332                SPI0_IRQHandler
                0x00000334                SPI1_IRQHandler
                0x00000338                I2C0_SMBAlert_IRQHandler
                0x0000033a                I2C0_SMBus_IRQHandler
                0x0000033e                I2C1_SMBAlert_IRQHandler
                0x00000340                I2C1_SMBus_IRQHandler
                0x00000342                Timer1_IRQHandler
                0x00000344                Timer2_IRQHandler
                0x00000346                PLL_Lock_IRQHandler
                0x00000348                PLL_LockLost_IRQHandler
                0x0000034a                CommError_IRQHandler
                0x0000034c                Fabric_IRQHandler
                0x0000034e                GPIO0_IRQHandler
                0x00000350                GPIO1_IRQHandler
                0x00000352                GPIO2_IRQHandler
                0x00000354                GPIO3_IRQHandler
                0x00000356                GPIO4_IRQHandler
                0x00000358                GPIO5_IRQHandler
                0x0000035a                GPIO6_IRQHandler
                0x0000035c                GPIO7_IRQHandler
                0x00000360                GPIO9_IRQHandler
                0x00000362                GPIO10_IRQHandler
                0x00000364                GPIO11_IRQHandler
                0x00000366                GPIO12_IRQHandler
                0x00000368                GPIO13_IRQHandler
                0x0000036a                GPIO14_IRQHandler
                0x0000036c                GPIO15_IRQHandler
                0x0000036e                GPIO16_IRQHandler
                0x00000370                GPIO17_IRQHandler
                0x00000372                GPIO18_IRQHandler
                0x00000374                GPIO19_IRQHandler
                0x00000376                GPIO20_IRQHandler
                0x00000378                GPIO21_IRQHandler
                0x0000037a                GPIO22_IRQHandler
                0x0000037c                GPIO23_IRQHandler
                0x0000037e                GPIO24_IRQHandler
                0x00000380                GPIO25_IRQHandler
                0x00000382                GPIO26_IRQHandler
                0x00000384                GPIO27_IRQHandler
                0x00000386                GPIO28_IRQHandler
                0x00000388                GPIO29_IRQHandler
                0x0000038a                GPIO30_IRQHandler
                0x0000038c                GPIO31_IRQHandler
                0x0000038e                ACE_PC0_Flag0_IRQHandler
                0x00000390                ACE_PC0_Flag1_IRQHandler
                0x00000392                ACE_PC0_Flag2_IRQHandler
                0x00000394                ACE_PC0_Flag3_IRQHandler
                0x00000396                ACE_PC1_Flag0_IRQHandler
                0x00000398                ACE_PC1_Flag1_IRQHandler
                0x0000039a                ACE_PC1_Flag2_IRQHandler
                0x0000039c                ACE_PC1_Flag3_IRQHandler
                0x0000039e                ACE_PC2_Flag0_IRQHandler
                0x000003a0                ACE_PC2_Flag1_IRQHandler
                0x000003a2                ACE_PC2_Flag2_IRQHandler
                0x000003a4                ACE_PC2_Flag3_IRQHandler
                0x000003a6                ACE_ADC0_DataValid_IRQHandler
                0x000003a8                ACE_ADC1_DataValid_IRQHandler
                0x000003aa                ACE_ADC2_DataValid_IRQHandler
                0x000003ac                ACE_ADC0_CalDone_IRQHandler
                0x000003ae                ACE_ADC1_CalDone_IRQHandler
                0x000003b0                ACE_ADC2_CalDone_IRQHandler
                0x000003b2                ACE_ADC0_CalStart_IRQHandler
                0x000003b4                ACE_ADC1_CalStart_IRQHandler
                0x000003b6                ACE_ADC2_CalStart_IRQHandler
                0x000003b8                ACE_Comp0_Fall_IRQHandler
                0x000003ba                ACE_Comp1_Fall_IRQHandler
                0x000003bc                ACE_Comp2_Fall_IRQHandler
                0x000003be                ACE_Comp3_Fall_IRQHandler
                0x000003c0                ACE_Comp4_Fall_IRQHandler
                0x000003c2                ACE_Comp5_Fall_IRQHandler
                0x000003c4                ACE_Comp6_Fall_IRQHandler
                0x000003c6                ACE_Comp7_Fall_IRQHandler
                0x000003c8                ACE_Comp8_Fall_IRQHandler
                0x000003ca                ACE_Comp9_Fall_IRQHandler
                0x000003cc                ACE_Comp10_Fall_IRQHandler
                0x000003ce                ACE_Comp11_Fall_IRQHandler
                0x000003d0                ACE_Comp0_Rise_IRQHandler
                0x000003d2                ACE_Comp1_Rise_IRQHandler
                0x000003d4                ACE_Comp2_Rise_IRQHandler
                0x000003d6                ACE_Comp3_Rise_IRQHandler
                0x000003d8                ACE_Comp4_Rise_IRQHandler
                0x000003da                ACE_Comp5_Rise_IRQHandler
                0x000003dc                ACE_Comp6_Rise_IRQHandler
                0x000003de                ACE_Comp7_Rise_IRQHandler
                0x000003e0                ACE_Comp8_Rise_IRQHandler
                0x000003e2                ACE_Comp9_Rise_IRQHandler
                0x000003e4                ACE_Comp10_Rise_IRQHandler
                0x000003e6                ACE_Comp11_Rise_IRQHandler
                0x000003e8                ACE_ADC0_FifoFull_IRQHandler
                0x000003ea                ACE_ADC0_FifoAFull_IRQHandler
                0x000003ec                ACE_ADC0_FifoEmpty_IRQHandler
                0x000003ee                ACE_ADC1_FifoFull_IRQHandler
                0x000003f0                ACE_ADC1_FifoAFull_IRQHandler
                0x000003f2                ACE_ADC1_FifoEmpty_IRQHandler
                0x000003f4                ACE_ADC2_FifoFull_IRQHandler
                0x000003f6                ACE_ADC2_FifoAFull_IRQHandler
                0x000003f8                ACE_ADC2_FifoEmpty_IRQHandler
                0x00000470                . = ALIGN (0x4)

.text           0x00000470    0x23e30 load address 0x60000470
 CREATE_OBJECT_SYMBOLS
                0x60000470                __text_load = LOADADDR (.text)
                0x00000470                __text_start = .
 *(.text .text.* .gnu.linkonce.t.*)
 .text          0x00000470        0x0 c:/program files (x86)/microsemi/softconsole v3.4/sourcery-g++/bin/../lib/gcc/arm-none-eabi/4.4.1/thumb2/crti.o
 .text          0x00000470       0x30 c:/program files (x86)/microsemi/softconsole v3.4/sourcery-g++/bin/../lib/gcc/arm-none-eabi/4.4.1/thumb2/crtbegin.o
 .text          0x000004a0        0x0 ./ParTest.o
 .text.MSS_GPIO_set_outputs
                0x000004a0       0x20 ./ParTest.o
 .text.vParTestInitialise
                0x000004c0       0x54 ./ParTest.o
                0x000004c0                vParTestInitialise
 .text.vParTestSetLED
                0x00000514       0x80 ./ParTest.o
                0x00000514                vParTestSetLED
 .text.vParTestSetLEDFromISR
                0x00000594       0xa0 ./ParTest.o
                0x00000594                vParTestSetLEDFromISR
 .text.vParTestToggleLED
                0x00000634       0x94 ./ParTest.o
                0x00000634                vParTestToggleLED
 .text.lParTestGetLEDState
                0x000006c8       0x48 ./ParTest.o
                0x000006c8                lParTestGetLEDState
 .text          0x00000710        0x0 ./main-full.o
 .text.NVIC_EnableIRQ
                0x00000710       0x38 ./main-full.o
 .text.NVIC_DisableIRQ
                0x00000748       0x3c ./main-full.o
 .text.NVIC_ClearPendingIRQ
                0x00000784       0x3c ./main-full.o
 .text.NVIC_SetPriority
                0x000007c0       0x5c ./main-full.o
 .text.MSS_TIM64_init
                0x0000081c       0xa4 ./main-full.o
 .text.MSS_TIM64_start
                0x000008c0       0x1c ./main-full.o
 .text.MSS_TIM64_load_immediate
                0x000008dc       0x2c ./main-full.o
 .text.main     0x00000908      0x108 ./main-full.o
                0x00000908                main
 .text.prvCheckTimerCallback
                0x00000a10       0x40 ./main-full.o
 .text.GPIO8_IRQHandler
                0x00000a50       0x38 ./main-full.o
                0x00000a50                GPIO8_IRQHandler
 .text.prvQueueSendTask
                0x00000a88       0x6c ./main-full.o
 .text.prvQueueReceiveTask
                0x00000af4       0x38 ./main-full.o
 .text.prvSetupHardware
                0x00000b2c       0x50 ./main-full.o
 .text.vApplicationMallocFailedHook
                0x00000b7c        0x8 ./main-full.o
                0x00000b7c                vApplicationMallocFailedHook
 .text.vApplicationStackOverflowHook
                0x00000b84       0x20 ./main-full.o
                0x00000b84                vApplicationStackOverflowHook
 .text.vApplicationIdleHook
                0x00000ba4       0x18 ./main-full.o
                0x00000ba4                vApplicationIdleHook
 .text.pcGetTaskStatusMessage
                0x00000bbc       0x30 ./main-full.o
                0x00000bbc                pcGetTaskStatusMessage
 .text.vMainConfigureTimerForRunTimeStats
                0x00000bec       0x28 ./main-full.o
                0x00000bec                vMainConfigureTimerForRunTimeStats
 .text.ulGetRunTimeCounterValue
                0x00000c14       0x10 ./main-full.o
                0x00000c14                ulGetRunTimeCounterValue
 *fill*         0x00000c24        0x4 00
 .text.uart_task
                0x00000c28       0xf8 ./main-full.o
                0x00000c28                uart_task
 .text          0x00000d20        0x0 ./uIP_Task.o
 .text.NVIC_EnableIRQ
                0x00000d20       0x38 ./uIP_Task.o
 .text.NVIC_SetPriority
                0x00000d58       0x5c ./uIP_Task.o
 .text.clock_time
                0x00000db4       0x10 ./uIP_Task.o
                0x00000db4                clock_time
 .text.vuIP_Task
                0x00000dc4      0x198 ./uIP_Task.o
                0x00000dc4                vuIP_Task
 .text.prvSetMACAddress
                0x00000f5c       0x7c ./uIP_Task.o
 .text.prvInitialise_uIP
                0x00000fd8      0x180 ./uIP_Task.o
 .text.prvEMACEventListener
                0x00001158       0x94 ./uIP_Task.o
 .text.prvInitEmac
                0x000011ec       0x3c ./uIP_Task.o
 .text.vEMACWrite
                0x00001228       0x54 ./uIP_Task.o
                0x00001228                vEMACWrite
 .text.prvUIPTimerCallback
                0x0000127c       0x64 ./uIP_Task.o
 .text.vApplicationProcessFormInput
                0x000012e0       0x9c ./uIP_Task.o
                0x000012e0                vApplicationProcessFormInput
 .text          0x0000137c        0x0 ./uart_task.o
 .text          0x0000137c        0x0 ./WebServer/httpd-cgi.o
 .text.nullfunction
                0x0000137c       0x30 ./WebServer/httpd-cgi.o
 .text.httpd_cgi
                0x000013ac       0x64 ./WebServer/httpd-cgi.o
                0x000013ac                httpd_cgi
 .text.generate_file_stats
                0x00001410       0x40 ./WebServer/httpd-cgi.o
 .text.file_stats
                0x00001450       0x74 ./WebServer/httpd-cgi.o
 .text.generate_tcp_stats
                0x000014c4      0x120 ./WebServer/httpd-cgi.o
 .text.tcp_stats
                0x000015e4       0xb4 ./WebServer/httpd-cgi.o
 .text.generate_net_stats
                0x00001698       0x4c ./WebServer/httpd-cgi.o
 .text.net_stats
                0x000016e4       0x8c ./WebServer/httpd-cgi.o
 .text.generate_rtos_stats
                0x00001770       0x8c ./WebServer/httpd-cgi.o
 .text.rtos_stats
                0x000017fc       0x68 ./WebServer/httpd-cgi.o
 .text.generate_io_state
                0x00001864       0x94 ./WebServer/httpd-cgi.o
 .text.generate_runtime_stats
                0x000018f8       0x88 ./WebServer/httpd-cgi.o
 .text.run_time
                0x00001980       0x68 ./WebServer/httpd-cgi.o
 .text.led_io   0x000019e8       0x68 ./WebServer/httpd-cgi.o
 .text.delaySecs
                0x00001a50       0x34 ./WebServer/httpd-cgi.o
                0x00001a50                delaySecs
 *fill*         0x00001a84        0x4 00
 .text.pot_voltage
                0x00001a88       0xd0 ./WebServer/httpd-cgi.o
 .text          0x00001b58        0x0 ./MicroSemi_Code/hal/CortexM3/cortex_nvic.o
 .text.NVIC_init
                0x00001b58        0xc ./MicroSemi_Code/hal/CortexM3/cortex_nvic.o
                0x00001b58                NVIC_init
 .text.NVIC_set_handler
                0x00001b64       0x18 ./MicroSemi_Code/hal/CortexM3/cortex_nvic.o
                0x00001b64                NVIC_set_handler
 .text.NVIC_set_priority
                0x00001b7c       0x18 ./MicroSemi_Code/hal/CortexM3/cortex_nvic.o
                0x00001b7c                NVIC_set_priority
 .text.NVIC_enable_interrupt
                0x00001b94       0x14 ./MicroSemi_Code/hal/CortexM3/cortex_nvic.o
                0x00001b94                NVIC_enable_interrupt
 .text.NVIC_disable_interrupt
                0x00001ba8       0x14 ./MicroSemi_Code/hal/CortexM3/cortex_nvic.o
                0x00001ba8                NVIC_disable_interrupt
 .text.NVIC_clear_interrupt
                0x00001bbc       0x14 ./MicroSemi_Code/hal/CortexM3/cortex_nvic.o
                0x00001bbc                NVIC_clear_interrupt
 .text          0x00001bd0        0xe ./MicroSemi_Code/hal/CortexM3/GNU/hal.o
                0x00001bd0                HAL_disable_interrupts
                0x00001bd8                HAL_restore_interrupts
 .text          0x00001bde        0x0 ./MicroSemi_Code/hal/CortexM3/GNU/hal_assert.o
 *fill*         0x00001bde        0x2 00
 .text.HAL_assert_fail
                0x00001be0       0x28 ./MicroSemi_Code/hal/CortexM3/GNU/hal_assert.o
                0x00001be0                HAL_assert_fail
 .text          0x00001c08       0x90 ./MicroSemi_Code/hal/CortexM3/GNU/hw_reg_access.o
                0x00001c08                HW_set_32bit_reg
                0x00001c0c                HW_get_32bit_reg
                0x00001c10                HW_set_32bit_reg_field
                0x00001c2c                HW_get_32bit_reg_field
                0x00001c38                HW_set_16bit_reg
                0x00001c3c                HW_get_16bit_reg
                0x00001c40                HW_set_16bit_reg_field
                0x00001c5c                HW_get_16bit_reg_field
                0x00001c68                HW_set_8bit_reg
                0x00001c6c                HW_get_8bit_reg
                0x00001c70                HW_set_8bit_reg_field
                0x00001c8c                HW_get_8bit_reg_field
 .text          0x00001c98        0x0 ./MicroSemi_Code/drivers_config/mss_ace/ace_config.o
 .text          0x00001c98        0x0 ./MicroSemi_Code/drivers/mss_uart/mss_uart.o
 .text.NVIC_EnableIRQ
                0x00001c98       0x38 ./MicroSemi_Code/drivers/mss_uart/mss_uart.o
 .text.NVIC_DisableIRQ
                0x00001cd0       0x3c ./MicroSemi_Code/drivers/mss_uart/mss_uart.o
 .text.NVIC_ClearPendingIRQ
                0x00001d0c       0x3c ./MicroSemi_Code/drivers/mss_uart/mss_uart.o
 .text.MSS_UART_init
                0x00001d48      0x204 ./MicroSemi_Code/drivers/mss_uart/mss_uart.o
                0x00001d48                MSS_UART_init
 .text.MSS_UART_polled_tx
                0x00001f4c       0xe4 ./MicroSemi_Code/drivers/mss_uart/mss_uart.o
                0x00001f4c                MSS_UART_polled_tx
 .text.MSS_UART_polled_tx_string
                0x00002030       0xd0 ./MicroSemi_Code/drivers/mss_uart/mss_uart.o
                0x00002030                MSS_UART_polled_tx_string
 .text.MSS_UART_irq_tx
                0x00002100       0xb0 ./MicroSemi_Code/drivers/mss_uart/mss_uart.o
                0x00002100                MSS_UART_irq_tx
 .text.MSS_UART_tx_complete
                0x000021b0       0x90 ./MicroSemi_Code/drivers/mss_uart/mss_uart.o
                0x000021b0                MSS_UART_tx_complete
 .text.MSS_UART_get_rx
                0x00002240       0xdc ./MicroSemi_Code/drivers/mss_uart/mss_uart.o
                0x00002240                MSS_UART_get_rx
 .text.MSS_UART_enable_irq
                0x0000231c       0x7c ./MicroSemi_Code/drivers/mss_uart/mss_uart.o
                0x0000231c                MSS_UART_enable_irq
 .text.MSS_UART_disable_irq
                0x00002398       0x88 ./MicroSemi_Code/drivers/mss_uart/mss_uart.o
                0x00002398                MSS_UART_disable_irq
 .text.MSS_UART_isr
                0x00002420      0x11c ./MicroSemi_Code/drivers/mss_uart/mss_uart.o
 .text.default_tx_handler
                0x0000253c      0x108 ./MicroSemi_Code/drivers/mss_uart/mss_uart.o
 .text.MSS_UART_set_rx_handler
                0x00002644       0xa8 ./MicroSemi_Code/drivers/mss_uart/mss_uart.o
                0x00002644                MSS_UART_set_rx_handler
 .text.MSS_UART_set_loopback
                0x000026ec       0x70 ./MicroSemi_Code/drivers/mss_uart/mss_uart.o
                0x000026ec                MSS_UART_set_loopback
 .text.UART0_IRQHandler
                0x0000275c       0x2c ./MicroSemi_Code/drivers/mss_uart/mss_uart.o
                0x0000275c                UART0_IRQHandler
 .text.UART1_IRQHandler
                0x00002788       0x2c ./MicroSemi_Code/drivers/mss_uart/mss_uart.o
                0x00002788                UART1_IRQHandler
 .text.MSS_UART_set_rxstatus_handler
                0x000027b4       0x84 ./MicroSemi_Code/drivers/mss_uart/mss_uart.o
                0x000027b4                MSS_UART_set_rxstatus_handler
 .text.MSS_UART_set_tx_handler
                0x00002838       0x94 ./MicroSemi_Code/drivers/mss_uart/mss_uart.o
                0x00002838                MSS_UART_set_tx_handler
 .text.MSS_UART_set_modemstatus_handler
                0x000028cc       0x84 ./MicroSemi_Code/drivers/mss_uart/mss_uart.o
                0x000028cc                MSS_UART_set_modemstatus_handler
 .text.MSS_UART_fill_tx_fifo
                0x00002950       0xd4 ./MicroSemi_Code/drivers/mss_uart/mss_uart.o
                0x00002950                MSS_UART_fill_tx_fifo
 .text.MSS_UART_get_rx_status
                0x00002a24       0x80 ./MicroSemi_Code/drivers/mss_uart/mss_uart.o
                0x00002a24                MSS_UART_get_rx_status
 .text.MSS_UART_get_modem_status
                0x00002aa4       0x60 ./MicroSemi_Code/drivers/mss_uart/mss_uart.o
                0x00002aa4                MSS_UART_get_modem_status
 .text.MSS_UART_get_tx_status
                0x00002b04       0x78 ./MicroSemi_Code/drivers/mss_uart/mss_uart.o
                0x00002b04                MSS_UART_get_tx_status
 .text          0x00002b7c        0x0 ./MicroSemi_Code/drivers/mss_i2c/mss_i2c.o
 .text.NVIC_EnableIRQ
                0x00002b7c       0x38 ./MicroSemi_Code/drivers/mss_i2c/mss_i2c.o
 .text.NVIC_DisableIRQ
                0x00002bb4       0x3c ./MicroSemi_Code/drivers/mss_i2c/mss_i2c.o
 .text.NVIC_ClearPendingIRQ
                0x00002bf0       0x3c ./MicroSemi_Code/drivers/mss_i2c/mss_i2c.o
 .text.MSS_I2C_init
                0x00002c2c      0x16c ./MicroSemi_Code/drivers/mss_i2c/mss_i2c.o
                0x00002c2c                MSS_I2C_init
 .text.MSS_I2C_write
                0x00002d98       0xf4 ./MicroSemi_Code/drivers/mss_i2c/mss_i2c.o
                0x00002d98                MSS_I2C_write
 .text.MSS_I2C_read
                0x00002e8c       0xf4 ./MicroSemi_Code/drivers/mss_i2c/mss_i2c.o
                0x00002e8c                MSS_I2C_read
 .text.MSS_I2C_write_read
                0x00002f80      0x134 ./MicroSemi_Code/drivers/mss_i2c/mss_i2c.o
                0x00002f80                MSS_I2C_write_read
 .text.MSS_I2C_get_status
                0x000030b4       0x3c ./MicroSemi_Code/drivers/mss_i2c/mss_i2c.o
                0x000030b4                MSS_I2C_get_status
 .text.MSS_I2C_wait_complete
                0x000030f0       0x4c ./MicroSemi_Code/drivers/mss_i2c/mss_i2c.o
                0x000030f0                MSS_I2C_wait_complete
 .text.MSS_I2C_system_tick
                0x0000313c       0x5c ./MicroSemi_Code/drivers/mss_i2c/mss_i2c.o
                0x0000313c                MSS_I2C_system_tick
 .text.MSS_I2C_set_slave_tx_buffer
                0x00003198       0x58 ./MicroSemi_Code/drivers/mss_i2c/mss_i2c.o
                0x00003198                MSS_I2C_set_slave_tx_buffer
 .text.MSS_I2C_set_slave_rx_buffer
                0x000031f0       0x58 ./MicroSemi_Code/drivers/mss_i2c/mss_i2c.o
                0x000031f0                MSS_I2C_set_slave_rx_buffer
 .text.MSS_I2C_set_slave_mem_offset_length
                0x00003248       0x54 ./MicroSemi_Code/drivers/mss_i2c/mss_i2c.o
                0x00003248                MSS_I2C_set_slave_mem_offset_length
 .text.MSS_I2C_register_write_handler
                0x0000329c       0x38 ./MicroSemi_Code/drivers/mss_i2c/mss_i2c.o
                0x0000329c                MSS_I2C_register_write_handler
 .text.MSS_I2C_enable_slave
                0x000032d4       0x5c ./MicroSemi_Code/drivers/mss_i2c/mss_i2c.o
                0x000032d4                MSS_I2C_enable_slave
 .text.MSS_I2C_disable_slave
                0x00003330       0x50 ./MicroSemi_Code/drivers/mss_i2c/mss_i2c.o
                0x00003330                MSS_I2C_disable_slave
 .text.enable_slave_if_required
                0x00003380       0x28 ./MicroSemi_Code/drivers/mss_i2c/mss_i2c.o
 .text.mss_i2c_isr
                0x000033a8      0x8f4 ./MicroSemi_Code/drivers/mss_i2c/mss_i2c.o
 .text.MSS_I2C_smbus_init
                0x00003c9c       0x28 ./MicroSemi_Code/drivers/mss_i2c/mss_i2c.o
                0x00003c9c                MSS_I2C_smbus_init
 .text.MSS_I2C_enable_smbus_irq
                0x00003cc4       0xe4 ./MicroSemi_Code/drivers/mss_i2c/mss_i2c.o
                0x00003cc4                MSS_I2C_enable_smbus_irq
 .text.MSS_I2C_disable_smbus_irq
                0x00003da8       0xc4 ./MicroSemi_Code/drivers/mss_i2c/mss_i2c.o
                0x00003da8                MSS_I2C_disable_smbus_irq
 .text.MSS_I2C_suspend_smbus_slave
                0x00003e6c       0x20 ./MicroSemi_Code/drivers/mss_i2c/mss_i2c.o
                0x00003e6c                MSS_I2C_suspend_smbus_slave
 .text.MSS_I2C_resume_smbus_slave
                0x00003e8c       0x20 ./MicroSemi_Code/drivers/mss_i2c/mss_i2c.o
                0x00003e8c                MSS_I2C_resume_smbus_slave
 .text.MSS_I2C_reset_smbus
                0x00003eac       0x20 ./MicroSemi_Code/drivers/mss_i2c/mss_i2c.o
                0x00003eac                MSS_I2C_reset_smbus
 .text.MSS_I2C_set_smbus_alert
                0x00003ecc       0x20 ./MicroSemi_Code/drivers/mss_i2c/mss_i2c.o
                0x00003ecc                MSS_I2C_set_smbus_alert
 .text.MSS_I2C_clear_smbus_alert
                0x00003eec       0x20 ./MicroSemi_Code/drivers/mss_i2c/mss_i2c.o
                0x00003eec                MSS_I2C_clear_smbus_alert
 .text.MSS_I2C_set_gca
                0x00003f0c       0x20 ./MicroSemi_Code/drivers/mss_i2c/mss_i2c.o
                0x00003f0c                MSS_I2C_set_gca
 .text.MSS_I2C_clear_gca
                0x00003f2c       0x20 ./MicroSemi_Code/drivers/mss_i2c/mss_i2c.o
                0x00003f2c                MSS_I2C_clear_gca
 .text.MSS_I2C_set_user_data
                0x00003f4c       0x1c ./MicroSemi_Code/drivers/mss_i2c/mss_i2c.o
                0x00003f4c                MSS_I2C_set_user_data
 .text.MSS_I2C_get_user_data
                0x00003f68       0x18 ./MicroSemi_Code/drivers/mss_i2c/mss_i2c.o
                0x00003f68                MSS_I2C_get_user_data
 .text.disable_interrupts
                0x00003f80       0x24 ./MicroSemi_Code/drivers/mss_i2c/mss_i2c.o
 .text.restore_interrupts
                0x00003fa4       0x18 ./MicroSemi_Code/drivers/mss_i2c/mss_i2c.o
 .text.I2C0_IRQHandler
                0x00003fbc       0x2c ./MicroSemi_Code/drivers/mss_i2c/mss_i2c.o
                0x00003fbc                I2C0_IRQHandler
 .text.I2C1_IRQHandler
                0x00003fe8       0x2c ./MicroSemi_Code/drivers/mss_i2c/mss_i2c.o
                0x00003fe8                I2C1_IRQHandler
 .text          0x00004014        0x0 ./MicroSemi_Code/drivers/mss_gpio/mss_gpio.o
 .text.NVIC_EnableIRQ
                0x00004014       0x38 ./MicroSemi_Code/drivers/mss_gpio/mss_gpio.o
 .text.NVIC_ClearPendingIRQ
                0x0000404c       0x3c ./MicroSemi_Code/drivers/mss_gpio/mss_gpio.o
 .text.MSS_GPIO_init
                0x00004088       0x6c ./MicroSemi_Code/drivers/mss_gpio/mss_gpio.o
                0x00004088                MSS_GPIO_init
 .text.MSS_GPIO_config
                0x000040f4       0x3c ./MicroSemi_Code/drivers/mss_gpio/mss_gpio.o
                0x000040f4                MSS_GPIO_config
 .text.MSS_GPIO_set_output
                0x00004130       0x40 ./MicroSemi_Code/drivers/mss_gpio/mss_gpio.o
                0x00004130                MSS_GPIO_set_output
 .text.MSS_GPIO_drive_inout
                0x00004170      0x128 ./MicroSemi_Code/drivers/mss_gpio/mss_gpio.o
                0x00004170                MSS_GPIO_drive_inout
 .text.MSS_GPIO_enable_irq
                0x00004298       0x64 ./MicroSemi_Code/drivers/mss_gpio/mss_gpio.o
                0x00004298                MSS_GPIO_enable_irq
 .text.MSS_GPIO_disable_irq
                0x000042fc       0x50 ./MicroSemi_Code/drivers/mss_gpio/mss_gpio.o
                0x000042fc                MSS_GPIO_disable_irq
 .text.MSS_GPIO_clear_irq
                0x0000434c       0x50 ./MicroSemi_Code/drivers/mss_gpio/mss_gpio.o
                0x0000434c                MSS_GPIO_clear_irq
 .text          0x0000439c        0x0 ./MicroSemi_Code/drivers/mss_ethernet_mac/crc32.o
 .text.mss_mac_crc32
                0x0000439c       0x60 ./MicroSemi_Code/drivers/mss_ethernet_mac/crc32.o
                0x0000439c                mss_mac_crc32
 .text.mss_ethernet_crc
                0x000043fc       0x24 ./MicroSemi_Code/drivers/mss_ethernet_mac/crc32.o
                0x000043fc                mss_ethernet_crc
 .text          0x00004420        0x0 ./MicroSemi_Code/drivers/mss_ethernet_mac/mss_ethernet_mac.o
 .text.MSS_MAC_init
                0x00004420      0x358 ./MicroSemi_Code/drivers/mss_ethernet_mac/mss_ethernet_mac.o
                0x00004420                MSS_MAC_init
 .text.MSS_MAC_configure
                0x00004778      0x248 ./MicroSemi_Code/drivers/mss_ethernet_mac/mss_ethernet_mac.o
                0x00004778                MSS_MAC_configure
 .text.MSS_MAC_get_configuration
                0x000049c0      0x144 ./MicroSemi_Code/drivers/mss_ethernet_mac/mss_ethernet_mac.o
                0x000049c0                MSS_MAC_get_configuration
 .text.MSS_MAC_tx_packet
                0x00004b04      0x544 ./MicroSemi_Code/drivers/mss_ethernet_mac/mss_ethernet_mac.o
                0x00004b04                MSS_MAC_tx_packet
 .text.MSS_MAC_rx_pckt_size
                0x00005048       0x74 ./MicroSemi_Code/drivers/mss_ethernet_mac/mss_ethernet_mac.o
                0x00005048                MSS_MAC_rx_pckt_size
 .text.MSS_MAC_rx_packet
                0x000050bc       0xf0 ./MicroSemi_Code/drivers/mss_ethernet_mac/mss_ethernet_mac.o
                0x000050bc                MSS_MAC_rx_packet
 .text.MSS_MAC_rx_packet_ptrset
                0x000051ac      0x134 ./MicroSemi_Code/drivers/mss_ethernet_mac/mss_ethernet_mac.o
                0x000051ac                MSS_MAC_rx_packet_ptrset
 .text.MSS_MAC_link_status
                0x000052e0       0x30 ./MicroSemi_Code/drivers/mss_ethernet_mac/mss_ethernet_mac.o
                0x000052e0                MSS_MAC_link_status
 .text.MSS_MAC_auto_setup_link
                0x00005310       0xd0 ./MicroSemi_Code/drivers/mss_ethernet_mac/mss_ethernet_mac.o
                0x00005310                MSS_MAC_auto_setup_link
 .text.MSS_MAC_set_mac_address
                0x000053e0       0xa4 ./MicroSemi_Code/drivers/mss_ethernet_mac/mss_ethernet_mac.o
                0x000053e0                MSS_MAC_set_mac_address
 .text.MSS_MAC_get_mac_address
                0x00005484       0x20 ./MicroSemi_Code/drivers/mss_ethernet_mac/mss_ethernet_mac.o
                0x00005484                MSS_MAC_get_mac_address
 .text.MSS_MAC_set_mac_filters
                0x000054a4      0x1b8 ./MicroSemi_Code/drivers/mss_ethernet_mac/mss_ethernet_mac.o
                0x000054a4                MSS_MAC_set_mac_filters
 .text.EthernetMAC_IRQHandler
                0x0000565c      0x13c ./MicroSemi_Code/drivers/mss_ethernet_mac/mss_ethernet_mac.o
                0x0000565c                EthernetMAC_IRQHandler
 .text.MSS_MAC_set_callback
                0x00005798       0x70 ./MicroSemi_Code/drivers/mss_ethernet_mac/mss_ethernet_mac.o
                0x00005798                MSS_MAC_set_callback
 .text.MSS_MAC_last_error
                0x00005808       0x54 ./MicroSemi_Code/drivers/mss_ethernet_mac/mss_ethernet_mac.o
                0x00005808                MSS_MAC_last_error
 .text.MSS_MAC_get_statistics
                0x0000585c      0x2b4 ./MicroSemi_Code/drivers/mss_ethernet_mac/mss_ethernet_mac.o
                0x0000585c                MSS_MAC_get_statistics
 .text.MSS_MAC_prepare_rx_descriptor
                0x00005b10      0x428 ./MicroSemi_Code/drivers/mss_ethernet_mac/mss_ethernet_mac.o
                0x00005b10                MSS_MAC_prepare_rx_descriptor
 .text.MAC_send_setup_frame
                0x00005f38      0x36c ./MicroSemi_Code/drivers/mss_ethernet_mac/mss_ethernet_mac.o
 .text.MAC_stop_transmission
                0x000062a4       0x60 ./MicroSemi_Code/drivers/mss_ethernet_mac/mss_ethernet_mac.o
 .text.MAC_start_transmission
                0x00006304       0x1c ./MicroSemi_Code/drivers/mss_ethernet_mac/mss_ethernet_mac.o
 .text.MAC_stop_receiving
                0x00006320       0x60 ./MicroSemi_Code/drivers/mss_ethernet_mac/mss_ethernet_mac.o
 .text.MAC_start_receiving
                0x00006380       0x1c ./MicroSemi_Code/drivers/mss_ethernet_mac/mss_ethernet_mac.o
 .text.MAC_dismiss_bad_frames
                0x0000639c       0xa4 ./MicroSemi_Code/drivers/mss_ethernet_mac/mss_ethernet_mac.o
 .text.MAC_set_time_out
                0x00006440       0x50 ./MicroSemi_Code/drivers/mss_ethernet_mac/mss_ethernet_mac.o
 .text.MAC_get_time_out
                0x00006490       0xf4 ./MicroSemi_Code/drivers/mss_ethernet_mac/mss_ethernet_mac.o
 .text.MAC_memset
                0x00006584       0x38 ./MicroSemi_Code/drivers/mss_ethernet_mac/mss_ethernet_mac.o
 .text.MAC_memset_All
                0x000065bc      0x448 ./MicroSemi_Code/drivers/mss_ethernet_mac/mss_ethernet_mac.o
 .text.MAC_memcpy
                0x00006a04       0x3c ./MicroSemi_Code/drivers/mss_ethernet_mac/mss_ethernet_mac.o
 .text.MSS_MAC_FreeTxBuffers
                0x00006a40       0x88 ./MicroSemi_Code/drivers/mss_ethernet_mac/mss_ethernet_mac.o
                0x00006a40                MSS_MAC_FreeTxBuffers
 .text.MAC_obtain_buffer
                0x00006ac8      0x178 ./MicroSemi_Code/drivers/mss_ethernet_mac/mss_ethernet_mac.o
 .text.MAC_release_buffer
                0x00006c40       0x70 ./MicroSemi_Code/drivers/mss_ethernet_mac/mss_ethernet_mac.o
 .text          0x00006cb0        0x0 ./MicroSemi_Code/drivers/mss_ethernet_mac/phy.o
 .text.MDIO_management_clock
                0x00006cb0       0x38 ./MicroSemi_Code/drivers/mss_ethernet_mac/phy.o
 .text.MDIO_send_cmd
                0x00006ce8      0x100 ./MicroSemi_Code/drivers/mss_ethernet_mac/phy.o
 .text.MDIO_read
                0x00006de8       0x70 ./MicroSemi_Code/drivers/mss_ethernet_mac/phy.o
 .text.MDIO_write
                0x00006e58       0x74 ./MicroSemi_Code/drivers/mss_ethernet_mac/phy.o
 .text.PHY_probe
                0x00006ecc       0x84 ./MicroSemi_Code/drivers/mss_ethernet_mac/phy.o
                0x00006ecc                PHY_probe
 .text.PHY_reset
                0x00006f50       0x20 ./MicroSemi_Code/drivers/mss_ethernet_mac/phy.o
                0x00006f50                PHY_reset
 .text.PHY_auto_negotiate
                0x00006f70       0x50 ./MicroSemi_Code/drivers/mss_ethernet_mac/phy.o
                0x00006f70                PHY_auto_negotiate
 .text.PHY_link_status
                0x00006fc0       0x30 ./MicroSemi_Code/drivers/mss_ethernet_mac/phy.o
                0x00006fc0                PHY_link_status
 .text.PHY_link_type
                0x00006ff0       0x48 ./MicroSemi_Code/drivers/mss_ethernet_mac/phy.o
                0x00006ff0                PHY_link_type
 .text.PHY_set_link_type
                0x00007038       0x58 ./MicroSemi_Code/drivers/mss_ethernet_mac/phy.o
                0x00007038                PHY_set_link_type
 .text.PHY_set_loopback
                0x00007090       0x58 ./MicroSemi_Code/drivers/mss_ethernet_mac/phy.o
                0x00007090                PHY_set_loopback
 .text          0x000070e8        0x0 ./MicroSemi_Code/drivers/mss_ace/ace_convert.o
 .text.ACE_get_channel_type
                0x000070e8       0x44 ./MicroSemi_Code/drivers/mss_ace/ace_convert.o
                0x000070e8                ACE_get_channel_type
 .text.ACE_convert_adc_input_to_mV
                0x0000712c       0x64 ./MicroSemi_Code/drivers/mss_ace/ace_convert.o
                0x0000712c                ACE_convert_adc_input_to_mV
 .text.ace_init_convert
                0x00007190      0x1b4 ./MicroSemi_Code/drivers/mss_ace/ace_convert.o
                0x00007190                ace_init_convert
 .text.ACE_convert_to_mV
                0x00007344      0x100 ./MicroSemi_Code/drivers/mss_ace/ace_convert.o
                0x00007344                ACE_convert_to_mV
 .text.ACE_convert_to_mA
                0x00007444       0xb4 ./MicroSemi_Code/drivers/mss_ace/ace_convert.o
                0x00007444                ACE_convert_to_mA
 .text.ACE_convert_to_uA
                0x000074f8       0xb0 ./MicroSemi_Code/drivers/mss_ace/ace_convert.o
                0x000074f8                ACE_convert_to_uA
 .text.ACE_convert_to_Kelvin
                0x000075a8       0x4c ./MicroSemi_Code/drivers/mss_ace/ace_convert.o
                0x000075a8                ACE_convert_to_Kelvin
 .text.ACE_convert_to_Celsius
                0x000075f4       0x3c ./MicroSemi_Code/drivers/mss_ace/ace_convert.o
                0x000075f4                ACE_convert_to_Celsius
 .text.ACE_convert_to_Fahrenheit
                0x00007630       0x58 ./MicroSemi_Code/drivers/mss_ace/ace_convert.o
                0x00007630                ACE_convert_to_Fahrenheit
 .text.ACE_get_channel_name
                0x00007688       0x38 ./MicroSemi_Code/drivers/mss_ace/ace_convert.o
                0x00007688                ACE_get_channel_name
 .text.ACE_convert_mV_to_adc_value
                0x000076c0       0xa0 ./MicroSemi_Code/drivers/mss_ace/ace_convert.o
                0x000076c0                ACE_convert_mV_to_adc_value
 .text.convert_mV_to_ppe_value
                0x00007760       0x7c ./MicroSemi_Code/drivers/mss_ace/ace_convert.o
 .text.ACE_convert_from_mV
                0x000077dc      0x110 ./MicroSemi_Code/drivers/mss_ace/ace_convert.o
                0x000077dc                ACE_convert_from_mV
 .text.ACE_convert_from_mA
                0x000078ec       0xc4 ./MicroSemi_Code/drivers/mss_ace/ace_convert.o
                0x000078ec                ACE_convert_from_mA
 .text.ACE_convert_from_uA
                0x000079b0       0xc4 ./MicroSemi_Code/drivers/mss_ace/ace_convert.o
                0x000079b0                ACE_convert_from_uA
 .text.ACE_convert_from_Kelvin
                0x00007a74       0x58 ./MicroSemi_Code/drivers/mss_ace/ace_convert.o
                0x00007a74                ACE_convert_from_Kelvin
 .text.ACE_convert_from_Celsius
                0x00007acc       0x4c ./MicroSemi_Code/drivers/mss_ace/ace_convert.o
                0x00007acc                ACE_convert_from_Celsius
 .text.ACE_convert_from_Fahrenheit
                0x00007b18       0x64 ./MicroSemi_Code/drivers/mss_ace/ace_convert.o
                0x00007b18                ACE_convert_from_Fahrenheit
 .text.ACE_translate_pdma_value
                0x00007b7c       0x34 ./MicroSemi_Code/drivers/mss_ace/ace_convert.o
                0x00007b7c                ACE_translate_pdma_value
 .text          0x00007bb0        0x0 ./MicroSemi_Code/drivers/mss_ace/ace_flags.o
 .text.NVIC_ClearPendingIRQ
                0x00007bb0       0x3c ./MicroSemi_Code/drivers/mss_ace/ace_flags.o
 .text.ace_init_flags
                0x00007bec        0xc ./MicroSemi_Code/drivers/mss_ace/ace_flags.o
                0x00007bec                ace_init_flags
 .text.ACE_is_hysteresis_flag
                0x00007bf8       0x20 ./MicroSemi_Code/drivers/mss_ace/ace_flags.o
                0x00007bf8                ACE_is_hysteresis_flag
 .text.ACE_is_under_flag
                0x00007c18       0x20 ./MicroSemi_Code/drivers/mss_ace/ace_flags.o
                0x00007c18                ACE_is_under_flag
 .text.ACE_set_flag_threshold
                0x00007c38       0x18 ./MicroSemi_Code/drivers/mss_ace/ace_flags.o
                0x00007c38                ACE_set_flag_threshold
 .text.ACE_set_flag_assertion
                0x00007c50       0x18 ./MicroSemi_Code/drivers/mss_ace/ace_flags.o
                0x00007c50                ACE_set_flag_assertion
 .text.ACE_set_flag_deassertion
                0x00007c68       0x18 ./MicroSemi_Code/drivers/mss_ace/ace_flags.o
                0x00007c68                ACE_set_flag_deassertion
 .text.ACE_set_flag_hysteresis
                0x00007c80       0x18 ./MicroSemi_Code/drivers/mss_ace/ace_flags.o
                0x00007c80                ACE_set_flag_hysteresis
 .text.ACE_set_channel_hysteresis
                0x00007c98       0x18 ./MicroSemi_Code/drivers/mss_ace/ace_flags.o
                0x00007c98                ACE_set_channel_hysteresis
 .text.ACE_get_flag_handle
                0x00007cb0       0x1c ./MicroSemi_Code/drivers/mss_ace/ace_flags.o
                0x00007cb0                ACE_get_flag_handle
 .text.ACE_get_flag_status
                0x00007ccc       0x20 ./MicroSemi_Code/drivers/mss_ace/ace_flags.o
                0x00007ccc                ACE_get_flag_status
 .text.ACE_get_flag_name
                0x00007cec       0x20 ./MicroSemi_Code/drivers/mss_ace/ace_flags.o
                0x00007cec                ACE_get_flag_name
 .text.ACE_get_flag_channel
                0x00007d0c       0x20 ./MicroSemi_Code/drivers/mss_ace/ace_flags.o
                0x00007d0c                ACE_get_flag_channel
 .text.ACE_get_channel_flag_count
                0x00007d2c       0x20 ./MicroSemi_Code/drivers/mss_ace/ace_flags.o
                0x00007d2c                ACE_get_channel_flag_count
 .text.ACE_get_channel_first_flag
                0x00007d4c       0x20 ./MicroSemi_Code/drivers/mss_ace/ace_flags.o
                0x00007d4c                ACE_get_channel_first_flag
 .text.ACE_get_channel_next_flag
                0x00007d6c       0x20 ./MicroSemi_Code/drivers/mss_ace/ace_flags.o
                0x00007d6c                ACE_get_channel_next_flag
 .text.ACE_enable_channel_flags_irq
                0x00007d8c       0x14 ./MicroSemi_Code/drivers/mss_ace/ace_flags.o
                0x00007d8c                ACE_enable_channel_flags_irq
 .text.ACE_disable_channel_flags_irq
                0x00007da0       0x14 ./MicroSemi_Code/drivers/mss_ace/ace_flags.o
                0x00007da0                ACE_disable_channel_flags_irq
 .text.ACE_clear_channel_flags_irq
                0x00007db4       0x14 ./MicroSemi_Code/drivers/mss_ace/ace_flags.o
                0x00007db4                ACE_clear_channel_flags_irq
 .text.ACE_enable_flag_irq
                0x00007dc8       0x14 ./MicroSemi_Code/drivers/mss_ace/ace_flags.o
                0x00007dc8                ACE_enable_flag_irq
 .text.ACE_disable_flag_irq
                0x00007ddc       0x14 ./MicroSemi_Code/drivers/mss_ace/ace_flags.o
                0x00007ddc                ACE_disable_flag_irq
 .text.ACE_clear_flag_irq
                0x00007df0       0x14 ./MicroSemi_Code/drivers/mss_ace/ace_flags.o
                0x00007df0                ACE_clear_flag_irq
 .text.ACE_register_flag_isr
                0x00007e04       0x18 ./MicroSemi_Code/drivers/mss_ace/ace_flags.o
                0x00007e04                ACE_register_flag_isr
 .text.ACE_register_channel_flags_isr
                0x00007e1c       0x18 ./MicroSemi_Code/drivers/mss_ace/ace_flags.o
                0x00007e1c                ACE_register_channel_flags_isr
 .text.ACE_register_global_flags_isr
                0x00007e34       0x14 ./MicroSemi_Code/drivers/mss_ace/ace_flags.o
                0x00007e34                ACE_register_global_flags_isr
 .text.process_flag_irq
                0x00007e48       0x14 ./MicroSemi_Code/drivers/mss_ace/ace_flags.o
 .text.ACE_PPE_Flag0_IRQHandler
                0x00007e5c       0x28 ./MicroSemi_Code/drivers/mss_ace/ace_flags.o
                0x00007e5c                ACE_PPE_Flag0_IRQHandler
 .text.ACE_PPE_Flag1_IRQHandler
                0x00007e84       0x28 ./MicroSemi_Code/drivers/mss_ace/ace_flags.o
                0x00007e84                ACE_PPE_Flag1_IRQHandler
 .text.ACE_PPE_Flag2_IRQHandler
                0x00007eac       0x28 ./MicroSemi_Code/drivers/mss_ace/ace_flags.o
                0x00007eac                ACE_PPE_Flag2_IRQHandler
 .text.ACE_PPE_Flag3_IRQHandler
                0x00007ed4       0x28 ./MicroSemi_Code/drivers/mss_ace/ace_flags.o
                0x00007ed4                ACE_PPE_Flag3_IRQHandler
 .text.ACE_PPE_Flag4_IRQHandler
                0x00007efc       0x28 ./MicroSemi_Code/drivers/mss_ace/ace_flags.o
                0x00007efc                ACE_PPE_Flag4_IRQHandler
 .text.ACE_PPE_Flag5_IRQHandler
                0x00007f24       0x28 ./MicroSemi_Code/drivers/mss_ace/ace_flags.o
                0x00007f24                ACE_PPE_Flag5_IRQHandler
 .text.ACE_PPE_Flag6_IRQHandler
                0x00007f4c       0x28 ./MicroSemi_Code/drivers/mss_ace/ace_flags.o
                0x00007f4c                ACE_PPE_Flag6_IRQHandler
 .text.ACE_PPE_Flag7_IRQHandler
                0x00007f74       0x28 ./MicroSemi_Code/drivers/mss_ace/ace_flags.o
                0x00007f74                ACE_PPE_Flag7_IRQHandler
 .text.ACE_PPE_Flag8_IRQHandler
                0x00007f9c       0x28 ./MicroSemi_Code/drivers/mss_ace/ace_flags.o
                0x00007f9c                ACE_PPE_Flag8_IRQHandler
 .text.ACE_PPE_Flag9_IRQHandler
                0x00007fc4       0x28 ./MicroSemi_Code/drivers/mss_ace/ace_flags.o
                0x00007fc4                ACE_PPE_Flag9_IRQHandler
 .text.ACE_PPE_Flag10_IRQHandler
                0x00007fec       0x28 ./MicroSemi_Code/drivers/mss_ace/ace_flags.o
                0x00007fec                ACE_PPE_Flag10_IRQHandler
 .text.ACE_PPE_Flag11_IRQHandler
                0x00008014       0x28 ./MicroSemi_Code/drivers/mss_ace/ace_flags.o
                0x00008014                ACE_PPE_Flag11_IRQHandler
 .text.ACE_PPE_Flag12_IRQHandler
                0x0000803c       0x28 ./MicroSemi_Code/drivers/mss_ace/ace_flags.o
                0x0000803c                ACE_PPE_Flag12_IRQHandler
 .text.ACE_PPE_Flag13_IRQHandler
                0x00008064       0x28 ./MicroSemi_Code/drivers/mss_ace/ace_flags.o
                0x00008064                ACE_PPE_Flag13_IRQHandler
 .text.ACE_PPE_Flag14_IRQHandler
                0x0000808c       0x28 ./MicroSemi_Code/drivers/mss_ace/ace_flags.o
                0x0000808c                ACE_PPE_Flag14_IRQHandler
 .text.ACE_PPE_Flag15_IRQHandler
                0x000080b4       0x28 ./MicroSemi_Code/drivers/mss_ace/ace_flags.o
                0x000080b4                ACE_PPE_Flag15_IRQHandler
 .text.ACE_PPE_Flag16_IRQHandler
                0x000080dc       0x28 ./MicroSemi_Code/drivers/mss_ace/ace_flags.o
                0x000080dc                ACE_PPE_Flag16_IRQHandler
 .text.ACE_PPE_Flag17_IRQHandler
                0x00008104       0x28 ./MicroSemi_Code/drivers/mss_ace/ace_flags.o
                0x00008104                ACE_PPE_Flag17_IRQHandler
 .text.ACE_PPE_Flag18_IRQHandler
                0x0000812c       0x28 ./MicroSemi_Code/drivers/mss_ace/ace_flags.o
                0x0000812c                ACE_PPE_Flag18_IRQHandler
 .text.ACE_PPE_Flag19_IRQHandler
                0x00008154       0x28 ./MicroSemi_Code/drivers/mss_ace/ace_flags.o
                0x00008154                ACE_PPE_Flag19_IRQHandler
 .text.ACE_PPE_Flag20_IRQHandler
                0x0000817c       0x28 ./MicroSemi_Code/drivers/mss_ace/ace_flags.o
                0x0000817c                ACE_PPE_Flag20_IRQHandler
 .text.ACE_PPE_Flag21_IRQHandler
                0x000081a4       0x28 ./MicroSemi_Code/drivers/mss_ace/ace_flags.o
                0x000081a4                ACE_PPE_Flag21_IRQHandler
 .text.ACE_PPE_Flag22_IRQHandler
                0x000081cc       0x28 ./MicroSemi_Code/drivers/mss_ace/ace_flags.o
                0x000081cc                ACE_PPE_Flag22_IRQHandler
 .text.ACE_PPE_Flag23_IRQHandler
                0x000081f4       0x28 ./MicroSemi_Code/drivers/mss_ace/ace_flags.o
                0x000081f4                ACE_PPE_Flag23_IRQHandler
 .text.ACE_PPE_Flag24_IRQHandler
                0x0000821c       0x28 ./MicroSemi_Code/drivers/mss_ace/ace_flags.o
                0x0000821c                ACE_PPE_Flag24_IRQHandler
 .text.ACE_PPE_Flag25_IRQHandler
                0x00008244       0x28 ./MicroSemi_Code/drivers/mss_ace/ace_flags.o
                0x00008244                ACE_PPE_Flag25_IRQHandler
 .text.ACE_PPE_Flag26_IRQHandler
                0x0000826c       0x28 ./MicroSemi_Code/drivers/mss_ace/ace_flags.o
                0x0000826c                ACE_PPE_Flag26_IRQHandler
 .text.ACE_PPE_Flag27_IRQHandler
                0x00008294       0x28 ./MicroSemi_Code/drivers/mss_ace/ace_flags.o
                0x00008294                ACE_PPE_Flag27_IRQHandler
 .text.ACE_PPE_Flag28_IRQHandler
                0x000082bc       0x28 ./MicroSemi_Code/drivers/mss_ace/ace_flags.o
                0x000082bc                ACE_PPE_Flag28_IRQHandler
 .text.ACE_PPE_Flag29_IRQHandler
                0x000082e4       0x28 ./MicroSemi_Code/drivers/mss_ace/ace_flags.o
                0x000082e4                ACE_PPE_Flag29_IRQHandler
 .text.ACE_PPE_Flag30_IRQHandler
                0x0000830c       0x28 ./MicroSemi_Code/drivers/mss_ace/ace_flags.o
                0x0000830c                ACE_PPE_Flag30_IRQHandler
 .text.ACE_PPE_Flag31_IRQHandler
                0x00008334       0x28 ./MicroSemi_Code/drivers/mss_ace/ace_flags.o
                0x00008334                ACE_PPE_Flag31_IRQHandler
 .text          0x0000835c        0x0 ./MicroSemi_Code/drivers/mss_ace/ace_sse.o
 .text.ACE_get_sse_seq_handle
                0x0000835c       0x84 ./MicroSemi_Code/drivers/mss_ace/ace_sse.o
                0x0000835c                ACE_get_sse_seq_handle
 .text.ACE_load_sse
                0x000083e0      0x130 ./MicroSemi_Code/drivers/mss_ace/ace_sse.o
                0x000083e0                ACE_load_sse
 .text.ACE_start_sse
                0x00008510      0x140 ./MicroSemi_Code/drivers/mss_ace/ace_sse.o
                0x00008510                ACE_start_sse
 .text.ACE_restart_sse
                0x00008650      0x124 ./MicroSemi_Code/drivers/mss_ace/ace_sse.o
                0x00008650                ACE_restart_sse
 .text.ACE_stop_sse
                0x00008774       0x54 ./MicroSemi_Code/drivers/mss_ace/ace_sse.o
                0x00008774                ACE_stop_sse
 .text.ACE_resume_sse
                0x000087c8       0x54 ./MicroSemi_Code/drivers/mss_ace/ace_sse.o
                0x000087c8                ACE_resume_sse
 .text.ACE_enable_sse_irq
                0x0000881c       0x48 ./MicroSemi_Code/drivers/mss_ace/ace_sse.o
                0x0000881c                ACE_enable_sse_irq
 .text.ACE_disable_sse_irq
                0x00008864       0x64 ./MicroSemi_Code/drivers/mss_ace/ace_sse.o
                0x00008864                ACE_disable_sse_irq
 .text.ACE_clear_sse_irq
                0x000088c8       0x6c ./MicroSemi_Code/drivers/mss_ace/ace_sse.o
                0x000088c8                ACE_clear_sse_irq
 .text.ACE_clear_sample_pipeline
                0x00008934      0x178 ./MicroSemi_Code/drivers/mss_ace/ace_sse.o
                0x00008934                ACE_clear_sample_pipeline
 .text          0x00008aac        0x0 ./MicroSemi_Code/drivers/mss_ace/ace_transform.o
 .text.ACE_get_default_m_factor
                0x00008aac       0x30 ./MicroSemi_Code/drivers/mss_ace/ace_transform.o
                0x00008aac                ACE_get_default_m_factor
 .text.ACE_get_default_c_offset
                0x00008adc       0x34 ./MicroSemi_Code/drivers/mss_ace/ace_transform.o
                0x00008adc                ACE_get_default_c_offset
 .text.ACE_set_linear_transform
                0x00008b10      0x17c ./MicroSemi_Code/drivers/mss_ace/ace_transform.o
                0x00008b10                ACE_set_linear_transform
 .text.extend_sign
                0x00008c8c       0x30 ./MicroSemi_Code/drivers/mss_ace/ace_transform.o
                0x00008c8c                extend_sign
 .text.adjust_to_24bit_ace_format
                0x00008cbc       0x80 ./MicroSemi_Code/drivers/mss_ace/ace_transform.o
                0x00008cbc                adjust_to_24bit_ace_format
 .text.adjust_to_16bit_ace_format
                0x00008d3c       0x80 ./MicroSemi_Code/drivers/mss_ace/ace_transform.o
                0x00008d3c                adjust_to_16bit_ace_format
 .text.get_calibration
                0x00008dbc      0x380 ./MicroSemi_Code/drivers/mss_ace/ace_transform.o
                0x00008dbc                get_calibration
 .text.write_transform_coefficients
                0x0000913c       0xac ./MicroSemi_Code/drivers/mss_ace/ace_transform.o
                0x0000913c                write_transform_coefficients
 .text          0x000091e8        0x0 ./MicroSemi_Code/drivers/mss_ace/mss_ace.o
 .text.ACE_init
                0x000091e8       0x10 ./MicroSemi_Code/drivers/mss_ace/mss_ace.o
                0x000091e8                ACE_init
 .text.ACE_start_adc
                0x000091f8       0x2c ./MicroSemi_Code/drivers/mss_ace/mss_ace.o
                0x000091f8                ACE_start_adc
 .text.ACE_get_adc_result
                0x00009224       0x64 ./MicroSemi_Code/drivers/mss_ace/mss_ace.o
                0x00009224                ACE_get_adc_result
 .text.ACE_configure_sdd
                0x00009288      0x1a0 ./MicroSemi_Code/drivers/mss_ace/mss_ace.o
                0x00009288                ACE_configure_sdd
 .text.ACE_enable_sdd
                0x00009428       0x48 ./MicroSemi_Code/drivers/mss_ace/mss_ace.o
                0x00009428                ACE_enable_sdd
 .text.ACE_disable_sdd
                0x00009470       0x48 ./MicroSemi_Code/drivers/mss_ace/mss_ace.o
                0x00009470                ACE_disable_sdd
 .text.ACE_set_sdd_value
                0x000094b8       0x4c ./MicroSemi_Code/drivers/mss_ace/mss_ace.o
                0x000094b8                ACE_set_sdd_value
 .text.ACE_set_sdd_value_sync
                0x00009504       0xd0 ./MicroSemi_Code/drivers/mss_ace/mss_ace.o
                0x00009504                ACE_set_sdd_value_sync
 .text.ACE_set_comp_reference
                0x000095d4      0x1b4 ./MicroSemi_Code/drivers/mss_ace/mss_ace.o
                0x000095d4                ACE_set_comp_reference
 .text.ACE_set_comp_hysteresis
                0x00009788      0x128 ./MicroSemi_Code/drivers/mss_ace/mss_ace.o
                0x00009788                ACE_set_comp_hysteresis
 .text.ACE_enable_comp
                0x000098b0       0xfc ./MicroSemi_Code/drivers/mss_ace/mss_ace.o
                0x000098b0                ACE_enable_comp
 .text.ACE_disable_comp
                0x000099ac       0xf8 ./MicroSemi_Code/drivers/mss_ace/mss_ace.o
                0x000099ac                ACE_disable_comp
 .text.ACE_enable_comp_rise_irq
                0x00009aa4       0x50 ./MicroSemi_Code/drivers/mss_ace/mss_ace.o
                0x00009aa4                ACE_enable_comp_rise_irq
 .text.ACE_disable_comp_rise_irq
                0x00009af4       0x70 ./MicroSemi_Code/drivers/mss_ace/mss_ace.o
                0x00009af4                ACE_disable_comp_rise_irq
 .text.ACE_clear_comp_rise_irq
                0x00009b64       0x6c ./MicroSemi_Code/drivers/mss_ace/mss_ace.o
                0x00009b64                ACE_clear_comp_rise_irq
 .text.ACE_enable_comp_fall_irq
                0x00009bd0       0x50 ./MicroSemi_Code/drivers/mss_ace/mss_ace.o
                0x00009bd0                ACE_enable_comp_fall_irq
 .text.ACE_disable_comp_fall_irq
                0x00009c20       0x70 ./MicroSemi_Code/drivers/mss_ace/mss_ace.o
                0x00009c20                ACE_disable_comp_fall_irq
 .text.ACE_clear_comp_fall_irq
                0x00009c90       0x6c ./MicroSemi_Code/drivers/mss_ace/mss_ace.o
                0x00009c90                ACE_clear_comp_fall_irq
 .text.ACE_get_comp_status
                0x00009cfc       0x20 ./MicroSemi_Code/drivers/mss_ace/mss_ace.o
                0x00009cfc                ACE_get_comp_status
 .text.ACE_get_channel_count
                0x00009d1c       0x10 ./MicroSemi_Code/drivers/mss_ace/mss_ace.o
                0x00009d1c                ACE_get_channel_count
 .text.ACE_get_first_channel
                0x00009d2c       0x1c ./MicroSemi_Code/drivers/mss_ace/mss_ace.o
                0x00009d2c                ACE_get_first_channel
 .text.ACE_get_next_channel
                0x00009d48       0x2c ./MicroSemi_Code/drivers/mss_ace/mss_ace.o
                0x00009d48                ACE_get_next_channel
 .text.ACE_get_channel_handle
                0x00009d74       0x74 ./MicroSemi_Code/drivers/mss_ace/mss_ace.o
                0x00009d74                ACE_get_channel_handle
 .text.ACE_get_input_channel_handle
                0x00009de8       0x54 ./MicroSemi_Code/drivers/mss_ace/mss_ace.o
                0x00009de8                ACE_get_input_channel_handle
 .text.ACE_get_ppe_sample
                0x00009e3c       0x54 ./MicroSemi_Code/drivers/mss_ace/mss_ace.o
                0x00009e3c                ACE_get_ppe_sample
 .text          0x00009e90        0x0 ./MicroSemi_Code/CMSIS/brownout_isr.o
 .text.BrownOut_1_5V_IRQHandler
                0x00009e90       0xb0 ./MicroSemi_Code/CMSIS/brownout_isr.o
                0x00009e90                BrownOut_1_5V_IRQHandler
 .text          0x00009f40        0x0 ./MicroSemi_Code/CMSIS/core_cm3.o
 .text.__get_PSP
                0x00009f40       0x10 ./MicroSemi_Code/CMSIS/core_cm3.o
                0x00009f40                __get_PSP
 .text.__set_PSP
                0x00009f50        0x8 ./MicroSemi_Code/CMSIS/core_cm3.o
                0x00009f50                __set_PSP
 .text.__get_MSP
                0x00009f58       0x10 ./MicroSemi_Code/CMSIS/core_cm3.o
                0x00009f58                __get_MSP
 .text.__set_MSP
                0x00009f68        0x8 ./MicroSemi_Code/CMSIS/core_cm3.o
                0x00009f68                __set_MSP
 .text.__get_BASEPRI
                0x00009f70       0x20 ./MicroSemi_Code/CMSIS/core_cm3.o
                0x00009f70                __get_BASEPRI
 .text.__set_BASEPRI
                0x00009f90       0x18 ./MicroSemi_Code/CMSIS/core_cm3.o
                0x00009f90                __set_BASEPRI
 .text.__get_PRIMASK
                0x00009fa8       0x20 ./MicroSemi_Code/CMSIS/core_cm3.o
                0x00009fa8                __get_PRIMASK
 .text.__set_PRIMASK
                0x00009fc8       0x18 ./MicroSemi_Code/CMSIS/core_cm3.o
                0x00009fc8                __set_PRIMASK
 .text.__get_FAULTMASK
                0x00009fe0       0x20 ./MicroSemi_Code/CMSIS/core_cm3.o
                0x00009fe0                __get_FAULTMASK
 .text.__set_FAULTMASK
                0x0000a000       0x18 ./MicroSemi_Code/CMSIS/core_cm3.o
                0x0000a000                __set_FAULTMASK
 .text.__get_CONTROL
                0x0000a018       0x20 ./MicroSemi_Code/CMSIS/core_cm3.o
                0x0000a018                __get_CONTROL
 .text.__set_CONTROL
                0x0000a038       0x18 ./MicroSemi_Code/CMSIS/core_cm3.o
                0x0000a038                __set_CONTROL
 .text.__REV    0x0000a050       0x24 ./MicroSemi_Code/CMSIS/core_cm3.o
                0x0000a050                __REV
 .text.__REV16  0x0000a074       0x24 ./MicroSemi_Code/CMSIS/core_cm3.o
                0x0000a074                __REV16
 .text.__REVSH  0x0000a098       0x24 ./MicroSemi_Code/CMSIS/core_cm3.o
                0x0000a098                __REVSH
 .text.__RBIT   0x0000a0bc       0x24 ./MicroSemi_Code/CMSIS/core_cm3.o
                0x0000a0bc                __RBIT
 .text.__LDREXB
                0x0000a0e0       0x24 ./MicroSemi_Code/CMSIS/core_cm3.o
                0x0000a0e0                __LDREXB
 .text.__LDREXH
                0x0000a104       0x24 ./MicroSemi_Code/CMSIS/core_cm3.o
                0x0000a104                __LDREXH
 .text.__LDREXW
                0x0000a128       0x24 ./MicroSemi_Code/CMSIS/core_cm3.o
                0x0000a128                __LDREXW
 .text.__STREXB
                0x0000a14c       0x2c ./MicroSemi_Code/CMSIS/core_cm3.o
                0x0000a14c                __STREXB
 .text.__STREXH
                0x0000a178       0x2c ./MicroSemi_Code/CMSIS/core_cm3.o
                0x0000a178                __STREXH
 .text.__STREXW
                0x0000a1a4       0x28 ./MicroSemi_Code/CMSIS/core_cm3.o
                0x0000a1a4                __STREXW
 .text          0x0000a1cc        0x0 ./MicroSemi_Code/CMSIS/system_a2fxxxm3.o
 .text.SystemInit
                0x0000a1cc        0xc ./MicroSemi_Code/CMSIS/system_a2fxxxm3.o
                0x0000a1cc                SystemInit
 .text.SystemCoreClockUpdate
                0x0000a1d8      0x150 ./MicroSemi_Code/CMSIS/system_a2fxxxm3.o
                0x0000a1d8                SystemCoreClockUpdate
 .text.GetSystemClock
                0x0000a328       0xe8 ./MicroSemi_Code/CMSIS/system_a2fxxxm3.o
 .text          0x0000a410        0x0 ./MicroSemi_Code/CMSIS/startup_gcc/newlib_stubs.o
 .text._close   0x0000a410       0x18 ./MicroSemi_Code/CMSIS/startup_gcc/newlib_stubs.o
                0x0000a410                _close
 .text._execve  0x0000a428       0x28 ./MicroSemi_Code/CMSIS/startup_gcc/newlib_stubs.o
                0x0000a428                _execve
 .text._exit    0x0000a450        0xc ./MicroSemi_Code/CMSIS/startup_gcc/newlib_stubs.o
                0x0000a450                _exit
 .text._fork    0x0000a45c       0x18 ./MicroSemi_Code/CMSIS/startup_gcc/newlib_stubs.o
                0x0000a45c                _fork
 .text._fstat   0x0000a474       0x24 ./MicroSemi_Code/CMSIS/startup_gcc/newlib_stubs.o
                0x0000a474                _fstat
 .text._getpid  0x0000a498       0x10 ./MicroSemi_Code/CMSIS/startup_gcc/newlib_stubs.o
                0x0000a498                _getpid
 .text._isatty  0x0000a4a8       0x18 ./MicroSemi_Code/CMSIS/startup_gcc/newlib_stubs.o
                0x0000a4a8                _isatty
 .text._kill    0x0000a4c0       0x24 ./MicroSemi_Code/CMSIS/startup_gcc/newlib_stubs.o
                0x0000a4c0                _kill
 .text._link    0x0000a4e4       0x24 ./MicroSemi_Code/CMSIS/startup_gcc/newlib_stubs.o
                0x0000a4e4                _link
 .text._lseek   0x0000a508       0x1c ./MicroSemi_Code/CMSIS/startup_gcc/newlib_stubs.o
                0x0000a508                _lseek
 .text._open    0x0000a524       0x1c ./MicroSemi_Code/CMSIS/startup_gcc/newlib_stubs.o
                0x0000a524                _open
 .text._read    0x0000a540       0x1c ./MicroSemi_Code/CMSIS/startup_gcc/newlib_stubs.o
                0x0000a540                _read
 .text._write_r
                0x0000a55c       0x5c ./MicroSemi_Code/CMSIS/startup_gcc/newlib_stubs.o
                0x0000a55c                _write_r
 .text._sbrk    0x0000a5b8       0x94 ./MicroSemi_Code/CMSIS/startup_gcc/newlib_stubs.o
                0x0000a5b8                _sbrk
 .text._stat    0x0000a64c       0x24 ./MicroSemi_Code/CMSIS/startup_gcc/newlib_stubs.o
                0x0000a64c                _stat
 .text._times   0x0000a670       0x18 ./MicroSemi_Code/CMSIS/startup_gcc/newlib_stubs.o
                0x0000a670                _times
 .text._unlink  0x0000a688       0x24 ./MicroSemi_Code/CMSIS/startup_gcc/newlib_stubs.o
                0x0000a688                _unlink
 .text._wait    0x0000a6ac       0x24 ./MicroSemi_Code/CMSIS/startup_gcc/newlib_stubs.o
                0x0000a6ac                _wait
 .text          0x0000a6d0        0x0 ./MicroSemi_Code/CMSIS/startup_gcc/startup_a2fxxxm3.o
 .text          0x0000a6d0        0x0 ./Helpers/uart_helper.o
 .text.uart_string_print
                0x0000a6d0       0x24 ./Helpers/uart_helper.o
                0x0000a6d0                uart_string_print
 .text          0x0000a6f4        0x0 ./FreeTCPIP/psock.o
 .text.buf_setup
                0x0000a6f4       0x24 ./FreeTCPIP/psock.o
 .text.buf_bufdata
                0x0000a718      0x11c ./FreeTCPIP/psock.o
 .text.buf_bufto
                0x0000a834       0xa8 ./FreeTCPIP/psock.o
 .text.send_data
                0x0000a8dc       0x6c ./FreeTCPIP/psock.o
 .text.data_acked
                0x0000a948       0x88 ./FreeTCPIP/psock.o
 .text.psock_send
                0x0000a9d0       0x94 ./FreeTCPIP/psock.o
                0x0000a9d0                psock_send
 .text.psock_generator_send
                0x0000aa64       0xb8 ./FreeTCPIP/psock.o
                0x0000aa64                psock_generator_send
 .text.psock_datalen
                0x0000ab1c       0x24 ./FreeTCPIP/psock.o
                0x0000ab1c                psock_datalen
 .text.psock_newdata
                0x0000ab40       0x58 ./FreeTCPIP/psock.o
                0x0000ab40                psock_newdata
 .text.psock_readto
                0x0000ab98       0xc8 ./FreeTCPIP/psock.o
                0x0000ab98                psock_readto
 .text.psock_readbuf
                0x0000ac60       0xc4 ./FreeTCPIP/psock.o
                0x0000ac60                psock_readbuf
 .text.psock_init
                0x0000ad24       0x48 ./FreeTCPIP/psock.o
                0x0000ad24                psock_init
 .text          0x0000ad6c        0x0 ./FreeTCPIP/timer.o
 .text.timer_set
                0x0000ad6c       0x24 ./FreeTCPIP/timer.o
                0x0000ad6c                timer_set
 .text.timer_reset
                0x0000ad90       0x20 ./FreeTCPIP/timer.o
                0x0000ad90                timer_reset
 .text.timer_restart
                0x0000adb0       0x1c ./FreeTCPIP/timer.o
                0x0000adb0                timer_restart
 .text.timer_expired
                0x0000adcc       0x2c ./FreeTCPIP/timer.o
                0x0000adcc                timer_expired
 .text.timer_remaining
                0x0000adf8       0x28 ./FreeTCPIP/timer.o
                0x0000adf8                timer_remaining
 .text          0x0000ae20        0x0 ./FreeTCPIP/uip.o
 .text.uip_setipid
                0x0000ae20       0x20 ./FreeTCPIP/uip.o
                0x0000ae20                uip_setipid
 .text.uip_add32
                0x0000ae40      0x14c ./FreeTCPIP/uip.o
                0x0000ae40                uip_add32
 .text.chksum   0x0000af8c       0x98 ./FreeTCPIP/uip.o
 .text.uip_chksum
                0x0000b024       0x30 ./FreeTCPIP/uip.o
                0x0000b024                uip_chksum
 .text.uip_ipchksum
                0x0000b054       0x48 ./FreeTCPIP/uip.o
                0x0000b054                uip_ipchksum
 .text.upper_layer_chksum
                0x0000b09c       0xa8 ./FreeTCPIP/uip.o
 .text.uip_tcpchksum
                0x0000b144       0x14 ./FreeTCPIP/uip.o
                0x0000b144                uip_tcpchksum
 .text.uip_udpchksum
                0x0000b158       0x14 ./FreeTCPIP/uip.o
                0x0000b158                uip_udpchksum
 .text.uip_init
                0x0000b16c       0xcc ./FreeTCPIP/uip.o
                0x0000b16c                uip_init
 .text.uip_connect
                0x0000b238      0x1e0 ./FreeTCPIP/uip.o
                0x0000b238                uip_connect
 .text.uip_unlisten
                0x0000b418       0x88 ./FreeTCPIP/uip.o
                0x0000b418                uip_unlisten
 .text.uip_listen
                0x0000b4a0       0x84 ./FreeTCPIP/uip.o
                0x0000b4a0                uip_listen
 .text.uip_add_rcv_nxt
                0x0000b524       0x84 ./FreeTCPIP/uip.o
 .text.uip_process
                0x0000b5a8     0x21b0 ./FreeTCPIP/uip.o
                0x0000b5a8                uip_process
 .text.htons    0x0000d758       0x30 ./FreeTCPIP/uip.o
                0x0000d758                htons
 .text.htonl    0x0000d788       0x5c ./FreeTCPIP/uip.o
                0x0000d788                htonl
 .text.uip_send
                0x0000d7e4       0x84 ./FreeTCPIP/uip.o
                0x0000d7e4                uip_send
 .text          0x0000d868        0x0 ./FreeTCPIP/uip_arp.o
 .text.uip_arp_init
                0x0000d868       0x70 ./FreeTCPIP/uip_arp.o
                0x0000d868                uip_arp_init
 .text.uip_arp_timer
                0x0000d8d8       0xd4 ./FreeTCPIP/uip_arp.o
                0x0000d8d8                uip_arp_timer
 .text.uip_arp_update
                0x0000d9ac      0x290 ./FreeTCPIP/uip_arp.o
 .text.uip_arp_arpin
                0x0000dc3c      0x308 ./FreeTCPIP/uip_arp.o
                0x0000dc3c                uip_arp_arpin
 .text.uip_arp_out
                0x0000df44      0x488 ./FreeTCPIP/uip_arp.o
                0x0000df44                uip_arp_out
 .text          0x0000e3cc        0x0 ./FreeTCPIP/http_Common/http-strings.o
 .text          0x0000e3cc        0x0 ./FreeTCPIP/http_Common/httpd-fs.o
 .text.httpd_fs_strcmp
                0x0000e3cc       0x6c ./FreeTCPIP/http_Common/httpd-fs.o
 .text.httpd_fs_open
                0x0000e438       0x88 ./FreeTCPIP/http_Common/httpd-fs.o
                0x0000e438                httpd_fs_open
 .text.httpd_fs_init
                0x0000e4c0       0x38 ./FreeTCPIP/http_Common/httpd-fs.o
                0x0000e4c0                httpd_fs_init
 .text.httpd_fs_count
                0x0000e4f8       0x60 ./FreeTCPIP/http_Common/httpd-fs.o
                0x0000e4f8                httpd_fs_count
 .text          0x0000e558        0x0 ./FreeTCPIP/http_Common/httpd.o
 .text.generate_part_of_file
                0x0000e558       0x78 ./FreeTCPIP/http_Common/httpd.o
 .text.send_file
                0x0000e5d0       0x98 ./FreeTCPIP/http_Common/httpd.o
 .text.send_part_of_file
                0x0000e668       0x68 ./FreeTCPIP/http_Common/httpd.o
 .text.next_scriptstate
                0x0000e6d0       0x54 ./FreeTCPIP/http_Common/httpd.o
 .text.handle_script
                0x0000e724      0x234 ./FreeTCPIP/http_Common/httpd.o
 .text.send_headers
                0x0000e958      0x2d8 ./FreeTCPIP/http_Common/httpd.o
 .text.handle_output
                0x0000ec30      0x18c ./FreeTCPIP/http_Common/httpd.o
 .text.handle_input
                0x0000edbc      0x1d0 ./FreeTCPIP/http_Common/httpd.o
 .text.handle_connection
                0x0000ef8c       0x28 ./FreeTCPIP/http_Common/httpd.o
 .text.httpd_appcall
                0x0000efb4      0x118 ./FreeTCPIP/http_Common/httpd.o
                0x0000efb4                httpd_appcall
 .text.httpd_init
                0x0000f0cc       0x10 ./FreeTCPIP/http_Common/httpd.o
                0x0000f0cc                httpd_init
 .text          0x0000f0dc        0x0 ./FreeRTOS_Source/list.o
 .text.vListInitialise
                0x0000f0dc       0x48 ./FreeRTOS_Source/list.o
                0x0000f0dc                vListInitialise
 .text.vListInitialiseItem
                0x0000f124       0x1c ./FreeRTOS_Source/list.o
                0x0000f124                vListInitialiseItem
 .text.vListInsertEnd
                0x0000f140       0x48 ./FreeRTOS_Source/list.o
                0x0000f140                vListInsertEnd
 .text.vListInsert
                0x0000f188       0x74 ./FreeRTOS_Source/list.o
                0x0000f188                vListInsert
 .text.uxListRemove
                0x0000f1fc       0x58 ./FreeRTOS_Source/list.o
                0x0000f1fc                uxListRemove
 .text          0x0000f254        0x0 ./FreeRTOS_Source/queue.o
 .text.xQueueGenericReset
                0x0000f254       0xec ./FreeRTOS_Source/queue.o
                0x0000f254                xQueueGenericReset
 .text.xQueueGenericCreate
                0x0000f340       0x80 ./FreeRTOS_Source/queue.o
                0x0000f340                xQueueGenericCreate
 .text.prvInitialiseNewQueue
                0x0000f3c0       0x48 ./FreeRTOS_Source/queue.o
 .text.prvInitialiseMutex
                0x0000f408       0x40 ./FreeRTOS_Source/queue.o
 .text.xQueueCreateMutex
                0x0000f448       0x38 ./FreeRTOS_Source/queue.o
                0x0000f448                xQueueCreateMutex
 .text.xQueueGiveMutexRecursive
                0x0000f480       0x74 ./FreeRTOS_Source/queue.o
                0x0000f480                xQueueGiveMutexRecursive
 .text.xQueueTakeMutexRecursive
                0x0000f4f4       0x74 ./FreeRTOS_Source/queue.o
                0x0000f4f4                xQueueTakeMutexRecursive
 .text.xQueueGenericSend
                0x0000f568      0x230 ./FreeRTOS_Source/queue.o
                0x0000f568                xQueueGenericSend
 .text.xQueueGenericSendFromISR
                0x0000f798      0x144 ./FreeRTOS_Source/queue.o
                0x0000f798                xQueueGenericSendFromISR
 .text.xQueueGiveFromISR
                0x0000f8dc      0x12c ./FreeRTOS_Source/queue.o
                0x0000f8dc                xQueueGiveFromISR
 .text.xQueueReceive
                0x0000fa08      0x1ec ./FreeRTOS_Source/queue.o
                0x0000fa08                xQueueReceive
 .text.xQueueSemaphoreTake
                0x0000fbf4      0x240 ./FreeRTOS_Source/queue.o
                0x0000fbf4                xQueueSemaphoreTake
 .text.xQueuePeek
                0x0000fe34      0x1f0 ./FreeRTOS_Source/queue.o
                0x0000fe34                xQueuePeek
 .text.xQueueReceiveFromISR
                0x00010024      0x118 ./FreeRTOS_Source/queue.o
                0x00010024                xQueueReceiveFromISR
 .text.xQueuePeekFromISR
                0x0001013c       0xd4 ./FreeRTOS_Source/queue.o
                0x0001013c                xQueuePeekFromISR
 .text.uxQueueMessagesWaiting
                0x00010210       0x3c ./FreeRTOS_Source/queue.o
                0x00010210                uxQueueMessagesWaiting
 .text.uxQueueSpacesAvailable
                0x0001024c       0x48 ./FreeRTOS_Source/queue.o
                0x0001024c                uxQueueSpacesAvailable
 .text.uxQueueMessagesWaitingFromISR
                0x00010294       0x3c ./FreeRTOS_Source/queue.o
                0x00010294                uxQueueMessagesWaitingFromISR
 .text.vQueueDelete
                0x000102d0       0x34 ./FreeRTOS_Source/queue.o
                0x000102d0                vQueueDelete
 .text.uxQueueGetQueueNumber
                0x00010304       0x18 ./FreeRTOS_Source/queue.o
                0x00010304                uxQueueGetQueueNumber
 .text.vQueueSetQueueNumber
                0x0001031c       0x1c ./FreeRTOS_Source/queue.o
                0x0001031c                vQueueSetQueueNumber
 .text.ucQueueGetQueueType
                0x00010338       0x1c ./FreeRTOS_Source/queue.o
                0x00010338                ucQueueGetQueueType
 .text.prvGetDisinheritPriorityAfterTimeout
                0x00010354       0x34 ./FreeRTOS_Source/queue.o
 .text.prvCopyDataToQueue
                0x00010388       0xf0 ./FreeRTOS_Source/queue.o
 .text.prvCopyDataFromQueue
                0x00010478       0x50 ./FreeRTOS_Source/queue.o
 .text.prvUnlockQueue
                0x000104c8       0xac ./FreeRTOS_Source/queue.o
 .text.prvIsQueueEmpty
                0x00010574       0x34 ./FreeRTOS_Source/queue.o
 .text.xQueueIsQueueEmptyFromISR
                0x000105a8       0x4c ./FreeRTOS_Source/queue.o
                0x000105a8                xQueueIsQueueEmptyFromISR
 .text.prvIsQueueFull
                0x000105f4       0x38 ./FreeRTOS_Source/queue.o
 .text.xQueueIsQueueFullFromISR
                0x0001062c       0x50 ./FreeRTOS_Source/queue.o
                0x0001062c                xQueueIsQueueFullFromISR
 .text.vQueueWaitForMessageRestricted
                0x0001067c       0x74 ./FreeRTOS_Source/queue.o
                0x0001067c                vQueueWaitForMessageRestricted
 .text          0x000106f0        0x0 ./FreeRTOS_Source/tasks.o
 .text.xTaskCreate
                0x000106f0       0x94 ./FreeRTOS_Source/tasks.o
                0x000106f0                xTaskCreate
 .text.prvInitialiseNewTask
                0x00010784      0x148 ./FreeRTOS_Source/tasks.o
 .text.prvAddNewTaskToReadyList
                0x000108cc      0x13c ./FreeRTOS_Source/tasks.o
 .text.vTaskDelete
                0x00010a08      0x16c ./FreeRTOS_Source/tasks.o
                0x00010a08                vTaskDelete
 .text.vTaskDelayUntil
                0x00010b74      0x110 ./FreeRTOS_Source/tasks.o
                0x00010b74                vTaskDelayUntil
 .text.vTaskDelay
                0x00010c84       0x70 ./FreeRTOS_Source/tasks.o
                0x00010c84                vTaskDelay
 .text.eTaskGetState
                0x00010cf4       0xe4 ./FreeRTOS_Source/tasks.o
                0x00010cf4                eTaskGetState
 .text.uxTaskPriorityGet
                0x00010dd8       0x38 ./FreeRTOS_Source/tasks.o
                0x00010dd8                uxTaskPriorityGet
 .text.uxTaskPriorityGetFromISR
                0x00010e10       0x5c ./FreeRTOS_Source/tasks.o
                0x00010e10                uxTaskPriorityGetFromISR
 .text.vTaskPrioritySet
                0x00010e6c      0x1b0 ./FreeRTOS_Source/tasks.o
                0x00010e6c                vTaskPrioritySet
 .text.vTaskSuspend
                0x0001101c      0x168 ./FreeRTOS_Source/tasks.o
                0x0001101c                vTaskSuspend
 .text.prvTaskIsTaskSuspended
                0x00011184       0x68 ./FreeRTOS_Source/tasks.o
 .text.vTaskResume
                0x000111ec       0xdc ./FreeRTOS_Source/tasks.o
                0x000111ec                vTaskResume
 .text.xTaskResumeFromISR
                0x000112c8      0x108 ./FreeRTOS_Source/tasks.o
                0x000112c8                xTaskResumeFromISR
 .text.vTaskStartScheduler
                0x000113d0       0xb4 ./FreeRTOS_Source/tasks.o
                0x000113d0                vTaskStartScheduler
 .text.vTaskEndScheduler
                0x00011484       0x34 ./FreeRTOS_Source/tasks.o
                0x00011484                vTaskEndScheduler
 .text.vTaskSuspendAll
                0x000114b8       0x24 ./FreeRTOS_Source/tasks.o
                0x000114b8                vTaskSuspendAll
 .text.xTaskResumeAll
                0x000114dc      0x1a0 ./FreeRTOS_Source/tasks.o
                0x000114dc                xTaskResumeAll
 .text.xTaskGetTickCount
                0x0001167c       0x20 ./FreeRTOS_Source/tasks.o
                0x0001167c                xTaskGetTickCount
 .text.xTaskGetTickCountFromISR
                0x0001169c       0x28 ./FreeRTOS_Source/tasks.o
                0x0001169c                xTaskGetTickCountFromISR
 .text.uxTaskGetNumberOfTasks
                0x000116c4       0x18 ./FreeRTOS_Source/tasks.o
                0x000116c4                uxTaskGetNumberOfTasks
 .text.pcTaskGetName
                0x000116dc       0x4c ./FreeRTOS_Source/tasks.o
                0x000116dc                pcTaskGetName
 .text.uxTaskGetSystemState
                0x00011728      0x160 ./FreeRTOS_Source/tasks.o
                0x00011728                uxTaskGetSystemState
 .text.xTaskIncrementTick
                0x00011888      0x204 ./FreeRTOS_Source/tasks.o
                0x00011888                xTaskIncrementTick
 .text.vTaskSwitchContext
                0x00011a8c      0x1a8 ./FreeRTOS_Source/tasks.o
                0x00011a8c                vTaskSwitchContext
 .text.vTaskPlaceOnEventList
                0x00011c34       0x4c ./FreeRTOS_Source/tasks.o
                0x00011c34                vTaskPlaceOnEventList
 .text.vTaskPlaceOnUnorderedEventList
                0x00011c80       0x84 ./FreeRTOS_Source/tasks.o
                0x00011c80                vTaskPlaceOnUnorderedEventList
 .text.vTaskPlaceOnEventListRestricted
                0x00011d04       0x58 ./FreeRTOS_Source/tasks.o
                0x00011d04                vTaskPlaceOnEventListRestricted
 .text.xTaskRemoveFromEventList
                0x00011d5c       0xf0 ./FreeRTOS_Source/tasks.o
                0x00011d5c                xTaskRemoveFromEventList
 .text.vTaskRemoveFromUnorderedEventList
                0x00011e4c       0xe0 ./FreeRTOS_Source/tasks.o
                0x00011e4c                vTaskRemoveFromUnorderedEventList
 .text.vTaskSetTimeOutState
                0x00011f2c       0x50 ./FreeRTOS_Source/tasks.o
                0x00011f2c                vTaskSetTimeOutState
 .text.vTaskInternalSetTimeOutState
                0x00011f7c       0x30 ./FreeRTOS_Source/tasks.o
                0x00011f7c                vTaskInternalSetTimeOutState
 .text.xTaskCheckForTimeOut
                0x00011fac       0xd4 ./FreeRTOS_Source/tasks.o
                0x00011fac                xTaskCheckForTimeOut
 .text.vTaskMissedYield
                0x00012080       0x18 ./FreeRTOS_Source/tasks.o
                0x00012080                vTaskMissedYield
 .text.uxTaskGetTaskNumber
                0x00012098       0x30 ./FreeRTOS_Source/tasks.o
                0x00012098                uxTaskGetTaskNumber
 .text.vTaskSetTaskNumber
                0x000120c8       0x24 ./FreeRTOS_Source/tasks.o
                0x000120c8                vTaskSetTaskNumber
 .text.prvIdleTask
                0x000120ec       0x38 ./FreeRTOS_Source/tasks.o
 .text.prvInitialiseTaskLists
                0x00012124       0xa4 ./FreeRTOS_Source/tasks.o
 .text.prvCheckTasksWaitingTermination
                0x000121c8       0x78 ./FreeRTOS_Source/tasks.o
 .text.vTaskGetInfo
                0x00012240       0xe0 ./FreeRTOS_Source/tasks.o
                0x00012240                vTaskGetInfo
 .text.prvListTasksWithinSingleList
                0x00012320       0xb8 ./FreeRTOS_Source/tasks.o
 .text.prvTaskCheckFreeStackSpace
                0x000123d8       0x40 ./FreeRTOS_Source/tasks.o
 .text.prvDeleteTCB
                0x00012418       0x20 ./FreeRTOS_Source/tasks.o
 .text.prvResetNextTaskUnblockTime
                0x00012438       0x50 ./FreeRTOS_Source/tasks.o
 .text.xTaskGetCurrentTaskHandle
                0x00012488       0x20 ./FreeRTOS_Source/tasks.o
                0x00012488                xTaskGetCurrentTaskHandle
 .text.xTaskGetSchedulerState
                0x000124a8       0x48 ./FreeRTOS_Source/tasks.o
                0x000124a8                xTaskGetSchedulerState
 .text.xTaskPriorityInherit
                0x000124f0      0x16c ./FreeRTOS_Source/tasks.o
                0x000124f0                xTaskPriorityInherit
 .text.xTaskPriorityDisinherit
                0x0001265c      0x14c ./FreeRTOS_Source/tasks.o
                0x0001265c                xTaskPriorityDisinherit
 .text.vTaskPriorityDisinheritAfterTimeout
                0x000127a8      0x17c ./FreeRTOS_Source/tasks.o
                0x000127a8                vTaskPriorityDisinheritAfterTimeout
 .text.prvWriteNameToBuffer
                0x00012924       0x54 ./FreeRTOS_Source/tasks.o
 .text.vTaskList
                0x00012978      0x170 ./FreeRTOS_Source/tasks.o
                0x00012978                vTaskList
 .text.vTaskGetRunTimeStats
                0x00012ae8      0x138 ./FreeRTOS_Source/tasks.o
                0x00012ae8                vTaskGetRunTimeStats
 .text.uxTaskResetEventItemValue
                0x00012c20       0x40 ./FreeRTOS_Source/tasks.o
                0x00012c20                uxTaskResetEventItemValue
 .text.pvTaskIncrementMutexHeldCount
                0x00012c60       0x38 ./FreeRTOS_Source/tasks.o
                0x00012c60                pvTaskIncrementMutexHeldCount
 .text.ulTaskNotifyTake
                0x00012c98       0xc0 ./FreeRTOS_Source/tasks.o
                0x00012c98                ulTaskNotifyTake
 .text.xTaskNotifyWait
                0x00012d58       0xf0 ./FreeRTOS_Source/tasks.o
                0x00012d58                xTaskNotifyWait
 .text.xTaskGenericNotify
                0x00012e48      0x18c ./FreeRTOS_Source/tasks.o
                0x00012e48                xTaskGenericNotify
 .text.xTaskGenericNotifyFromISR
                0x00012fd4      0x1d8 ./FreeRTOS_Source/tasks.o
                0x00012fd4                xTaskGenericNotifyFromISR
 .text.vTaskNotifyGiveFromISR
                0x000131ac      0x148 ./FreeRTOS_Source/tasks.o
                0x000131ac                vTaskNotifyGiveFromISR
 .text.xTaskNotifyStateClear
                0x000132f4       0x58 ./FreeRTOS_Source/tasks.o
                0x000132f4                xTaskNotifyStateClear
 .text.prvAddCurrentTaskToDelayedList
                0x0001334c      0x110 ./FreeRTOS_Source/tasks.o
 .text          0x0001345c        0x0 ./FreeRTOS_Source/timers.o
 .text.xTimerCreateTimerTask
                0x0001345c       0x74 ./FreeRTOS_Source/timers.o
                0x0001345c                xTimerCreateTimerTask
 .text.xTimerCreate
                0x000134d0       0x40 ./FreeRTOS_Source/timers.o
                0x000134d0                xTimerCreate
 .text.prvInitialiseNewTimer
                0x00013510       0x64 ./FreeRTOS_Source/timers.o
 .text.xTimerGenericCommand
                0x00013574       0xcc ./FreeRTOS_Source/timers.o
                0x00013574                xTimerGenericCommand
 .text.xTimerGetTimerDaemonTaskHandle
                0x00013640       0x40 ./FreeRTOS_Source/timers.o
                0x00013640                xTimerGetTimerDaemonTaskHandle
 .text.xTimerGetPeriod
                0x00013680       0x38 ./FreeRTOS_Source/timers.o
                0x00013680                xTimerGetPeriod
 .text.xTimerGetExpiryTime
                0x000136b8       0x3c ./FreeRTOS_Source/timers.o
                0x000136b8                xTimerGetExpiryTime
 .text.pcTimerGetName
                0x000136f4       0x38 ./FreeRTOS_Source/timers.o
                0x000136f4                pcTimerGetName
 .text.prvProcessExpiredTimer
                0x0001372c       0x8c ./FreeRTOS_Source/timers.o
 .text.prvTimerTask
                0x000137b8       0x28 ./FreeRTOS_Source/timers.o
 .text.prvProcessTimerOrBlockTask
                0x000137e0       0xb0 ./FreeRTOS_Source/timers.o
 .text.prvGetNextExpireTime
                0x00013890       0x54 ./FreeRTOS_Source/timers.o
 .text.prvSampleTimeNow
                0x000138e4       0x50 ./FreeRTOS_Source/timers.o
 .text.prvInsertTimerInActiveList
                0x00013934       0x98 ./FreeRTOS_Source/timers.o
 .text.prvProcessReceivedCommands
                0x000139cc      0x148 ./FreeRTOS_Source/timers.o
 .text.prvSwitchTimerLists
                0x00013b14       0xf4 ./FreeRTOS_Source/timers.o
 .text.prvCheckForValidListAndQueue
                0x00013c08       0x74 ./FreeRTOS_Source/timers.o
 .text.xTimerIsTimerActive
                0x00013c7c       0x50 ./FreeRTOS_Source/timers.o
                0x00013c7c                xTimerIsTimerActive
 .text.pvTimerGetTimerID
                0x00013ccc       0x40 ./FreeRTOS_Source/timers.o
                0x00013ccc                pvTimerGetTimerID
 .text.vTimerSetTimerID
                0x00013d0c       0x40 ./FreeRTOS_Source/timers.o
                0x00013d0c                vTimerSetTimerID
 .text.uxTimerGetTimerNumber
                0x00013d4c       0x18 ./FreeRTOS_Source/timers.o
                0x00013d4c                uxTimerGetTimerNumber
 .text.vTimerSetTimerNumber
                0x00013d64       0x1c ./FreeRTOS_Source/timers.o
                0x00013d64                vTimerSetTimerNumber
 .text          0x00013d80        0x0 ./FreeRTOS_Source/portable/MemMang/heap_2.o
 .text.pvPortMalloc
                0x00013d80      0x16c ./FreeRTOS_Source/portable/MemMang/heap_2.o
                0x00013d80                pvPortMalloc
 .text.vPortFree
                0x00013eec       0x88 ./FreeRTOS_Source/portable/MemMang/heap_2.o
                0x00013eec                vPortFree
 .text.xPortGetFreeHeapSize
                0x00013f74       0x18 ./FreeRTOS_Source/portable/MemMang/heap_2.o
                0x00013f74                xPortGetFreeHeapSize
 .text.vPortInitialiseBlocks
                0x00013f8c        0xc ./FreeRTOS_Source/portable/MemMang/heap_2.o
                0x00013f8c                vPortInitialiseBlocks
 .text.prvHeapInit
                0x00013f98       0x6c ./FreeRTOS_Source/portable/MemMang/heap_2.o
 .text          0x00014004        0x0 ./FreeRTOS_Source/portable/GCC/ARM_CM3/port.o
 .text.pxPortInitialiseStack
                0x00014004       0x68 ./FreeRTOS_Source/portable/GCC/ARM_CM3/port.o
                0x00014004                pxPortInitialiseStack
 .text.prvTaskExitError
                0x0001406c       0x54 ./FreeRTOS_Source/portable/GCC/ARM_CM3/port.o
 .text.SVC_Handler
                0x000140c0       0x30 ./FreeRTOS_Source/portable/GCC/ARM_CM3/port.o
                0x000140c0                SVC_Handler
 .text.prvPortStartFirstTask
                0x000140f0       0x20 ./FreeRTOS_Source/portable/GCC/ARM_CM3/port.o
 .text.xPortStartScheduler
                0x00014110      0x134 ./FreeRTOS_Source/portable/GCC/ARM_CM3/port.o
                0x00014110                xPortStartScheduler
 .text.vPortEndScheduler
                0x00014244       0x34 ./FreeRTOS_Source/portable/GCC/ARM_CM3/port.o
                0x00014244                vPortEndScheduler
 .text.vPortEnterCritical
                0x00014278       0x70 ./FreeRTOS_Source/portable/GCC/ARM_CM3/port.o
                0x00014278                vPortEnterCritical
 .text.vPortExitCritical
                0x000142e8       0x64 ./FreeRTOS_Source/portable/GCC/ARM_CM3/port.o
                0x000142e8                vPortExitCritical
 *fill*         0x0001434c        0x4 00
 .text.PendSV_Handler
                0x00014350       0x50 ./FreeRTOS_Source/portable/GCC/ARM_CM3/port.o
                0x00014350                PendSV_Handler
 .text.SysTick_Handler
                0x000143a0       0x44 ./FreeRTOS_Source/portable/GCC/ARM_CM3/port.o
                0x000143a0                SysTick_Handler
 .text.vPortSetupTimerInterrupt
                0x000143e4       0x5c ./FreeRTOS_Source/portable/GCC/ARM_CM3/port.o
                0x000143e4                vPortSetupTimerInterrupt
 .text.vPortValidateInterruptPriority
                0x00014440       0x84 ./FreeRTOS_Source/portable/GCC/ARM_CM3/port.o
                0x00014440                vPortValidateInterruptPriority
 .text          0x000144c4      0x370 c:/program files (x86)/microsemi/softconsole v3.4/sourcery-g++/bin/../lib/gcc/arm-none-eabi/4.4.1/thumb2\libgcc.a(_arm_addsubdf3.o)
                0x000144c4                __aeabi_drsub
                0x000144cc                __aeabi_dsub
                0x000144cc                __subdf3
                0x000144d0                __aeabi_dadd
                0x000144d0                __adddf3
                0x00014748                __floatunsidf
                0x00014748                __aeabi_ui2d
                0x00014768                __floatsidf
                0x00014768                __aeabi_i2d
                0x0001478c                __aeabi_f2d
                0x0001478c                __extendsfdf2
                0x000147c8                __floatundidf
                0x000147c8                __aeabi_ul2d
                0x000147d8                __floatdidf
                0x000147d8                __aeabi_l2d
 .text          0x00014834      0x424 c:/program files (x86)/microsemi/softconsole v3.4/sourcery-g++/bin/../lib/gcc/arm-none-eabi/4.4.1/thumb2\libgcc.a(_arm_muldivdf3.o)
                0x00014834                __aeabi_dmul
                0x00014834                __muldf3
                0x00014a88                __divdf3
                0x00014a88                __aeabi_ddiv
 .text          0x00014c58       0x2c c:/program files (x86)/microsemi/softconsole v3.4/sourcery-g++/bin/../lib/gcc/arm-none-eabi/4.4.1/../../../../arm-none-eabi/lib/thumb2\libc.a(lib_a-clock.o)
                0x00014c58                clock