Archive member included because of file (symbol)

c:/program files (x86)/microsemi/softconsole v3.4/sourcery-g++/bin/../lib/gcc/arm-none-eabi/4.4.1/../../../../arm-none-eabi/lib/thumb2\libc.a(lib_a-errno.o)
                              ./MicroSemi_Code/CMSIS/startup_gcc/newlib_stubs.o (__errno)
c:/program files (x86)/microsemi/softconsole v3.4/sourcery-g++/bin/../lib/gcc/arm-none-eabi/4.4.1/../../../../arm-none-eabi/lib/thumb2\libc.a(lib_a-impure.o)
                              c:/program files (x86)/microsemi/softconsole v3.4/sourcery-g++/bin/../lib/gcc/arm-none-eabi/4.4.1/../../../../arm-none-eabi/lib/thumb2\libc.a(lib_a-errno.o) (_impure_ptr)
c:/program files (x86)/microsemi/softconsole v3.4/sourcery-g++/bin/../lib/gcc/arm-none-eabi/4.4.1/../../../../arm-none-eabi/lib/thumb2\libc.a(lib_a-init.o)
                              ./MicroSemi_Code/CMSIS/startup_gcc/startup_a2fxxxm3.o (__libc_init_array)
c:/program files (x86)/microsemi/softconsole v3.4/sourcery-g++/bin/../lib/gcc/arm-none-eabi/4.4.1/../../../../arm-none-eabi/lib/thumb2\libc.a(lib_a-memcpy.o)
                              ./FreeTCPIP/psock.o (memcpy)
c:/program files (x86)/microsemi/softconsole v3.4/sourcery-g++/bin/../lib/gcc/arm-none-eabi/4.4.1/../../../../arm-none-eabi/lib/thumb2\libc.a(lib_a-memset.o)
                              ./MicroSemi_Code/drivers/mss_i2c/mss_i2c.o (memset)
c:/program files (x86)/microsemi/softconsole v3.4/sourcery-g++/bin/../lib/gcc/arm-none-eabi/4.4.1/../../../../arm-none-eabi/lib/thumb2\libc.a(lib_a-strcat.o)
                              ./WebServer/httpd-cgi.o (strcat)
c:/program files (x86)/microsemi/softconsole v3.4/sourcery-g++/bin/../lib/gcc/arm-none-eabi/4.4.1/../../../../arm-none-eabi/lib/thumb2\libc.a(lib_a-strchr.o)
                              ./uIP_Task.o (strchr)
c:/program files (x86)/microsemi/softconsole v3.4/sourcery-g++/bin/../lib/gcc/arm-none-eabi/4.4.1/../../../../arm-none-eabi/lib/thumb2\libc.a(lib_a-strcpy.o)
                              ./FreeTCPIP/http_Common/httpd.o (strcpy)
c:/program files (x86)/microsemi/softconsole v3.4/sourcery-g++/bin/../lib/gcc/arm-none-eabi/4.4.1/../../../../arm-none-eabi/lib/thumb2\libc.a(lib_a-strlen.o)
                              ./WebServer/httpd-cgi.o (strlen)
c:/program files (x86)/microsemi/softconsole v3.4/sourcery-g++/bin/../lib/gcc/arm-none-eabi/4.4.1/../../../../arm-none-eabi/lib/thumb2\libc.a(lib_a-strncmp.o)
                              ./WebServer/httpd-cgi.o (strncmp)
c:/program files (x86)/microsemi/softconsole v3.4/sourcery-g++/bin/../lib/gcc/arm-none-eabi/4.4.1/../../../../arm-none-eabi/lib/thumb2\libc.a(lib_a-strncpy.o)
                              ./FreeTCPIP/http_Common/httpd.o (strncpy)
c:/program files (x86)/microsemi/softconsole v3.4/sourcery-g++/bin/../lib/gcc/arm-none-eabi/4.4.1/../../../../arm-none-eabi/lib/thumb2\libc.a(lib_a-strrchr.o)
                              ./FreeTCPIP/http_Common/httpd.o (strrchr)
c:/program files (x86)/microsemi/softconsole v3.4/sourcery-g++/bin/../lib/gcc/arm-none-eabi/4.4.1/../../../../arm-none-eabi/lib/thumb2\libc.a(lib_a-strstr.o)
                              ./uIP_Task.o (strstr)
c:/program files (x86)/microsemi/softconsole v3.4/sourcery-g++/bin/../lib/gcc/arm-none-eabi/4.4.1/../../../../arm-none-eabi/lib/thumb2\libc.a(lib_a-memchr.o)
                              c:/program files (x86)/microsemi/softconsole v3.4/sourcery-g++/bin/../lib/gcc/arm-none-eabi/4.4.1/../../../../arm-none-eabi/lib/thumb2\libc.a(lib_a-strstr.o) (memchr)
c:/program files (x86)/microsemi/softconsole v3.4/sourcery-g++/bin/../lib/gcc/arm-none-eabi/4.4.1/../../../../arm-none-eabi/lib/thumb2\libc.a(lib_a-memcmp.o)
                              c:/program files (x86)/microsemi/softconsole v3.4/sourcery-g++/bin/../lib/gcc/arm-none-eabi/4.4.1/../../../../arm-none-eabi/lib/thumb2\libc.a(lib_a-strstr.o) (memcmp)

Allocating common symbols
Common symbol       size              file

ulString            0x4               ./WebServer/httpd-cgi.o
uip_len             0x2               ./FreeTCPIP/uip.o
pcStatus            0x4               ./WebServer/httpd-cgi.o
uip_sappdata        0x4               ./FreeTCPIP/uip.o
uip_acc32           0x4               ./FreeTCPIP/uip.o
g_mss_mac           0x134             ./MicroSemi_Code/drivers/mss_ethernet_mac/mss_ethernet_mac.o
uip_flags           0x1               ./FreeTCPIP/uip.o
g_mss_uart1         0x28              ./MicroSemi_Code/drivers/mss_uart/mss_uart.o
uip_appdata         0x4               ./FreeTCPIP/uip.o
uip_conn            0x4               ./FreeTCPIP/uip.o
uip_conns           0x1fe0            ./FreeTCPIP/uip.o
g_mss_i2c0          0x74              ./MicroSemi_Code/drivers/mss_i2c/mss_i2c.o
g_mss_uart0         0x28              ./MicroSemi_Code/drivers/mss_uart/mss_uart.o
uip_listenports     0x50              ./FreeTCPIP/uip.o
uip_draddr          0x4               ./FreeTCPIP/uip.o
uip_stat            0x38              ./FreeTCPIP/uip.o
[...]
Memory Configuration

Name             Origin             Length             Attributes
rom              0x60000000         0x00040000         xr
romMirror        0x00000000         0x00040000         xr
ram              0x20000000         0x00010000         xrw
*default*        0x00000000         0xffffffff

Linker script and memory map

LOAD c:/program files (x86)/microsemi/softconsole v3.4/sourcery-g++/bin/../lib/gcc/arm-none-eabi/4.4.1/thumb2/crti.o
LOAD c:/program files (x86)/microsemi/softconsole v3.4/sourcery-g++/bin/../lib/gcc/arm-none-eabi/4.4.1/thumb2/crtbegin.o
LOAD ./ParTest.o
LOAD ./main-full.o
LOAD ./printf-stdarg.o
LOAD ./uIP_Task.o
LOAD ./WebServer/httpd-cgi.o
LOAD ./MicroSemi_Code/hal/CortexM3/cortex_nvic.o
LOAD ./MicroSemi_Code/hal/CortexM3/GNU/hal.o
LOAD ./MicroSemi_Code/hal/CortexM3/GNU/hal_assert.o
LOAD ./MicroSemi_Code/hal/CortexM3/GNU/hw_reg_access.o
LOAD ./MicroSemi_Code/drivers_config/mss_ace/ace_config.o
LOAD ./MicroSemi_Code/drivers/mss_uart/mss_uart.o
LOAD ./MicroSemi_Code/drivers/mss_i2c/mss_i2c.o
LOAD ./MicroSemi_Code/drivers/mss_gpio/mss_gpio.o
LOAD ./MicroSemi_Code/drivers/mss_ethernet_mac/crc32.o
LOAD ./MicroSemi_Code/drivers/mss_ethernet_mac/mss_ethernet_mac.o
LOAD ./MicroSemi_Code/drivers/mss_ethernet_mac/phy.o
LOAD ./MicroSemi_Code/drivers/mss_ace/ace_convert.o
LOAD ./MicroSemi_Code/drivers/mss_ace/ace_flags.o
LOAD ./MicroSemi_Code/drivers/mss_ace/ace_sse.o
LOAD ./MicroSemi_Code/drivers/mss_ace/ace_transform.o
LOAD ./MicroSemi_Code/drivers/mss_ace/mss_ace.o
LOAD ./MicroSemi_Code/CMSIS/brownout_isr.o
LOAD ./MicroSemi_Code/CMSIS/core_cm3.o
LOAD ./MicroSemi_Code/CMSIS/system_a2fxxxm3.o
LOAD ./MicroSemi_Code/CMSIS/startup_gcc/newlib_stubs.o
LOAD ./MicroSemi_Code/CMSIS/startup_gcc/startup_a2fxxxm3.o
LOAD ./FreeTCPIP/psock.o
LOAD ./FreeTCPIP/timer.o
LOAD ./FreeTCPIP/uip.o
LOAD ./FreeTCPIP/uip_arp.o
LOAD ./FreeTCPIP/http_Common/http-strings.o
LOAD ./FreeTCPIP/http_Common/httpd-fs.o
LOAD ./FreeTCPIP/http_Common/httpd.o
LOAD ./FreeRTOS_Source/list.o
LOAD ./FreeRTOS_Source/queue.o
LOAD ./FreeRTOS_Source/tasks.o
LOAD ./FreeRTOS_Source/timers.o
LOAD ./FreeRTOS_Source/portable/MemMang/heap_2.o
LOAD ./FreeRTOS_Source/portable/GCC/ARM_CM3/port.o
START GROUP
LOAD c:/program files (x86)/microsemi/softconsole v3.4/sourcery-g++/bin/../lib/gcc/arm-none-eabi/4.4.1/thumb2\libgcc.a
LOAD c:/program files (x86)/microsemi/softconsole v3.4/sourcery-g++/bin/../lib/gcc/arm-none-eabi/4.4.1/../../../../arm-none-eabi/lib/thumb2\libc.a
LOAD c:/program files (x86)/microsemi/softconsole v3.4/sourcery-g++/bin/../lib/gcc/arm-none-eabi/4.4.1/thumb2\libgcc.a
END GROUP
LOAD c:/program files (x86)/microsemi/softconsole v3.4/sourcery-g++/bin/../lib/gcc/arm-none-eabi/4.4.1/thumb2/crtend.o
LOAD c:/program files (x86)/microsemi/softconsole v3.4/sourcery-g++/bin/../lib/gcc/arm-none-eabi/4.4.1/thumb2/crtn.o
START GROUP
LOAD c:/program files (x86)/microsemi/softconsole v3.4/sourcery-g++/bin/../lib/gcc/arm-none-eabi/4.4.1/../../../../arm-none-eabi/lib/thumb2\libc.a
LOAD c:/program files (x86)/microsemi/softconsole v3.4/sourcery-g++/bin/../lib/gcc/arm-none-eabi/4.4.1/thumb2\libgcc.a
LOAD c:/program files (x86)/microsemi/softconsole v3.4/sourcery-g++/bin/../lib/gcc/arm-none-eabi/4.4.1/../../../../arm-none-eabi/lib/thumb2\libm.a
END GROUP
                0x00000000                __DYNAMIC = 0x0
                0x20000000                RAM_START_ADDRESS = 0x20000000
                0x00010000                RAM_SIZE = 0x10000
                0x00002000                MAIN_STACK_SIZE = 0x2000
                0x00001000                PROCESS_STACK_SIZE = 0x1000
                0x20010000                PROVIDE (__main_stack_start, (RAM_START_ADDRESS + RAM_SIZE))
                0x2000e000                PROVIDE (__process_stack_start, (__main_stack_start - MAIN_STACK_SIZE))
                0x20010000                PROVIDE (_estack, __main_stack_start)
                0x00000001                PROVIDE (__mirrored_nvm, 0x1)

.init           0x00000000      0x470 load address 0x60000000
                0x00000000                __vector_table_vma_base_address = .
 *(.isr_vector)
 .isr_vector    0x00000000      0x470 ./MicroSemi_Code/CMSIS/startup_gcc/startup_a2fxxxm3.o
                0x00000000                g_pfnVectors
                0x00000298                Reset_Handler
                0x00000308                NMI_Handler
                0x0000030a                HardFault_Handler
                0x0000030c                MemManage_Handler
                0x0000030e                BusFault_Handler
                0x00000310                UsageFault_Handler
                0x00000314                DebugMon_Handler
                0x0000031a                WdogWakeup_IRQHandler
                0x0000031e                BrownOut_3_3V_IRQHandler
                0x00000320                RTC_Match_IRQHandler
                0x00000322                RTCIF_Pub_IRQHandler
                0x00000326                IAP_IRQHandler
                0x00000328                ENVM0_IRQHandler
                0x0000032a                ENVM1_IRQHandler
                0x0000032c                DMA_IRQHandler
                0x00000332                SPI0_IRQHandler
                0x00000334                SPI1_IRQHandler
                0x00000338                I2C0_SMBAlert_IRQHandler
                0x0000033a                I2C0_SMBus_IRQHandler
                0x0000033e                I2C1_SMBAlert_IRQHandler
                0x00000340                I2C1_SMBus_IRQHandler
                0x00000342                Timer1_IRQHandler
                0x00000344                Timer2_IRQHandler
                0x00000346                PLL_Lock_IRQHandler
                0x00000348                PLL_LockLost_IRQHandler
                0x0000034a                CommError_IRQHandler
                0x0000034c                Fabric_IRQHandler
                0x0000034e                GPIO0_IRQHandler
                0x00000350                GPIO1_IRQHandler
                0x00000352                GPIO2_IRQHandler
                0x00000354                GPIO3_IRQHandler
                0x00000356                GPIO4_IRQHandler
                0x00000358                GPIO5_IRQHandler
                0x0000035a                GPIO6_IRQHandler
                0x0000035c                GPIO7_IRQHandler
                0x00000360                GPIO9_IRQHandler
                0x00000362                GPIO10_IRQHandler
                0x00000364                GPIO11_IRQHandler
                0x00000366                GPIO12_IRQHandler
                0x00000368                GPIO13_IRQHandler
                0x0000036a                GPIO14_IRQHandler
                0x0000036c                GPIO15_IRQHandler
                0x0000036e                GPIO16_IRQHandler
                0x00000370                GPIO17_IRQHandler
                0x00000372                GPIO18_IRQHandler
                0x00000374                GPIO19_IRQHandler
                0x00000376                GPIO20_IRQHandler
                0x00000378                GPIO21_IRQHandler
                0x0000037a                GPIO22_IRQHandler
                0x0000037c                GPIO23_IRQHandler
                0x0000037e                GPIO24_IRQHandler
                0x00000380                GPIO25_IRQHandler
                0x00000382                GPIO26_IRQHandler
                0x00000384                GPIO27_IRQHandler
                0x00000386                GPIO28_IRQHandler
                0x00000388                GPIO29_IRQHandler
                0x0000038a                GPIO30_IRQHandler
                0x0000038c                GPIO31_IRQHandler
                0x0000038e                ACE_PC0_Flag0_IRQHandler
                0x00000390                ACE_PC0_Flag1_IRQHandler
                0x00000392                ACE_PC0_Flag2_IRQHandler
                0x00000394                ACE_PC0_Flag3_IRQHandler
                0x00000396                ACE_PC1_Flag0_IRQHandler
                0x00000398                ACE_PC1_Flag1_IRQHandler
                0x0000039a                ACE_PC1_Flag2_IRQHandler
                0x0000039c                ACE_PC1_Flag3_IRQHandler
                0x0000039e                ACE_PC2_Flag0_IRQHandler
                0x000003a0                ACE_PC2_Flag1_IRQHandler
                0x000003a2                ACE_PC2_Flag2_IRQHandler
                0x000003a4                ACE_PC2_Flag3_IRQHandler
                0x000003a6                ACE_ADC0_DataValid_IRQHandler
                0x000003a8                ACE_ADC1_DataValid_IRQHandler
                0x000003aa                ACE_ADC2_DataValid_IRQHandler
                0x000003ac                ACE_ADC0_CalDone_IRQHandler
                0x000003ae                ACE_ADC1_CalDone_IRQHandler
                0x000003b0                ACE_ADC2_CalDone_IRQHandler
                0x000003b2                ACE_ADC0_CalStart_IRQHandler
                0x000003b4                ACE_ADC1_CalStart_IRQHandler
                0x000003b6                ACE_ADC2_CalStart_IRQHandler
                0x000003b8                ACE_Comp0_Fall_IRQHandler
                0x000003ba                ACE_Comp1_Fall_IRQHandler
                0x000003bc                ACE_Comp2_Fall_IRQHandler
                0x000003be                ACE_Comp3_Fall_IRQHandler
                0x000003c0                ACE_Comp4_Fall_IRQHandler
                0x000003c2                ACE_Comp5_Fall_IRQHandler
                0x000003c4                ACE_Comp6_Fall_IRQHandler
                0x000003c6                ACE_Comp7_Fall_IRQHandler
                0x000003c8                ACE_Comp8_Fall_IRQHandler
                0x000003ca                ACE_Comp9_Fall_IRQHandler
                0x000003cc                ACE_Comp10_Fall_IRQHandler
                0x000003ce                ACE_Comp11_Fall_IRQHandler
                0x000003d0                ACE_Comp0_Rise_IRQHandler
                0x000003d2                ACE_Comp1_Rise_IRQHandler
                0x000003d4                ACE_Comp2_Rise_IRQHandler
                0x000003d6                ACE_Comp3_Rise_IRQHandler
                0x000003d8                ACE_Comp4_Rise_IRQHandler
                0x000003da                ACE_Comp5_Rise_IRQHandler
                0x000003dc                ACE_Comp6_Rise_IRQHandler
                0x000003de                ACE_Comp7_Rise_IRQHandler
                0x000003e0                ACE_Comp8_Rise_IRQHandler
                0x000003e2                ACE_Comp9_Rise_IRQHandler
                0x000003e4                ACE_Comp10_Rise_IRQHandler
                0x000003e6                ACE_Comp11_Rise_IRQHandler
                0x000003e8                ACE_ADC0_FifoFull_IRQHandler
                0x000003ea                ACE_ADC0_FifoAFull_IRQHandler
                0x000003ec                ACE_ADC0_FifoEmpty_IRQHandler
                0x000003ee                ACE_ADC1_FifoFull_IRQHandler
                0x000003f0                ACE_ADC1_FifoAFull_IRQHandler
                0x000003f2                ACE_ADC1_FifoEmpty_IRQHandler
                0x000003f4                ACE_ADC2_FifoFull_IRQHandler
                0x000003f6                ACE_ADC2_FifoAFull_IRQHandler
                0x000003f8                ACE_ADC2_FifoEmpty_IRQHandler
                0x00000470                . = ALIGN (0x4)

.text           0x00000470    0x1e2c4 load address 0x60000470
 CREATE_OBJECT_SYMBOLS
                0x60000470                __text_load = LOADADDR (.text)
                0x00000470                __text_start = .
 *(.text .text.* .gnu.linkonce.t.*)
 .text          0x00000470        0x0 c:/program files (x86)/microsemi/softconsole v3.4/sourcery-g++/bin/../lib/gcc/arm-none-eabi/4.4.1/thumb2/crti.o
 .text          0x00000470       0x30 c:/program files (x86)/microsemi/softconsole v3.4/sourcery-g++/bin/../lib/gcc/arm-none-eabi/4.4.1/thumb2/crtbegin.o
 .text          0x000004a0        0x0 ./ParTest.o
 .text.MSS_GPIO_set_outputs
                0x000004a0       0x20 ./ParTest.o
 .text.vParTestInitialise
                0x000004c0       0x54 ./ParTest.o
                0x000004c0                vParTestInitialise
 .text.vParTestSetLED
                0x00000514       0x80 ./ParTest.o
                0x00000514                vParTestSetLED
 .text.vParTestSetLEDFromISR
                0x00000594       0xa0 ./ParTest.o
                0x00000594                vParTestSetLEDFromISR
 .text.vParTestToggleLED
                0x00000634       0x94 ./ParTest.o
                0x00000634                vParTestToggleLED
 .text.lParTestGetLEDState
                0x000006c8       0x48 ./ParTest.o
                0x000006c8                lParTestGetLEDState
 .text          0x00000710        0x0 ./main-full.o
 .text.NVIC_EnableIRQ
                0x00000710       0x38 ./main-full.o
 .text.NVIC_DisableIRQ
                0x00000748       0x3c ./main-full.o
 .text.NVIC_ClearPendingIRQ
                0x00000784       0x3c ./main-full.o
 .text.NVIC_SetPriority
                0x000007c0       0x5c ./main-full.o
 .text.MSS_TIM64_init
                0x0000081c       0xa4 ./main-full.o
 .text.MSS_TIM64_start
                0x000008c0       0x1c ./main-full.o
 .text.MSS_TIM64_load_immediate
                0x000008dc       0x2c ./main-full.o
 .text.main     0x00000908      0x10c ./main-full.o
                0x00000908                main
 .text.prvCheckTimerCallback
                0x00000a14       0x40 ./main-full.o
 .text.GPIO8_IRQHandler
                0x00000a54       0x38 ./main-full.o
                0x00000a54                GPIO8_IRQHandler
 .text.prvQueueSendTask
                0x00000a8c       0x6c ./main-full.o
 .text.prvQueueReceiveTask
                0x00000af8       0x38 ./main-full.o
 .text.prvSetupHardware
                0x00000b30       0x50 ./main-full.o
 .text.vApplicationMallocFailedHook
                0x00000b80        0x8 ./main-full.o
                0x00000b80                vApplicationMallocFailedHook
 .text.vApplicationStackOverflowHook
                0x00000b88       0x20 ./main-full.o
                0x00000b88                vApplicationStackOverflowHook
 .text.vApplicationIdleHook
                0x00000ba8       0x18 ./main-full.o
                0x00000ba8                vApplicationIdleHook
 .text.pcGetTaskStatusMessage
                0x00000bc0       0x30 ./main-full.o
                0x00000bc0                pcGetTaskStatusMessage
 .text.vMainConfigureTimerForRunTimeStats
                0x00000bf0       0x28 ./main-full.o
                0x00000bf0                vMainConfigureTimerForRunTimeStats
 .text.ulGetRunTimeCounterValue
                0x00000c18       0x10 ./main-full.o
                0x00000c18                ulGetRunTimeCounterValue
 .text.hyperterminal_task
                0x00000c28       0x1c ./main-full.o
                0x00000c28                hyperterminal_task
 .text          0x00000c44        0x0 ./printf-stdarg.o
 .text.printchar
                0x00000c44       0x30 ./printf-stdarg.o
 .text.prints   0x00000c74       0xd4 ./printf-stdarg.o
 .text.printi   0x00000d48       0xf8 ./printf-stdarg.o
 .text.print    0x00000e40      0x21c ./printf-stdarg.o
 .text.printf   0x0000105c       0x2c ./printf-stdarg.o
                0x0000105c                printf
 .text.sprintf  0x00001088       0x30 ./printf-stdarg.o
                0x00001088                sprintf
 .text.snprintf
                0x000010b8       0x34 ./printf-stdarg.o
                0x000010b8                snprintf
 .text.write    0x000010ec       0x1c ./printf-stdarg.o
                0x000010ec                write
 .text          0x00001108        0x0 ./uIP_Task.o
 .text.NVIC_EnableIRQ
                0x00001108       0x38 ./uIP_Task.o
 .text.NVIC_SetPriority
                0x00001140       0x5c ./uIP_Task.o
 .text.clock_time
                0x0000119c       0x10 ./uIP_Task.o
                0x0000119c                clock_time
 .text.vuIP_Task
                0x000011ac      0x198 ./uIP_Task.o
                0x000011ac                vuIP_Task
 .text.prvSetMACAddress
                0x00001344       0x7c ./uIP_Task.o
 .text.prvInitialise_uIP
                0x000013c0      0x180 ./uIP_Task.o
 .text.prvEMACEventListener
                0x00001540       0x94 ./uIP_Task.o
 .text.prvInitEmac
                0x000015d4       0x3c ./uIP_Task.o
 .text.vEMACWrite
                0x00001610       0x54 ./uIP_Task.o
                0x00001610                vEMACWrite
 .text.prvUIPTimerCallback
                0x00001664       0x64 ./uIP_Task.o
 .text.vApplicationProcessFormInput
                0x000016c8       0x9c ./uIP_Task.o
                0x000016c8                vApplicationProcessFormInput
 .text          0x00001764        0x0 ./WebServer/httpd-cgi.o
 .text.nullfunction
                0x00001764       0x30 ./WebServer/httpd-cgi.o
 .text.httpd_cgi
                0x00001794       0x64 ./WebServer/httpd-cgi.o
                0x00001794                httpd_cgi
 .text.generate_file_stats
                0x000017f8       0x40 ./WebServer/httpd-cgi.o
 .text.file_stats
                0x00001838       0x74 ./WebServer/httpd-cgi.o
 .text.generate_tcp_stats
                0x000018ac      0x120 ./WebServer/httpd-cgi.o
 .text.tcp_stats
                0x000019cc       0xb4 ./WebServer/httpd-cgi.o
 .text.generate_net_stats
                0x00001a80       0x4c ./WebServer/httpd-cgi.o
 .text.net_stats
                0x00001acc       0x8c ./WebServer/httpd-cgi.o
 .text.generate_rtos_stats
                0x00001b58       0x8c ./WebServer/httpd-cgi.o
 .text.rtos_stats
                0x00001be4       0x68 ./WebServer/httpd-cgi.o
 .text.generate_io_state
                0x00001c4c       0x94 ./WebServer/httpd-cgi.o
 .text.generate_runtime_stats
                0x00001ce0       0x88 ./WebServer/httpd-cgi.o
 .text.run_time
                0x00001d68       0x68 ./WebServer/httpd-cgi.o
 .text.led_io   0x00001dd0       0x6c ./WebServer/httpd-cgi.o
 .text          0x00001e3c        0x0 ./MicroSemi_Code/hal/CortexM3/cortex_nvic.o
 .text.NVIC_init
                0x00001e3c        0xc ./MicroSemi_Code/hal/CortexM3/cortex_nvic.o
                0x00001e3c                NVIC_init
 .text.NVIC_set_handler
                0x00001e48       0x18 ./MicroSemi_Code/hal/CortexM3/cortex_nvic.o
                0x00001e48                NVIC_set_handler
 .text.NVIC_set_priority
                0x00001e60       0x18 ./MicroSemi_Code/hal/CortexM3/cortex_nvic.o
                0x00001e60                NVIC_set_priority
 .text.NVIC_enable_interrupt
                0x00001e78       0x14 ./MicroSemi_Code/hal/CortexM3/cortex_nvic.o
                0x00001e78                NVIC_enable_interrupt
 .text.NVIC_disable_interrupt
                0x00001e8c       0x14 ./MicroSemi_Code/hal/CortexM3/cortex_nvic.o
                0x00001e8c                NVIC_disable_interrupt
 .text.NVIC_clear_interrupt
                0x00001ea0       0x14 ./MicroSemi_Code/hal/CortexM3/cortex_nvic.o
                0x00001ea0                NVIC_clear_interrupt
 .text          0x00001eb4        0xe ./MicroSemi_Code/hal/CortexM3/GNU/hal.o
                0x00001eb4                HAL_disable_interrupts
                0x00001ebc                HAL_restore_interrupts
 .text          0x00001ec2        0x0 ./MicroSemi_Code/hal/CortexM3/GNU/hal_assert.o
 *fill*         0x00001ec2        0x2 00
 .text.HAL_assert_fail
                0x00001ec4       0x28 ./MicroSemi_Code/hal/CortexM3/GNU/hal_assert.o
                0x00001ec4                HAL_assert_fail
 .text          0x00001eec       0x90 ./MicroSemi_Code/hal/CortexM3/GNU/hw_reg_access.o
                0x00001eec                HW_set_32bit_reg
                0x00001ef0                HW_get_32bit_reg
                0x00001ef4                HW_set_32bit_reg_field
                0x00001f10                HW_get_32bit_reg_field
                0x00001f1c                HW_set_16bit_reg
                0x00001f20                HW_get_16bit_reg
                0x00001f24                HW_set_16bit_reg_field
                0x00001f40                HW_get_16bit_reg_field
                0x00001f4c                HW_set_8bit_reg
                0x00001f50                HW_get_8bit_reg
                0x00001f54                HW_set_8bit_reg_field
                0x00001f70                HW_get_8bit_reg_field
 .text          0x00001f7c        0x0 ./MicroSemi_Code/drivers_config/mss_ace/ace_config.o
 .text          0x00001f7c        0x0 ./MicroSemi_Code/drivers/mss_uart/mss_uart.o
 .text.NVIC_EnableIRQ
                0x00001f7c       0x38 ./MicroSemi_Code/drivers/mss_uart/mss_uart.o
 .text.NVIC_DisableIRQ
                0x00001fb4       0x3c ./MicroSemi_Code/drivers/mss_uart/mss_uart.o
 .text.NVIC_ClearPendingIRQ
                0x00001ff0       0x3c ./MicroSemi_Code/drivers/mss_uart/mss_uart.o
 .text.MSS_UART_init
                0x0000202c      0x204 ./MicroSemi_Code/drivers/mss_uart/mss_uart.o
                0x0000202c                MSS_UART_init
 .text.MSS_UART_polled_tx
                0x00002230       0xe4 ./MicroSemi_Code/drivers/mss_uart/mss_uart.o
                0x00002230                MSS_UART_polled_tx
 .text.MSS_UART_polled_tx_string
                0x00002314       0xd0 ./MicroSemi_Code/drivers/mss_uart/mss_uart.o
                0x00002314                MSS_UART_polled_tx_string
 .text.MSS_UART_irq_tx
                0x000023e4       0xb0 ./MicroSemi_Code/drivers/mss_uart/mss_uart.o
                0x000023e4                MSS_UART_irq_tx
 .text.MSS_UART_tx_complete
                0x00002494       0x90 ./MicroSemi_Code/drivers/mss_uart/mss_uart.o
                0x00002494                MSS_UART_tx_complete
 .text.MSS_UART_get_rx
                0x00002524       0xdc ./MicroSemi_Code/drivers/mss_uart/mss_uart.o
                0x00002524                MSS_UART_get_rx
 .text.MSS_UART_enable_irq
                0x00002600       0x7c ./MicroSemi_Code/drivers/mss_uart/mss_uart.o
                0x00002600                MSS_UART_enable_irq
 .text.MSS_UART_disable_irq
                0x0000267c       0x88 ./MicroSemi_Code/drivers/mss_uart/mss_uart.o
                0x0000267c                MSS_UART_disable_irq
 .text.MSS_UART_isr
                0x00002704      0x11c ./MicroSemi_Code/drivers/mss_uart/mss_uart.o
 .text.default_tx_handler
                0x00002820      0x108 ./MicroSemi_Code/drivers/mss_uart/mss_uart.o
 .text.MSS_UART_set_rx_handler
                0x00002928       0xa8 ./MicroSemi_Code/drivers/mss_uart/mss_uart.o
                0x00002928                MSS_UART_set_rx_handler
 .text.MSS_UART_set_loopback
                0x000029d0       0x70 ./MicroSemi_Code/drivers/mss_uart/mss_uart.o
                0x000029d0                MSS_UART_set_loopback
 .text.UART0_IRQHandler
                0x00002a40       0x2c ./MicroSemi_Code/drivers/mss_uart/mss_uart.o
                0x00002a40                UART0_IRQHandler
 .text.UART1_IRQHandler
                0x00002a6c       0x2c ./MicroSemi_Code/drivers/mss_uart/mss_uart.o
                0x00002a6c                UART1_IRQHandler
 .text.MSS_UART_set_rxstatus_handler
                0x00002a98       0x84 ./MicroSemi_Code/drivers/mss_uart/mss_uart.o
                0x00002a98                MSS_UART_set_rxstatus_handler
 .text.MSS_UART_set_tx_handler
                0x00002b1c       0x94 ./MicroSemi_Code/drivers/mss_uart/mss_uart.o
                0x00002b1c                MSS_UART_set_tx_handler
 .text.MSS_UART_set_modemstatus_handler
                0x00002bb0       0x84 ./MicroSemi_Code/drivers/mss_uart/mss_uart.o
                0x00002bb0                MSS_UART_set_modemstatus_handler
 .text.MSS_UART_fill_tx_fifo
                0x00002c34       0xd4 ./MicroSemi_Code/drivers/mss_uart/mss_uart.o
                0x00002c34                MSS_UART_fill_tx_fifo
 .text.MSS_UART_get_rx_status
                0x00002d08       0x80 ./MicroSemi_Code/drivers/mss_uart/mss_uart.o
                0x00002d08                MSS_UART_get_rx_status
 .text.MSS_UART_get_modem_status
                0x00002d88       0x60 ./MicroSemi_Code/drivers/mss_uart/mss_uart.o
                0x00002d88                MSS_UART_get_modem_status
 .text.MSS_UART_get_tx_status
                0x00002de8       0x78 ./MicroSemi_Code/drivers/mss_uart/mss_uart.o
                0x00002de8                MSS_UART_get_tx_status
 .text          0x00002e60        0x0 ./MicroSemi_Code/drivers/mss_i2c/mss_i2c.o
 .text.NVIC_EnableIRQ
                0x00002e60       0x38 ./MicroSemi_Code/drivers/mss_i2c/mss_i2c.o
 .text.NVIC_DisableIRQ
                0x00002e98       0x3c ./MicroSemi_Code/drivers/mss_i2c/mss_i2c.o
 .text.NVIC_ClearPendingIRQ
                0x00002ed4       0x3c ./MicroSemi_Code/drivers/mss_i2c/mss_i2c.o
 .text.MSS_I2C_init
                0x00002f10      0x16c ./MicroSemi_Code/drivers/mss_i2c/mss_i2c.o
                0x00002f10                MSS_I2C_init
 .text.MSS_I2C_write
                0x0000307c       0xf4 ./MicroSemi_Code/drivers/mss_i2c/mss_i2c.o
                0x0000307c                MSS_I2C_write
 .text.MSS_I2C_read
                0x00003170       0xf4 ./MicroSemi_Code/drivers/mss_i2c/mss_i2c.o
                0x00003170                MSS_I2C_read
 .text.MSS_I2C_write_read
                0x00003264      0x134 ./MicroSemi_Code/drivers/mss_i2c/mss_i2c.o
                0x00003264                MSS_I2C_write_read
 .text.MSS_I2C_get_status
                0x00003398       0x3c ./MicroSemi_Code/drivers/mss_i2c/mss_i2c.o
                0x00003398                MSS_I2C_get_status
 .text.MSS_I2C_wait_complete
                0x000033d4       0x4c ./MicroSemi_Code/drivers/mss_i2c/mss_i2c.o
                0x000033d4                MSS_I2C_wait_complete
 .text.MSS_I2C_system_tick
                0x00003420       0x5c ./MicroSemi_Code/drivers/mss_i2c/mss_i2c.o
                0x00003420                MSS_I2C_system_tick
 .text.MSS_I2C_set_slave_tx_buffer
                0x0000347c       0x58 ./MicroSemi_Code/drivers/mss_i2c/mss_i2c.o
                0x0000347c                MSS_I2C_set_slave_tx_buffer
 .text.MSS_I2C_set_slave_rx_buffer
                0x000034d4       0x58 ./MicroSemi_Code/drivers/mss_i2c/mss_i2c.o
                0x000034d4                MSS_I2C_set_slave_rx_buffer
 .text.MSS_I2C_set_slave_mem_offset_length
                0x0000352c       0x54 ./MicroSemi_Code/drivers/mss_i2c/mss_i2c.o
                0x0000352c                MSS_I2C_set_slave_mem_offset_length
 .text.MSS_I2C_register_write_handler
                0x00003580       0x38 ./MicroSemi_Code/drivers/mss_i2c/mss_i2c.o
                0x00003580                MSS_I2C_register_write_handler
 .text.MSS_I2C_enable_slave
                0x000035b8       0x5c ./MicroSemi_Code/drivers/mss_i2c/mss_i2c.o
                0x000035b8                MSS_I2C_enable_slave
 .text.MSS_I2C_disable_slave
                0x00003614       0x50 ./MicroSemi_Code/drivers/mss_i2c/mss_i2c.o
                0x00003614                MSS_I2C_disable_slave
 .text.enable_slave_if_required
                0x00003664       0x28 ./MicroSemi_Code/drivers/mss_i2c/mss_i2c.o
 .text.mss_i2c_isr
                0x0000368c      0x8f4 ./MicroSemi_Code/drivers/mss_i2c/mss_i2c.o
 .text.MSS_I2C_smbus_init
                0x00003f80       0x28 ./MicroSemi_Code/drivers/mss_i2c/mss_i2c.o
                0x00003f80                MSS_I2C_smbus_init
 .text.MSS_I2C_enable_smbus_irq
                0x00003fa8       0xe4 ./MicroSemi_Code/drivers/mss_i2c/mss_i2c.o
                0x00003fa8                MSS_I2C_enable_smbus_irq
 .text.MSS_I2C_disable_smbus_irq
                0x0000408c       0xc4 ./MicroSemi_Code/drivers/mss_i2c/mss_i2c.o
                0x0000408c                MSS_I2C_disable_smbus_irq
 .text.MSS_I2C_suspend_smbus_slave
                0x00004150       0x20 ./MicroSemi_Code/drivers/mss_i2c/mss_i2c.o
                0x00004150                MSS_I2C_suspend_smbus_slave
 .text.MSS_I2C_resume_smbus_slave
                0x00004170       0x20 ./MicroSemi_Code/drivers/mss_i2c/mss_i2c.o
                0x00004170                MSS_I2C_resume_smbus_slave
 .text.MSS_I2C_reset_smbus
                0x00004190       0x20 ./MicroSemi_Code/drivers/mss_i2c/mss_i2c.o
                0x00004190                MSS_I2C_reset_smbus
 .text.MSS_I2C_set_smbus_alert
                0x000041b0       0x20 ./MicroSemi_Code/drivers/mss_i2c/mss_i2c.o
                0x000041b0                MSS_I2C_set_smbus_alert
 .text.MSS_I2C_clear_smbus_alert
                0x000041d0       0x20 ./MicroSemi_Code/drivers/mss_i2c/mss_i2c.o
                0x000041d0                MSS_I2C_clear_smbus_alert
 .text.MSS_I2C_set_gca
                0x000041f0       0x20 ./MicroSemi_Code/drivers/mss_i2c/mss_i2c.o
                0x000041f0                MSS_I2C_set_gca
 .text.MSS_I2C_clear_gca
                0x00004210       0x20 ./MicroSemi_Code/drivers/mss_i2c/mss_i2c.o
                0x00004210                MSS_I2C_clear_gca
 .text.MSS_I2C_set_user_data
                0x00004230       0x1c ./MicroSemi_Code/drivers/mss_i2c/mss_i2c.o
                0x00004230                MSS_I2C_set_user_data
 .text.MSS_I2C_get_user_data
                0x0000424c       0x18 ./MicroSemi_Code/drivers/mss_i2c/mss_i2c.o
                0x0000424c                MSS_I2C_get_user_data
 .text.disable_interrupts
                0x00004264       0x24 ./MicroSemi_Code/drivers/mss_i2c/mss_i2c.o
 .text.restore_interrupts
                0x00004288       0x18 ./MicroSemi_Code/drivers/mss_i2c/mss_i2c.o
 .text.I2C0_IRQHandler
                0x000042a0       0x2c ./MicroSemi_Code/drivers/mss_i2c/mss_i2c.o
                0x000042a0                I2C0_IRQHandler
 .text.I2C1_IRQHandler
                0x000042cc       0x2c ./MicroSemi_Code/drivers/mss_i2c/mss_i2c.o
                0x000042cc                I2C1_IRQHandler
 .text          0x000042f8        0x0 ./MicroSemi_Code/drivers/mss_gpio/mss_gpio.o
 .text.NVIC_EnableIRQ
                0x000042f8       0x38 ./MicroSemi_Code/drivers/mss_gpio/mss_gpio.o
 .text.NVIC_ClearPendingIRQ
                0x00004330       0x3c ./MicroSemi_Code/drivers/mss_gpio/mss_gpio.o
 .text.MSS_GPIO_init
                0x0000436c       0x6c ./MicroSemi_Code/drivers/mss_gpio/mss_gpio.o
                0x0000436c                MSS_GPIO_init
 .text.MSS_GPIO_config
                0x000043d8       0x3c ./MicroSemi_Code/drivers/mss_gpio/mss_gpio.o
                0x000043d8                MSS_GPIO_config
 .text.MSS_GPIO_set_output
                0x00004414       0x40 ./MicroSemi_Code/drivers/mss_gpio/mss_gpio.o
                0x00004414                MSS_GPIO_set_output
 .text.MSS_GPIO_drive_inout
                0x00004454      0x128 ./MicroSemi_Code/drivers/mss_gpio/mss_gpio.o
                0x00004454                MSS_GPIO_drive_inout
 .text.MSS_GPIO_enable_irq
                0x0000457c       0x64 ./MicroSemi_Code/drivers/mss_gpio/mss_gpio.o
                0x0000457c                MSS_GPIO_enable_irq
 .text.MSS_GPIO_disable_irq
                0x000045e0       0x50 ./MicroSemi_Code/drivers/mss_gpio/mss_gpio.o
                0x000045e0                MSS_GPIO_disable_irq
 .text.MSS_GPIO_clear_irq
                0x00004630       0x50 ./MicroSemi_Code/drivers/mss_gpio/mss_gpio.o
                0x00004630                MSS_GPIO_clear_irq
 .text          0x00004680        0x0 ./MicroSemi_Code/drivers/mss_ethernet_mac/crc32.o
 .text.mss_mac_crc32
                0x00004680       0x60 ./MicroSemi_Code/drivers/mss_ethernet_mac/crc32.o
                0x00004680                mss_mac_crc32
 .text.mss_ethernet_crc
                0x000046e0       0x24 ./MicroSemi_Code/drivers/mss_ethernet_mac/crc32.o
                0x000046e0                mss_ethernet_crc
 .text          0x00004704        0x0 ./MicroSemi_Code/drivers/mss_ethernet_mac/mss_ethernet_mac.o
 .text.MSS_MAC_init
                0x00004704      0x358 ./MicroSemi_Code/drivers/mss_ethernet_mac/mss_ethernet_mac.o
                0x00004704                MSS_MAC_init
 .text.MSS_MAC_configure
                0x00004a5c      0x248 ./MicroSemi_Code/drivers/mss_ethernet_mac/mss_ethernet_mac.o
                0x00004a5c                MSS_MAC_configure
 .text.MSS_MAC_get_configuration
                0x00004ca4      0x144 ./MicroSemi_Code/drivers/mss_ethernet_mac/mss_ethernet_mac.o
                0x00004ca4                MSS_MAC_get_configuration
 .text.MSS_MAC_tx_packet
                0x00004de8      0x544 ./MicroSemi_Code/drivers/mss_ethernet_mac/mss_ethernet_mac.o
                0x00004de8                MSS_MAC_tx_packet
 .text.MSS_MAC_rx_pckt_size
                0x0000532c       0x74 ./MicroSemi_Code/drivers/mss_ethernet_mac/mss_ethernet_mac.o
                0x0000532c                MSS_MAC_rx_pckt_size
 .text.MSS_MAC_rx_packet
                0x000053a0       0xf0 ./MicroSemi_Code/drivers/mss_ethernet_mac/mss_ethernet_mac.o
                0x000053a0                MSS_MAC_rx_packet
 .text.MSS_MAC_rx_packet_ptrset
                0x00005490      0x134 ./MicroSemi_Code/drivers/mss_ethernet_mac/mss_ethernet_mac.o
                0x00005490                MSS_MAC_rx_packet_ptrset
 .text.MSS_MAC_link_status
                0x000055c4       0x30 ./MicroSemi_Code/drivers/mss_ethernet_mac/mss_ethernet_mac.o
                0x000055c4                MSS_MAC_link_status
 .text.MSS_MAC_auto_setup_link
                0x000055f4       0xd0 ./MicroSemi_Code/drivers/mss_ethernet_mac/mss_ethernet_mac.o
                0x000055f4                MSS_MAC_auto_setup_link
 .text.MSS_MAC_set_mac_address
                0x000056c4       0xa4 ./MicroSemi_Code/drivers/mss_ethernet_mac/mss_ethernet_mac.o
                0x000056c4                MSS_MAC_set_mac_address
 .text.MSS_MAC_get_mac_address
                0x00005768       0x20 ./MicroSemi_Code/drivers/mss_ethernet_mac/mss_ethernet_mac.o
                0x00005768                MSS_MAC_get_mac_address
 .text.MSS_MAC_set_mac_filters
                0x00005788      0x1b8 ./MicroSemi_Code/drivers/mss_ethernet_mac/mss_ethernet_mac.o
                0x00005788                MSS_MAC_set_mac_filters
 .text.EthernetMAC_IRQHandler
                0x00005940      0x13c ./MicroSemi_Code/drivers/mss_ethernet_mac/mss_ethernet_mac.o
                0x00005940                EthernetMAC_IRQHandler
 .text.MSS_MAC_set_callback
                0x00005a7c       0x70 ./MicroSemi_Code/drivers/mss_ethernet_mac/mss_ethernet_mac.o
                0x00005a7c                MSS_MAC_set_callback
 .text.MSS_MAC_last_error
                0x00005aec       0x54 ./MicroSemi_Code/drivers/mss_ethernet_mac/mss_ethernet_mac.o
                0x00005aec                MSS_MAC_last_error
 .text.MSS_MAC_get_statistics
                0x00005b40      0x2b4 ./MicroSemi_Code/drivers/mss_ethernet_mac/mss_ethernet_mac.o
                0x00005b40                MSS_MAC_get_statistics
 .text.MSS_MAC_prepare_rx_descriptor
                0x00005df4      0x428 ./MicroSemi_Code/drivers/mss_ethernet_mac/mss_ethernet_mac.o
                0x00005df4                MSS_MAC_prepare_rx_descriptor
 .text.MAC_send_setup_frame
                0x0000621c      0x36c ./MicroSemi_Code/drivers/mss_ethernet_mac/mss_ethernet_mac.o
 .text.MAC_stop_transmission
                0x00006588       0x60 ./MicroSemi_Code/drivers/mss_ethernet_mac/mss_ethernet_mac.o
 .text.MAC_start_transmission
                0x000065e8       0x1c ./MicroSemi_Code/drivers/mss_ethernet_mac/mss_ethernet_mac.o
 .text.MAC_stop_receiving
                0x00006604       0x60 ./MicroSemi_Code/drivers/mss_ethernet_mac/mss_ethernet_mac.o
 .text.MAC_start_receiving
                0x00006664       0x1c ./MicroSemi_Code/drivers/mss_ethernet_mac/mss_ethernet_mac.o
 .text.MAC_dismiss_bad_frames
                0x00006680       0xa4 ./MicroSemi_Code/drivers/mss_ethernet_mac/mss_ethernet_mac.o
 .text.MAC_set_time_out
                0x00006724       0x50 ./MicroSemi_Code/drivers/mss_ethernet_mac/mss_ethernet_mac.o
 .text.MAC_get_time_out
                0x00006774       0xf4 ./MicroSemi_Code/drivers/mss_ethernet_mac/mss_ethernet_mac.o
 .text.MAC_memset
                0x00006868       0x38 ./MicroSemi_Code/drivers/mss_ethernet_mac/mss_ethernet_mac.o
 .text.MAC_memset_All
                0x000068a0      0x448 ./MicroSemi_Code/drivers/mss_ethernet_mac/mss_ethernet_mac.o
 .text.MAC_memcpy
                0x00006ce8       0x3c ./MicroSemi_Code/drivers/mss_ethernet_mac/mss_ethernet_mac.o
 .text.MSS_MAC_FreeTxBuffers
                0x00006d24       0x88 ./MicroSemi_Code/drivers/mss_ethernet_mac/mss_ethernet_mac.o
                0x00006d24                MSS_MAC_FreeTxBuffers
 .text.MAC_obtain_buffer
                0x00006dac      0x178 ./MicroSemi_Code/drivers/mss_ethernet_mac/mss_ethernet_mac.o
 .text.MAC_release_buffer
                0x00006f24       0x70 ./MicroSemi_Code/drivers/mss_ethernet_mac/mss_ethernet_mac.o
 .text          0x00006f94        0x0 ./MicroSemi_Code/drivers/mss_ethernet_mac/phy.o
 .text.MDIO_management_clock
                0x00006f94       0x38 ./MicroSemi_Code/drivers/mss_ethernet_mac/phy.o
 .text.MDIO_send_cmd
                0x00006fcc      0x100 ./MicroSemi_Code/drivers/mss_ethernet_mac/phy.o
 .text.MDIO_read
                0x000070cc       0x70 ./MicroSemi_Code/drivers/mss_ethernet_mac/phy.o
 .text.MDIO_write
                0x0000713c       0x74 ./MicroSemi_Code/drivers/mss_ethernet_mac/phy.o
 .text.PHY_probe
                0x000071b0       0x84 ./MicroSemi_Code/drivers/mss_ethernet_mac/phy.o
                0x000071b0                PHY_probe
 .text.PHY_reset
                0x00007234       0x20 ./MicroSemi_Code/drivers/mss_ethernet_mac/phy.o
                0x00007234                PHY_reset
 .text.PHY_auto_negotiate
                0x00007254       0x50 ./MicroSemi_Code/drivers/mss_ethernet_mac/phy.o
                0x00007254                PHY_auto_negotiate
 .text.PHY_link_status
                0x000072a4       0x30 ./MicroSemi_Code/drivers/mss_ethernet_mac/phy.o
                0x000072a4                PHY_link_status
 .text.PHY_link_type
                0x000072d4       0x48 ./MicroSemi_Code/drivers/mss_ethernet_mac/phy.o
                0x000072d4                PHY_link_type
 .text.PHY_set_link_type
                0x0000731c       0x58 ./MicroSemi_Code/drivers/mss_ethernet_mac/phy.o
                0x0000731c                PHY_set_link_type
 .text.PHY_set_loopback
                0x00007374       0x58 ./MicroSemi_Code/drivers/mss_ethernet_mac/phy.o
                0x00007374                PHY_set_loopback
 .text          0x000073cc        0x0 ./MicroSemi_Code/drivers/mss_ace/ace_convert.o
 .text.ACE_get_channel_type
                0x000073cc       0x44 ./MicroSemi_Code/drivers/mss_ace/ace_convert.o
                0x000073cc                ACE_get_channel_type
 .text.ACE_convert_adc_input_to_mV
                0x00007410       0x64 ./MicroSemi_Code/drivers/mss_ace/ace_convert.o
                0x00007410                ACE_convert_adc_input_to_mV
 .text.ace_init_convert
                0x00007474      0x1b4 ./MicroSemi_Code/drivers/mss_ace/ace_convert.o
                0x00007474                ace_init_convert
 .text.ACE_convert_to_mV
                0x00007628      0x100 ./MicroSemi_Code/drivers/mss_ace/ace_convert.o
                0x00007628                ACE_convert_to_mV
 .text.ACE_convert_to_mA
                0x00007728       0xb4 ./MicroSemi_Code/drivers/mss_ace/ace_convert.o
                0x00007728                ACE_convert_to_mA
 .text.ACE_convert_to_uA
                0x000077dc       0xb0 ./MicroSemi_Code/drivers/mss_ace/ace_convert.o
                0x000077dc                ACE_convert_to_uA
 .text.ACE_convert_to_Kelvin
                0x0000788c       0x4c ./MicroSemi_Code/drivers/mss_ace/ace_convert.o
                0x0000788c                ACE_convert_to_Kelvin
 .text.ACE_convert_to_Celsius
                0x000078d8       0x3c ./MicroSemi_Code/drivers/mss_ace/ace_convert.o
                0x000078d8                ACE_convert_to_Celsius
 .text.ACE_convert_to_Fahrenheit
                0x00007914       0x58 ./MicroSemi_Code/drivers/mss_ace/ace_convert.o
                0x00007914                ACE_convert_to_Fahrenheit
 .text.ACE_get_channel_name
                0x0000796c       0x38 ./MicroSemi_Code/drivers/mss_ace/ace_convert.o
                0x0000796c                ACE_get_channel_name
 .text.ACE_convert_mV_to_adc_value
                0x000079a4       0xa0 ./MicroSemi_Code/drivers/mss_ace/ace_convert.o
                0x000079a4                ACE_convert_mV_to_adc_value
 .text.convert_mV_to_ppe_value
                0x00007a44       0x7c ./MicroSemi_Code/drivers/mss_ace/ace_convert.o
 .text.ACE_convert_from_mV
                0x00007ac0      0x110 ./MicroSemi_Code/drivers/mss_ace/ace_convert.o
                0x00007ac0                ACE_convert_from_mV
 .text.ACE_convert_from_mA
                0x00007bd0       0xc4 ./MicroSemi_Code/drivers/mss_ace/ace_convert.o
                0x00007bd0                ACE_convert_from_mA
 .text.ACE_convert_from_uA
                0x00007c94       0xc4 ./MicroSemi_Code/drivers/mss_ace/ace_convert.o
                0x00007c94                ACE_convert_from_uA
 .text.ACE_convert_from_Kelvin
                0x00007d58       0x58 ./MicroSemi_Code/drivers/mss_ace/ace_convert.o
                0x00007d58                ACE_convert_from_Kelvin
 .text.ACE_convert_from_Celsius
                0x00007db0       0x4c ./MicroSemi_Code/drivers/mss_ace/ace_convert.o
                0x00007db0                ACE_convert_from_Celsius
 .text.ACE_convert_from_Fahrenheit
                0x00007dfc       0x64 ./MicroSemi_Code/drivers/mss_ace/ace_convert.o
                0x00007dfc                ACE_convert_from_Fahrenheit
 .text.ACE_translate_pdma_value
                0x00007e60       0x34 ./MicroSemi_Code/drivers/mss_ace/ace_convert.o
                0x00007e60                ACE_translate_pdma_value
 .text          0x00007e94        0x0 ./MicroSemi_Code/drivers/mss_ace/ace_flags.o
 .text.NVIC_ClearPendingIRQ
                0x00007e94       0x3c ./MicroSemi_Code/drivers/mss_ace/ace_flags.o
 .text.ace_init_flags
                0x00007ed0        0xc ./MicroSemi_Code/drivers/mss_ace/ace_flags.o
                0x00007ed0                ace_init_flags
 .text.ACE_is_hysteresis_flag
                0x00007edc       0x20 ./MicroSemi_Code/drivers/mss_ace/ace_flags.o
                0x00007edc                ACE_is_hysteresis_flag
 .text.ACE_is_under_flag
                0x00007efc       0x20 ./MicroSemi_Code/drivers/mss_ace/ace_flags.o
                0x00007efc                ACE_is_under_flag
 .text.ACE_set_flag_threshold
                0x00007f1c       0x18 ./MicroSemi_Code/drivers/mss_ace/ace_flags.o
                0x00007f1c                ACE_set_flag_threshold
 .text.ACE_set_flag_assertion
                0x00007f34       0x18 ./MicroSemi_Code/drivers/mss_ace/ace_flags.o
                0x00007f34                ACE_set_flag_assertion
 .text.ACE_set_flag_deassertion
                0x00007f4c       0x18 ./MicroSemi_Code/drivers/mss_ace/ace_flags.o
                0x00007f4c                ACE_set_flag_deassertion
 .text.ACE_set_flag_hysteresis
                0x00007f64       0x18 ./MicroSemi_Code/drivers/mss_ace/ace_flags.o
                0x00007f64                ACE_set_flag_hysteresis
 .text.ACE_set_channel_hysteresis
                0x00007f7c       0x18 ./MicroSemi_Code/drivers/mss_ace/ace_flags.o
                0x00007f7c                ACE_set_channel_hysteresis
 .text.ACE_get_flag_handle
                0x00007f94       0x1c ./MicroSemi_Code/drivers/mss_ace/ace_flags.o
                0x00007f94                ACE_get_flag_handle
 .text.ACE_get_flag_status
                0x00007fb0       0x20 ./MicroSemi_Code/drivers/mss_ace/ace_flags.o
                0x00007fb0                ACE_get_flag_status
 .text.ACE_get_flag_name
                0x00007fd0       0x20 ./MicroSemi_Code/drivers/mss_ace/ace_flags.o
                0x00007fd0                ACE_get_flag_name
 .text.ACE_get_flag_channel
                0x00007ff0       0x20 ./MicroSemi_Code/drivers/mss_ace/ace_flags.o
                0x00007ff0                ACE_get_flag_channel
 .text.ACE_get_channel_flag_count
                0x00008010       0x20 ./MicroSemi_Code/drivers/mss_ace/ace_flags.o
                0x00008010                ACE_get_channel_flag_count
 .text.ACE_get_channel_first_flag
                0x00008030       0x20 ./MicroSemi_Code/drivers/mss_ace/ace_flags.o
                0x00008030                ACE_get_channel_first_flag
 .text.ACE_get_channel_next_flag
                0x00008050       0x20 ./MicroSemi_Code/drivers/mss_ace/ace_flags.o
                0x00008050                ACE_get_channel_next_flag
 .text.ACE_enable_channel_flags_irq
                0x00008070       0x14 ./MicroSemi_Code/drivers/mss_ace/ace_flags.o
                0x00008070                ACE_enable_channel_flags_irq
 .text.ACE_disable_channel_flags_irq
                0x00008084       0x14 ./MicroSemi_Code/drivers/mss_ace/ace_flags.o
                0x00008084                ACE_disable_channel_flags_irq
 .text.ACE_clear_channel_flags_irq
                0x00008098       0x14 ./MicroSemi_Code/drivers/mss_ace/ace_flags.o
                0x00008098                ACE_clear_channel_flags_irq
 .text.ACE_enable_flag_irq
                0x000080ac       0x14 ./MicroSemi_Code/drivers/mss_ace/ace_flags.o
                0x000080ac                ACE_enable_flag_irq
 .text.ACE_disable_flag_irq
                0x000080c0       0x14 ./MicroSemi_Code/drivers/mss_ace/ace_flags.o
                0x000080c0                ACE_disable_flag_irq
 .text.ACE_clear_flag_irq
                0x000080d4       0x14 ./MicroSemi_Code/drivers/mss_ace/ace_flags.o
                0x000080d4                ACE_clear_flag_irq
 .text.ACE_register_flag_isr
                0x000080e8       0x18 ./MicroSemi_Code/drivers/mss_ace/ace_flags.o
                0x000080e8                ACE_register_flag_isr
 .text.ACE_register_channel_flags_isr
                0x00008100       0x18 ./MicroSemi_Code/drivers/mss_ace/ace_flags.o
                0x00008100                ACE_register_channel_flags_isr
 .text.ACE_register_global_flags_isr
                0x00008118       0x14 ./MicroSemi_Code/drivers/mss_ace/ace_flags.o
                0x00008118                ACE_register_global_flags_isr
 .text.process_flag_irq
                0x0000812c       0x14 ./MicroSemi_Code/drivers/mss_ace/ace_flags.o
 .text.ACE_PPE_Flag0_IRQHandler
                0x00008140       0x28 ./MicroSemi_Code/drivers/mss_ace/ace_flags.o
                0x00008140                ACE_PPE_Flag0_IRQHandler
 .text.ACE_PPE_Flag1_IRQHandler
                0x00008168       0x28 ./MicroSemi_Code/drivers/mss_ace/ace_flags.o
                0x00008168                ACE_PPE_Flag1_IRQHandler
 .text.ACE_PPE_Flag2_IRQHandler
                0x00008190       0x28 ./MicroSemi_Code/drivers/mss_ace/ace_flags.o
                0x00008190                ACE_PPE_Flag2_IRQHandler
 .text.ACE_PPE_Flag3_IRQHandler
                0x000081b8       0x28 ./MicroSemi_Code/drivers/mss_ace/ace_flags.o
                0x000081b8                ACE_PPE_Flag3_IRQHandler
 .text.ACE_PPE_Flag4_IRQHandler
                0x000081e0       0x28 ./MicroSemi_Code/drivers/mss_ace/ace_flags.o
                0x000081e0                ACE_PPE_Flag4_IRQHandler
 .text.ACE_PPE_Flag5_IRQHandler
                0x00008208       0x28 ./MicroSemi_Code/drivers/mss_ace/ace_flags.o
                0x00008208                ACE_PPE_Flag5_IRQHandler
 .text.ACE_PPE_Flag6_IRQHandler
                0x00008230       0x28 ./MicroSemi_Code/drivers/mss_ace/ace_flags.o
                0x00008230                ACE_PPE_Flag6_IRQHandler
 .text.ACE_PPE_Flag7_IRQHandler
                0x00008258       0x28 ./MicroSemi_Code/drivers/mss_ace/ace_flags.o
                0x00008258                ACE_PPE_Flag7_IRQHandler
 .text.ACE_PPE_Flag8_IRQHandler
                0x00008280       0x28 ./MicroSemi_Code/drivers/mss_ace/ace_flags.o
                0x00008280                ACE_PPE_Flag8_IRQHandler
 .text.ACE_PPE_Flag9_IRQHandler
                0x000082a8       0x28 ./MicroSemi_Code/drivers/mss_ace/ace_flags.o
                0x000082a8                ACE_PPE_Flag9_IRQHandler
 .text.ACE_PPE_Flag10_IRQHandler
                0x000082d0       0x28 ./MicroSemi_Code/drivers/mss_ace/ace_flags.o
                0x000082d0                ACE_PPE_Flag10_IRQHandler
 .text.ACE_PPE_Flag11_IRQHandler
                0x000082f8       0x28 ./MicroSemi_Code/drivers/mss_ace/ace_flags.o
                0x000082f8                ACE_PPE_Flag11_IRQHandler
 .text.ACE_PPE_Flag12_IRQHandler
                0x00008320       0x28 ./MicroSemi_Code/drivers/mss_ace/ace_flags.o
                0x00008320                ACE_PPE_Flag12_IRQHandler
 .text.ACE_PPE_Flag13_IRQHandler
                0x00008348       0x28 ./MicroSemi_Code/drivers/mss_ace/ace_flags.o
                0x00008348                ACE_PPE_Flag13_IRQHandler
 .text.ACE_PPE_Flag14_IRQHandler
                0x00008370       0x28 ./MicroSemi_Code/drivers/mss_ace/ace_flags.o
                0x00008370                ACE_PPE_Flag14_IRQHandler
 .text.ACE_PPE_Flag15_IRQHandler
                0x00008398       0x28 ./MicroSemi_Code/drivers/mss_ace/ace_flags.o
                0x00008398                ACE_PPE_Flag15_IRQHandler
 .text.ACE_PPE_Flag16_IRQHandler
                0x000083c0       0x28 ./MicroSemi_Code/drivers/mss_ace/ace_flags.o
                0x000083c0                ACE_PPE_Flag16_IRQHandler
 .text.ACE_PPE_Flag17_IRQHandler
                0x000083e8       0x28 ./MicroSemi_Code/drivers/mss_ace/ace_flags.o
                0x000083e8                ACE_PPE_Flag17_IRQHandler
 .text.ACE_PPE_Flag18_IRQHandler
                0x00008410       0x28 ./MicroSemi_Code/drivers/mss_ace/ace_flags.o
                0x00008410                ACE_PPE_Flag18_IRQHandler
 .text.ACE_PPE_Flag19_IRQHandler
                0x00008438       0x28 ./MicroSemi_Code/drivers/mss_ace/ace_flags.o
                0x00008438                ACE_PPE_Flag19_IRQHandler
 .text.ACE_PPE_Flag20_IRQHandler
                0x00008460       0x28 ./MicroSemi_Code/drivers/mss_ace/ace_flags.o
                0x00008460                ACE_PPE_Flag20_IRQHandler
 .text.ACE_PPE_Flag21_IRQHandler
                0x00008488       0x28 ./MicroSemi_Code/drivers/mss_ace/ace_flags.o
                0x00008488                ACE_PPE_Flag21_IRQHandler
 .text.ACE_PPE_Flag22_IRQHandler
                0x000084b0       0x28 ./MicroSemi_Code/drivers/mss_ace/ace_flags.o
                0x000084b0                ACE_PPE_Flag22_IRQHandler
 .text.ACE_PPE_Flag23_IRQHandler
                0x000084d8       0x28 ./MicroSemi_Code/drivers/mss_ace/ace_flags.o
                0x000084d8                ACE_PPE_Flag23_IRQHandler
 .text.ACE_PPE_Flag24_IRQHandler
                0x00008500       0x28 ./MicroSemi_Code/drivers/mss_ace/ace_flags.o
                0x00008500                ACE_PPE_Flag24_IRQHandler
 .text.ACE_PPE_Flag25_IRQHandler
                0x00008528       0x28 ./MicroSemi_Code/drivers/mss_ace/ace_flags.o
                0x00008528                ACE_PPE_Flag25_IRQHandler
 .text.ACE_PPE_Flag26_IRQHandler
                0x00008550       0x28 ./MicroSemi_Code/drivers/mss_ace/ace_flags.o
                0x00008550                ACE_PPE_Flag26_IRQHandler
 .text.ACE_PPE_Flag27_IRQHandler
                0x00008578       0x28 ./MicroSemi_Code/drivers/mss_ace/ace_flags.o
                0x00008578                ACE_PPE_Flag27_IRQHandler
 .text.ACE_PPE_Flag28_IRQHandler
                0x000085a0       0x28 ./MicroSemi_Code/drivers/mss_ace/ace_flags.o
                0x000085a0                ACE_PPE_Flag28_IRQHandler
 .text.ACE_PPE_Flag29_IRQHandler
                0x000085c8       0x28 ./MicroSemi_Code/drivers/mss_ace/ace_flags.o
                0x000085c8                ACE_PPE_Flag29_IRQHandler
 .text.ACE_PPE_Flag30_IRQHandler
                0x000085f0       0x28 ./MicroSemi_Code/drivers/mss_ace/ace_flags.o
                0x000085f0                ACE_PPE_Flag30_IRQHandler
 .text.ACE_PPE_Flag31_IRQHandler
                0x00008618       0x28 ./MicroSemi_Code/drivers/mss_ace/ace_flags.o
                0x00008618                ACE_PPE_Flag31_IRQHandler
 .text          0x00008640        0x0 ./MicroSemi_Code/drivers/mss_ace/ace_sse.o
 .text.ACE_get_sse_seq_handle
                0x00008640       0x84 ./MicroSemi_Code/drivers/mss_ace/ace_sse.o
                0x00008640                ACE_get_sse_seq_handle
 .text.ACE_load_sse
                0x000086c4      0x130 ./MicroSemi_Code/drivers/mss_ace/ace_sse.o
                0x000086c4                ACE_load_sse
 .text.ACE_start_sse
                0x000087f4      0x140 ./MicroSemi_Code/drivers/mss_ace/ace_sse.o
                0x000087f4                ACE_start_sse
 .text.ACE_restart_sse
                0x00008934      0x124 ./MicroSemi_Code/drivers/mss_ace/ace_sse.o
                0x00008934                ACE_restart_sse
 .text.ACE_stop_sse
                0x00008a58       0x54 ./MicroSemi_Code/drivers/mss_ace/ace_sse.o
                0x00008a58                ACE_stop_sse
 .text.ACE_resume_sse
                0x00008aac       0x54 ./MicroSemi_Code/drivers/mss_ace/ace_sse.o
                0x00008aac                ACE_resume_sse
 .text.ACE_enable_sse_irq
                0x00008b00       0x48 ./MicroSemi_Code/drivers/mss_ace/ace_sse.o
                0x00008b00                ACE_enable_sse_irq
 .text.ACE_disable_sse_irq
                0x00008b48       0x64 ./MicroSemi_Code/drivers/mss_ace/ace_sse.o
                0x00008b48                ACE_disable_sse_irq
 .text.ACE_clear_sse_irq
                0x00008bac       0x6c ./MicroSemi_Code/drivers/mss_ace/ace_sse.o
                0x00008bac                ACE_clear_sse_irq
 .text.ACE_clear_sample_pipeline
                0x00008c18      0x178 ./MicroSemi_Code/drivers/mss_ace/ace_sse.o
                0x00008c18                ACE_clear_sample_pipeline
 .text          0x00008d90        0x0 ./MicroSemi_Code/drivers/mss_ace/ace_transform.o
 .text.ACE_get_default_m_factor
                0x00008d90       0x30 ./MicroSemi_Code/drivers/mss_ace/ace_transform.o
                0x00008d90                ACE_get_default_m_factor
 .text.ACE_get_default_c_offset
                0x00008dc0       0x34 ./MicroSemi_Code/drivers/mss_ace/ace_transform.o
                0x00008dc0                ACE_get_default_c_offset
 .text.ACE_set_linear_transform
                0x00008df4      0x17c ./MicroSemi_Code/drivers/mss_ace/ace_transform.o
                0x00008df4                ACE_set_linear_transform
 .text.extend_sign
                0x00008f70       0x30 ./MicroSemi_Code/drivers/mss_ace/ace_transform.o
                0x00008f70                extend_sign
 .text.adjust_to_24bit_ace_format
                0x00008fa0       0x80 ./MicroSemi_Code/drivers/mss_ace/ace_transform.o
                0x00008fa0                adjust_to_24bit_ace_format
 .text.adjust_to_16bit_ace_format
                0x00009020       0x80 ./MicroSemi_Code/drivers/mss_ace/ace_transform.o
                0x00009020                adjust_to_16bit_ace_format
 .text.get_calibration
                0x000090a0      0x380 ./MicroSemi_Code/drivers/mss_ace/ace_transform.o
                0x000090a0                get_calibration
 .text.write_transform_coefficients
                0x00009420       0xac ./MicroSemi_Code/drivers/mss_ace/ace_transform.o
                0x00009420                write_transform_coefficients
 .text          0x000094cc        0x0 ./MicroSemi_Code/drivers/mss_ace/mss_ace.o
 .text.ACE_init
                0x000094cc       0x10 ./MicroSemi_Code/drivers/mss_ace/mss_ace.o
                0x000094cc                ACE_init
 .text.ACE_start_adc
                0x000094dc       0x2c ./MicroSemi_Code/drivers/mss_ace/mss_ace.o
                0x000094dc                ACE_start_adc
 .text.ACE_get_adc_result
                0x00009508       0x64 ./MicroSemi_Code/drivers/mss_ace/mss_ace.o
                0x00009508                ACE_get_adc_result
 .text.ACE_configure_sdd
                0x0000956c      0x1a0 ./MicroSemi_Code/drivers/mss_ace/mss_ace.o
                0x0000956c                ACE_configure_sdd
 .text.ACE_enable_sdd
                0x0000970c       0x48 ./MicroSemi_Code/drivers/mss_ace/mss_ace.o
                0x0000970c                ACE_enable_sdd
 .text.ACE_disable_sdd
                0x00009754       0x48 ./MicroSemi_Code/drivers/mss_ace/mss_ace.o
                0x00009754                ACE_disable_sdd
 .text.ACE_set_sdd_value
                0x0000979c       0x4c ./MicroSemi_Code/drivers/mss_ace/mss_ace.o
                0x0000979c                ACE_set_sdd_value
 .text.ACE_set_sdd_value_sync
                0x000097e8       0xd0 ./MicroSemi_Code/drivers/mss_ace/mss_ace.o
                0x000097e8                ACE_set_sdd_value_sync
 .text.ACE_set_comp_reference
                0x000098b8      0x1b4 ./MicroSemi_Code/drivers/mss_ace/mss_ace.o
                0x000098b8                ACE_set_comp_reference
 .text.ACE_set_comp_hysteresis
                0x00009a6c      0x128 ./MicroSemi_Code/drivers/mss_ace/mss_ace.o
                0x00009a6c                ACE_set_comp_hysteresis
 .text.ACE_enable_comp
                0x00009b94       0xfc ./MicroSemi_Code/drivers/mss_ace/mss_ace.o
                0x00009b94                ACE_enable_comp
 .text.ACE_disable_comp
                0x00009c90       0xf8 ./MicroSemi_Code/drivers/mss_ace/mss_ace.o
                0x00009c90                ACE_disable_comp
 .text.ACE_enable_comp_rise_irq
                0x00009d88       0x50 ./MicroSemi_Code/drivers/mss_ace/mss_ace.o
                0x00009d88                ACE_enable_comp_rise_irq
 .text.ACE_disable_comp_rise_irq
                0x00009dd8       0x70 ./MicroSemi_Code/drivers/mss_ace/mss_ace.o
                0x00009dd8                ACE_disable_comp_rise_irq
 .text.ACE_clear_comp_rise_irq
                0x00009e48       0x6c ./MicroSemi_Code/drivers/mss_ace/mss_ace.o
                0x00009e48                ACE_clear_comp_rise_irq
 .text.ACE_enable_comp_fall_irq
                0x00009eb4       0x50 ./MicroSemi_Code/drivers/mss_ace/mss_ace.o
                0x00009eb4                ACE_enable_comp_fall_irq
 .text.ACE_disable_comp_fall_irq
                0x00009f04       0x70 ./MicroSemi_Code/drivers/mss_ace/mss_ace.o
                0x00009f04                ACE_disable_comp_fall_irq
 .text.ACE_clear_comp_fall_irq
                0x00009f74       0x6c ./MicroSemi_Code/drivers/mss_ace/mss_ace.o
                0x00009f74                ACE_clear_comp_fall_irq
 .text.ACE_get_comp_status
                0x00009fe0       0x20 ./MicroSemi_Code/drivers/mss_ace/mss_ace.o
                0x00009fe0                ACE_get_comp_status
 .text.ACE_get_channel_count
                0x0000a000       0x10 ./MicroSemi_Code/drivers/mss_ace/mss_ace.o
                0x0000a000                ACE_get_channel_count
 .text.ACE_get_first_channel
                0x0000a010       0x1c ./MicroSemi_Code/drivers/mss_ace/mss_ace.o
                0x0000a010                ACE_get_first_channel
 .text.ACE_get_next_channel
                0x0000a02c       0x2c ./MicroSemi_Code/drivers/mss_ace/mss_ace.o
                0x0000a02c                ACE_get_next_channel
 .text.ACE_get_channel_handle
                0x0000a058       0x74 ./MicroSemi_Code/drivers/mss_ace/mss_ace.o
                0x0000a058                ACE_get_channel_handle
 .text.ACE_get_input_channel_handle
                0x0000a0cc       0x54 ./MicroSemi_Code/drivers/mss_ace/mss_ace.o
                0x0000a0cc                ACE_get_input_channel_handle
 .text.ACE_get_ppe_sample
                0x0000a120       0x54 ./MicroSemi_Code/drivers/mss_ace/mss_ace.o
                0x0000a120                ACE_get_ppe_sample
 .text          0x0000a174        0x0 ./MicroSemi_Code/CMSIS/brownout_isr.o
 .text.BrownOut_1_5V_IRQHandler
                0x0000a174       0xb0 ./MicroSemi_Code/CMSIS/brownout_isr.o
                0x0000a174                BrownOut_1_5V_IRQHandler
 .text          0x0000a224        0x0 ./MicroSemi_Code/CMSIS/core_cm3.o
 .text.__get_PSP
                0x0000a224       0x10 ./MicroSemi_Code/CMSIS/core_cm3.o
                0x0000a224                __get_PSP
 .text.__set_PSP
                0x0000a234        0x8 ./MicroSemi_Code/CMSIS/core_cm3.o
                0x0000a234                __set_PSP
 .text.__get_MSP
                0x0000a23c       0x10 ./MicroSemi_Code/CMSIS/core_cm3.o
                0x0000a23c                __get_MSP
 .text.__set_MSP
                0x0000a24c        0x8 ./MicroSemi_Code/CMSIS/core_cm3.o
                0x0000a24c                __set_MSP
 .text.__get_BASEPRI
                0x0000a254       0x20 ./MicroSemi_Code/CMSIS/core_cm3.o
                0x0000a254                __get_BASEPRI
 .text.__set_BASEPRI
                0x0000a274       0x18 ./MicroSemi_Code/CMSIS/core_cm3.o
                0x0000a274                __set_BASEPRI
 .text.__get_PRIMASK
                0x0000a28c       0x20 ./MicroSemi_Code/CMSIS/core_cm3.o
                0x0000a28c                __get_PRIMASK
 .text.__set_PRIMASK
                0x0000a2ac       0x18 ./MicroSemi_Code/CMSIS/core_cm3.o
                0x0000a2ac                __set_PRIMASK
 .text.__get_FAULTMASK
                0x0000a2c4       0x20 ./MicroSemi_Code/CMSIS/core_cm3.o
                0x0000a2c4                __get_FAULTMASK
 .text.__set_FAULTMASK
                0x0000a2e4       0x18 ./MicroSemi_Code/CMSIS/core_cm3.o
                0x0000a2e4                __set_FAULTMASK
 .text.__get_CONTROL
                0x0000a2fc       0x20 ./MicroSemi_Code/CMSIS/core_cm3.o
                0x0000a2fc                __get_CONTROL
 .text.__set_CONTROL
                0x0000a31c       0x18 ./MicroSemi_Code/CMSIS/core_cm3.o
                0x0000a31c                __set_CONTROL
 .text.__REV    0x0000a334       0x24 ./MicroSemi_Code/CMSIS/core_cm3.o
                0x0000a334                __REV
 .text.__REV16  0x0000a358       0x24 ./MicroSemi_Code/CMSIS/core_cm3.o
                0x0000a358                __REV16
 .text.__REVSH  0x0000a37c       0x24 ./MicroSemi_Code/CMSIS/core_cm3.o
                0x0000a37c                __REVSH
 .text.__RBIT   0x0000a3a0       0x24 ./MicroSemi_Code/CMSIS/core_cm3.o
                0x0000a3a0                __RBIT
 .text.__LDREXB
                0x0000a3c4       0x24 ./MicroSemi_Code/CMSIS/core_cm3.o
                0x0000a3c4                __LDREXB
 .text.__LDREXH
                0x0000a3e8       0x24 ./MicroSemi_Code/CMSIS/core_cm3.o
                0x0000a3e8                __LDREXH
 .text.__LDREXW
                0x0000a40c       0x24 ./MicroSemi_Code/CMSIS/core_cm3.o
                0x0000a40c                __LDREXW
 .text.__STREXB
                0x0000a430       0x2c ./MicroSemi_Code/CMSIS/core_cm3.o
                0x0000a430                __STREXB
 .text.__STREXH
                0x0000a45c       0x2c ./MicroSemi_Code/CMSIS/core_cm3.o
                0x0000a45c                __STREXH
 .text.__STREXW
                0x0000a488       0x28 ./MicroSemi_Code/CMSIS/core_cm3.o
                0x0000a488                __STREXW
 .text          0x0000a4b0        0x0 ./MicroSemi_Code/CMSIS/system_a2fxxxm3.o
 .text.SystemInit
                0x0000a4b0        0xc ./MicroSemi_Code/CMSIS/system_a2fxxxm3.o
                0x0000a4b0                SystemInit
 .text.SystemCoreClockUpdate
                0x0000a4bc      0x150 ./MicroSemi_Code/CMSIS/system_a2fxxxm3.o
                0x0000a4bc                SystemCoreClockUpdate
 .text.GetSystemClock
                0x0000a60c       0xe8 ./MicroSemi_Code/CMSIS/system_a2fxxxm3.o
 .text          0x0000a6f4        0x0 ./MicroSemi_Code/CMSIS/startup_gcc/newlib_stubs.o
 .text._close   0x0000a6f4       0x18 ./MicroSemi_Code/CMSIS/startup_gcc/newlib_stubs.o
                0x0000a6f4                _close
 .text._execve  0x0000a70c       0x28 ./MicroSemi_Code/CMSIS/startup_gcc/newlib_stubs.o
                0x0000a70c                _execve
 .text._exit    0x0000a734        0xc ./MicroSemi_Code/CMSIS/startup_gcc/newlib_stubs.o
                0x0000a734                _exit
 .text._fork    0x0000a740       0x18 ./MicroSemi_Code/CMSIS/startup_gcc/newlib_stubs.o
                0x0000a740                _fork
 .text._fstat   0x0000a758       0x24 ./MicroSemi_Code/CMSIS/startup_gcc/newlib_stubs.o
                0x0000a758                _fstat
 .text._getpid  0x0000a77c       0x10 ./MicroSemi_Code/CMSIS/startup_gcc/newlib_stubs.o
                0x0000a77c                _getpid
 .text._isatty  0x0000a78c       0x18 ./MicroSemi_Code/CMSIS/startup_gcc/newlib_stubs.o
                0x0000a78c                _isatty
 .text._kill    0x0000a7a4       0x24 ./MicroSemi_Code/CMSIS/startup_gcc/newlib_stubs.o
                0x0000a7a4                _kill
 .text._link    0x0000a7c8       0x24 ./MicroSemi_Code/CMSIS/startup_gcc/newlib_stubs.o
                0x0000a7c8                _link
 .text._lseek   0x0000a7ec       0x1c ./MicroSemi_Code/CMSIS/startup_gcc/newlib_stubs.o
                0x0000a7ec                _lseek
 .text._open    0x0000a808       0x1c ./MicroSemi_Code/CMSIS/startup_gcc/newlib_stubs.o
                0x0000a808                _open
 .text._read    0x0000a824       0x1c ./MicroSemi_Code/CMSIS/startup_gcc/newlib_stubs.o
                0x0000a824                _read
 .text._write_r
                0x0000a840       0x5c ./MicroSemi_Code/CMSIS/startup_gcc/newlib_stubs.o
                0x0000a840                _write_r
 .text._sbrk    0x0000a89c       0x94 ./MicroSemi_Code/CMSIS/startup_gcc/newlib_stubs.o
                0x0000a89c                _sbrk
 .text._stat    0x0000a930       0x24 ./MicroSemi_Code/CMSIS/startup_gcc/newlib_stubs.o
                0x0000a930                _stat
 .text._times   0x0000a954       0x18 ./MicroSemi_Code/CMSIS/startup_gcc/newlib_stubs.o
                0x0000a954                _times
 .text._unlink  0x0000a96c       0x24 ./MicroSemi_Code/CMSIS/startup_gcc/newlib_stubs.o
                0x0000a96c                _unlink
 .text._wait    0x0000a990       0x24 ./MicroSemi_Code/CMSIS/startup_gcc/newlib_stubs.o
                0x0000a990                _wait
 .text          0x0000a9b4        0x0 ./MicroSemi_Code/CMSIS/startup_gcc/startup_a2fxxxm3.o
 .text          0x0000a9b4        0x0 ./FreeTCPIP/psock.o
 .text.buf_setup
                0x0000a9b4       0x24 ./FreeTCPIP/psock.o
 .text.buf_bufdata
                0x0000a9d8      0x11c ./FreeTCPIP/psock.o
 .text.buf_bufto
                0x0000aaf4       0xa8 ./FreeTCPIP/psock.o
 .text.send_data
                0x0000ab9c       0x6c ./FreeTCPIP/psock.o
 .text.data_acked
                0x0000ac08       0x88 ./FreeTCPIP/psock.o
 .text.psock_send
                0x0000ac90       0x94 ./FreeTCPIP/psock.o
                0x0000ac90                psock_send
 .text.psock_generator_send
                0x0000ad24       0xb8 ./FreeTCPIP/psock.o
                0x0000ad24                psock_generator_send
 .text.psock_datalen
                0x0000addc       0x24 ./FreeTCPIP/psock.o
                0x0000addc                psock_datalen
 .text.psock_newdata
                0x0000ae00       0x58 ./FreeTCPIP/psock.o
                0x0000ae00                psock_newdata
 .text.psock_readto
                0x0000ae58       0xc8 ./FreeTCPIP/psock.o
                0x0000ae58                psock_readto
 .text.psock_readbuf
                0x0000af20       0xc4 ./FreeTCPIP/psock.o
                0x0000af20                psock_readbuf
 .text.psock_init
                0x0000afe4       0x48 ./FreeTCPIP/psock.o
                0x0000afe4                psock_init
 .text          0x0000b02c        0x0 ./FreeTCPIP/timer.o
 .text.timer_set
                0x0000b02c       0x24 ./FreeTCPIP/timer.o
                0x0000b02c                timer_set
 .text.timer_reset
                0x0000b050       0x20 ./FreeTCPIP/timer.o
                0x0000b050                timer_reset
 .text.timer_restart
                0x0000b070       0x1c ./FreeTCPIP/timer.o
                0x0000b070                timer_restart
 .text.timer_expired
                0x0000b08c       0x2c ./FreeTCPIP/timer.o
                0x0000b08c                timer_expired
 .text.timer_remaining
                0x0000b0b8       0x28 ./FreeTCPIP/timer.o
                0x0000b0b8                timer_remaining
 .text          0x0000b0e0        0x0 ./FreeTCPIP/uip.o
 .text.uip_setipid
                0x0000b0e0       0x20 ./FreeTCPIP/uip.o
                0x0000b0e0                uip_setipid
 .text.uip_add32
                0x0000b100      0x14c ./FreeTCPIP/uip.o
                0x0000b100                uip_add32
 .text.chksum   0x0000b24c       0x98 ./FreeTCPIP/uip.o
 .text.uip_chksum
                0x0000b2e4       0x30 ./FreeTCPIP/uip.o
                0x0000b2e4                uip_chksum
 .text.uip_ipchksum
                0x0000b314       0x48 ./FreeTCPIP/uip.o
                0x0000b314                uip_ipchksum
 .text.upper_layer_chksum
                0x0000b35c       0xa8 ./FreeTCPIP/uip.o
 .text.uip_tcpchksum
                0x0000b404       0x14 ./FreeTCPIP/uip.o
                0x0000b404                uip_tcpchksum
 .text.uip_udpchksum
                0x0000b418       0x14 ./FreeTCPIP/uip.o
                0x0000b418                uip_udpchksum
 .text.uip_init
                0x0000b42c       0xcc ./FreeTCPIP/uip.o
                0x0000b42c                uip_init
 .text.uip_connect
                0x0000b4f8      0x1e0 ./FreeTCPIP/uip.o
                0x0000b4f8                uip_connect
 .text.uip_unlisten
                0x0000b6d8       0x88 ./FreeTCPIP/uip.o
                0x0000b6d8                uip_unlisten
 .text.uip_listen
                0x0000b760       0x84 ./FreeTCPIP/uip.o
                0x0000b760                uip_listen
 .text.uip_add_rcv_nxt
                0x0000b7e4       0x84 ./FreeTCPIP/uip.o
 .text.uip_process
                0x0000b868     0x21b0 ./FreeTCPIP/uip.o
                0x0000b868                uip_process
 .text.htons    0x0000da18       0x30 ./FreeTCPIP/uip.o
                0x0000da18                htons
 .text.htonl    0x0000da48       0x5c ./FreeTCPIP/uip.o
                0x0000da48                htonl
 .text.uip_send
                0x0000daa4       0x84 ./FreeTCPIP/uip.o
                0x0000daa4                uip_send
 .text          0x0000db28        0x0 ./FreeTCPIP/uip_arp.o
 .text.uip_arp_init
                0x0000db28       0x70 ./FreeTCPIP/uip_arp.o
                0x0000db28                uip_arp_init
 .text.uip_arp_timer
                0x0000db98       0xd4 ./FreeTCPIP/uip_arp.o
                0x0000db98                uip_arp_timer
 .text.uip_arp_update
                0x0000dc6c      0x290 ./FreeTCPIP/uip_arp.o
 .text.uip_arp_arpin
                0x0000defc      0x308 ./FreeTCPIP/uip_arp.o
                0x0000defc                uip_arp_arpin
 .text.uip_arp_out
                0x0000e204      0x488 ./FreeTCPIP/uip_arp.o
                0x0000e204                uip_arp_out
 .text          0x0000e68c        0x0 ./FreeTCPIP/http_Common/http-strings.o
 .text          0x0000e68c        0x0 ./FreeTCPIP/http_Common/httpd-fs.o
 .text.httpd_fs_strcmp
                0x0000e68c       0x6c ./FreeTCPIP/http_Common/httpd-fs.o
 .text.httpd_fs_open
                0x0000e6f8       0x88 ./FreeTCPIP/http_Common/httpd-fs.o
                0x0000e6f8                httpd_fs_open
 .text.httpd_fs_init
                0x0000e780       0x38 ./FreeTCPIP/http_Common/httpd-fs.o
                0x0000e780                httpd_fs_init
 .text.httpd_fs_count
                0x0000e7b8       0x60 ./FreeTCPIP/http_Common/httpd-fs.o
                0x0000e7b8                httpd_fs_count
 .text          0x0000e818        0x0 ./FreeTCPIP/http_Common/httpd.o
 .text.generate_part_of_file
                0x0000e818       0x78 ./FreeTCPIP/http_Common/httpd.o
 .text.send_file
                0x0000e890       0x98 ./FreeTCPIP/http_Common/httpd.o
 .text.send_part_of_file
                0x0000e928       0x68 ./FreeTCPIP/http_Common/httpd.o
 .text.next_scriptstate
                0x0000e990       0x54 ./FreeTCPIP/http_Common/httpd.o
 .text.handle_script
                0x0000e9e4      0x234 ./FreeTCPIP/http_Common/httpd.o
 .text.send_headers
                0x0000ec18      0x2d8 ./FreeTCPIP/http_Common/httpd.o
 .text.handle_output
                0x0000eef0      0x18c ./FreeTCPIP/http_Common/httpd.o
 .text.handle_input
                0x0000f07c      0x1d0 ./FreeTCPIP/http_Common/httpd.o
 .text.handle_connection
                0x0000f24c       0x28 ./FreeTCPIP/http_Common/httpd.o
 .text.httpd_appcall
                0x0000f274      0x118 ./FreeTCPIP/http_Common/httpd.o
                0x0000f274                httpd_appcall
 .text.httpd_init
                0x0000f38c       0x10 ./FreeTCPIP/http_Common/httpd.o
                0x0000f38c                httpd_init
 .text          0x0000f39c        0x0 ./FreeRTOS_Source/list.o
 .text.vListInitialise
                0x0000f39c       0x48 ./FreeRTOS_Source/list.o
                0x0000f39c                vListInitialise
 .text.vListInitialiseItem
                0x0000f3e4       0x1c ./FreeRTOS_Source/list.o
                0x0000f3e4                vListInitialiseItem
 .text.vListInsertEnd
                0x0000f400       0x48 ./FreeRTOS_Source/list.o
                0x0000f400                vListInsertEnd
 .text.vListInsert
                0x0000f448       0x74 ./FreeRTOS_Source/list.o
                0x0000f448                vListInsert
 .text.uxListRemove
                0x0000f4bc       0x58 ./FreeRTOS_Source/list.o
                0x0000f4bc                uxListRemove
 .text          0x0000f514        0x0 ./FreeRTOS_Source/queue.o
 .text.xQueueGenericReset
                0x0000f514       0xec ./FreeRTOS_Source/queue.o
                0x0000f514                xQueueGenericReset
 .text.xQueueGenericCreate
                0x0000f600       0x80 ./FreeRTOS_Source/queue.o
                0x0000f600                xQueueGenericCreate
 .text.prvInitialiseNewQueue
                0x0000f680       0x48 ./FreeRTOS_Source/queue.o
 .text.prvInitialiseMutex
                0x0000f6c8       0x40 ./FreeRTOS_Source/queue.o
 .text.xQueueCreateMutex
                0x0000f708       0x38 ./FreeRTOS_Source/queue.o
                0x0000f708                xQueueCreateMutex
 .text.xQueueGiveMutexRecursive
                0x0000f740       0x74 ./FreeRTOS_Source/queue.o
                0x0000f740                xQueueGiveMutexRecursive
 .text.xQueueTakeMutexRecursive
                0x0000f7b4       0x74 ./FreeRTOS_Source/queue.o
                0x0000f7b4                xQueueTakeMutexRecursive
 .text.xQueueGenericSend
                0x0000f828      0x230 ./FreeRTOS_Source/queue.o
                0x0000f828                xQueueGenericSend
 .text.xQueueGenericSendFromISR
                0x0000fa58      0x144 ./FreeRTOS_Source/queue.o
                0x0000fa58                xQueueGenericSendFromISR
 .text.xQueueGiveFromISR
                0x0000fb9c      0x12c ./FreeRTOS_Source/queue.o
                0x0000fb9c                xQueueGiveFromISR
 .text.xQueueReceive
                0x0000fcc8      0x1ec ./FreeRTOS_Source/queue.o
                0x0000fcc8                xQueueReceive
 .text.xQueueSemaphoreTake
                0x0000feb4      0x240 ./FreeRTOS_Source/queue.o
                0x0000feb4                xQueueSemaphoreTake
 .text.xQueuePeek
                0x000100f4      0x1f0 ./FreeRTOS_Source/queue.o
                0x000100f4                xQueuePeek
 .text.xQueueReceiveFromISR
                0x000102e4      0x118 ./FreeRTOS_Source/queue.o
                0x000102e4                xQueueReceiveFromISR
 .text.xQueuePeekFromISR
                0x000103fc       0xd4 ./FreeRTOS_Source/queue.o
                0x000103fc                xQueuePeekFromISR
 .text.uxQueueMessagesWaiting
                0x000104d0       0x3c ./FreeRTOS_Source/queue.o
                0x000104d0                uxQueueMessagesWaiting
 .text.uxQueueSpacesAvailable
                0x0001050c       0x48 ./FreeRTOS_Source/queue.o
                0x0001050c                uxQueueSpacesAvailable
 .text.uxQueueMessagesWaitingFromISR
                0x00010554       0x3c ./FreeRTOS_Source/queue.o
                0x00010554                uxQueueMessagesWaitingFromISR
 .text.vQueueDelete
                0x00010590       0x34 ./FreeRTOS_Source/queue.o
                0x00010590                vQueueDelete
 .text.uxQueueGetQueueNumber
                0x000105c4       0x18 ./FreeRTOS_Source/queue.o
                0x000105c4                uxQueueGetQueueNumber
 .text.vQueueSetQueueNumber
                0x000105dc       0x1c ./FreeRTOS_Source/queue.o
                0x000105dc                vQueueSetQueueNumber
 .text.ucQueueGetQueueType
                0x000105f8       0x1c ./FreeRTOS_Source/queue.o
                0x000105f8                ucQueueGetQueueType
 .text.prvGetDisinheritPriorityAfterTimeout
                0x00010614       0x34 ./FreeRTOS_Source/queue.o
 .text.prvCopyDataToQueue
                0x00010648       0xf0 ./FreeRTOS_Source/queue.o
 .text.prvCopyDataFromQueue
                0x00010738       0x50 ./FreeRTOS_Source/queue.o
 .text.prvUnlockQueue
                0x00010788       0xac ./FreeRTOS_Source/queue.o
 .text.prvIsQueueEmpty
                0x00010834       0x34 ./FreeRTOS_Source/queue.o
 .text.xQueueIsQueueEmptyFromISR
                0x00010868       0x4c ./FreeRTOS_Source/queue.o
                0x00010868                xQueueIsQueueEmptyFromISR
 .text.prvIsQueueFull
                0x000108b4       0x38 ./FreeRTOS_Source/queue.o
 .text.xQueueIsQueueFullFromISR
                0x000108ec       0x50 ./FreeRTOS_Source/queue.o
                0x000108ec                xQueueIsQueueFullFromISR
 .text.vQueueWaitForMessageRestricted
                0x0001093c       0x74 ./FreeRTOS_Source/queue.o
                0x0001093c                vQueueWaitForMessageRestricted
 .text          0x000109b0        0x0 ./FreeRTOS_Source/tasks.o
 .text.xTaskCreate
                0x000109b0       0x94 ./FreeRTOS_Source/tasks.o
                0x000109b0                xTaskCreate
 .text.prvInitialiseNewTask
                0x00010a44      0x148 ./FreeRTOS_Source/tasks.o
 .text.prvAddNewTaskToReadyList
                0x00010b8c      0x13c ./FreeRTOS_Source/tasks.o
 .text.vTaskDelete
                0x00010cc8      0x16c ./FreeRTOS_Source/tasks.o
                0x00010cc8                vTaskDelete
 .text.vTaskDelayUntil
                0x00010e34      0x110 ./FreeRTOS_Source/tasks.o
                0x00010e34                vTaskDelayUntil
 .text.vTaskDelay
                0x00010f44       0x70 ./FreeRTOS_Source/tasks.o
                0x00010f44                vTaskDelay
 .text.eTaskGetState
                0x00010fb4       0xe4 ./FreeRTOS_Source/tasks.o
                0x00010fb4                eTaskGetState
 .text.uxTaskPriorityGet
                0x00011098       0x38 ./FreeRTOS_Source/tasks.o
                0x00011098                uxTaskPriorityGet
 .text.uxTaskPriorityGetFromISR
                0x000110d0       0x5c ./FreeRTOS_Source/tasks.o
                0x000110d0                uxTaskPriorityGetFromISR
 .text.vTaskPrioritySet
                0x0001112c      0x1b0 ./FreeRTOS_Source/tasks.o
                0x0001112c                vTaskPrioritySet
 .text.vTaskSuspend
                0x000112dc      0x168 ./FreeRTOS_Source/tasks.o
                0x000112dc                vTaskSuspend
 .text.prvTaskIsTaskSuspended
                0x00011444       0x68 ./FreeRTOS_Source/tasks.o
 .text.vTaskResume
                0x000114ac       0xdc ./FreeRTOS_Source/tasks.o
                0x000114ac                vTaskResume
 .text.xTaskResumeFromISR
                0x00011588      0x108 ./FreeRTOS_Source/tasks.o
                0x00011588                xTaskResumeFromISR
 .text.vTaskStartScheduler
                0x00011690       0xb4 ./FreeRTOS_Source/tasks.o
                0x00011690                vTaskStartScheduler
 .text.vTaskEndScheduler
                0x00011744       0x34 ./FreeRTOS_Source/tasks.o
                0x00011744                vTaskEndScheduler
 .text.vTaskSuspendAll
                0x00011778       0x24 ./FreeRTOS_Source/tasks.o
                0x00011778                vTaskSuspendAll
 .text.xTaskResumeAll
                0x0001179c      0x1a0 ./FreeRTOS_Source/tasks.o
                0x0001179c                xTaskResumeAll
 .text.xTaskGetTickCount
                0x0001193c       0x20 ./FreeRTOS_Source/tasks.o
                0x0001193c                xTaskGetTickCount
 .text.xTaskGetTickCountFromISR
                0x0001195c       0x28 ./FreeRTOS_Source/tasks.o
                0x0001195c                xTaskGetTickCountFromISR
 .text.uxTaskGetNumberOfTasks
                0x00011984       0x18 ./FreeRTOS_Source/tasks.o
                0x00011984                uxTaskGetNumberOfTasks
 .text.pcTaskGetName
                0x0001199c       0x4c ./FreeRTOS_Source/tasks.o
                0x0001199c                pcTaskGetName
 .text.uxTaskGetSystemState
                0x000119e8      0x160 ./FreeRTOS_Source/tasks.o
                0x000119e8                uxTaskGetSystemState
 .text.xTaskIncrementTick
                0x00011b48      0x204 ./FreeRTOS_Source/tasks.o
                0x00011b48                xTaskIncrementTick
 .text.vTaskSwitchContext
                0x00011d4c      0x1a8 ./FreeRTOS_Source/tasks.o
                0x00011d4c                vTaskSwitchContext
 .text.vTaskPlaceOnEventList
                0x00011ef4       0x4c ./FreeRTOS_Source/tasks.o
                0x00011ef4                vTaskPlaceOnEventList
 .text.vTaskPlaceOnUnorderedEventList
                0x00011f40       0x84 ./FreeRTOS_Source/tasks.o
                0x00011f40                vTaskPlaceOnUnorderedEventList
 .text.vTaskPlaceOnEventListRestricted
                0x00011fc4       0x58 ./FreeRTOS_Source/tasks.o
                0x00011fc4                vTaskPlaceOnEventListRestricted
 .text.xTaskRemoveFromEventList
                0x0001201c       0xf0 ./FreeRTOS_Source/tasks.o
                0x0001201c                xTaskRemoveFromEventList
 .text.vTaskRemoveFromUnorderedEventList
                0x0001210c       0xe0 ./FreeRTOS_Source/tasks.o
                0x0001210c                vTaskRemoveFromUnorderedEventList
 .text.vTaskSetTimeOutState
                0x000121ec       0x50 ./FreeRTOS_Source/tasks.o
                0x000121ec                vTaskSetTimeOutState
 .text.vTaskInternalSetTimeOutState
                0x0001223c       0x30 ./FreeRTOS_Source/tasks.o
                0x0001223c                vTaskInternalSetTimeOutState
 .text.xTaskCheckForTimeOut
                0x0001226c       0xd4 ./FreeRTOS_Source/tasks.o
                0x0001226c                xTaskCheckForTimeOut
 .text.vTaskMissedYield
                0x00012340       0x18 ./FreeRTOS_Source/tasks.o
                0x00012340                vTaskMissedYield
 .text.uxTaskGetTaskNumber
                0x00012358       0x30 ./FreeRTOS_Source/tasks.o
                0x00012358                uxTaskGetTaskNumber
 .text.vTaskSetTaskNumber
                0x00012388       0x24 ./FreeRTOS_Source/tasks.o
                0x00012388                vTaskSetTaskNumber
 .text.prvIdleTask
                0x000123ac       0x38 ./FreeRTOS_Source/tasks.o
 .text.prvInitialiseTaskLists
                0x000123e4       0xa4 ./FreeRTOS_Source/tasks.o
 .text.prvCheckTasksWaitingTermination
                0x00012488       0x78 ./FreeRTOS_Source/tasks.o
 .text.vTaskGetInfo
                0x00012500       0xe0 ./FreeRTOS_Source/tasks.o
                0x00012500                vTaskGetInfo
 .text.prvListTasksWithinSingleList
                0x000125e0       0xb8 ./FreeRTOS_Source/tasks.o
 .text.prvTaskCheckFreeStackSpace
                0x00012698       0x40 ./FreeRTOS_Source/tasks.o
 .text.prvDeleteTCB
                0x000126d8       0x20 ./FreeRTOS_Source/tasks.o
 .text.prvResetNextTaskUnblockTime
                0x000126f8       0x50 ./FreeRTOS_Source/tasks.o
 .text.xTaskGetCurrentTaskHandle
                0x00012748       0x20 ./FreeRTOS_Source/tasks.o
                0x00012748                xTaskGetCurrentTaskHandle
 .text.xTaskGetSchedulerState
                0x00012768       0x48 ./FreeRTOS_Source/tasks.o
                0x00012768                xTaskGetSchedulerState
 .text.xTaskPriorityInherit
                0x000127b0      0x16c ./FreeRTOS_Source/tasks.o
                0x000127b0                xTaskPriorityInherit
 .text.xTaskPriorityDisinherit
                0x0001291c      0x14c ./FreeRTOS_Source/tasks.o
                0x0001291c                xTaskPriorityDisinherit
 .text.vTaskPriorityDisinheritAfterTimeout
                0x00012a68      0x17c ./FreeRTOS_Source/tasks.o
                0x00012a68                vTaskPriorityDisinheritAfterTimeout
 .text.prvWriteNameToBuffer
                0x00012be4       0x54 ./FreeRTOS_Source/tasks.o
 .text.vTaskList
                0x00012c38      0x170 ./FreeRTOS_Source/tasks.o
                0x00012c38                vTaskList
 .text.vTaskGetRunTimeStats
                0x00012da8      0x138 ./FreeRTOS_Source/tasks.o
                0x00012da8                vTaskGetRunTimeStats
 .text.uxTaskResetEventItemValue
                0x00012ee0       0x40 ./FreeRTOS_Source/tasks.o
                0x00012ee0                uxTaskResetEventItemValue
 .text.pvTaskIncrementMutexHeldCount
                0x00012f20       0x38 ./FreeRTOS_Source/tasks.o
                0x00012f20                pvTaskIncrementMutexHeldCount
 .text.ulTaskNotifyTake
                0x00012f58       0xc0 ./FreeRTOS_Source/tasks.o
                0x00012f58                ulTaskNotifyTake
 .text.xTaskNotifyWait
                0x00013018       0xf0 ./FreeRTOS_Source/tasks.o
                0x00013018                xTaskNotifyWait
 .text.xTaskGenericNotify
                0x00013108      0x18c ./FreeRTOS_Source/tasks.o
                0x00013108                xTaskGenericNotify
 .text.xTaskGenericNotifyFromISR
                0x00013294      0x1d8 ./FreeRTOS_Source/tasks.o
                0x00013294                xTaskGenericNotifyFromISR
 .text.vTaskNotifyGiveFromISR
                0x0001346c      0x148 ./FreeRTOS_Source/tasks.o
                0x0001346c                vTaskNotifyGiveFromISR
 .text.xTaskNotifyStateClear
                0x000135b4       0x58 ./FreeRTOS_Source/tasks.o
                0x000135b4                xTaskNotifyStateClear
 .text.prvAddCurrentTaskToDelayedList
                0x0001360c      0x110 ./FreeRTOS_Source/tasks.o
 .text          0x0001371c        0x0 ./FreeRTOS_Source/timers.o
 .text.xTimerCreateTimerTask
                0x0001371c       0x74 ./FreeRTOS_Source/timers.o
                0x0001371c                xTimerCreateTimerTask
 .text.xTimerCreate
                0x00013790       0x40 ./FreeRTOS_Source/timers.o
                0x00013790                xTimerCreate
 .text.prvInitialiseNewTimer
                0x000137d0       0x64 ./FreeRTOS_Source/timers.o
 .text.xTimerGenericCommand
                0x00013834       0xcc ./FreeRTOS_Source/timers.o
                0x00013834                xTimerGenericCommand
 .text.xTimerGetTimerDaemonTaskHandle
                0x00013900       0x40 ./FreeRTOS_Source/timers.o
                0x00013900                xTimerGetTimerDaemonTaskHandle
 .text.xTimerGetPeriod
                0x00013940       0x38 ./FreeRTOS_Source/timers.o
                0x00013940                xTimerGetPeriod
 .text.xTimerGetExpiryTime
                0x00013978       0x3c ./FreeRTOS_Source/timers.o
                0x00013978                xTimerGetExpiryTime
 .text.pcTimerGetName
                0x000139b4       0x38 ./FreeRTOS_Source/timers.o
                0x000139b4                pcTimerGetName
 .text.prvProcessExpiredTimer
                0x000139ec       0x8c ./FreeRTOS_Source/timers.o
 .text.prvTimerTask
                0x00013a78       0x28 ./FreeRTOS_Source/timers.o
 .text.prvProcessTimerOrBlockTask
                0x00013aa0       0xb0 ./FreeRTOS_Source/timers.o
 .text.prvGetNextExpireTime
                0x00013b50       0x54 ./FreeRTOS_Source/timers.o
 .text.prvSampleTimeNow
                0x00013ba4       0x50 ./FreeRTOS_Source/timers.o
 .text.prvInsertTimerInActiveList
                0x00013bf4       0x98 ./FreeRTOS_Source/timers.o
 .text.prvProcessReceivedCommands
                0x00013c8c      0x148 ./FreeRTOS_Source/timers.o
 .text.prvSwitchTimerLists
                0x00013dd4       0xf4 ./FreeRTOS_Source/timers.o
 .text.prvCheckForValidListAndQueue
                0x00013ec8       0x74 ./FreeRTOS_Source/timers.o
 .text.xTimerIsTimerActive
                0x00013f3c       0x50 ./FreeRTOS_Source/timers.o
                0x00013f3c                xTimerIsTimerActive
 .text.pvTimerGetTimerID
                0x00013f8c       0x40 ./FreeRTOS_Source/timers.o
                0x00013f8c                pvTimerGetTimerID
 .text.vTimerSetTimerID
                0x00013fcc       0x40 ./FreeRTOS_Source/timers.o
                0x00013fcc                vTimerSetTimerID
 .text.uxTimerGetTimerNumber
                0x0001400c       0x18 ./FreeRTOS_Source/timers.o
                0x0001400c                uxTimerGetTimerNumber
 .text.vTimerSetTimerNumber
                0x00014024       0x1c ./FreeRTOS_Source/timers.o
                0x00014024                vTimerSetTimerNumber
 .text          0x00014040        0x0 ./FreeRTOS_Source/portable/MemMang/heap_2.o
 .text.pvPortMalloc
                0x00014040      0x16c ./FreeRTOS_Source/portable/MemMang/heap_2.o
                0x00014040                pvPortMalloc
 .text.vPortFree
                0x000141ac       0x88 ./FreeRTOS_Source/portable/MemMang/heap_2.o
                0x000141ac                vPortFree
 .text.xPortGetFreeHeapSize
                0x00014234       0x18 ./FreeRTOS_Source/portable/MemMang/heap_2.o
                0x00014234                xPortGetFreeHeapSize
 .text.vPortInitialiseBlocks
                0x0001424c        0xc ./FreeRTOS_Source/portable/MemMang/heap_2.o
                0x0001424c                vPortInitialiseBlocks
 .text.prvHeapInit
                0x00014258       0x6c ./FreeRTOS_Source/portable/MemMang/heap_2.o
 .text          0x000142c4        0x0 ./FreeRTOS_Source/portable/GCC/ARM_CM3/port.o
 .text.pxPortInitialiseStack
                0x000142c4       0x68 ./FreeRTOS_Source/portable/GCC/ARM_CM3/port.o
                0x000142c4                pxPortInitialiseStack
 .text.prvTaskExitError
                0x0001432c       0x54 ./FreeRTOS_Source/portable/GCC/ARM_CM3/port.o
 .text.SVC_Handler
                0x00014380       0x30 ./FreeRTOS_Source/portable/GCC/ARM_CM3/port.o
                0x00014380                SVC_Handler
 .text.prvPortStartFirstTask
                0x000143b0       0x20 ./FreeRTOS_Source/portable/GCC/ARM_CM3/port.o
 .text.xPortStartScheduler
                0x000143d0      0x134 ./FreeRTOS_Source/portable/GCC/ARM_CM3/port.o
                0x000143d0                xPortStartScheduler
 .text.vPortEndScheduler
                0x00014504       0x34 ./FreeRTOS_Source/portable/GCC/ARM_CM3/port.o
                0x00014504                vPortEndScheduler
 .text.vPortEnterCritical
                0x00014538       0x70 ./FreeRTOS_Source/portable/GCC/ARM_CM3/port.o
                0x00014538                vPortEnterCritical
 .text.vPortExitCritical
                0x000145a8       0x64 ./FreeRTOS_Source/portable/GCC/ARM_CM3/port.o
                0x000145a8                vPortExitCritical
 *fill*         0x0001460c        0x4 00
 .text.PendSV_Handler
                0x00014610       0x50 ./FreeRTOS_Source/portable/GCC/ARM_CM3/port.o
                0x00014610                PendSV_Handler
 .text.SysTick_Handler
                0x00014660       0x44 ./FreeRTOS_Source/portable/GCC/ARM_CM3/port.o
                0x00014660                SysTick_Handler
 .text.vPortSetupTimerInterrupt
                0x000146a4       0x5c ./FreeRTOS_Source/portable/GCC/ARM_CM3/port.o
                0x000146a4                vPortSetupTimerInterrupt
 .text.vPortValidateInterruptPriority
                0x00014700       0x84 ./FreeRTOS_Source/portable/GCC/ARM_CM3/port.o
                0x00014700                vPortValidateInterruptPriority
 .text          0x00014784        0xc c:/program files (x86)/microsemi/softconsole v3.4/sourcery-g++/bin/../lib/gcc/arm-none-eabi/4.4.1/../../../../arm-none-eabi/lib/thumb2\libc.a(lib_a-errno.o)
                0x00014784                __errno
 .text          0x00014790        0x0 c:/program files (x86)/microsemi/softconsole v3.4/sourcery-g++/bin/../lib/gcc/arm-none-eabi/4.4.1/../../../../arm-none-eabi/lib/thumb2\libc.a(lib_a-impure.o)
 .text          0x00014790       0x50 c:/program files (x86)/microsemi/softconsole v3.4/sourcery-g++/bin/../lib/gcc/arm-none-eabi/4.4.1/../../../../arm-none-eabi/lib/thumb2\libc.a(lib_a-init.o)
                0x00014790                __libc_init_array
 .text          0x000147e0      0x190 c:/program files (x86)/microsemi/softconsole v3.4/sourcery-g++/bin/../lib/gcc/arm-none-eabi/4.4.1/../../../../arm-none-eabi/lib/thumb2\libc.a(lib_a-memcpy.o)
                0x000147e0                memcpy
 .text          0x00014970       0xd4 c:/program files (x86)/microsemi/softconsole v3.4/sourcery-g++/bin/../lib/gcc/arm-none-eabi/4.4.1/../../../../arm-none-eabi/lib/thumb2\libc.a(lib_a-memset.o)
                0x00014970                memset
 .text          0x00014a44       0x48 c:/program files (x86)/microsemi/softconsole v3.4/sourcery-g++/bin/../lib/gcc/arm-none-eabi/4.4.1/../../../../arm-none-eabi/lib/thumb2\libc.a(lib_a-strcat.o)
                0x00014a44                strcat