Archive member included because of file (symbol)

c:/program files (x86)/microsemi/softconsole v3.4/sourcery-g++/bin/../lib/gcc/arm-none-eabi/4.4.1/../../../../arm-none-eabi/lib/thumb2\libc.a(lib_a-abort.o)
                              ./MicroSemi_Code/CMSIS/startup_gcc/newlib_stubs.o (abort)
c:/program files (x86)/microsemi/softconsole v3.4/sourcery-g++/bin/../lib/gcc/arm-none-eabi/4.4.1/../../../../arm-none-eabi/lib/thumb2\libc.a(lib_a-init.o)
                              ./MicroSemi_Code/CMSIS/startup_gcc/startup_a2fxxxm3.o (__libc_init_array)
c:/program files (x86)/microsemi/softconsole v3.4/sourcery-g++/bin/../lib/gcc/arm-none-eabi/4.4.1/../../../../arm-none-eabi/lib/thumb2\libc.a(lib_a-memcpy.o)
                              ./FreeTCPIP/psock.o (memcpy)
c:/program files (x86)/microsemi/softconsole v3.4/sourcery-g++/bin/../lib/gcc/arm-none-eabi/4.4.1/../../../../arm-none-eabi/lib/thumb2\libc.a(lib_a-memset.o)
                              ./FreeTCPIP/uip_arp.o (memset)
c:/program files (x86)/microsemi/softconsole v3.4/sourcery-g++/bin/../lib/gcc/arm-none-eabi/4.4.1/../../../../arm-none-eabi/lib/thumb2\libc.a(lib_a-reent.o)
                              ./MicroSemi_Code/CMSIS/startup_gcc/newlib_stubs.o (errno)
c:/program files (x86)/microsemi/softconsole v3.4/sourcery-g++/bin/../lib/gcc/arm-none-eabi/4.4.1/../../../../arm-none-eabi/lib/thumb2\libc.a(lib_a-signal.o)
                              c:/program files (x86)/microsemi/softconsole v3.4/sourcery-g++/bin/../lib/gcc/arm-none-eabi/4.4.1/../../../../arm-none-eabi/lib/thumb2\libc.a(lib_a-abort.o) (raise)
c:/program files (x86)/microsemi/softconsole v3.4/sourcery-g++/bin/../lib/gcc/arm-none-eabi/4.4.1/../../../../arm-none-eabi/lib/thumb2\libc.a(lib_a-signalr.o)
                              c:/program files (x86)/microsemi/softconsole v3.4/sourcery-g++/bin/../lib/gcc/arm-none-eabi/4.4.1/../../../../arm-none-eabi/lib/thumb2\libc.a(lib_a-signal.o) (_getpid_r)
c:/program files (x86)/microsemi/softconsole v3.4/sourcery-g++/bin/../lib/gcc/arm-none-eabi/4.4.1/../../../../arm-none-eabi/lib/thumb2\libc.a(lib_a-strcat.o)
                              ./WebServer/httpd-cgi.o (strcat)
c:/program files (x86)/microsemi/softconsole v3.4/sourcery-g++/bin/../lib/gcc/arm-none-eabi/4.4.1/../../../../arm-none-eabi/lib/thumb2\libc.a(lib_a-strchr.o)
                              ./uIP_Task.o (strchr)
c:/program files (x86)/microsemi/softconsole v3.4/sourcery-g++/bin/../lib/gcc/arm-none-eabi/4.4.1/../../../../arm-none-eabi/lib/thumb2\libc.a(lib_a-strcpy.o)
                              ./FreeTCPIP/http_Common/httpd.o (strcpy)
c:/program files (x86)/microsemi/softconsole v3.4/sourcery-g++/bin/../lib/gcc/arm-none-eabi/4.4.1/../../../../arm-none-eabi/lib/thumb2\libc.a(lib_a-strlen.o)
                              ./WebServer/httpd-cgi.o (strlen)
c:/program files (x86)/microsemi/softconsole v3.4/sourcery-g++/bin/../lib/gcc/arm-none-eabi/4.4.1/../../../../arm-none-eabi/lib/thumb2\libc.a(lib_a-strncmp.o)
                              ./WebServer/httpd-cgi.o (strncmp)
c:/program files (x86)/microsemi/softconsole v3.4/sourcery-g++/bin/../lib/gcc/arm-none-eabi/4.4.1/../../../../arm-none-eabi/lib/thumb2\libc.a(lib_a-strncpy.o)
                              ./FreeTCPIP/http_Common/httpd.o (strncpy)
c:/program files (x86)/microsemi/softconsole v3.4/sourcery-g++/bin/../lib/gcc/arm-none-eabi/4.4.1/../../../../arm-none-eabi/lib/thumb2\libc.a(lib_a-strrchr.o)
                              ./FreeTCPIP/http_Common/httpd.o (strrchr)
c:/program files (x86)/microsemi/softconsole v3.4/sourcery-g++/bin/../lib/gcc/arm-none-eabi/4.4.1/../../../../arm-none-eabi/lib/thumb2\libc.a(lib_a-strstr.o)
                              ./uIP_Task.o (strstr)
c:/program files (x86)/microsemi/softconsole v3.4/sourcery-g++/bin/../lib/gcc/arm-none-eabi/4.4.1/../../../../arm-none-eabi/lib/thumb2\libc.a(lib_a-freer.o)
                              c:/program files (x86)/microsemi/softconsole v3.4/sourcery-g++/bin/../lib/gcc/arm-none-eabi/4.4.1/../../../../arm-none-eabi/lib/thumb2\libc.a(lib_a-reent.o) (_free_r)
c:/program files (x86)/microsemi/softconsole v3.4/sourcery-g++/bin/../lib/gcc/arm-none-eabi/4.4.1/../../../../arm-none-eabi/lib/thumb2\libc.a(lib_a-impure.o)
                              c:/program files (x86)/microsemi/softconsole v3.4/sourcery-g++/bin/../lib/gcc/arm-none-eabi/4.4.1/../../../../arm-none-eabi/lib/thumb2\libc.a(lib_a-reent.o) (_impure_ptr)
c:/program files (x86)/microsemi/softconsole v3.4/sourcery-g++/bin/../lib/gcc/arm-none-eabi/4.4.1/../../../../arm-none-eabi/lib/thumb2\libc.a(lib_a-mallocr.o)
                              c:/program files (x86)/microsemi/softconsole v3.4/sourcery-g++/bin/../lib/gcc/arm-none-eabi/4.4.1/../../../../arm-none-eabi/lib/thumb2\libc.a(lib_a-signal.o) (_malloc_r)
c:/program files (x86)/microsemi/softconsole v3.4/sourcery-g++/bin/../lib/gcc/arm-none-eabi/4.4.1/../../../../arm-none-eabi/lib/thumb2\libc.a(lib_a-memchr.o)
[...]
Memory Configuration

Name             Origin             Length             Attributes
rom              0x60000000         0x00040000         xr
romMirror        0x00000000         0x00040000         xr
ram              0x20000000         0x00010000         xrw
*default*        0x00000000         0xffffffff

Linker script and memory map

LOAD c:/program files (x86)/microsemi/softconsole v3.4/sourcery-g++/bin/../lib/gcc/arm-none-eabi/4.4.1/thumb2/crti.o
LOAD c:/program files (x86)/microsemi/softconsole v3.4/sourcery-g++/bin/../lib/gcc/arm-none-eabi/4.4.1/thumb2/crtbegin.o
LOAD ./ParTest.o
LOAD ./main-full.o
LOAD ./printf-stdarg.o
LOAD ./uIP_Task.o
LOAD ./WebServer/httpd-cgi.o
LOAD ./MicroSemi_Code/drivers_config/mss_ace/ace_config.o
LOAD ./MicroSemi_Code/drivers/mss_gpio/mss_gpio.o
LOAD ./MicroSemi_Code/drivers/mss_ethernet_mac/crc32.o
LOAD ./MicroSemi_Code/drivers/mss_ethernet_mac/mss_ethernet_mac.o
LOAD ./MicroSemi_Code/drivers/mss_ethernet_mac/phy.o
LOAD ./MicroSemi_Code/drivers/mss_ace/ace_convert.o
LOAD ./MicroSemi_Code/drivers/mss_ace/mss_ace.o
LOAD ./MicroSemi_Code/drivers/I2C/i2c.o
LOAD ./MicroSemi_Code/CMSIS/core_cm3.o
LOAD ./MicroSemi_Code/CMSIS/system_a2fxxxm3.o
LOAD ./MicroSemi_Code/CMSIS/startup_gcc/newlib_stubs.o
LOAD ./MicroSemi_Code/CMSIS/startup_gcc/startup_a2fxxxm3.o
LOAD ./FreeTCPIP/psock.o
LOAD ./FreeTCPIP/timer.o
LOAD ./FreeTCPIP/uip.o
LOAD ./FreeTCPIP/uip_arp.o
LOAD ./FreeTCPIP/http_Common/http-strings.o
LOAD ./FreeTCPIP/http_Common/httpd-fs.o
LOAD ./FreeTCPIP/http_Common/httpd.o
LOAD ./FreeRTOS_Source/list.o
LOAD ./FreeRTOS_Source/queue.o
LOAD ./FreeRTOS_Source/tasks.o
LOAD ./FreeRTOS_Source/timers.o
LOAD ./FreeRTOS_Source/portable/MemMang/heap_2.o
LOAD ./FreeRTOS_Source/portable/GCC/ARM_CM3/port.o
START GROUP
LOAD c:/program files (x86)/microsemi/softconsole v3.4/sourcery-g++/bin/../lib/gcc/arm-none-eabi/4.4.1/thumb2\libgcc.a
LOAD c:/program files (x86)/microsemi/softconsole v3.4/sourcery-g++/bin/../lib/gcc/arm-none-eabi/4.4.1/../../../../arm-none-eabi/lib/thumb2\libc.a
LOAD c:/program files (x86)/microsemi/softconsole v3.4/sourcery-g++/bin/../lib/gcc/arm-none-eabi/4.4.1/thumb2\libgcc.a
END GROUP
LOAD c:/program files (x86)/microsemi/softconsole v3.4/sourcery-g++/bin/../lib/gcc/arm-none-eabi/4.4.1/thumb2/crtend.o
LOAD c:/program files (x86)/microsemi/softconsole v3.4/sourcery-g++/bin/../lib/gcc/arm-none-eabi/4.4.1/thumb2/crtn.o
START GROUP
LOAD c:/program files (x86)/microsemi/softconsole v3.4/sourcery-g++/bin/../lib/gcc/arm-none-eabi/4.4.1/../../../../arm-none-eabi/lib/thumb2\libc.a
LOAD c:/program files (x86)/microsemi/softconsole v3.4/sourcery-g++/bin/../lib/gcc/arm-none-eabi/4.4.1/thumb2\libgcc.a
LOAD c:/program files (x86)/microsemi/softconsole v3.4/sourcery-g++/bin/../lib/gcc/arm-none-eabi/4.4.1/../../../../arm-none-eabi/lib/thumb2\libm.a
END GROUP
                0x00000000                __DYNAMIC = 0x0
                0x20000000                RAM_START_ADDRESS = 0x20000000
                0x00010000                RAM_SIZE = 0x10000
                0x00002000                MAIN_STACK_SIZE = 0x2000
                0x00001000                PROCESS_STACK_SIZE = 0x1000
                0x20010000                PROVIDE (__main_stack_start, (RAM_START_ADDRESS + RAM_SIZE))
                0x2000e000                PROVIDE (__process_stack_start, (__main_stack_start - MAIN_STACK_SIZE))
                0x20010000                PROVIDE (_estack, __main_stack_start)
                0x00000001                PROVIDE (__mirrored_nvm, 0x1)

.init           0x00000000      0x460 load address 0x60000000
 *(.isr_vector)
 .isr_vector    0x00000000      0x460 ./MicroSemi_Code/CMSIS/startup_gcc/startup_a2fxxxm3.o
                0x00000000                g_pfnVectors
                0x00000298                Reset_Handler
                0x000002f8                NMI_Handler
                0x000002fa                HardFault_Handler
                0x000002fc                MemManage_Handler
                0x000002fe                BusFault_Handler
                0x00000300                UsageFault_Handler
                0x00000304                DebugMon_Handler
                0x0000030a                WdogWakeup_IRQHandler
                0x0000030c                BrownOut_1_5V_IRQHandler
                0x0000030e                BrownOut_3_3V_IRQHandler
                0x00000310                RTC_Match_IRQHandler
                0x00000312                RTCIF_Pub_IRQHandler
                0x00000316                IAP_IRQHandler
                0x00000318                ENVM0_IRQHandler
                0x0000031a                ENVM1_IRQHandler
                0x0000031c                DMA_IRQHandler
                0x0000031e                UART0_IRQHandler
                0x00000320                UART1_IRQHandler
                0x00000322                SPI0_IRQHandler
                0x00000324                SPI1_IRQHandler
                0x00000328                I2C0_SMBAlert_IRQHandler
                0x0000032a                I2C0_SMBus_IRQHandler
                0x0000032e                I2C1_SMBAlert_IRQHandler
                0x00000330                I2C1_SMBus_IRQHandler
                0x00000332                Timer1_IRQHandler
                0x00000334                Timer2_IRQHandler
                0x00000336                PLL_Lock_IRQHandler
                0x00000338                PLL_LockLost_IRQHandler
                0x0000033a                CommError_IRQHandler
                0x0000033c                Fabric_IRQHandler
                0x0000033e                GPIO0_IRQHandler
                0x00000340                GPIO1_IRQHandler
                0x00000342                GPIO2_IRQHandler
                0x00000344                GPIO3_IRQHandler
                0x00000346                GPIO4_IRQHandler
                0x00000348                GPIO5_IRQHandler
                0x0000034a                GPIO6_IRQHandler
                0x0000034c                GPIO7_IRQHandler
                0x00000350                GPIO9_IRQHandler
                0x00000352                GPIO10_IRQHandler
                0x00000354                GPIO11_IRQHandler
                0x00000356                GPIO12_IRQHandler
                0x00000358                GPIO13_IRQHandler
                0x0000035a                GPIO14_IRQHandler
                0x0000035c                GPIO15_IRQHandler
                0x0000035e                GPIO16_IRQHandler
                0x00000360                GPIO17_IRQHandler
                0x00000362                GPIO18_IRQHandler
                0x00000364                GPIO19_IRQHandler
                0x00000366                GPIO20_IRQHandler
                0x00000368                GPIO21_IRQHandler
                0x0000036a                GPIO22_IRQHandler
                0x0000036c                GPIO23_IRQHandler
                0x0000036e                GPIO24_IRQHandler
                0x00000370                GPIO25_IRQHandler
                0x00000372                GPIO26_IRQHandler
                0x00000374                GPIO27_IRQHandler
                0x00000376                GPIO28_IRQHandler
                0x00000378                GPIO29_IRQHandler
                0x0000037a                GPIO30_IRQHandler
                0x0000037c                GPIO31_IRQHandler
                0x0000037e                ACE_PC0_Flag0_IRQHandler
                0x00000380                ACE_PC0_Flag1_IRQHandler
                0x00000382                ACE_PC0_Flag2_IRQHandler
                0x00000384                ACE_PC0_Flag3_IRQHandler
                0x00000386                ACE_PC1_Flag0_IRQHandler
                0x00000388                ACE_PC1_Flag1_IRQHandler
                0x0000038a                ACE_PC1_Flag2_IRQHandler
                0x0000038c                ACE_PC1_Flag3_IRQHandler
                0x0000038e                ACE_PC2_Flag0_IRQHandler
                0x00000390                ACE_PC2_Flag1_IRQHandler
                0x00000392                ACE_PC2_Flag2_IRQHandler
                0x00000394                ACE_PC2_Flag3_IRQHandler
                0x00000396                ACE_ADC0_DataValid_IRQHandler
                0x00000398                ACE_ADC1_DataValid_IRQHandler
                0x0000039a                ACE_ADC2_DataValid_IRQHandler
                0x0000039c                ACE_ADC0_CalDone_IRQHandler
                0x0000039e                ACE_ADC1_CalDone_IRQHandler
                0x000003a0                ACE_ADC2_CalDone_IRQHandler
                0x000003a2                ACE_ADC0_CalStart_IRQHandler
                0x000003a4                ACE_ADC1_CalStart_IRQHandler
                0x000003a6                ACE_ADC2_CalStart_IRQHandler
                0x000003a8                ACE_Comp0_Fall_IRQHandler
                0x000003aa                ACE_Comp1_Fall_IRQHandler
                0x000003ac                ACE_Comp2_Fall_IRQHandler
                0x000003ae                ACE_Comp3_Fall_IRQHandler
                0x000003b0                ACE_Comp4_Fall_IRQHandler
                0x000003b2                ACE_Comp5_Fall_IRQHandler
                0x000003b4                ACE_Comp6_Fall_IRQHandler
                0x000003b6                ACE_Comp7_Fall_IRQHandler
                0x000003b8                ACE_Comp8_Fall_IRQHandler
                0x000003ba                ACE_Comp9_Fall_IRQHandler
                0x000003bc                ACE_Comp10_Fall_IRQHandler
                0x000003be                ACE_Comp11_Fall_IRQHandler
                0x000003c0                ACE_Comp0_Rise_IRQHandler
                0x000003c2                ACE_Comp1_Rise_IRQHandler
                0x000003c4                ACE_Comp2_Rise_IRQHandler
                0x000003c6                ACE_Comp3_Rise_IRQHandler
                0x000003c8                ACE_Comp4_Rise_IRQHandler
                0x000003ca                ACE_Comp5_Rise_IRQHandler
                0x000003cc                ACE_Comp6_Rise_IRQHandler
                0x000003ce                ACE_Comp7_Rise_IRQHandler
                0x000003d0                ACE_Comp8_Rise_IRQHandler
                0x000003d2                ACE_Comp9_Rise_IRQHandler
                0x000003d4                ACE_Comp10_Rise_IRQHandler
                0x000003d6                ACE_Comp11_Rise_IRQHandler
                0x000003d8                ACE_ADC0_FifoFull_IRQHandler
                0x000003da                ACE_ADC0_FifoAFull_IRQHandler
                0x000003dc                ACE_ADC0_FifoEmpty_IRQHandler
                0x000003de                ACE_ADC1_FifoFull_IRQHandler
                0x000003e0                ACE_ADC1_FifoAFull_IRQHandler
                0x000003e2                ACE_ADC1_FifoEmpty_IRQHandler
                0x000003e4                ACE_ADC2_FifoFull_IRQHandler
                0x000003e6                ACE_ADC2_FifoAFull_IRQHandler
                0x000003e8                ACE_ADC2_FifoEmpty_IRQHandler
                0x000003ea                ACE_PPE_Flag0_IRQHandler
                0x000003ec                ACE_PPE_Flag1_IRQHandler
                0x000003ee                ACE_PPE_Flag2_IRQHandler
                0x000003f0                ACE_PPE_Flag3_IRQHandler
                0x000003f2                ACE_PPE_Flag4_IRQHandler
                0x000003f4                ACE_PPE_Flag5_IRQHandler
                0x000003f6                ACE_PPE_Flag6_IRQHandler
                0x000003f8                ACE_PPE_Flag7_IRQHandler
                0x000003fa                ACE_PPE_Flag8_IRQHandler
                0x000003fc                ACE_PPE_Flag9_IRQHandler
                0x000003fe                ACE_PPE_Flag10_IRQHandler
                0x00000400                ACE_PPE_Flag11_IRQHandler
                0x00000402                ACE_PPE_Flag12_IRQHandler
                0x00000404                ACE_PPE_Flag13_IRQHandler
                0x00000406                ACE_PPE_Flag14_IRQHandler
                0x00000408                ACE_PPE_Flag15_IRQHandler
                0x0000040a                ACE_PPE_Flag16_IRQHandler
                0x0000040c                ACE_PPE_Flag17_IRQHandler
                0x0000040e                ACE_PPE_Flag18_IRQHandler
                0x00000410                ACE_PPE_Flag19_IRQHandler
                0x00000412                ACE_PPE_Flag20_IRQHandler
                0x00000414                ACE_PPE_Flag21_IRQHandler
                0x00000416                ACE_PPE_Flag22_IRQHandler
                0x00000418                ACE_PPE_Flag23_IRQHandler
                0x0000041a                ACE_PPE_Flag24_IRQHandler
                0x0000041c                ACE_PPE_Flag25_IRQHandler
                0x0000041e                ACE_PPE_Flag26_IRQHandler
                0x00000420                ACE_PPE_Flag27_IRQHandler
                0x00000422                ACE_PPE_Flag28_IRQHandler
                0x00000424                ACE_PPE_Flag29_IRQHandler
                0x00000426                ACE_PPE_Flag30_IRQHandler
                0x00000428                ACE_PPE_Flag31_IRQHandler
 *sys_boot.o(.text)
                0x00000460                . = ALIGN (0x4)

.text           0x00000460    0x1bdcc load address 0x60000460
 CREATE_OBJECT_SYMBOLS
                0x60000460                __text_load = LOADADDR (.text)
                0x00000460                __text_start = .
                0x00000460                __vector_table_vma_base_address = .
 *(.text .text.* .gnu.linkonce.t.*)
 .text          0x00000460        0x0 c:/program files (x86)/microsemi/softconsole v3.4/sourcery-g++/bin/../lib/gcc/arm-none-eabi/4.4.1/thumb2/crti.o
 .text          0x00000460       0x30 c:/program files (x86)/microsemi/softconsole v3.4/sourcery-g++/bin/../lib/gcc/arm-none-eabi/4.4.1/thumb2/crtbegin.o
 .text          0x00000490        0x0 ./ParTest.o
 .text.MSS_GPIO_set_outputs
                0x00000490       0x20 ./ParTest.o
 .text.vParTestInitialise
                0x000004b0       0x54 ./ParTest.o
                0x000004b0                vParTestInitialise
 .text.vParTestSetLED
                0x00000504       0x80 ./ParTest.o
                0x00000504                vParTestSetLED
 .text.vParTestSetLEDFromISR
                0x00000584       0xa0 ./ParTest.o
                0x00000584                vParTestSetLEDFromISR
 .text.vParTestToggleLED
                0x00000624       0x94 ./ParTest.o
                0x00000624                vParTestToggleLED
 .text.lParTestGetLEDState
                0x000006b8       0x48 ./ParTest.o
                0x000006b8                lParTestGetLEDState
 .text          0x00000700        0x0 ./main-full.o
 .text.NVIC_EnableIRQ
                0x00000700       0x38 ./main-full.o
 .text.NVIC_DisableIRQ
                0x00000738       0x3c ./main-full.o
 .text.NVIC_ClearPendingIRQ
                0x00000774       0x3c ./main-full.o
 .text.NVIC_SetPriority
                0x000007b0       0x5c ./main-full.o
 .text.MSS_TIM64_init
                0x0000080c       0xa4 ./main-full.o
 .text.MSS_TIM64_start
                0x000008b0       0x1c ./main-full.o
 .text.MSS_TIM64_load_immediate
                0x000008cc       0x2c ./main-full.o
 .text.main     0x000008f8       0xe0 ./main-full.o
                0x000008f8                main
 .text.prvCheckTimerCallback
                0x000009d8       0x40 ./main-full.o
 .text.GPIO8_IRQHandler
                0x00000a18       0x38 ./main-full.o
                0x00000a18                GPIO8_IRQHandler
 .text.prvQueueSendTask
                0x00000a50       0x6c ./main-full.o
 .text.prvQueueReceiveTask
                0x00000abc       0x38 ./main-full.o
 .text.prvSetupHardware
                0x00000af4       0x3c ./main-full.o
 .text.vApplicationMallocFailedHook
                0x00000b30        0x8 ./main-full.o
                0x00000b30                vApplicationMallocFailedHook
 .text.vApplicationStackOverflowHook
                0x00000b38       0x20 ./main-full.o
                0x00000b38                vApplicationStackOverflowHook
 .text.vApplicationIdleHook
                0x00000b58       0x18 ./main-full.o
                0x00000b58                vApplicationIdleHook
 .text.pcGetTaskStatusMessage
                0x00000b70       0x30 ./main-full.o
                0x00000b70                pcGetTaskStatusMessage
 .text.vMainConfigureTimerForRunTimeStats
                0x00000ba0       0x28 ./main-full.o
                0x00000ba0                vMainConfigureTimerForRunTimeStats
 .text.ulGetRunTimeCounterValue
                0x00000bc8       0x10 ./main-full.o
                0x00000bc8                ulGetRunTimeCounterValue
 .text          0x00000bd8        0x0 ./printf-stdarg.o
 .text.printchar
                0x00000bd8       0x30 ./printf-stdarg.o
 .text.prints   0x00000c08       0xd4 ./printf-stdarg.o
 .text.printi   0x00000cdc       0xf8 ./printf-stdarg.o
 .text.print    0x00000dd4      0x21c ./printf-stdarg.o
 .text.printf   0x00000ff0       0x2c ./printf-stdarg.o
                0x00000ff0                printf
 .text.sprintf  0x0000101c       0x30 ./printf-stdarg.o
                0x0000101c                sprintf
 .text.snprintf
                0x0000104c       0x34 ./printf-stdarg.o
                0x0000104c                snprintf
 .text.write    0x00001080       0x1c ./printf-stdarg.o
                0x00001080                write
 .text          0x0000109c        0x0 ./uIP_Task.o
 .text.NVIC_EnableIRQ
                0x0000109c       0x38 ./uIP_Task.o
 .text.NVIC_SetPriority
                0x000010d4       0x5c ./uIP_Task.o
 .text.clock_time
                0x00001130       0x10 ./uIP_Task.o
                0x00001130                clock_time
 .text.vuIP_Task
                0x00001140      0x198 ./uIP_Task.o
                0x00001140                vuIP_Task
 .text.prvSetMACAddress
                0x000012d8       0x7c ./uIP_Task.o
 .text.prvInitialise_uIP
                0x00001354      0x180 ./uIP_Task.o
 .text.prvEMACEventListener
                0x000014d4       0x94 ./uIP_Task.o
 .text.prvInitEmac
                0x00001568       0x3c ./uIP_Task.o
 .text.vEMACWrite
                0x000015a4       0x54 ./uIP_Task.o
                0x000015a4                vEMACWrite
 .text.prvUIPTimerCallback
                0x000015f8       0x64 ./uIP_Task.o
 .text.vApplicationProcessFormInput
                0x0000165c       0x9c ./uIP_Task.o
                0x0000165c                vApplicationProcessFormInput
 .text          0x000016f8        0x0 ./WebServer/httpd-cgi.o
 .text.nullfunction
                0x000016f8       0x30 ./WebServer/httpd-cgi.o
 .text.httpd_cgi
                0x00001728       0x64 ./WebServer/httpd-cgi.o
                0x00001728                httpd_cgi
 .text.generate_file_stats
                0x0000178c       0x40 ./WebServer/httpd-cgi.o
 .text.file_stats
                0x000017cc       0x74 ./WebServer/httpd-cgi.o
 .text.generate_tcp_stats
                0x00001840      0x120 ./WebServer/httpd-cgi.o
 .text.tcp_stats
                0x00001960       0xb4 ./WebServer/httpd-cgi.o
 .text.generate_net_stats
                0x00001a14       0x4c ./WebServer/httpd-cgi.o
 .text.net_stats
                0x00001a60       0x8c ./WebServer/httpd-cgi.o
 .text.generate_rtos_stats
                0x00001aec       0x8c ./WebServer/httpd-cgi.o
 .text.rtos_stats
                0x00001b78       0x68 ./WebServer/httpd-cgi.o
 .text.generate_io_state
                0x00001be0       0x94 ./WebServer/httpd-cgi.o
 .text.generate_runtime_stats
                0x00001c74       0x88 ./WebServer/httpd-cgi.o
 .text.run_time
                0x00001cfc       0x68 ./WebServer/httpd-cgi.o
 .text.led_io   0x00001d64       0x6c ./WebServer/httpd-cgi.o
 .text          0x00001dd0        0x0 ./MicroSemi_Code/drivers_config/mss_ace/ace_config.o
 .text          0x00001dd0        0x0 ./MicroSemi_Code/drivers/mss_gpio/mss_gpio.o
 .text.NVIC_EnableIRQ
                0x00001dd0       0x38 ./MicroSemi_Code/drivers/mss_gpio/mss_gpio.o
 .text.NVIC_ClearPendingIRQ
                0x00001e08       0x3c ./MicroSemi_Code/drivers/mss_gpio/mss_gpio.o
 .text.MSS_GPIO_init
                0x00001e44       0x6c ./MicroSemi_Code/drivers/mss_gpio/mss_gpio.o
                0x00001e44                MSS_GPIO_init
 .text.MSS_GPIO_config
                0x00001eb0       0x3c ./MicroSemi_Code/drivers/mss_gpio/mss_gpio.o
                0x00001eb0                MSS_GPIO_config
 .text.MSS_GPIO_set_output
                0x00001eec       0x40 ./MicroSemi_Code/drivers/mss_gpio/mss_gpio.o
                0x00001eec                MSS_GPIO_set_output
 .text.MSS_GPIO_drive_inout
                0x00001f2c      0x128 ./MicroSemi_Code/drivers/mss_gpio/mss_gpio.o
                0x00001f2c                MSS_GPIO_drive_inout
 .text.MSS_GPIO_enable_irq
                0x00002054       0x64 ./MicroSemi_Code/drivers/mss_gpio/mss_gpio.o
                0x00002054                MSS_GPIO_enable_irq
 .text.MSS_GPIO_disable_irq
                0x000020b8       0x50 ./MicroSemi_Code/drivers/mss_gpio/mss_gpio.o
                0x000020b8                MSS_GPIO_disable_irq
 .text.MSS_GPIO_clear_irq
                0x00002108       0x50 ./MicroSemi_Code/drivers/mss_gpio/mss_gpio.o
                0x00002108                MSS_GPIO_clear_irq
 .text          0x00002158        0x0 ./MicroSemi_Code/drivers/mss_ethernet_mac/crc32.o
 .text.mss_mac_crc32
                0x00002158       0x60 ./MicroSemi_Code/drivers/mss_ethernet_mac/crc32.o
                0x00002158                mss_mac_crc32
 .text.mss_ethernet_crc
                0x000021b8       0x24 ./MicroSemi_Code/drivers/mss_ethernet_mac/crc32.o
                0x000021b8                mss_ethernet_crc
 .text          0x000021dc        0x0 ./MicroSemi_Code/drivers/mss_ethernet_mac/mss_ethernet_mac.o
 .text.MSS_MAC_init
                0x000021dc      0x358 ./MicroSemi_Code/drivers/mss_ethernet_mac/mss_ethernet_mac.o
                0x000021dc                MSS_MAC_init
 .text.MSS_MAC_configure
                0x00002534      0x248 ./MicroSemi_Code/drivers/mss_ethernet_mac/mss_ethernet_mac.o
                0x00002534                MSS_MAC_configure
 .text.MSS_MAC_get_configuration
                0x0000277c      0x144 ./MicroSemi_Code/drivers/mss_ethernet_mac/mss_ethernet_mac.o
                0x0000277c                MSS_MAC_get_configuration
 .text.MSS_MAC_tx_packet
                0x000028c0      0x544 ./MicroSemi_Code/drivers/mss_ethernet_mac/mss_ethernet_mac.o
                0x000028c0                MSS_MAC_tx_packet
 .text.MSS_MAC_rx_pckt_size
                0x00002e04       0x74 ./MicroSemi_Code/drivers/mss_ethernet_mac/mss_ethernet_mac.o
                0x00002e04                MSS_MAC_rx_pckt_size
 .text.MSS_MAC_rx_packet
                0x00002e78       0xf0 ./MicroSemi_Code/drivers/mss_ethernet_mac/mss_ethernet_mac.o
                0x00002e78                MSS_MAC_rx_packet
 .text.MSS_MAC_rx_packet_ptrset
                0x00002f68      0x134 ./MicroSemi_Code/drivers/mss_ethernet_mac/mss_ethernet_mac.o
                0x00002f68                MSS_MAC_rx_packet_ptrset
 .text.MSS_MAC_link_status
                0x0000309c       0x30 ./MicroSemi_Code/drivers/mss_ethernet_mac/mss_ethernet_mac.o
                0x0000309c                MSS_MAC_link_status
 .text.MSS_MAC_auto_setup_link
                0x000030cc       0xd0 ./MicroSemi_Code/drivers/mss_ethernet_mac/mss_ethernet_mac.o
                0x000030cc                MSS_MAC_auto_setup_link
 .text.MSS_MAC_set_mac_address
                0x0000319c       0xa4 ./MicroSemi_Code/drivers/mss_ethernet_mac/mss_ethernet_mac.o
                0x0000319c                MSS_MAC_set_mac_address
 .text.MSS_MAC_get_mac_address
                0x00003240       0x20 ./MicroSemi_Code/drivers/mss_ethernet_mac/mss_ethernet_mac.o
                0x00003240                MSS_MAC_get_mac_address
 .text.MSS_MAC_set_mac_filters
                0x00003260      0x1b8 ./MicroSemi_Code/drivers/mss_ethernet_mac/mss_ethernet_mac.o
                0x00003260                MSS_MAC_set_mac_filters
 .text.EthernetMAC_IRQHandler
                0x00003418      0x13c ./MicroSemi_Code/drivers/mss_ethernet_mac/mss_ethernet_mac.o
                0x00003418                EthernetMAC_IRQHandler
 .text.MSS_MAC_set_callback
                0x00003554       0x70 ./MicroSemi_Code/drivers/mss_ethernet_mac/mss_ethernet_mac.o
                0x00003554                MSS_MAC_set_callback
 .text.MSS_MAC_last_error
                0x000035c4       0x54 ./MicroSemi_Code/drivers/mss_ethernet_mac/mss_ethernet_mac.o
                0x000035c4                MSS_MAC_last_error
 .text.MSS_MAC_get_statistics
                0x00003618      0x2b4 ./MicroSemi_Code/drivers/mss_ethernet_mac/mss_ethernet_mac.o
                0x00003618                MSS_MAC_get_statistics
 .text.MSS_MAC_prepare_rx_descriptor
                0x000038cc      0x428 ./MicroSemi_Code/drivers/mss_ethernet_mac/mss_ethernet_mac.o
                0x000038cc                MSS_MAC_prepare_rx_descriptor
 .text.MAC_send_setup_frame
                0x00003cf4      0x36c ./MicroSemi_Code/drivers/mss_ethernet_mac/mss_ethernet_mac.o
 .text.MAC_stop_transmission
                0x00004060       0x60 ./MicroSemi_Code/drivers/mss_ethernet_mac/mss_ethernet_mac.o
 .text.MAC_start_transmission
                0x000040c0       0x1c ./MicroSemi_Code/drivers/mss_ethernet_mac/mss_ethernet_mac.o
 .text.MAC_stop_receiving
                0x000040dc       0x60 ./MicroSemi_Code/drivers/mss_ethernet_mac/mss_ethernet_mac.o
 .text.MAC_start_receiving
                0x0000413c       0x1c ./MicroSemi_Code/drivers/mss_ethernet_mac/mss_ethernet_mac.o
 .text.MAC_dismiss_bad_frames
                0x00004158       0xa4 ./MicroSemi_Code/drivers/mss_ethernet_mac/mss_ethernet_mac.o
 .text.MAC_set_time_out
                0x000041fc       0x50 ./MicroSemi_Code/drivers/mss_ethernet_mac/mss_ethernet_mac.o
 .text.MAC_get_time_out
                0x0000424c       0xf4 ./MicroSemi_Code/drivers/mss_ethernet_mac/mss_ethernet_mac.o
 .text.MAC_memset
                0x00004340       0x38 ./MicroSemi_Code/drivers/mss_ethernet_mac/mss_ethernet_mac.o
 .text.MAC_memset_All
                0x00004378      0x448 ./MicroSemi_Code/drivers/mss_ethernet_mac/mss_ethernet_mac.o
 .text.MAC_memcpy
                0x000047c0       0x3c ./MicroSemi_Code/drivers/mss_ethernet_mac/mss_ethernet_mac.o
 .text.MSS_MAC_FreeTxBuffers
                0x000047fc       0x88 ./MicroSemi_Code/drivers/mss_ethernet_mac/mss_ethernet_mac.o
                0x000047fc                MSS_MAC_FreeTxBuffers
 .text.MAC_obtain_buffer
                0x00004884      0x178 ./MicroSemi_Code/drivers/mss_ethernet_mac/mss_ethernet_mac.o
 .text.MAC_release_buffer
                0x000049fc       0x70 ./MicroSemi_Code/drivers/mss_ethernet_mac/mss_ethernet_mac.o
 .text          0x00004a6c        0x0 ./MicroSemi_Code/drivers/mss_ethernet_mac/phy.o
 .text.MDIO_management_clock
                0x00004a6c       0x38 ./MicroSemi_Code/drivers/mss_ethernet_mac/phy.o
 .text.MDIO_send_cmd
                0x00004aa4      0x100 ./MicroSemi_Code/drivers/mss_ethernet_mac/phy.o
 .text.MDIO_read
                0x00004ba4       0x70 ./MicroSemi_Code/drivers/mss_ethernet_mac/phy.o
 .text.MDIO_write
                0x00004c14       0x74 ./MicroSemi_Code/drivers/mss_ethernet_mac/phy.o
 .text.PHY_probe
                0x00004c88       0x84 ./MicroSemi_Code/drivers/mss_ethernet_mac/phy.o
                0x00004c88                PHY_probe
 .text.PHY_reset
                0x00004d0c       0x20 ./MicroSemi_Code/drivers/mss_ethernet_mac/phy.o
                0x00004d0c                PHY_reset
 .text.PHY_auto_negotiate
                0x00004d2c       0x50 ./MicroSemi_Code/drivers/mss_ethernet_mac/phy.o
                0x00004d2c                PHY_auto_negotiate
 .text.PHY_link_status
                0x00004d7c       0x30 ./MicroSemi_Code/drivers/mss_ethernet_mac/phy.o
                0x00004d7c                PHY_link_status
 .text.PHY_link_type
                0x00004dac       0x48 ./MicroSemi_Code/drivers/mss_ethernet_mac/phy.o
                0x00004dac                PHY_link_type
 .text.PHY_set_link_type
                0x00004df4       0x58 ./MicroSemi_Code/drivers/mss_ethernet_mac/phy.o
                0x00004df4                PHY_set_link_type
 .text.PHY_set_loopback
                0x00004e4c       0x58 ./MicroSemi_Code/drivers/mss_ethernet_mac/phy.o
                0x00004e4c                PHY_set_loopback
 .text          0x00004ea4        0x0 ./MicroSemi_Code/drivers/mss_ace/ace_convert.o
 .text.ACE_get_channel_type
                0x00004ea4       0x44 ./MicroSemi_Code/drivers/mss_ace/ace_convert.o
                0x00004ea4                ACE_get_channel_type
 .text.ACE_convert_adc_input_to_mV
                0x00004ee8       0x64 ./MicroSemi_Code/drivers/mss_ace/ace_convert.o
                0x00004ee8                ACE_convert_adc_input_to_mV
 .text.ace_init_convert
                0x00004f4c      0x1b4 ./MicroSemi_Code/drivers/mss_ace/ace_convert.o
                0x00004f4c                ace_init_convert
 .text.ACE_convert_to_mV
                0x00005100       0xc8 ./MicroSemi_Code/drivers/mss_ace/ace_convert.o
                0x00005100                ACE_convert_to_mV
 .text.ACE_convert_to_mA
                0x000051c8       0xb4 ./MicroSemi_Code/drivers/mss_ace/ace_convert.o
                0x000051c8                ACE_convert_to_mA
 .text.ACE_convert_to_Kelvin
                0x0000527c       0x4c ./MicroSemi_Code/drivers/mss_ace/ace_convert.o
                0x0000527c                ACE_convert_to_Kelvin
 .text.ACE_convert_to_Celsius
                0x000052c8       0x3c ./MicroSemi_Code/drivers/mss_ace/ace_convert.o
                0x000052c8                ACE_convert_to_Celsius
 .text.ACE_convert_to_Fahrenheit
                0x00005304       0x58 ./MicroSemi_Code/drivers/mss_ace/ace_convert.o
                0x00005304                ACE_convert_to_Fahrenheit
 .text.ACE_get_channel_name
                0x0000535c       0x38 ./MicroSemi_Code/drivers/mss_ace/ace_convert.o
                0x0000535c                ACE_get_channel_name
 .text.ACE_convert_mV_to_adc_value
                0x00005394       0x98 ./MicroSemi_Code/drivers/mss_ace/ace_convert.o
                0x00005394                ACE_convert_mV_to_adc_value
 .text.convert_mV_to_ppe_value
                0x0000542c       0x7c ./MicroSemi_Code/drivers/mss_ace/ace_convert.o
 .text.ACE_convert_from_mV
                0x000054a8       0xe8 ./MicroSemi_Code/drivers/mss_ace/ace_convert.o
                0x000054a8                ACE_convert_from_mV
 .text.ACE_convert_from_mA
                0x00005590       0x50 ./MicroSemi_Code/drivers/mss_ace/ace_convert.o
                0x00005590                ACE_convert_from_mA
 .text.ACE_convert_from_Kelvin
                0x000055e0       0x58 ./MicroSemi_Code/drivers/mss_ace/ace_convert.o
                0x000055e0                ACE_convert_from_Kelvin
 .text.ACE_convert_from_Celsius
                0x00005638       0x4c ./MicroSemi_Code/drivers/mss_ace/ace_convert.o
                0x00005638                ACE_convert_from_Celsius
 .text.ACE_convert_from_Fahrenheit
                0x00005684       0x64 ./MicroSemi_Code/drivers/mss_ace/ace_convert.o
                0x00005684                ACE_convert_from_Fahrenheit
 .text.ACE_translate_pdma_value
                0x000056e8       0x34 ./MicroSemi_Code/drivers/mss_ace/ace_convert.o
                0x000056e8                ACE_translate_pdma_value
 .text          0x0000571c        0x0 ./MicroSemi_Code/drivers/mss_ace/mss_ace.o
 .text.ACE_init
                0x0000571c        0xc ./MicroSemi_Code/drivers/mss_ace/mss_ace.o
                0x0000571c                ACE_init
 .text.ACE_start_adc
                0x00005728       0x2c ./MicroSemi_Code/drivers/mss_ace/mss_ace.o
                0x00005728                ACE_start_adc
 .text.ACE_get_adc_result
                0x00005754       0x64 ./MicroSemi_Code/drivers/mss_ace/mss_ace.o
                0x00005754                ACE_get_adc_result
 .text.ACE_configure_sdd
                0x000057b8      0x1a0 ./MicroSemi_Code/drivers/mss_ace/mss_ace.o
                0x000057b8                ACE_configure_sdd
 .text.ACE_enable_sdd
                0x00005958       0x48 ./MicroSemi_Code/drivers/mss_ace/mss_ace.o
                0x00005958                ACE_enable_sdd
 .text.ACE_disable_sdd
                0x000059a0       0x48 ./MicroSemi_Code/drivers/mss_ace/mss_ace.o
                0x000059a0                ACE_disable_sdd
 .text.ACE_set_sdd_value
                0x000059e8       0x4c ./MicroSemi_Code/drivers/mss_ace/mss_ace.o
                0x000059e8                ACE_set_sdd_value
 .text.ACE_set_sdd_value_sync
                0x00005a34       0xd0 ./MicroSemi_Code/drivers/mss_ace/mss_ace.o
                0x00005a34                ACE_set_sdd_value_sync
 .text.ACE_set_comp_reference
                0x00005b04      0x1b0 ./MicroSemi_Code/drivers/mss_ace/mss_ace.o
                0x00005b04                ACE_set_comp_reference
 .text.ACE_set_comp_hysteresis
                0x00005cb4      0x128 ./MicroSemi_Code/drivers/mss_ace/mss_ace.o
                0x00005cb4                ACE_set_comp_hysteresis
 .text.ACE_enable_comp
                0x00005ddc       0xfc ./MicroSemi_Code/drivers/mss_ace/mss_ace.o
                0x00005ddc                ACE_enable_comp
 .text.ACE_disable_comp
                0x00005ed8       0xf8 ./MicroSemi_Code/drivers/mss_ace/mss_ace.o
                0x00005ed8                ACE_disable_comp
 .text.ACE_enable_comp_rise_irq
                0x00005fd0       0x50 ./MicroSemi_Code/drivers/mss_ace/mss_ace.o
                0x00005fd0                ACE_enable_comp_rise_irq
 .text.ACE_disable_comp_rise_irq
                0x00006020       0x54 ./MicroSemi_Code/drivers/mss_ace/mss_ace.o
                0x00006020                ACE_disable_comp_rise_irq
 .text.ACE_clear_comp_rise_irq
                0x00006074       0x50 ./MicroSemi_Code/drivers/mss_ace/mss_ace.o
                0x00006074                ACE_clear_comp_rise_irq
 .text.ACE_enable_comp_fall_irq
                0x000060c4       0x50 ./MicroSemi_Code/drivers/mss_ace/mss_ace.o
                0x000060c4                ACE_enable_comp_fall_irq
 .text.ACE_disable_comp_fall_irq
                0x00006114       0x54 ./MicroSemi_Code/drivers/mss_ace/mss_ace.o
                0x00006114                ACE_disable_comp_fall_irq
 .text.ACE_clear_comp_fall_irq
                0x00006168       0x50 ./MicroSemi_Code/drivers/mss_ace/mss_ace.o
                0x00006168                ACE_clear_comp_fall_irq
 .text.ACE_get_comp_status
                0x000061b8       0x20 ./MicroSemi_Code/drivers/mss_ace/mss_ace.o
                0x000061b8                ACE_get_comp_status
 .text.ACE_get_channel_count
                0x000061d8       0x10 ./MicroSemi_Code/drivers/mss_ace/mss_ace.o
                0x000061d8                ACE_get_channel_count
 .text.ACE_get_first_channel
                0x000061e8       0x1c ./MicroSemi_Code/drivers/mss_ace/mss_ace.o
                0x000061e8                ACE_get_first_channel
 .text.ACE_get_next_channel
                0x00006204       0x2c ./MicroSemi_Code/drivers/mss_ace/mss_ace.o
                0x00006204                ACE_get_next_channel
 .text.ACE_get_channel_handle
                0x00006230       0x74 ./MicroSemi_Code/drivers/mss_ace/mss_ace.o
                0x00006230                ACE_get_channel_handle
 .text.ACE_get_input_channel_handle
                0x000062a4       0x54 ./MicroSemi_Code/drivers/mss_ace/mss_ace.o
                0x000062a4                ACE_get_input_channel_handle
 .text.ACE_get_ppe_sample
                0x000062f8       0x44 ./MicroSemi_Code/drivers/mss_ace/mss_ace.o
                0x000062f8                ACE_get_ppe_sample
 .text          0x0000633c        0x0 ./MicroSemi_Code/drivers/I2C/i2c.o
 .text.NVIC_EnableIRQ
                0x0000633c       0x38 ./MicroSemi_Code/drivers/I2C/i2c.o
 .text.NVIC_DisableIRQ
                0x00006374       0x3c ./MicroSemi_Code/drivers/I2C/i2c.o
 .text.NVIC_ClearPendingIRQ
                0x000063b0       0x3c ./MicroSemi_Code/drivers/I2C/i2c.o
 .text.NVIC_SetPriority
                0x000063ec       0x5c ./MicroSemi_Code/drivers/I2C/i2c.o
 .text.MSS_I2C_init
                0x00006448      0x20c ./MicroSemi_Code/drivers/I2C/i2c.o
                0x00006448                MSS_I2C_init
 .text.MSS_I2C_set_slave_mem_offset_length
                0x00006654       0x3c ./MicroSemi_Code/drivers/I2C/i2c.o
                0x00006654                MSS_I2C_set_slave_mem_offset_length
 .text.MSS_I2C_register_write_handler
                0x00006690       0x38 ./MicroSemi_Code/drivers/I2C/i2c.o
                0x00006690                MSS_I2C_register_write_handler
 .text.MSS_I2C_write
                0x000066c8       0xe0 ./MicroSemi_Code/drivers/I2C/i2c.o
                0x000066c8                MSS_I2C_write
 .text.MSS_I2C_read
                0x000067a8       0xc8 ./MicroSemi_Code/drivers/I2C/i2c.o
                0x000067a8                MSS_I2C_read
 .text.MSS_I2C_write_read
                0x00006870       0xd8 ./MicroSemi_Code/drivers/I2C/i2c.o
                0x00006870                MSS_I2C_write_read
 .text.MSS_I2C_set_slave_rx_buffer
                0x00006948       0x58 ./MicroSemi_Code/drivers/I2C/i2c.o
                0x00006948                MSS_I2C_set_slave_rx_buffer
 .text.MSS_I2C_get_status
                0x000069a0       0x3c ./MicroSemi_Code/drivers/I2C/i2c.o
                0x000069a0                MSS_I2C_get_status
 .text.MSS_I2C_set_slave_tx_buffer
                0x000069dc       0x60 ./MicroSemi_Code/drivers/I2C/i2c.o
                0x000069dc                MSS_I2C_set_slave_tx_buffer
 .text.MSS_I2C_enable_slave_rx
                0x00006a3c       0x50 ./MicroSemi_Code/drivers/I2C/i2c.o
                0x00006a3c                MSS_I2C_enable_slave_rx
 .text.MSS_I2C_wait_complete
                0x00006a8c       0x7c ./MicroSemi_Code/drivers/I2C/i2c.o
                0x00006a8c                MSS_I2C_wait_complete
 .text.mss_i2c_isr
                0x00006b08      0x7ec ./MicroSemi_Code/drivers/I2C/i2c.o
 .text.disable_interrupts
                0x000072f4       0x1c ./MicroSemi_Code/drivers/I2C/i2c.o
 .text.restore_interrupts
                0x00007310       0x18 ./MicroSemi_Code/drivers/I2C/i2c.o
 .text.I2C0_IRQHandler
                0x00007328       0x2c ./MicroSemi_Code/drivers/I2C/i2c.o
                0x00007328                I2C0_IRQHandler
 .text.I2C1_IRQHandler
                0x00007354       0x2c ./MicroSemi_Code/drivers/I2C/i2c.o
                0x00007354                I2C1_IRQHandler
 .text          0x00007380        0x0 ./MicroSemi_Code/CMSIS/core_cm3.o
 .text.__get_PSP
                0x00007380       0x10 ./MicroSemi_Code/CMSIS/core_cm3.o
                0x00007380                __get_PSP
 .text.__set_PSP
                0x00007390        0x8 ./MicroSemi_Code/CMSIS/core_cm3.o
                0x00007390                __set_PSP
 .text.__get_MSP
                0x00007398       0x10 ./MicroSemi_Code/CMSIS/core_cm3.o
                0x00007398                __get_MSP
 .text.__set_MSP
                0x000073a8        0x8 ./MicroSemi_Code/CMSIS/core_cm3.o
                0x000073a8                __set_MSP
 .text.__get_BASEPRI
                0x000073b0       0x20 ./MicroSemi_Code/CMSIS/core_cm3.o
                0x000073b0                __get_BASEPRI
 .text.__set_BASEPRI
                0x000073d0       0x18 ./MicroSemi_Code/CMSIS/core_cm3.o
                0x000073d0                __set_BASEPRI
 .text.__get_PRIMASK
                0x000073e8       0x20 ./MicroSemi_Code/CMSIS/core_cm3.o
                0x000073e8                __get_PRIMASK
 .text.__set_PRIMASK
                0x00007408       0x18 ./MicroSemi_Code/CMSIS/core_cm3.o
                0x00007408                __set_PRIMASK
 .text.__get_FAULTMASK
                0x00007420       0x20 ./MicroSemi_Code/CMSIS/core_cm3.o
                0x00007420                __get_FAULTMASK
 .text.__set_FAULTMASK
                0x00007440       0x18 ./MicroSemi_Code/CMSIS/core_cm3.o
                0x00007440                __set_FAULTMASK
 .text.__get_CONTROL
                0x00007458       0x20 ./MicroSemi_Code/CMSIS/core_cm3.o
                0x00007458                __get_CONTROL
 .text.__set_CONTROL
                0x00007478       0x18 ./MicroSemi_Code/CMSIS/core_cm3.o
                0x00007478                __set_CONTROL
 .text.__REV    0x00007490       0x24 ./MicroSemi_Code/CMSIS/core_cm3.o
                0x00007490                __REV
 .text.__REV16  0x000074b4       0x24 ./MicroSemi_Code/CMSIS/core_cm3.o
                0x000074b4                __REV16
 .text.__REVSH  0x000074d8       0x24 ./MicroSemi_Code/CMSIS/core_cm3.o
                0x000074d8                __REVSH
 .text.__RBIT   0x000074fc       0x24 ./MicroSemi_Code/CMSIS/core_cm3.o
                0x000074fc                __RBIT
 .text.__LDREXB
                0x00007520       0x24 ./MicroSemi_Code/CMSIS/core_cm3.o
                0x00007520                __LDREXB
 .text.__LDREXH
                0x00007544       0x24 ./MicroSemi_Code/CMSIS/core_cm3.o
                0x00007544                __LDREXH
 .text.__LDREXW
                0x00007568       0x24 ./MicroSemi_Code/CMSIS/core_cm3.o
                0x00007568                __LDREXW
 .text.__STREXB
                0x0000758c       0x2c ./MicroSemi_Code/CMSIS/core_cm3.o
                0x0000758c                __STREXB
 .text.__STREXH
                0x000075b8       0x2c ./MicroSemi_Code/CMSIS/core_cm3.o
                0x000075b8                __STREXH
 .text.__STREXW
                0x000075e4       0x28 ./MicroSemi_Code/CMSIS/core_cm3.o
                0x000075e4                __STREXW
 .text          0x0000760c        0x0 ./MicroSemi_Code/CMSIS/system_a2fxxxm3.o
 .text.SystemInit
                0x0000760c        0xc ./MicroSemi_Code/CMSIS/system_a2fxxxm3.o
                0x0000760c                SystemInit
 .text.SystemCoreClockUpdate
                0x00007618      0x150 ./MicroSemi_Code/CMSIS/system_a2fxxxm3.o
                0x00007618                SystemCoreClockUpdate
 .text.GetSystemClock
                0x00007768       0xb4 ./MicroSemi_Code/CMSIS/system_a2fxxxm3.o
 .text          0x0000781c        0x0 ./MicroSemi_Code/CMSIS/startup_gcc/newlib_stubs.o
 .text._close   0x0000781c       0x18 ./MicroSemi_Code/CMSIS/startup_gcc/newlib_stubs.o
                0x0000781c                _close
 .text._execve  0x00007834       0x2c ./MicroSemi_Code/CMSIS/startup_gcc/newlib_stubs.o
                0x00007834                _execve
 .text._exit    0x00007860        0xc ./MicroSemi_Code/CMSIS/startup_gcc/newlib_stubs.o
                0x00007860                _exit
 .text._fork    0x0000786c       0x20 ./MicroSemi_Code/CMSIS/startup_gcc/newlib_stubs.o
                0x0000786c                _fork
 .text._fstat   0x0000788c       0x24 ./MicroSemi_Code/CMSIS/startup_gcc/newlib_stubs.o
                0x0000788c                _fstat
 .text._getpid  0x000078b0       0x10 ./MicroSemi_Code/CMSIS/startup_gcc/newlib_stubs.o
                0x000078b0                _getpid
 .text._isatty  0x000078c0       0x18 ./MicroSemi_Code/CMSIS/startup_gcc/newlib_stubs.o
                0x000078c0                _isatty
 .text._kill    0x000078d8       0x28 ./MicroSemi_Code/CMSIS/startup_gcc/newlib_stubs.o
                0x000078d8                _kill
 .text._link    0x00007900       0x28 ./MicroSemi_Code/CMSIS/startup_gcc/newlib_stubs.o
                0x00007900                _link
 .text._lseek   0x00007928       0x1c ./MicroSemi_Code/CMSIS/startup_gcc/newlib_stubs.o
                0x00007928                _lseek
 .text._open    0x00007944       0x1c ./MicroSemi_Code/CMSIS/startup_gcc/newlib_stubs.o
                0x00007944                _open
 .text._read    0x00007960       0x1c ./MicroSemi_Code/CMSIS/startup_gcc/newlib_stubs.o
                0x00007960                _read
 .text._sbrk    0x0000797c       0x8c ./MicroSemi_Code/CMSIS/startup_gcc/newlib_stubs.o
                0x0000797c                _sbrk
 .text._stat    0x00007a08       0x24 ./MicroSemi_Code/CMSIS/startup_gcc/newlib_stubs.o
                0x00007a08                _stat
 .text._times   0x00007a2c       0x18 ./MicroSemi_Code/CMSIS/startup_gcc/newlib_stubs.o
                0x00007a2c                _times
 .text._unlink  0x00007a44       0x28 ./MicroSemi_Code/CMSIS/startup_gcc/newlib_stubs.o
                0x00007a44                _unlink
 .text._wait    0x00007a6c       0x28 ./MicroSemi_Code/CMSIS/startup_gcc/newlib_stubs.o
                0x00007a6c                _wait
 .text._write_r
                0x00007a94       0x20 ./MicroSemi_Code/CMSIS/startup_gcc/newlib_stubs.o
                0x00007a94                _write_r
 .text          0x00007ab4        0x0 ./MicroSemi_Code/CMSIS/startup_gcc/startup_a2fxxxm3.o
 .text          0x00007ab4        0x0 ./FreeTCPIP/psock.o
 .text.buf_setup
                0x00007ab4       0x24 ./FreeTCPIP/psock.o
 .text.buf_bufdata
                0x00007ad8      0x11c ./FreeTCPIP/psock.o
 .text.buf_bufto
                0x00007bf4       0xa8 ./FreeTCPIP/psock.o
 .text.send_data
                0x00007c9c       0x6c ./FreeTCPIP/psock.o
 .text.data_acked
                0x00007d08       0x88 ./FreeTCPIP/psock.o
 .text.psock_send
                0x00007d90       0x94 ./FreeTCPIP/psock.o
                0x00007d90                psock_send
 .text.psock_generator_send
                0x00007e24       0xb8 ./FreeTCPIP/psock.o
                0x00007e24                psock_generator_send
 .text.psock_datalen
                0x00007edc       0x24 ./FreeTCPIP/psock.o
                0x00007edc                psock_datalen
 .text.psock_newdata
                0x00007f00       0x58 ./FreeTCPIP/psock.o
                0x00007f00                psock_newdata
 .text.psock_readto
                0x00007f58       0xc8 ./FreeTCPIP/psock.o
                0x00007f58                psock_readto
 .text.psock_readbuf
                0x00008020       0xc4 ./FreeTCPIP/psock.o
                0x00008020                psock_readbuf
 .text.psock_init
                0x000080e4       0x48 ./FreeTCPIP/psock.o
                0x000080e4                psock_init
 .text          0x0000812c        0x0 ./FreeTCPIP/timer.o
 .text.timer_set
                0x0000812c       0x24 ./FreeTCPIP/timer.o
                0x0000812c                timer_set
 .text.timer_reset
                0x00008150       0x20 ./FreeTCPIP/timer.o
                0x00008150                timer_reset
 .text.timer_restart
                0x00008170       0x1c ./FreeTCPIP/timer.o
                0x00008170                timer_restart
 .text.timer_expired
                0x0000818c       0x2c ./FreeTCPIP/timer.o
                0x0000818c                timer_expired
 .text.timer_remaining
                0x000081b8       0x28 ./FreeTCPIP/timer.o
                0x000081b8                timer_remaining
 .text          0x000081e0        0x0 ./FreeTCPIP/uip.o
 .text.uip_setipid
                0x000081e0       0x20 ./FreeTCPIP/uip.o
                0x000081e0                uip_setipid
 .text.uip_add32
                0x00008200      0x14c ./FreeTCPIP/uip.o
                0x00008200                uip_add32
 .text.chksum   0x0000834c       0x98 ./FreeTCPIP/uip.o
 .text.uip_chksum
                0x000083e4       0x30 ./FreeTCPIP/uip.o
                0x000083e4                uip_chksum
 .text.uip_ipchksum
                0x00008414       0x48 ./FreeTCPIP/uip.o
                0x00008414                uip_ipchksum
 .text.upper_layer_chksum
                0x0000845c       0xa8 ./FreeTCPIP/uip.o
 .text.uip_tcpchksum
                0x00008504       0x14 ./FreeTCPIP/uip.o
                0x00008504                uip_tcpchksum
 .text.uip_udpchksum
                0x00008518       0x14 ./FreeTCPIP/uip.o
                0x00008518                uip_udpchksum
 .text.uip_init
                0x0000852c       0xcc ./FreeTCPIP/uip.o
                0x0000852c                uip_init
 .text.uip_connect
                0x000085f8      0x1e0 ./FreeTCPIP/uip.o
                0x000085f8                uip_connect
 .text.uip_unlisten
                0x000087d8       0x88 ./FreeTCPIP/uip.o
                0x000087d8                uip_unlisten
 .text.uip_listen
                0x00008860       0x84 ./FreeTCPIP/uip.o
                0x00008860                uip_listen
 .text.uip_add_rcv_nxt
                0x000088e4       0x84 ./FreeTCPIP/uip.o
 .text.uip_process
                0x00008968     0x21b0 ./FreeTCPIP/uip.o
                0x00008968                uip_process
 .text.htons    0x0000ab18       0x30 ./FreeTCPIP/uip.o
                0x0000ab18                htons
 .text.htonl    0x0000ab48       0x5c ./FreeTCPIP/uip.o
                0x0000ab48                htonl
 .text.uip_send
                0x0000aba4       0x84 ./FreeTCPIP/uip.o
                0x0000aba4                uip_send
 .text          0x0000ac28        0x0 ./FreeTCPIP/uip_arp.o
 .text.uip_arp_init
                0x0000ac28       0x70 ./FreeTCPIP/uip_arp.o
                0x0000ac28                uip_arp_init
 .text.uip_arp_timer
                0x0000ac98       0xd4 ./FreeTCPIP/uip_arp.o
                0x0000ac98                uip_arp_timer
 .text.uip_arp_update
                0x0000ad6c      0x290 ./FreeTCPIP/uip_arp.o
 .text.uip_arp_arpin
                0x0000affc      0x308 ./FreeTCPIP/uip_arp.o
                0x0000affc                uip_arp_arpin
 .text.uip_arp_out
                0x0000b304      0x488 ./FreeTCPIP/uip_arp.o
                0x0000b304                uip_arp_out
 .text          0x0000b78c        0x0 ./FreeTCPIP/http_Common/http-strings.o
 .text          0x0000b78c        0x0 ./FreeTCPIP/http_Common/httpd-fs.o
 .text.httpd_fs_strcmp
                0x0000b78c       0x6c ./FreeTCPIP/http_Common/httpd-fs.o
 .text.httpd_fs_open
                0x0000b7f8       0x88 ./FreeTCPIP/http_Common/httpd-fs.o
                0x0000b7f8                httpd_fs_open
 .text.httpd_fs_init
                0x0000b880       0x38 ./FreeTCPIP/http_Common/httpd-fs.o
                0x0000b880                httpd_fs_init
 .text.httpd_fs_count
                0x0000b8b8       0x60 ./FreeTCPIP/http_Common/httpd-fs.o
                0x0000b8b8                httpd_fs_count
 .text          0x0000b918        0x0 ./FreeTCPIP/http_Common/httpd.o
 .text.generate_part_of_file
                0x0000b918       0x78 ./FreeTCPIP/http_Common/httpd.o
 .text.send_file
                0x0000b990       0x98 ./FreeTCPIP/http_Common/httpd.o
 .text.send_part_of_file
                0x0000ba28       0x68 ./FreeTCPIP/http_Common/httpd.o
 .text.next_scriptstate
                0x0000ba90       0x54 ./FreeTCPIP/http_Common/httpd.o
 .text.handle_script
                0x0000bae4      0x234 ./FreeTCPIP/http_Common/httpd.o
 .text.send_headers
                0x0000bd18      0x2d8 ./FreeTCPIP/http_Common/httpd.o
 .text.handle_output
                0x0000bff0      0x18c ./FreeTCPIP/http_Common/httpd.o
 .text.handle_input
                0x0000c17c      0x1d0 ./FreeTCPIP/http_Common/httpd.o
 .text.handle_connection
                0x0000c34c       0x28 ./FreeTCPIP/http_Common/httpd.o
 .text.httpd_appcall
                0x0000c374      0x118 ./FreeTCPIP/http_Common/httpd.o
                0x0000c374                httpd_appcall
 .text.httpd_init
                0x0000c48c       0x10 ./FreeTCPIP/http_Common/httpd.o
                0x0000c48c                httpd_init
 .text          0x0000c49c        0x0 ./FreeRTOS_Source/list.o
 .text.vListInitialise
                0x0000c49c       0x48 ./FreeRTOS_Source/list.o
                0x0000c49c                vListInitialise
 .text.vListInitialiseItem
                0x0000c4e4       0x1c ./FreeRTOS_Source/list.o
                0x0000c4e4                vListInitialiseItem
 .text.vListInsertEnd
                0x0000c500       0x48 ./FreeRTOS_Source/list.o
                0x0000c500                vListInsertEnd
 .text.vListInsert
                0x0000c548       0x74 ./FreeRTOS_Source/list.o
                0x0000c548                vListInsert
 .text.uxListRemove
                0x0000c5bc       0x58 ./FreeRTOS_Source/list.o
                0x0000c5bc                uxListRemove
 .text          0x0000c614        0x0 ./FreeRTOS_Source/queue.o
 .text.xQueueGenericReset
                0x0000c614       0xec ./FreeRTOS_Source/queue.o
                0x0000c614                xQueueGenericReset
 .text.xQueueGenericCreate
                0x0000c700       0x80 ./FreeRTOS_Source/queue.o
                0x0000c700                xQueueGenericCreate
 .text.prvInitialiseNewQueue
                0x0000c780       0x48 ./FreeRTOS_Source/queue.o
 .text.prvInitialiseMutex
                0x0000c7c8       0x40 ./FreeRTOS_Source/queue.o
 .text.xQueueCreateMutex
                0x0000c808       0x38 ./FreeRTOS_Source/queue.o
                0x0000c808                xQueueCreateMutex
 .text.xQueueGiveMutexRecursive
                0x0000c840       0x74 ./FreeRTOS_Source/queue.o
                0x0000c840                xQueueGiveMutexRecursive
 .text.xQueueTakeMutexRecursive
                0x0000c8b4       0x74 ./FreeRTOS_Source/queue.o
                0x0000c8b4                xQueueTakeMutexRecursive
 .text.xQueueGenericSend
                0x0000c928      0x230 ./FreeRTOS_Source/queue.o
                0x0000c928                xQueueGenericSend
 .text.xQueueGenericSendFromISR
                0x0000cb58      0x144 ./FreeRTOS_Source/queue.o
                0x0000cb58                xQueueGenericSendFromISR
 .text.xQueueGiveFromISR
                0x0000cc9c      0x12c ./FreeRTOS_Source/queue.o
                0x0000cc9c                xQueueGiveFromISR
 .text.xQueueReceive
                0x0000cdc8      0x1ec ./FreeRTOS_Source/queue.o
                0x0000cdc8                xQueueReceive
 .text.xQueueSemaphoreTake
                0x0000cfb4      0x240 ./FreeRTOS_Source/queue.o
                0x0000cfb4                xQueueSemaphoreTake
 .text.xQueuePeek
                0x0000d1f4      0x1f0 ./FreeRTOS_Source/queue.o
                0x0000d1f4                xQueuePeek
 .text.xQueueReceiveFromISR
                0x0000d3e4      0x118 ./FreeRTOS_Source/queue.o
                0x0000d3e4                xQueueReceiveFromISR
 .text.xQueuePeekFromISR
                0x0000d4fc       0xd4 ./FreeRTOS_Source/queue.o
                0x0000d4fc                xQueuePeekFromISR
 .text.uxQueueMessagesWaiting
                0x0000d5d0       0x3c ./FreeRTOS_Source/queue.o
                0x0000d5d0                uxQueueMessagesWaiting
 .text.uxQueueSpacesAvailable
                0x0000d60c       0x48 ./FreeRTOS_Source/queue.o
                0x0000d60c                uxQueueSpacesAvailable
 .text.uxQueueMessagesWaitingFromISR
                0x0000d654       0x3c ./FreeRTOS_Source/queue.o
                0x0000d654                uxQueueMessagesWaitingFromISR
 .text.vQueueDelete
                0x0000d690       0x34 ./FreeRTOS_Source/queue.o
                0x0000d690                vQueueDelete
 .text.uxQueueGetQueueNumber
                0x0000d6c4       0x18 ./FreeRTOS_Source/queue.o
                0x0000d6c4                uxQueueGetQueueNumber
 .text.vQueueSetQueueNumber
                0x0000d6dc       0x1c ./FreeRTOS_Source/queue.o
                0x0000d6dc                vQueueSetQueueNumber
 .text.ucQueueGetQueueType
                0x0000d6f8       0x1c ./FreeRTOS_Source/queue.o
                0x0000d6f8                ucQueueGetQueueType
 .text.prvGetDisinheritPriorityAfterTimeout
                0x0000d714       0x34 ./FreeRTOS_Source/queue.o
 .text.prvCopyDataToQueue
                0x0000d748       0xf0 ./FreeRTOS_Source/queue.o
 .text.prvCopyDataFromQueue
                0x0000d838       0x50 ./FreeRTOS_Source/queue.o
 .text.prvUnlockQueue
                0x0000d888       0xac ./FreeRTOS_Source/queue.o
 .text.prvIsQueueEmpty
                0x0000d934       0x34 ./FreeRTOS_Source/queue.o
 .text.xQueueIsQueueEmptyFromISR
                0x0000d968       0x4c ./FreeRTOS_Source/queue.o
                0x0000d968                xQueueIsQueueEmptyFromISR
 .text.prvIsQueueFull
                0x0000d9b4       0x38 ./FreeRTOS_Source/queue.o
 .text.xQueueIsQueueFullFromISR
                0x0000d9ec       0x50 ./FreeRTOS_Source/queue.o
                0x0000d9ec                xQueueIsQueueFullFromISR
 .text.vQueueWaitForMessageRestricted
                0x0000da3c       0x74 ./FreeRTOS_Source/queue.o
                0x0000da3c                vQueueWaitForMessageRestricted
 .text          0x0000dab0        0x0 ./FreeRTOS_Source/tasks.o
 .text.xTaskCreate
                0x0000dab0       0x94 ./FreeRTOS_Source/tasks.o
                0x0000dab0                xTaskCreate
 .text.prvInitialiseNewTask
                0x0000db44      0x148 ./FreeRTOS_Source/tasks.o
 .text.prvAddNewTaskToReadyList
                0x0000dc8c      0x13c ./FreeRTOS_Source/tasks.o
 .text.vTaskDelete
                0x0000ddc8      0x16c ./FreeRTOS_Source/tasks.o
                0x0000ddc8                vTaskDelete
 .text.vTaskDelayUntil
                0x0000df34      0x110 ./FreeRTOS_Source/tasks.o
                0x0000df34                vTaskDelayUntil
 .text.vTaskDelay
                0x0000e044       0x70 ./FreeRTOS_Source/tasks.o
                0x0000e044                vTaskDelay
 .text.eTaskGetState
                0x0000e0b4       0xe4 ./FreeRTOS_Source/tasks.o
                0x0000e0b4                eTaskGetState
 .text.uxTaskPriorityGet
                0x0000e198       0x38 ./FreeRTOS_Source/tasks.o
                0x0000e198                uxTaskPriorityGet
 .text.uxTaskPriorityGetFromISR
                0x0000e1d0       0x5c ./FreeRTOS_Source/tasks.o
                0x0000e1d0                uxTaskPriorityGetFromISR
 .text.vTaskPrioritySet
                0x0000e22c      0x1b0 ./FreeRTOS_Source/tasks.o
                0x0000e22c                vTaskPrioritySet
 .text.vTaskSuspend
                0x0000e3dc      0x168 ./FreeRTOS_Source/tasks.o
                0x0000e3dc                vTaskSuspend
 .text.prvTaskIsTaskSuspended
                0x0000e544       0x68 ./FreeRTOS_Source/tasks.o
 .text.vTaskResume
                0x0000e5ac       0xdc ./FreeRTOS_Source/tasks.o
                0x0000e5ac                vTaskResume
 .text.xTaskResumeFromISR
                0x0000e688      0x108 ./FreeRTOS_Source/tasks.o
                0x0000e688                xTaskResumeFromISR
 .text.vTaskStartScheduler
                0x0000e790       0xb4 ./FreeRTOS_Source/tasks.o
                0x0000e790                vTaskStartScheduler
 .text.vTaskEndScheduler
                0x0000e844       0x34 ./FreeRTOS_Source/tasks.o
                0x0000e844                vTaskEndScheduler
 .text.vTaskSuspendAll
                0x0000e878       0x24 ./FreeRTOS_Source/tasks.o
                0x0000e878                vTaskSuspendAll
 .text.xTaskResumeAll
                0x0000e89c      0x1a0 ./FreeRTOS_Source/tasks.o
                0x0000e89c                xTaskResumeAll
 .text.xTaskGetTickCount
                0x0000ea3c       0x20 ./FreeRTOS_Source/tasks.o
                0x0000ea3c                xTaskGetTickCount
 .text.xTaskGetTickCountFromISR
                0x0000ea5c       0x28 ./FreeRTOS_Source/tasks.o
                0x0000ea5c                xTaskGetTickCountFromISR
 .text.uxTaskGetNumberOfTasks
                0x0000ea84       0x18 ./FreeRTOS_Source/tasks.o
                0x0000ea84                uxTaskGetNumberOfTasks
 .text.pcTaskGetName
                0x0000ea9c       0x4c ./FreeRTOS_Source/tasks.o
                0x0000ea9c                pcTaskGetName
 .text.uxTaskGetSystemState
                0x0000eae8      0x160 ./FreeRTOS_Source/tasks.o
                0x0000eae8                uxTaskGetSystemState
 .text.xTaskIncrementTick
                0x0000ec48      0x204 ./FreeRTOS_Source/tasks.o
                0x0000ec48                xTaskIncrementTick
 .text.vTaskSwitchContext
                0x0000ee4c      0x1a8 ./FreeRTOS_Source/tasks.o
                0x0000ee4c                vTaskSwitchContext
 .text.vTaskPlaceOnEventList
                0x0000eff4       0x4c ./FreeRTOS_Source/tasks.o
                0x0000eff4                vTaskPlaceOnEventList
 .text.vTaskPlaceOnUnorderedEventList
                0x0000f040       0x84 ./FreeRTOS_Source/tasks.o
                0x0000f040                vTaskPlaceOnUnorderedEventList
 .text.vTaskPlaceOnEventListRestricted
                0x0000f0c4       0x58 ./FreeRTOS_Source/tasks.o
                0x0000f0c4                vTaskPlaceOnEventListRestricted
 .text.xTaskRemoveFromEventList
                0x0000f11c       0xf0 ./FreeRTOS_Source/tasks.o
                0x0000f11c                xTaskRemoveFromEventList
 .text.vTaskRemoveFromUnorderedEventList
                0x0000f20c       0xe0 ./FreeRTOS_Source/tasks.o
                0x0000f20c                vTaskRemoveFromUnorderedEventList
 .text.vTaskSetTimeOutState
                0x0000f2ec       0x50 ./FreeRTOS_Source/tasks.o
                0x0000f2ec                vTaskSetTimeOutState
 .text.vTaskInternalSetTimeOutState
                0x0000f33c       0x30 ./FreeRTOS_Source/tasks.o
                0x0000f33c                vTaskInternalSetTimeOutState
 .text.xTaskCheckForTimeOut
                0x0000f36c       0xd4 ./FreeRTOS_Source/tasks.o
                0x0000f36c                xTaskCheckForTimeOut
 .text.vTaskMissedYield
                0x0000f440       0x18 ./FreeRTOS_Source/tasks.o
                0x0000f440                vTaskMissedYield
 .text.uxTaskGetTaskNumber
                0x0000f458       0x30 ./FreeRTOS_Source/tasks.o
                0x0000f458                uxTaskGetTaskNumber
 .text.vTaskSetTaskNumber
                0x0000f488       0x24 ./FreeRTOS_Source/tasks.o
                0x0000f488                vTaskSetTaskNumber
 .text.prvIdleTask
                0x0000f4ac       0x38 ./FreeRTOS_Source/tasks.o
 .text.prvInitialiseTaskLists
                0x0000f4e4       0xa4 ./FreeRTOS_Source/tasks.o
 .text.prvCheckTasksWaitingTermination
                0x0000f588       0x78 ./FreeRTOS_Source/tasks.o
 .text.vTaskGetInfo
                0x0000f600       0xe0 ./FreeRTOS_Source/tasks.o
                0x0000f600                vTaskGetInfo
 .text.prvListTasksWithinSingleList
                0x0000f6e0       0xb8 ./FreeRTOS_Source/tasks.o
 .text.prvTaskCheckFreeStackSpace
                0x0000f798       0x40 ./FreeRTOS_Source/tasks.o
 .text.prvDeleteTCB
                0x0000f7d8       0x20 ./FreeRTOS_Source/tasks.o
 .text.prvResetNextTaskUnblockTime
                0x0000f7f8       0x50 ./FreeRTOS_Source/tasks.o
 .text.xTaskGetCurrentTaskHandle
                0x0000f848       0x20 ./FreeRTOS_Source/tasks.o
                0x0000f848                xTaskGetCurrentTaskHandle
 .text.xTaskGetSchedulerState
                0x0000f868       0x48 ./FreeRTOS_Source/tasks.o
                0x0000f868                xTaskGetSchedulerState
 .text.xTaskPriorityInherit
                0x0000f8b0      0x16c ./FreeRTOS_Source/tasks.o
                0x0000f8b0                xTaskPriorityInherit
 .text.xTaskPriorityDisinherit
                0x0000fa1c      0x14c ./FreeRTOS_Source/tasks.o
                0x0000fa1c                xTaskPriorityDisinherit
 .text.vTaskPriorityDisinheritAfterTimeout
                0x0000fb68      0x17c ./FreeRTOS_Source/tasks.o
                0x0000fb68                vTaskPriorityDisinheritAfterTimeout
 .text.prvWriteNameToBuffer
                0x0000fce4       0x54 ./FreeRTOS_Source/tasks.o
 .text.vTaskList
                0x0000fd38      0x170 ./FreeRTOS_Source/tasks.o
                0x0000fd38                vTaskList
 .text.vTaskGetRunTimeStats
                0x0000fea8      0x138 ./FreeRTOS_Source/tasks.o
                0x0000fea8                vTaskGetRunTimeStats
 .text.uxTaskResetEventItemValue
                0x0000ffe0       0x40 ./FreeRTOS_Source/tasks.o
                0x0000ffe0                uxTaskResetEventItemValue
 .text.pvTaskIncrementMutexHeldCount
                0x00010020       0x38 ./FreeRTOS_Source/tasks.o
                0x00010020                pvTaskIncrementMutexHeldCount
 .text.ulTaskNotifyTake
                0x00010058       0xc0 ./FreeRTOS_Source/tasks.o
                0x00010058                ulTaskNotifyTake
 .text.xTaskNotifyWait
                0x00010118       0xf0 ./FreeRTOS_Source/tasks.o
                0x00010118                xTaskNotifyWait
 .text.xTaskGenericNotify
                0x00010208      0x18c ./FreeRTOS_Source/tasks.o
                0x00010208                xTaskGenericNotify
 .text.xTaskGenericNotifyFromISR
                0x00010394      0x1d8 ./FreeRTOS_Source/tasks.o
                0x00010394                xTaskGenericNotifyFromISR
 .text.vTaskNotifyGiveFromISR
                0x0001056c      0x148 ./FreeRTOS_Source/tasks.o
                0x0001056c                vTaskNotifyGiveFromISR
 .text.xTaskNotifyStateClear
                0x000106b4       0x58 ./FreeRTOS_Source/tasks.o
                0x000106b4                xTaskNotifyStateClear
 .text.prvAddCurrentTaskToDelayedList
                0x0001070c      0x110 ./FreeRTOS_Source/tasks.o
 .text          0x0001081c        0x0 ./FreeRTOS_Source/timers.o
 .text.xTimerCreateTimerTask
                0x0001081c       0x74 ./FreeRTOS_Source/timers.o
                0x0001081c                xTimerCreateTimerTask
 .text.xTimerCreate
                0x00010890       0x40 ./FreeRTOS_Source/timers.o
                0x00010890                xTimerCreate
 .text.prvInitialiseNewTimer
                0x000108d0       0x64 ./FreeRTOS_Source/timers.o
 .text.xTimerGenericCommand
                0x00010934       0xcc ./FreeRTOS_Source/timers.o
                0x00010934                xTimerGenericCommand
 .text.xTimerGetTimerDaemonTaskHandle
                0x00010a00       0x40 ./FreeRTOS_Source/timers.o
                0x00010a00                xTimerGetTimerDaemonTaskHandle
 .text.xTimerGetPeriod
                0x00010a40       0x38 ./FreeRTOS_Source/timers.o
                0x00010a40                xTimerGetPeriod
 .text.xTimerGetExpiryTime
                0x00010a78       0x3c ./FreeRTOS_Source/timers.o
                0x00010a78                xTimerGetExpiryTime
 .text.pcTimerGetName
                0x00010ab4       0x38 ./FreeRTOS_Source/timers.o
                0x00010ab4                pcTimerGetName
 .text.prvProcessExpiredTimer
                0x00010aec       0x8c ./FreeRTOS_Source/timers.o
 .text.prvTimerTask
                0x00010b78       0x28 ./FreeRTOS_Source/timers.o
 .text.prvProcessTimerOrBlockTask
                0x00010ba0       0xb0 ./FreeRTOS_Source/timers.o
 .text.prvGetNextExpireTime
                0x00010c50       0x54 ./FreeRTOS_Source/timers.o
 .text.prvSampleTimeNow
                0x00010ca4       0x50 ./FreeRTOS_Source/timers.o
 .text.prvInsertTimerInActiveList
                0x00010cf4       0x98 ./FreeRTOS_Source/timers.o
 .text.prvProcessReceivedCommands
                0x00010d8c      0x148 ./FreeRTOS_Source/timers.o
 .text.prvSwitchTimerLists
                0x00010ed4       0xf4 ./FreeRTOS_Source/timers.o
 .text.prvCheckForValidListAndQueue
                0x00010fc8       0x74 ./FreeRTOS_Source/timers.o
 .text.xTimerIsTimerActive
                0x0001103c       0x50 ./FreeRTOS_Source/timers.o
                0x0001103c                xTimerIsTimerActive
 .text.pvTimerGetTimerID
                0x0001108c       0x40 ./FreeRTOS_Source/timers.o
                0x0001108c                pvTimerGetTimerID
 .text.vTimerSetTimerID
                0x000110cc       0x40 ./FreeRTOS_Source/timers.o
                0x000110cc                vTimerSetTimerID
 .text.uxTimerGetTimerNumber
                0x0001110c       0x18 ./FreeRTOS_Source/timers.o
                0x0001110c                uxTimerGetTimerNumber
 .text.vTimerSetTimerNumber
                0x00011124       0x1c ./FreeRTOS_Source/timers.o
                0x00011124                vTimerSetTimerNumber
 .text          0x00011140        0x0 ./FreeRTOS_Source/portable/MemMang/heap_2.o
 .text.pvPortMalloc
                0x00011140      0x16c ./FreeRTOS_Source/portable/MemMang/heap_2.o
                0x00011140                pvPortMalloc
 .text.vPortFree
                0x000112ac       0x88 ./FreeRTOS_Source/portable/MemMang/heap_2.o
                0x000112ac                vPortFree
 .text.xPortGetFreeHeapSize
                0x00011334       0x18 ./FreeRTOS_Source/portable/MemMang/heap_2.o
                0x00011334                xPortGetFreeHeapSize
 .text.vPortInitialiseBlocks
                0x0001134c        0xc ./FreeRTOS_Source/portable/MemMang/heap_2.o
                0x0001134c                vPortInitialiseBlocks
 .text.prvHeapInit
                0x00011358       0x6c ./FreeRTOS_Source/portable/MemMang/heap_2.o
 .text          0x000113c4        0x0 ./FreeRTOS_Source/portable/GCC/ARM_CM3/port.o
 .text.pxPortInitialiseStack
                0x000113c4       0x68 ./FreeRTOS_Source/portable/GCC/ARM_CM3/port.o
                0x000113c4                pxPortInitialiseStack
 .text.prvTaskExitError
                0x0001142c       0x54 ./FreeRTOS_Source/portable/GCC/ARM_CM3/port.o
 .text.SVC_Handler
                0x00011480       0x30 ./FreeRTOS_Source/portable/GCC/ARM_CM3/port.o
                0x00011480                SVC_Handler
 .text.prvPortStartFirstTask
                0x000114b0       0x20 ./FreeRTOS_Source/portable/GCC/ARM_CM3/port.o
 .text.xPortStartScheduler
                0x000114d0      0x134 ./FreeRTOS_Source/portable/GCC/ARM_CM3/port.o
                0x000114d0                xPortStartScheduler
 .text.vPortEndScheduler
                0x00011604       0x34 ./FreeRTOS_Source/portable/GCC/ARM_CM3/port.o
                0x00011604                vPortEndScheduler
 .text.vPortEnterCritical
                0x00011638       0x70 ./FreeRTOS_Source/portable/GCC/ARM_CM3/port.o
                0x00011638                vPortEnterCritical
 .text.vPortExitCritical
                0x000116a8       0x64 ./FreeRTOS_Source/portable/GCC/ARM_CM3/port.o
                0x000116a8                vPortExitCritical
 *fill*         0x0001170c        0x4 00
 .text.PendSV_Handler
                0x00011710       0x50 ./FreeRTOS_Source/portable/GCC/ARM_CM3/port.o
                0x00011710                PendSV_Handler
 .text.SysTick_Handler
                0x00011760       0x44 ./FreeRTOS_Source/portable/GCC/ARM_CM3/port.o
                0x00011760                SysTick_Handler
 .text.vPortSetupTimerInterrupt
                0x000117a4       0x5c ./FreeRTOS_Source/portable/GCC/ARM_CM3/port.o
                0x000117a4                vPortSetupTimerInterrupt
 .text.vPortValidateInterruptPriority
                0x00011800       0x84 ./FreeRTOS_Source/portable/GCC/ARM_CM3/port.o
                0x00011800                vPortValidateInterruptPriority
 .text          0x00011884       0x10 c:/program files (x86)/microsemi/softconsole v3.4/sourcery-g++/bin/../lib/gcc/arm-none-eabi/4.4.1/../../../../arm-none-eabi/lib/thumb2\libc.a(lib_a-abort.o)
                0x00011884                abort
 .text          0x00011894       0x50 c:/program files (x86)/microsemi/softconsole v3.4/sourcery-g++/bin/../lib/gcc/arm-none-eabi/4.4.1/../../../../arm-none-eabi/lib/thumb2\libc.a(lib_a-init.o)
                0x00011894                __libc_init_array
 .text          0x000118e4      0x190 c:/program files (x86)/microsemi/softconsole v3.4/sourcery-g++/bin/../lib/gcc/arm-none-eabi/4.4.1/../../../../arm-none-eabi/lib/thumb2\libc.a(lib_a-memcpy.o)
                0x000118e4                memcpy
 .text          0x00011a74       0xd4 c:/program files (x86)/microsemi/softconsole v3.4/sourcery-g++/bin/../lib/gcc/arm-none-eabi/4.4.1/../../../../arm-none-eabi/lib/thumb2\libc.a(lib_a-memset.o)
                0x00011a74                memset
 .text          0x00011b48      0x10c c:/program files (x86)/microsemi/softconsole v3.4/sourcery-g++/bin/../lib/gcc/arm-none-eabi/4.4.1/../../../../arm-none-eabi/lib/thumb2\libc.a(lib_a-reent.o)
                0x00011b48                _wrapup_reent
                0x00011b80                cleanup_glue
                0x00011b9c                _reclaim_reent
 .text          0x00011c54      0x14c c:/program files (x86)/microsemi/softconsole v3.4/sourcery-g++/bin/../lib/gcc/arm-none-eabi/4.4.1/../../../../arm-none-eabi/lib/thumb2\libc.a(lib_a-signal.o)
                0x00011c54                _raise_r
                0x00011cac                raise
                0x00011cbc                _init_signal_r
                0x00011ce4                _init_signal
                0x00011cf0                __sigtramp_r
                0x00011d44                __sigtramp
                0x00011d54                _signal_r
                0x00011d90                signal
 .text          0x00011da0       0x30 c:/program files (x86)/microsemi/softconsole v3.4/sourcery-g++/bin/../lib/gcc/arm-none-eabi/4.4.1/../../../../arm-none-eabi/lib/thumb2\libc.a(lib_a-signalr.o)
                0x00011da0                _getpid_r
                0x00011da4                _kill_r
 .text          0x00011dd0       0x48 c:/program files (x86)/microsemi/softconsole v3.4/sourcery-g++/bin/../lib/gcc/arm-none-eabi/4.4.1/../../../../arm-none-eabi/lib/thumb2\libc.a(lib_a-strcat.o)
                0x00011dd0                strcat
 .text          0x00011e18       0xc0 c:/program files (x86)/microsemi/softconsole v3.4/sourcery-g++/bin/../lib/gcc/arm-none-eabi/4.4.1/../../../../arm-none-eabi/lib/thumb2\libc.a(lib_a-strchr.o)
                0x00011e18                strchr
 .text          0x00011ed8       0xbc c:/program files (x86)/microsemi/softconsole v3.4/sourcery-g++/bin/../lib/gcc/arm-none-eabi/4.4.1/../../../../arm-none-eabi/lib/thumb2\libc.a(lib_a-strcpy.o)
                0x00011ed8                strcpy
 .text          0x00011f94       0x60 c:/program files (x86)/microsemi/softconsole v3.4/sourcery-g++/bin/../lib/gcc/arm-none-eabi/4.4.1/../../../../arm-none-eabi/lib/thumb2\libc.a(lib_a-strlen.o)
                0x00011f94                strlen
 .text          0x00011ff4       0xa8 c:/program files (x86)/microsemi/softconsole v3.4/sourcery-g++/bin/../lib/gcc/arm-none-eabi/4.4.1/../../../../arm-none-eabi/lib/thumb2\libc.a(lib_a-strncmp.o)
                0x00011ff4                strncmp
 .text          0x0001209c       0x78 c:/program files (x86)/microsemi/softconsole v3.4/sourcery-g++/bin/../lib/gcc/arm-none-eabi/4.4.1/../../../../arm-none-eabi/lib/thumb2\libc.a(lib_a-strncpy.o)
                0x0001209c                strncpy
 .text          0x00012114       0x2c c:/program files (x86)/microsemi/softconsole v3.4/sourcery-g++/bin/../lib/gcc/arm-none-eabi/4.4.1/../../../../arm-none-eabi/lib/thumb2\libc.a(lib_a-strrchr.o)
                0x00012114                strrchr
 .text          0x00012140      0x548 c:/program files (x86)/microsemi/softconsole v3.4/sourcery-g++/bin/../lib/gcc/arm-none-eabi/4.4.1/../../../../arm-none-eabi/lib/thumb2\libc.a(lib_a-strstr.o)
                0x0001245c                strstr
 .text          0x00012688      0x268 c:/program files (x86)/microsemi/softconsole v3.4/sourcery-g++/bin/../lib/gcc/arm-none-eabi/4.4.1/../../../../arm-none-eabi/lib/thumb2\libc.a(lib_a-freer.o)
                0x00012688                _malloc_trim_r
                0x00012730                _free_r
 .text          0x000128f0        0x0 c:/program files (x86)/microsemi/softconsole v3.4/sourcery-g++/bin/../lib/gcc/arm-none-eabi/4.4.1/../../../../arm-none-eabi/lib/thumb2\libc.a(lib_a-impure.o)
 .text          0x000128f0      0x5a4 c:/program files (x86)/microsemi/softconsole v3.4/sourcery-g++/bin/../lib/gcc/arm-none-eabi/4.4.1/../../../../arm-none-eabi/lib/thumb2\libc.a(lib_a-mallocr.o)
                0x000128f0                _malloc_r
 .text          0x00012e94       0x74 c:/program files (x86)/microsemi/softconsole v3.4/sourcery-g++/bin/../lib/gcc/arm-none-eabi/4.4.1/../../../../arm-none-eabi/lib/thumb2\libc.a(lib_a-memchr.o)
                0x00012e94                memchr
 .text          0x00012f08       0x64 c:/program files (x86)/microsemi/softconsole v3.4/sourcery-g++/bin/../lib/gcc/arm-none-eabi/4.4.1/../../../../arm-none-eabi/lib/thumb2\libc.a(lib_a-memcmp.o)
                0x00012f08                memcmp
 .text          0x00012f6c        0x8 c:/program files (x86)/microsemi/softconsole v3.4/sourcery-g++/bin/../lib/gcc/arm-none-eabi/4.4.1/../../../../arm-none-eabi/lib/thumb2\libc.a(lib_a-mlock.o)
                0x00012f6c                __malloc_lock
                0x00012f70                __malloc_unlock
 .text          0x00012f74       0x28 c:/program files (x86)/microsemi/softconsole v3.4/sourcery-g++/bin/../lib/gcc/arm-none-eabi/4.4.1/../../../../arm-none-eabi/lib/thumb2\libc.a(lib_a-sbrkr.o)
                0x00012f74                _sbrk_r
 .text          0x00012f9c        0x0 c:/program files (x86)/microsemi/softconsole v3.4/sourcery-g++/bin/../lib/gcc/arm-none-eabi/4.4.1/thumb2/crtend.o
 .text          0x00012f9c        0x0 c:/program files (x86)/microsemi/softconsole v3.4/sourcery-g++/bin/../lib/gcc/arm-none-eabi/4.4.1/thumb2/crtn.o
 *(.plt)
 *(.gnu.warning)
 *(.glue_7t)
 .glue_7t       0x00000000        0x0 linker stubs
 *(.glue_7)
 .glue_7        0x00000000        0x0 linker stubs
 *(.vfp11_veneer)
 .vfp11_veneer  0x00000000        0x0 linker stubs
                0x00012f9c                . = ALIGN (0x4)
 *crtbegin.o(.ctors)
 *(EXCLUDE_FILE(*crtend.o) .ctors)
 *(SORT(.ctors.*))
 *crtend.o(.ctors)
 *crtbegin.o(.dtors)
 *(EXCLUDE_FILE(*crtend.o) .dtors)
 *(SORT(.dtors.*))
 *crtend.o(.dtors)
 *(.rodata .rodata.* .gnu.linkonce.r.*)
 .rodata        0x00012f9c       0x38 ./main-full.o
 .rodata        0x00012fd4        0x8 ./printf-stdarg.o
 .rodata        0x00012fdc       0x30 ./uIP_Task.o
 .rodata.ulARPTimerExpired.4126
                0x0001300c        0x4 ./uIP_Task.o
 .rodata.ulPeriodicTimerExpired.4127
                0x00013010        0x4 ./uIP_Task.o
 .rodata        0x00013014      0x154 ./WebServer/httpd-cgi.o
 .rodata.file   0x00013168        0x8 ./WebServer/httpd-cgi.o
 .rodata.tcp    0x00013170        0x8 ./WebServer/httpd-cgi.o
 .rodata.net    0x00013178        0x8 ./WebServer/httpd-cgi.o
 .rodata.rtos   0x00013180        0x8 ./WebServer/httpd-cgi.o
 .rodata.run    0x00013188        0x8 ./WebServer/httpd-cgi.o
 .rodata.io     0x00013190        0x8 ./WebServer/httpd-cgi.o
 .rodata.closed
                0x00013198        0x8 ./WebServer/httpd-cgi.o
 .rodata.syn_rcvd
                0x000131a0        0xc ./WebServer/httpd-cgi.o
 .rodata.syn_sent
                0x000131ac        0xc ./WebServer/httpd-cgi.o
 .rodata.established
                0x000131b8        0xc ./WebServer/httpd-cgi.o
 .rodata.fin_wait_1
                0x000131c4        0xc ./WebServer/httpd-cgi.o
 .rodata.fin_wait_2
                0x000131d0        0xc ./WebServer/httpd-cgi.o
 .rodata.closing
                0x000131dc        0x8 ./WebServer/httpd-cgi.o
 .rodata.time_wait
                0x000131e4        0xc ./WebServer/httpd-cgi.o
 .rodata.last_ack
                0x000131f0        0xc ./WebServer/httpd-cgi.o
 .rodata.g_ace_current_resistors
                0x000131fc       0x14 ./MicroSemi_Code/drivers_config/mss_ace/ace_config.o
                0x000131fc                g_ace_current_resistors
 .rodata.g_ace_channel_0_name
                0x00013210       0x14 ./MicroSemi_Code/drivers_config/mss_ace/ace_config.o
                0x00013210                g_ace_channel_0_name
 .rodata.g_ace_channel_1_name
                0x00013224       0x14 ./MicroSemi_Code/drivers_config/mss_ace/ace_config.o
                0x00013224                g_ace_channel_1_name
 .rodata.g_ace_channel_2_name
                0x00013238       0x18 ./MicroSemi_Code/drivers_config/mss_ace/ace_config.o
                0x00013238                g_ace_channel_2_name
 .rodata.g_ace_sse_proc_0_name
                0x00013250        0xc ./MicroSemi_Code/drivers_config/mss_ace/ace_config.o
                0x00013250                g_ace_sse_proc_0_name
 .rodata.g_ace_sse_proc_0_sequence
                0x0001325c       0x2c ./MicroSemi_Code/drivers_config/mss_ace/ace_config.o
                0x0001325c                g_ace_sse_proc_0_sequence
 .rodata.g_ace_sse_proc_1_name
                0x00013288        0xc ./MicroSemi_Code/drivers_config/mss_ace/ace_config.o
                0x00013288                g_ace_sse_proc_1_name
 .rodata.g_ace_sse_proc_1_sequence
                0x00013294        0x8 ./MicroSemi_Code/drivers_config/mss_ace/ace_config.o
                0x00013294                g_ace_sse_proc_1_sequence
 .rodata.g_ace_sse_proc_2_name
                0x0001329c        0xc ./MicroSemi_Code/drivers_config/mss_ace/ace_config.o
                0x0001329c                g_ace_sse_proc_2_name
 .rodata.g_ace_sse_proc_2_sequence
                0x000132a8        0x8 ./MicroSemi_Code/drivers_config/mss_ace/ace_config.o
                0x000132a8                g_ace_sse_proc_2_sequence
 .rodata.g_config_reg_lut
                0x000132b0       0x80 ./MicroSemi_Code/drivers/mss_gpio/mss_gpio.o
 .rodata.g_gpio_irqn_lut
                0x00013330       0x40 ./MicroSemi_Code/drivers/mss_gpio/mss_gpio.o
 .rodata.crc32_table
                0x00013370      0x400 ./MicroSemi_Code/drivers/mss_ethernet_mac/crc32.o
 .rodata.unknown_error
                0x00013770       0x10 ./MicroSemi_Code/drivers/mss_ethernet_mac/mss_ethernet_mac.o
 .rodata.ErrorMessages
                0x00013780      0x140 ./MicroSemi_Code/drivers/mss_ethernet_mac/mss_ethernet_mac.o
 .rodata.C.18.3199
                0x000138c0        0x8 ./MicroSemi_Code/drivers/mss_ethernet_mac/mss_ethernet_mac.o
 .rodata.channel_type_lut
                0x000138c8       0x30 ./MicroSemi_Code/drivers/mss_ace/ace_convert.o
 .rodata.channel_quad_lut
                0x000138f8       0x30 ./MicroSemi_Code/drivers/mss_ace/ace_convert.o
 .rodata.abps_channel_lut
                0x00013928       0x30 ./MicroSemi_Code/drivers/mss_ace/ace_convert.o
 .rodata.abps_idx_lut
                0x00013958       0x30 ./MicroSemi_Code/drivers/mss_ace/ace_convert.o
 .rodata.apbs_gain_lut
                0x00013988        0x4 ./MicroSemi_Code/drivers/mss_ace/ace_convert.o
 .rodata.apbs_range
                0x0001398c        0x8 ./MicroSemi_Code/drivers/mss_ace/ace_convert.o
 .rodata.adc_status_reg_lut
                0x00013994        0xc ./MicroSemi_Code/drivers/mss_ace/mss_ace.o
 .rodata.dac_ctrl_reg_lut
                0x000139a0        0xc ./MicroSemi_Code/drivers/mss_ace/mss_ace.o
 .rodata.dac_enable_masks_lut
                0x000139ac        0xc ./MicroSemi_Code/drivers/mss_ace/mss_ace.o
 .rodata.dac_byte01_reg_lut
                0x000139b8        0xc ./MicroSemi_Code/drivers/mss_ace/mss_ace.o
 .rodata.dac_byte2_reg_lut
                0x000139c4        0xc ./MicroSemi_Code/drivers/mss_ace/mss_ace.o
 .rodata.p_mtd_data
                0x000139d0        0x4 ./MicroSemi_Code/drivers/mss_ace/mss_ace.o
 .rodata.comp_id_2_scb_lut
                0x000139d4        0xc ./MicroSemi_Code/drivers/mss_ace/mss_ace.o
                0x000139d4                comp_id_2_scb_lut
 .rodata.C.18.3513
                0x000139e0        0x4 ./MicroSemi_Code/drivers/mss_ace/mss_ace.o
 .rodata.C.18.2576
                0x000139e4       0x10 ./MicroSemi_Code/CMSIS/system_a2fxxxm3.o
 .rodata        0x000139f4       0x1c ./MicroSemi_Code/CMSIS/startup_gcc/newlib_stubs.o
 .rodata.uip_broadcast_addr
                0x00013a10        0x4 ./FreeTCPIP/uip.o
                0x00013a10                uip_broadcast_addr
 .rodata.uip_all_zeroes_addr
                0x00013a14        0x4 ./FreeTCPIP/uip.o
                0x00013a14                uip_all_zeroes_addr
 .rodata.broadcast_ethaddr
                0x00013a18        0x8 ./FreeTCPIP/uip_arp.o
 .rodata.http_http
                0x00013a20        0x8 ./FreeTCPIP/http_Common/http-strings.o
                0x00013a20                http_http
 .rodata.http_200
                0x00013a28        0x8 ./FreeTCPIP/http_Common/http-strings.o
                0x00013a28                http_200
 .rodata.http_301
                0x00013a30        0x8 ./FreeTCPIP/http_Common/http-strings.o
                0x00013a30                http_301
 .rodata.http_302
                0x00013a38        0x8 ./FreeTCPIP/http_Common/http-strings.o
                0x00013a38                http_302
 .rodata.http_get
                0x00013a40        0x8 ./FreeTCPIP/http_Common/http-strings.o
                0x00013a40                http_get
 .rodata.http_10
                0x00013a48        0xc ./FreeTCPIP/http_Common/http-strings.o
                0x00013a48                http_10
 .rodata.http_11
                0x00013a54        0xc ./FreeTCPIP/http_Common/http-strings.o
                0x00013a54                http_11
 .rodata.http_content_type
                0x00013a60       0x10 ./FreeTCPIP/http_Common/http-strings.o
                0x00013a60                http_content_type
 .rodata.http_texthtml
                0x00013a70        0xc ./FreeTCPIP/http_Common/http-strings.o
                0x00013a70                http_texthtml
 .rodata.http_location
                0x00013a7c        0xc ./FreeTCPIP/http_Common/http-strings.o
                0x00013a7c                http_location
 .rodata.http_host
                0x00013a88        0x8 ./FreeTCPIP/http_Common/http-strings.o
                0x00013a88                http_host
 .rodata.http_crnl
                0x00013a90        0x4 ./FreeTCPIP/http_Common/http-strings.o
                0x00013a90                http_crnl
 .rodata.http_index_html
                0x00013a94        0xc ./FreeTCPIP/http_Common/http-strings.o
                0x00013a94                http_index_html
 .rodata.http_404_html
                0x00013aa0        0xc ./FreeTCPIP/http_Common/http-strings.o
                0x00013aa0                http_404_html
 .rodata.http_referer
                0x00013aac        0xc ./FreeTCPIP/http_Common/http-strings.o
                0x00013aac                http_referer
 .rodata.http_header_200
                0x00013ab8       0x54 ./FreeTCPIP/http_Common/http-strings.o
                0x00013ab8                http_header_200
 .rodata.http_header_404
                0x00013b0c       0x5c ./FreeTCPIP/http_Common/http-strings.o
                0x00013b0c                http_header_404
 .rodata.http_content_type_plain
                0x00013b68       0x20 ./FreeTCPIP/http_Common/http-strings.o
                0x00013b68                http_content_type_plain
 .rodata.http_content_type_html
                0x00013b88       0x1c ./FreeTCPIP/http_Common/http-strings.o
                0x00013b88                http_content_type_html
 .rodata.http_content_type_css
                0x00013ba4       0x1c ./FreeTCPIP/http_Common/http-strings.o
                0x00013ba4                http_content_type_css
 .rodata.http_content_type_text
                0x00013bc0       0x1c ./FreeTCPIP/http_Common/http-strings.o
                0x00013bc0                http_content_type_text
 .rodata.http_content_type_png
                0x00013bdc       0x1c ./FreeTCPIP/http_Common/http-strings.o
                0x00013bdc                http_content_type_png
 .rodata.http_content_type_gif
                0x00013bf8       0x1c ./FreeTCPIP/http_Common/http-strings.o
                0x00013bf8                http_content_type_gif
 .rodata.http_content_type_jpg
                0x00013c14       0x20 ./FreeTCPIP/http_Common/http-strings.o
                0x00013c14                http_content_type_jpg
 .rodata.http_content_type_binary
                0x00013c34       0x2c ./FreeTCPIP/http_Common/http-strings.o
                0x00013c34                http_content_type_binary
 .rodata.http_html
                0x00013c60        0x8 ./FreeTCPIP/http_Common/http-strings.o
                0x00013c60                http_html
 .rodata.http_shtml
                0x00013c68        0x8 ./FreeTCPIP/http_Common/http-strings.o
                0x00013c68                http_shtml
 .rodata.http_htm
                0x00013c70        0x8 ./FreeTCPIP/http_Common/http-strings.o
                0x00013c70                http_htm
 .rodata.http_css
                0x00013c78        0x8 ./FreeTCPIP/http_Common/http-strings.o
                0x00013c78                http_css
 .rodata.http_png
                0x00013c80        0x8 ./FreeTCPIP/http_Common/http-strings.o
                0x00013c80                http_png
 .rodata.http_gif
                0x00013c88        0x8 ./FreeTCPIP/http_Common/http-strings.o
                0x00013c88                http_gif
 .rodata.http_jpg
                0x00013c90        0x8 ./FreeTCPIP/http_Common/http-strings.o
                0x00013c90                http_jpg
 .rodata.http_text
                0x00013c98        0x8 ./FreeTCPIP/http_Common/http-strings.o
                0x00013c98                http_text
 .rodata.http_txt
                0x00013ca0        0x8 ./FreeTCPIP/http_Common/http-strings.o
                0x00013ca0                http_txt
 .rodata.data_404_html
                0x00013ca8       0xb4 ./FreeTCPIP/http_Common/httpd-fs.o
 .rodata.data_index_html
                0x00013d5c     0x47f4 ./FreeTCPIP/http_Common/httpd-fs.o
 .rodata.data_io_shtml
                0x00018550      0x344 ./FreeTCPIP/http_Common/httpd-fs.o
 .rodata.data_runtime_shtml
                0x00018894      0x37c ./FreeTCPIP/http_Common/httpd-fs.o
 .rodata.data_smoothie_min_js
                0x00018c10     0x2bb4 ./FreeTCPIP/http_Common/httpd-fs.o
 .rodata.data_stats_shtml
                0x0001b7c4      0x660 ./FreeTCPIP/http_Common/httpd-fs.o
 .rodata.data_tcp_shtml
                0x0001be24      0x314 ./FreeTCPIP/http_Common/httpd-fs.o
 .rodata.file_404_html
                0x0001c138       0x14 ./FreeTCPIP/http_Common/httpd-fs.o
                0x0001c138                file_404_html
 .rodata.file_index_html
                0x0001c14c       0x14 ./FreeTCPIP/http_Common/httpd-fs.o
                0x0001c14c                file_index_html
 .rodata.file_io_shtml
                0x0001c160       0x14 ./FreeTCPIP/http_Common/httpd-fs.o
                0x0001c160                file_io_shtml
 .rodata.file_runtime_shtml
                0x0001c174       0x14 ./FreeTCPIP/http_Common/httpd-fs.o
                0x0001c174                file_runtime_shtml
 .rodata.file_smoothie_min_js
                0x0001c188       0x14 ./FreeTCPIP/http_Common/httpd-fs.o
                0x0001c188                file_smoothie_min_js
 .rodata.file_stats_shtml
                0x0001c19c       0x14 ./FreeTCPIP/http_Common/httpd-fs.o
                0x0001c19c                file_stats_shtml
 .rodata.file_tcp_shtml
                0x0001c1b0       0x14 ./FreeTCPIP/http_Common/httpd-fs.o
                0x0001c1b0                file_tcp_shtml
 .rodata        0x0001c1c4       0x30 ./FreeRTOS_Source/tasks.o
 .rodata        0x0001c1f4        0x8 ./FreeRTOS_Source/timers.o
 .rodata.heapSTRUCT_SIZE
                0x0001c1fc        0x2 ./FreeRTOS_Source/portable/MemMang/heap_2.o
 *fill*         0x0001c1fe        0x2 00
 .rodata.pcInterruptPriorityRegisters
                0x0001c200        0x4 ./FreeRTOS_Source/portable/GCC/ARM_CM3/port.o
 .rodata        0x0001c204        0x4 c:/program files (x86)/microsemi/softconsole v3.4/sourcery-g++/bin/../lib/gcc/arm-none-eabi/4.4.1/../../../../arm-none-eabi/lib/thumb2\libc.a(lib_a-impure.o)
                0x0001c204                _global_impure_ptr
 .rodata.str1.4
                0x0001c208        0x4 c:/program files (x86)/microsemi/softconsole v3.4/sourcery-g++/bin/../lib/gcc/arm-none-eabi/4.4.1/../../../../arm-none-eabi/lib/thumb2\libc.a(lib_a-impure.o)
 *(.ARM.extab* .gnu.linkonce.armextab.*)
 *(.gcc_except_table)
 *(.eh_frame_hdr)
 *(.eh_frame)
 *(.init)
 .init          0x0001c20c        0x4 c:/program files (x86)/microsemi/softconsole v3.4/sourcery-g++/bin/../lib/gcc/arm-none-eabi/4.4.1/thumb2/crti.o
                0x0001c20c                _init
 .init          0x0001c210        0x8 c:/program files (x86)/microsemi/softconsole v3.4/sourcery-g++/bin/../lib/gcc/arm-none-eabi/4.4.1/thumb2/crtn.o
 *(.fini)
 .fini          0x0001c218        0x4 c:/program files (x86)/microsemi/softconsole v3.4/sourcery-g++/bin/../lib/gcc/arm-none-eabi/4.4.1/thumb2/crti.o
                0x0001c218                _fini
 .fini          0x0001c21c        0x8 c:/program files (x86)/microsemi/softconsole v3.4/sourcery-g++/bin/../lib/gcc/arm-none-eabi/4.4.1/thumb2/crtn.o
                0x0001c224                PROVIDE (__preinit_array_start, .)
 *(.preinit_array)
                0x0001c224                PROVIDE (__preinit_array_end, .)
                0x0001c224                PROVIDE (__init_array_start, .)
 *(SORT(.init_array.*))
 *(.init_array)
 .init_array    0x0001c224        0x4 c:/program files (x86)/microsemi/softconsole v3.4/sourcery-g++/bin/../lib/gcc/arm-none-eabi/4.4.1/thumb2/crtbegin.o
                0x0001c228                PROVIDE (__init_array_end, .)
                0x0001c228                PROVIDE (__fini_array_start, .)
 *(.fini_array)
 .fini_array    0x0001c228        0x4 c:/program files (x86)/microsemi/softconsole v3.4/sourcery-g++/bin/../lib/gcc/arm-none-eabi/4.4.1/thumb2/crtbegin.o
 *(SORT(.fini_array.*))
                0x0001c22c                PROVIDE (__fini_array_end, .)
                0x0001c22c                __exidx_start = .

.v4_bx          0x0001c22c        0x0 load address 0x6001c22c
 .v4_bx         0x00000000        0x0 linker stubs

.ARM.exidx
 *(.ARM.exidx* .gnu.linkonce.armexidx.*)
                0x0001c22c                __exidx_end = .
                0x0001c22c                _etext = .

.data           0x20000000      0x5e8 load address 0x6001c22c
                0x6001c22c                __data_load = LOADADDR (.data)